CAL_DIAG bias_z=-0.00039 mag_bias=(-0.55014,+0.01874,+0.90369) calibrated_yaw=-0.050deg
EKF_ACCEL t=1790598802.175734 FIRED   dev=0.0002 d2=    0.00 thr=11.34 dtheta=0.0010 dyaw=+0.00000
EKF_MAG t=1790598802.175734 FIRED    d2=    0.00 thr=11.34 dtheta=0.0000 dyaw=-0.00000 gyro_z=+0.0011
EKF_ACCEL t=1790598802.177193 FIRED   dev=0.0007 d2=    0.00 thr=11.34 dtheta=0.0007 dyaw=+0.00002
EKF_MAG t=1790598802.177193 FIRED    d2=    0.00 thr=11.34 dtheta=0.0003 dyaw=+0.00027 gyro_z=-0.0005
EKF_ACCEL t=1790598802.180034 FIRED   dev=0.0048 d2=    0.05 thr=11.34 dtheta=0.0017 dyaw=-0.00002
EKF_MAG t=1790598802.180034 FIRED    d2=    0.00 thr=11.34 dtheta=0.0000 dyaw=-0.00001 gyro_z=+0.0002
EKF_ACCEL t=1790598802.184054 FIRED   dev=0.0057 d2=    0.08 thr=11.34 dtheta=0.0010 dyaw=-0.00000
EKF_MAG t=1790598802.184054 FIRED    d2=    0.01 thr=11.34 dtheta=0.0000 dyaw=-0.00002 gyro_z=-0.0005
EKF_ACCEL t=1790598802.188189 FIRED   dev=0.0033 d2=    0.03 thr=11.34 dtheta=0.0012 dyaw=-0.00004
EKF_MAG t=1790598802.188189 FIRED    d2=    0.00 thr=11.34 dtheta=0.0005 dyaw=-0.00051 gyro_z=-0.0003
EKF_ACCEL t=1790598802.192869 FIRED   dev=0.0085 d2=    0.17 thr=11.34 dtheta=0.0019 dyaw=-0.00006
EKF_MAG t=1790598802.192869 FIRED    d2=    0.01 thr=11.34 dtheta=0.0001 dyaw=+0.00011 gyro_z=+0.0004
EKF_ACCEL t=1790598802.196225 FIRED   dev=0.0129 d2=    0.40 thr=11.34 dtheta=0.0016 dyaw=-0.00002
EKF_MAG t=1790598802.196225 FIRED    d2=    0.01 thr=11.34 dtheta=0.0002 dyaw=+0.00017 gyro_z=+0.0010
EKF_ACCEL t=1790598802.200297 FIRED   dev=0.0024 d2=    0.01 thr=11.34 dtheta=0.0005 dyaw=+0.00001
EKF_MAG t=1790598802.200297 FIRED    d2=    0.00 thr=11.34 dtheta=0.0000 dyaw=+0.00000 gyro_z=+0.0003
EKF_ACCEL t=1790598802.203991 FIRED   dev=0.0121 d2=    0.35 thr=11.34 dtheta=0.0030 dyaw=-0.00000
EKF_MAG t=1790598802.203991 FIRED    d2=    0.02 thr=11.34 dtheta=0.0002 dyaw=-0.00018 gyro_z=+0.0003
EKF_ACCEL t=1790598802.207879 REJECTED dev=0.2224 d2=  117.13 thr=11.34
EKF_MAG t=1790598802.207879 FIRED    d2=    0.00 thr=11.34 dtheta=0.0004 dyaw=-0.00027 gyro_z=+0.0006
EKF_ACCEL t=1790598802.211950 REJECTED dev=0.8789 d2= 1822.74 thr=11.34
EKF_MAG t=1790598802.211950 FIRED    d2=    0.00 thr=11.34 dtheta=0.0000 dyaw=-0.00002 gyro_z=-0.0000
EKF_ACCEL t=1790598802.215988 REJECTED dev=1.3895 d2= 4544.06 thr=11.34
EKF_MAG t=1790598802.215988 FIRED    d2=    0.00 thr=11.34 dtheta=0.0003 dyaw=+0.00005 gyro_z=+0.0004
EKF_ACCEL t=1790598802.219526 REJECTED dev=1.7565 d2= 7232.31 thr=11.34
EKF_MAG t=1790598802.219526 FIRED    d2=    0.00 thr=11.34 dtheta=0.0000 dyaw=+0.00002 gyro_z=-0.0016
EKF_ACCEL t=1790598802.223582 REJECTED dev=2.0181 d2= 9525.05 thr=11.34
EKF_MAG t=1790598802.223582 FIRED    d2=    0.00 thr=11.34 dtheta=0.0004 dyaw=-0.00028 gyro_z=-0.0003
EKF_ACCEL t=1790598802.227753 REJECTED dev=2.2215 d2=11527.65 thr=11.34
EKF_MAG t=1790598802.227753 FIRED    d2=    0.00 thr=11.34 dtheta=0.0000 dyaw=-0.00002 gyro_z=+0.0009
EKF_ACCEL t=1790598802.232186 REJECTED dev=2.3648 d2=13033.86 thr=11.34
EKF_MAG t=1790598802.232186 FIRED    d2=    0.00 thr=11.34 dtheta=0.0000 dyaw=-0.00000 gyro_z=-0.0008
EKF_ACCEL t=1790598802.235784 REJECTED dev=2.4823 d2=14326.33 thr=11.34
EKF_MAG t=1790598802.235784 FIRED    d2=    0.00 thr=11.34 dtheta=0.0003 dyaw=-0.00030 gyro_z=+0.0012
EKF_ACCEL t=1790598802.239483 REJECTED dev=2.5631 d2=15234.19 thr=11.34
EKF_MAG t=1790598802.239483 FIRED    d2=    0.00 thr=11.34 dtheta=0.0000 dyaw=-0.00001 gyro_z=+0.0016
EKF_ACCEL t=1790598802.243954 REJECTED dev=2.6016 d2=15657.85 thr=11.34
EKF_MAG t=1790598802.243954 FIRED    d2=    0.00 thr=11.34 dtheta=0.0005 dyaw=+0.00051 gyro_z=+0.0007
EKF_ACCEL t=1790598802.247898 REJECTED dev=2.6525 d2=16243.43 thr=11.34
EKF_MAG t=1790598802.247898 FIRED    d2=    0.00 thr=11.34 dtheta=0.0000 dyaw=+0.00000 gyro_z=+0.0009
EKF_ACCEL t=1790598802.251785 REJECTED dev=2.6674 d2=16388.77 thr=11.34
EKF_MAG t=1790598802.251785 FIRED    d2=    0.00 thr=11.34 dtheta=0.0000 dyaw=-0.00001 gyro_z=+0.0014
EKF_ACCEL t=1790598802.255665 REJECTED dev=2.6847 d2=16563.39 thr=11.34
EKF_MAG t=1790598802.255665 FIRED    d2=    0.00 thr=11.34 dtheta=0.0000 dyaw=-0.00000 gyro_z=+0.0002
EKF_ACCEL t=1790598802.260531 REJECTED dev=2.7073 d2=16804.12 thr=11.34
EKF_MAG t=1790598802.260531 FIRED    d2=    0.00 thr=11.34 dtheta=0.0001 dyaw=-0.00004 gyro_z=-0.0009
EKF_ACCEL t=1790598802.263781 REJECTED dev=2.7220 d2=16956.44 thr=11.34
EKF_MAG t=1790598802.263781 FIRED    d2=    0.00 thr=11.34 dtheta=0.0002 dyaw=+0.00017 gyro_z=+0.0001
EKF_ACCEL t=1790598802.267851 REJECTED dev=2.7287 d2=16993.54 thr=11.34
EKF_MAG t=1790598802.267851 FIRED    d2=    0.00 thr=11.34 dtheta=0.0000 dyaw=+0.00000 gyro_z=+0.0004
EKF_ACCEL t=1790598802.271873 REJECTED dev=2.7526 d2=17253.57 thr=11.34
EKF_MAG t=1790598802.271873 FIRED    d2=    0.00 thr=11.34 dtheta=0.0000 dyaw=+0.00000 gyro_z=-0.0004
EKF_ACCEL t=1790598802.276639 REJECTED dev=2.7449 d2=17117.93 thr=11.34
EKF_MAG t=1790598802.276639 FIRED    d2=    0.00 thr=11.34 dtheta=0.0000 dyaw=-0.00000 gyro_z=+0.0019
EKF_ACCEL t=1790598802.280438 REJECTED dev=2.7563 d2=17219.77 thr=11.34
EKF_MAG t=1790598802.280438 FIRED    d2=    0.00 thr=11.34 dtheta=0.0000 dyaw=-0.00000 gyro_z=+0.0002
EKF_ACCEL t=1790598802.284001 REJECTED dev=2.7479 d2=17074.92 thr=11.34
EKF_MAG t=1790598802.284001 FIRED    d2=    0.00 thr=11.34 dtheta=0.0000 dyaw=-0.00000 gyro_z=+0.0013
EKF_ACCEL t=1790598802.287872 REJECTED dev=2.7471 d2=17026.56 thr=11.34
EKF_MAG t=1790598802.287872 FIRED    d2=    0.00 thr=11.34 dtheta=0.0003 dyaw=-0.00030 gyro_z=-0.0002
EKF_ACCEL t=1790598802.292865 REJECTED dev=2.7458 d2=16977.55 thr=11.34
EKF_MAG t=1790598802.292865 FIRED    d2=    0.00 thr=11.34 dtheta=0.0000 dyaw=-0.00000 gyro_z=-0.0007
EKF_ACCEL t=1790598802.296694 REJECTED dev=2.7393 d2=16859.97 thr=11.34
EKF_MAG t=1790598802.296694 FIRED    d2=    0.00 thr=11.34 dtheta=0.0000 dyaw=-0.00001 gyro_z=+0.0006
EKF_ACCEL t=1790598802.300118 REJECTED dev=2.7446 d2=16886.30 thr=11.34
EKF_MAG t=1790598802.300118 FIRED    d2=    0.00 thr=11.34 dtheta=0.0003 dyaw=-0.00017 gyro_z=-0.0001
EKF_ACCEL t=1790598802.304067 REJECTED dev=2.7543 d2=16954.53 thr=11.34
EKF_MAG t=1790598802.304067 FIRED    d2=    0.00 thr=11.34 dtheta=0.0000 dyaw=+0.00001 gyro_z=-0.0003
EKF_ACCEL t=1790598802.307929 REJECTED dev=2.7564 d2=16942.51 thr=11.34
EKF_MAG t=1790598802.307929 FIRED    d2=    0.00 thr=11.34 dtheta=0.0000 dyaw=-0.00001 gyro_z=+0.0010
EKF_ACCEL t=1790598802.311860 REJECTED dev=2.7589 d2=16937.21 thr=11.34
EKF_MAG t=1790598802.311860 FIRED    d2=    0.00 thr=11.34 dtheta=0.0000 dyaw=+0.00000 gyro_z=+0.0002
EKF_ACCEL t=1790598802.315771 REJECTED dev=2.7553 d2=16856.68 thr=11.34
EKF_MAG t=1790598802.315771 FIRED    d2=    0.00 thr=11.34 dtheta=0.0000 dyaw=+0.00001 gyro_z=-0.0014
EKF_ACCEL t=1790598802.320196 REJECTED dev=2.7411 d2=16646.86 thr=11.34
EKF_MAG t=1790598802.320196 FIRED    d2=    0.00 thr=11.34 dtheta=0.0007 dyaw=+0.00069 gyro_z=+0.0021
EKF_ACCEL t=1790598802.323961 REJECTED dev=2.7474 d2=16691.27 thr=11.34
EKF_MAG t=1790598802.323961 FIRED    d2=    0.00 thr=11.34 dtheta=0.0005 dyaw=-0.00047 gyro_z=+0.0000
EKF_ACCEL t=1790598802.328226 REJECTED dev=2.7457 d2=16643.45 thr=11.34
EKF_MAG t=1790598802.328226 FIRED    d2=    0.00 thr=11.34 dtheta=0.0000 dyaw=-0.00001 gyro_z=+0.0011
EKF_ACCEL t=1790598802.332253 REJECTED dev=2.7498 d2=16656.56 thr=11.34
EKF_MAG t=1790598802.332253 FIRED    d2=    0.00 thr=11.34 dtheta=0.0000 dyaw=-0.00001 gyro_z=+0.0014
EKF_ACCEL t=1790598802.336326 REJECTED dev=2.7650 d2=16804.35 thr=11.34
EKF_MAG t=1790598802.336326 FIRED    d2=    0.00 thr=11.34 dtheta=0.0005 dyaw=+0.00047 gyro_z=+0.0019
EKF_ACCEL t=1790598802.340340 REJECTED dev=2.7577 d2=16667.62 thr=11.34
EKF_MAG t=1790598802.340340 FIRED    d2=    0.00 thr=11.34 dtheta=0.0000 dyaw=-0.00000 gyro_z=+0.0006
EKF_ACCEL t=1790598802.344145 REJECTED dev=2.7622 d2=16685.18 thr=11.34
EKF_MAG t=1790598802.344145 FIRED    d2=    0.00 thr=11.34 dtheta=0.0003 dyaw=+0.00031 gyro_z=+0.0017
EKF_ACCEL t=1790598802.348458 REJECTED dev=2.7653 d2=16692.76 thr=11.34
EKF_MAG t=1790598802.348458 FIRED    d2=    0.00 thr=11.34 dtheta=0.0000 dyaw=+0.00000 gyro_z=+0.0010
EKF_ACCEL t=1790598802.352568 REJECTED dev=2.7559 d2=16542.73 thr=11.34
EKF_MAG t=1790598802.352568 FIRED    d2=    0.00 thr=11.34 dtheta=0.0000 dyaw=+0.00001 gyro_z=-0.0010
EKF_ACCEL t=1790598802.356377 REJECTED dev=2.7650 d2=16616.92 thr=11.34
EKF_MAG t=1790598802.356377 FIRED    d2=    0.00 thr=11.34 dtheta=0.0003 dyaw=-0.00031 gyro_z=+0.0009
EKF_ACCEL t=1790598802.361084 REJECTED dev=2.7583 d2=16501.08 thr=11.34
EKF_MAG t=1790598802.361084 FIRED    d2=    0.00 thr=11.34 dtheta=0.0000 dyaw=-0.00001 gyro_z=+0.0018
EKF_ACCEL t=1790598802.461791 REJECTED dev=2.7583 d2=15773.44 thr=11.34
EKF_MAG t=1790598802.461791 FIRED    d2=    0.00 thr=11.34 dtheta=0.0002 dyaw=-0.00007 gyro_z=+0.0018
EKF_ACCEL t=1790598802.464864 REJECTED dev=2.7539 d2=15656.81 thr=11.34
EKF_MAG t=1790598802.464864 FIRED    d2=    0.00 thr=11.34 dtheta=0.0004 dyaw=-0.00042 gyro_z=+0.0003
EKF_ACCEL t=1790598802.465533 REJECTED dev=2.7560 d2=15648.25 thr=11.34
EKF_MAG t=1790598802.465533 FIRED    d2=    0.00 thr=11.34 dtheta=0.0000 dyaw=+0.00000 gyro_z=+0.0002
EKF_ACCEL t=1790598802.466212 REJECTED dev=2.7519 d2=15569.63 thr=11.34
EKF_MAG t=1790598802.466212 FIRED    d2=    0.00 thr=11.34 dtheta=0.0003 dyaw=+0.00029 gyro_z=-0.0004
EKF_ACCEL t=1790598802.466901 REJECTED dev=2.7562 d2=15601.06 thr=11.34
EKF_MAG t=1790598802.466901 FIRED    d2=    0.00 thr=11.34 dtheta=0.0001 dyaw=+0.00012 gyro_z=+0.0004
EKF_ACCEL t=1790598802.467469 REJECTED dev=2.7619 d2=15632.12 thr=11.34
EKF_MAG t=1790598802.467469 FIRED    d2=    0.00 thr=11.34 dtheta=0.0000 dyaw=+0.00000 gyro_z=-0.0000
EKF_ACCEL t=1790598802.467930 REJECTED dev=2.7496 d2=15461.30 thr=11.34
EKF_MAG t=1790598802.467930 FIRED    d2=    0.00 thr=11.34 dtheta=0.0000 dyaw=-0.00000 gyro_z=-0.0006
EKF_ACCEL t=1790598802.468543 REJECTED dev=2.7565 d2=15506.75 thr=11.34
EKF_MAG t=1790598802.468543 FIRED    d2=    0.00 thr=11.34 dtheta=0.0005 dyaw=-0.00053 gyro_z=-0.0017
EKF_ACCEL t=1790598802.469060 REJECTED dev=2.7486 d2=15371.58 thr=11.34
EKF_MAG t=1790598802.469060 FIRED    d2=    0.00 thr=11.34 dtheta=0.0005 dyaw=+0.00050 gyro_z=+0.0005
EKF_ACCEL t=1790598802.469650 REJECTED dev=2.7677 d2=15583.36 thr=11.34
EKF_MAG t=1790598802.469650 FIRED    d2=    0.00 thr=11.34 dtheta=0.0000 dyaw=+0.00001 gyro_z=-0.0021
EKF_ACCEL t=1790598802.470291 REJECTED dev=2.7683 d2=15558.65 thr=11.34
EKF_MAG t=1790598802.470291 FIRED    d2=    0.00 thr=11.34 dtheta=0.0002 dyaw=-0.00018 gyro_z=+0.0014
EKF_ACCEL t=1790598802.470726 REJECTED dev=2.7610 d2=15431.80 thr=11.34
EKF_MAG t=1790598802.470726 FIRED    d2=    0.00 thr=11.34 dtheta=0.0000 dyaw=-0.00000 gyro_z=-0.0001
EKF_ACCEL t=1790598802.471217 REJECTED dev=2.7547 d2=15329.55 thr=11.34
EKF_MAG t=1790598802.471217 FIRED    d2=    0.00 thr=11.34 dtheta=0.0000 dyaw=+0.00000 gyro_z=-0.0011
EKF_ACCEL t=1790598802.471754 REJECTED dev=2.7622 d2=15382.50 thr=11.34
EKF_MAG t=1790598802.471754 FIRED    d2=    0.00 thr=11.34 dtheta=0.0001 dyaw=+0.00003 gyro_z=-0.0002
EKF_ACCEL t=1790598802.472260 REJECTED dev=2.7504 d2=15208.71 thr=11.34
EKF_MAG t=1790598802.472260 FIRED    d2=    0.00 thr=11.34 dtheta=0.0000 dyaw=+0.00000 gyro_z=+0.0006
EKF_ACCEL t=1790598802.472833 REJECTED dev=2.7584 d2=15267.44 thr=11.34
EKF_MAG t=1790598802.472833 FIRED    d2=    0.00 thr=11.34 dtheta=0.0003 dyaw=+0.00029 gyro_z=+0.0009
EKF_ACCEL t=1790598802.473447 REJECTED dev=2.7577 d2=15247.40 thr=11.34
EKF_MAG t=1790598802.473447 FIRED    d2=    0.00 thr=11.34 dtheta=0.0005 dyaw=-0.00048 gyro_z=+0.0012
EKF_ACCEL t=1790598802.473913 REJECTED dev=2.7575 d2=15211.60 thr=11.34
EKF_MAG t=1790598802.473913 FIRED    d2=    0.00 thr=11.34 dtheta=0.0000 dyaw=-0.00001 gyro_z=-0.0026
EKF_ACCEL t=1790598802.474451 REJECTED dev=2.7428 d2=15019.29 thr=11.34
EKF_MAG t=1790598802.474451 FIRED    d2=    0.00 thr=11.34 dtheta=0.0000 dyaw=-0.00000 gyro_z=+0.0001
EKF_ACCEL t=1790598802.481591 REJECTED dev=2.7631 d2=15210.63 thr=11.34
EKF_MAG t=1790598802.481591 FIRED    d2=    0.00 thr=11.34 dtheta=0.0001 dyaw=-0.00003 gyro_z=+0.0001
EKF_ACCEL t=1790598802.482913 REJECTED dev=2.7585 d2=15108.04 thr=11.34
EKF_MAG t=1790598802.482913 FIRED    d2=    0.00 thr=11.34 dtheta=0.0000 dyaw=+0.00001 gyro_z=-0.0009
EKF_ACCEL t=1790598802.486323 REJECTED dev=2.7540 d2=15028.62 thr=11.34
EKF_MAG t=1790598802.486323 FIRED    d2=    0.00 thr=11.34 dtheta=0.0001 dyaw=+0.00012 gyro_z=-0.0018
EKF_ACCEL t=1790598802.490126 REJECTED dev=2.7520 d2=14979.04 thr=11.34
EKF_MAG t=1790598802.490126 FIRED    d2=    0.00 thr=11.34 dtheta=0.0000 dyaw=-0.00000 gyro_z=+0.0014
EKF_ACCEL t=1790598802.494102 REJECTED dev=2.7627 d2=15066.28 thr=11.34
EKF_MAG t=1790598802.494102 FIRED    d2=    0.00 thr=11.34 dtheta=0.0002 dyaw=-0.00020 gyro_z=+0.0006
EKF_ACCEL t=1790598802.497993 REJECTED dev=2.7564 d2=14976.33 thr=11.34
EKF_MAG t=1790598802.497993 FIRED    d2=    0.00 thr=11.34 dtheta=0.0000 dyaw=+0.00000 gyro_z=-0.0011
EKF_ACCEL t=1790598802.502023 REJECTED dev=2.7618 d2=15006.64 thr=11.34
EKF_MAG t=1790598802.502023 FIRED    d2=    0.00 thr=11.34 dtheta=0.0000 dyaw=+0.00000 gyro_z=-0.0009
EKF_ACCEL t=1790598802.507421 REJECTED dev=2.7439 d2=14782.31 thr=11.34
EKF_MAG t=1790598802.507421 FIRED    d2=    0.00 thr=11.34 dtheta=0.0004 dyaw=+0.00036 gyro_z=+0.0005
EKF_ACCEL t=1790598802.510067 REJECTED dev=2.7603 d2=14914.40 thr=11.34
EKF_MAG t=1790598802.510067 FIRED    d2=    0.00 thr=11.34 dtheta=0.0000 dyaw=+0.00000 gyro_z=-0.0007
EKF_ACCEL t=1790598802.514181 REJECTED dev=2.7649 d2=14935.21 thr=11.34
EKF_MAG t=1790598802.514181 FIRED    d2=    0.00 thr=11.34 dtheta=0.0001 dyaw=-0.00013 gyro_z=+0.0007
EKF_ACCEL t=1790598802.518139 REJECTED dev=2.7493 d2=14751.42 thr=11.34
EKF_MAG t=1790598802.518139 FIRED    d2=    0.00 thr=11.34 dtheta=0.0000 dyaw=+0.00000 gyro_z=-0.0015
EKF_ACCEL t=1790598802.523795 REJECTED dev=2.7530 d2=14762.32 thr=11.34
EKF_MAG t=1790598802.523795 FIRED    d2=    0.00 thr=11.34 dtheta=0.0000 dyaw=+0.00000 gyro_z=-0.0008
EKF_ACCEL t=1790598802.526096 REJECTED dev=2.7583 d2=14792.23 thr=11.34
EKF_MAG t=1790598802.526096 FIRED    d2=    0.00 thr=11.34 dtheta=0.0002 dyaw=+0.00013 gyro_z=-0.0007
EKF_ACCEL t=1790598802.530294 REJECTED dev=2.7441 d2=14642.41 thr=11.34
EKF_MAG t=1790598802.530294 FIRED    d2=    0.00 thr=11.34 dtheta=0.0000 dyaw=+0.00001 gyro_z=+0.0001
EKF_ACCEL t=1790598802.533980 REJECTED dev=2.7664 d2=14854.31 thr=11.34
EKF_MAG t=1790598802.533980 FIRED    d2=    0.00 thr=11.34 dtheta=0.0002 dyaw=-0.00024 gyro_z=+0.0002
EKF_ACCEL t=1790598802.537993 REJECTED dev=2.7508 d2=14659.55 thr=11.34
EKF_MAG t=1790598802.537993 FIRED    d2=    0.00 thr=11.34 dtheta=0.0000 dyaw=-0.00001 gyro_z=-0.0002
EKF_ACCEL t=1790598802.542925 REJECTED dev=2.7525 d2=14648.55 thr=11.34
EKF_MAG t=1790598802.542925 FIRED    d2=    0.00 thr=11.34 dtheta=0.0005 dyaw=+0.00044 gyro_z=-0.0029
EKF_ACCEL t=1790598802.546422 REJECTED dev=2.7588 d2=14647.48 thr=11.34
EKF_MAG t=1790598802.546422 FIRED    d2=    0.00 thr=11.34 dtheta=0.0000 dyaw=-0.00001 gyro_z=-0.0005
EKF_ACCEL t=1790598802.550220 REJECTED dev=2.7528 d2=14555.63 thr=11.34
EKF_MAG t=1790598802.550220 FIRED    d2=    0.00 thr=11.34 dtheta=0.0003 dyaw=-0.00029 gyro_z=-0.0020
EKF_ACCEL t=1790598802.554488 REJECTED dev=2.7570 d2=14597.11 thr=11.34
EKF_MAG t=1790598802.554488 FIRED    d2=    0.00 thr=11.34 dtheta=0.0000 dyaw=-0.00000 gyro_z=-0.0005
EKF_ACCEL t=1790598802.558959 REJECTED dev=2.7574 d2=14573.95 thr=11.34
EKF_MAG t=1790598802.558959 FIRED    d2=    0.00 thr=11.34 dtheta=0.0000 dyaw=-0.00000 gyro_z=+0.0006
EKF_ACCEL t=1790598802.562603 REJECTED dev=2.7624 d2=14598.51 thr=11.34
EKF_MAG t=1790598802.562603 FIRED    d2=    0.00 thr=11.34 dtheta=0.0004 dyaw=+0.00041 gyro_z=+0.0013
EKF_ACCEL t=1790598802.566628 REJECTED dev=2.7580 d2=14538.30 thr=11.34
EKF_MAG t=1790598802.566628 FIRED    d2=    0.00 thr=11.34 dtheta=0.0000 dyaw=+0.00001 gyro_z=-0.0003
EKF_ACCEL t=1790598802.570235 REJECTED dev=2.7590 d2=14521.08 thr=11.34
EKF_MAG t=1790598802.570235 FIRED    d2=    0.00 thr=11.34 dtheta=0.0000 dyaw=+0.00000 gyro_z=+0.0015
EKF_ACCEL t=1790598802.573976 REJECTED dev=2.7569 d2=14473.52 thr=11.34
EKF_MAG t=1790598802.573976 FIRED    d2=    0.00 thr=11.34 dtheta=0.0006 dyaw=-0.00061 gyro_z=+0.0005
EKF_ACCEL t=1790598802.578569 REJECTED dev=2.7452 d2=14326.36 thr=11.34
EKF_MAG t=1790598802.578569 FIRED    d2=    0.00 thr=11.34 dtheta=0.0000 dyaw=-0.00002 gyro_z=+0.0003
EKF_ACCEL t=1790598802.582283 REJECTED dev=2.7671 d2=14529.99 thr=11.34
EKF_MAG t=1790598802.582283 FIRED    d2=    0.00 thr=11.34 dtheta=0.0003 dyaw=+0.00024 gyro_z=+0.0007
EKF_ACCEL t=1790598802.586448 REJECTED dev=2.7592 d2=14392.84 thr=11.34
EKF_MAG t=1790598802.586448 FIRED    d2=    0.00 thr=11.34 dtheta=0.0000 dyaw=+0.00001 gyro_z=-0.0018
EKF_ACCEL t=1790598802.590445 REJECTED dev=2.7514 d2=14285.39 thr=11.34
EKF_MAG t=1790598802.590445 FIRED    d2=    0.00 thr=11.34 dtheta=0.0000 dyaw=+0.00000 gyro_z=-0.0001
EKF_ACCEL t=1790598802.594287 REJECTED dev=2.7478 d2=14220.85 thr=11.34
EKF_MAG t=1790598802.594287 FIRED    d2=    0.00 thr=11.34 dtheta=0.0004 dyaw=+0.00040 gyro_z=+0.0000
EKF_ACCEL t=1790598802.598429 REJECTED dev=2.7535 d2=14274.69 thr=11.34
EKF_MAG t=1790598802.598429 FIRED    d2=    0.00 thr=11.34 dtheta=0.0000 dyaw=+0.00000 gyro_z=+0.0012
EKF_ACCEL t=1790598802.602060 REJECTED dev=2.7484 d2=14194.10 thr=11.34
EKF_MAG t=1790598802.602060 FIRED    d2=    0.00 thr=11.34 dtheta=0.0005 dyaw=-0.00044 gyro_z=-0.0008
EKF_ACCEL t=1790598802.605940 REJECTED dev=2.7511 d2=14213.75 thr=11.34
EKF_MAG t=1790598802.605940 FIRED    d2=    0.00 thr=11.34 dtheta=0.0000 dyaw=-0.00001 gyro_z=+0.0000
EKF_ACCEL t=1790598802.610372 REJECTED dev=2.7438 d2=14113.62 thr=11.34
EKF_MAG t=1790598802.610372 FIRED    d2=    0.00 thr=11.34 dtheta=0.0000 dyaw=-0.00000 gyro_z=-0.0011
EKF_ACCEL t=1790598802.614645 REJECTED dev=2.7593 d2=14245.72 thr=11.34
EKF_MAG t=1790598802.614645 FIRED    d2=    0.00 thr=11.34 dtheta=0.0004 dyaw=-0.00022 gyro_z=+0.0001
EKF_ACCEL t=1790598802.618027 REJECTED dev=2.7650 d2=14232.33 thr=11.34
EKF_MAG t=1790598802.618027 FIRED    d2=    0.00 thr=11.34 dtheta=0.0000 dyaw=+0.00000 gyro_z=+0.0013
EKF_ACCEL t=1790598802.622233 REJECTED dev=2.7504 d2=14057.37 thr=11.34
EKF_MAG t=1790598802.622233 FIRED    d2=    0.00 thr=11.34 dtheta=0.0000 dyaw=+0.00001 gyro_z=+0.0004
EKF_ACCEL t=1790598802.626698 REJECTED dev=2.7539 d2=14066.77 thr=11.34
EKF_MAG t=1790598802.626698 FIRED    d2=    0.00 thr=11.34 dtheta=0.0004 dyaw=+0.00039 gyro_z=-0.0013
EKF_ACCEL t=1790598802.630240 REJECTED dev=2.7542 d2=14061.82 thr=11.34
EKF_MAG t=1790598802.630240 FIRED    d2=    0.00 thr=11.34 dtheta=0.0000 dyaw=+0.00000 gyro_z=-0.0000
EKF_ACCEL t=1790598802.634133 REJECTED dev=2.7640 d2=14136.44 thr=11.34
EKF_MAG t=1790598802.634133 FIRED    d2=    0.00 thr=11.34 dtheta=0.0003 dyaw=+0.00032 gyro_z=-0.0017
EKF_ACCEL t=1790598802.638462 REJECTED dev=2.7638 d2=14120.38 thr=11.34
EKF_MAG t=1790598802.638462 FIRED    d2=    0.00 thr=11.34 dtheta=0.0000 dyaw=+0.00001 gyro_z=+0.0007
EKF_ACCEL t=1790598802.642673 REJECTED dev=2.7505 d2=13958.12 thr=11.34
EKF_MAG t=1790598802.642673 FIRED    d2=    0.00 thr=11.34 dtheta=0.0000 dyaw=+0.00000 gyro_z=+0.0007
EKF_ACCEL t=1790598802.646052 REJECTED dev=2.7473 d2=13899.81 thr=11.34
EKF_MAG t=1790598802.646052 FIRED    d2=    0.00 thr=11.34 dtheta=0.0002 dyaw=-0.00016 gyro_z=+0.0001
EKF_ACCEL t=1790598802.650624 REJECTED dev=2.7650 d2=14036.64 thr=11.34
EKF_MAG t=1790598802.650624 FIRED    d2=    0.00 thr=11.34 dtheta=0.0003 dyaw=-0.00033 gyro_z=-0.0000
EKF_ACCEL t=1790598802.654150 REJECTED dev=2.7550 d2=13895.32 thr=11.34
EKF_MAG t=1790598802.654150 FIRED    d2=    0.00 thr=11.34 dtheta=0.0000 dyaw=+0.00000 gyro_z=-0.0004
EKF_ACCEL t=1790598802.658302 REJECTED dev=2.7644 d2=13966.00 thr=11.34
EKF_MAG t=1790598802.658302 FIRED    d2=    0.00 thr=11.34 dtheta=0.0000 dyaw=+0.00001 gyro_z=-0.0002
EKF_ACCEL t=1790598802.662335 REJECTED dev=2.7607 d2=14179.87 thr=11.34
EKF_MAG t=1790598802.662335 FIRED    d2=    0.00 thr=11.34 dtheta=0.0006 dyaw=+0.00010 gyro_z=-0.0002
EKF_ACCEL t=1790598802.666310 REJECTED dev=2.7536 d2=14009.94 thr=11.34
EKF_MAG t=1790598802.666310 FIRED    d2=    0.00 thr=11.34 dtheta=0.0009 dyaw=-0.00013 gyro_z=+0.0000
EKF_ACCEL t=1790598802.670235 REJECTED dev=2.7490 d2=14036.47 thr=11.34
EKF_MAG t=1790598802.670235 FIRED    d2=    0.00 thr=11.34 dtheta=0.0000 dyaw=-0.00001 gyro_z=+0.0006
EKF_ACCEL t=1790598802.674572 REJECTED dev=2.7507 d2=14030.41 thr=11.34
EKF_MAG t=1790598802.674572 FIRED    d2=    0.00 thr=11.34 dtheta=0.0001 dyaw=+0.00010 gyro_z=+0.0007
EKF_ACCEL t=1790598802.678255 REJECTED dev=2.7713 d2=14211.22 thr=11.34
EKF_MAG t=1790598802.678255 FIRED    d2=    0.00 thr=11.34 dtheta=0.0000 dyaw=-0.00000 gyro_z=+0.0004
EKF_ACCEL t=1790598802.682107 REJECTED dev=2.7638 d2=14107.96 thr=11.34
EKF_MAG t=1790598802.682107 FIRED    d2=    0.00 thr=11.34 dtheta=0.0000 dyaw=-0.00001 gyro_z=+0.0011
EKF_ACCEL t=1790598802.686234 REJECTED dev=2.7553 d2=13995.40 thr=11.34
EKF_MAG t=1790598802.686234 FIRED    d2=    0.00 thr=11.34 dtheta=0.0002 dyaw=-0.00002 gyro_z=+0.0011
EKF_ACCEL t=1790598802.690648 REJECTED dev=2.7401 d2=13798.52 thr=11.34
EKF_MAG t=1790598802.690648 FIRED    d2=    0.00 thr=11.34 dtheta=0.0000 dyaw=+0.00001 gyro_z=-0.0012
EKF_ACCEL t=1790598802.694570 REJECTED dev=2.7487 d2=13858.86 thr=11.34
EKF_MAG t=1790598802.694570 FIRED    d2=    0.00 thr=11.34 dtheta=0.0002 dyaw=+0.00011 gyro_z=-0.0006
EKF_ACCEL t=1790598802.698098 REJECTED dev=2.7682 d2=14046.22 thr=11.34
EKF_MAG t=1790598802.698098 FIRED    d2=    0.00 thr=11.34 dtheta=0.0000 dyaw=+0.00000 gyro_z=-0.0007
EKF_ACCEL t=1790598802.702448 REJECTED dev=2.7597 d2=13935.46 thr=11.34
EKF_MAG t=1790598802.702448 FIRED    d2=    0.00 thr=11.34 dtheta=0.0000 dyaw=-0.00000 gyro_z=+0.0012
EKF_ACCEL t=1790598802.706222 REJECTED dev=2.7665 d2=13978.89 thr=11.34
EKF_MAG t=1790598802.706222 FIRED    d2=    0.00 thr=11.34 dtheta=0.0001 dyaw=+0.00008 gyro_z=-0.0006
EKF_ACCEL t=1790598802.710597 REJECTED dev=2.7544 d2=13819.38 thr=11.34
EKF_MAG t=1790598802.710597 FIRED    d2=    0.00 thr=11.34 dtheta=0.0000 dyaw=+0.00000 gyro_z=-0.0005
EKF_ACCEL t=1790598802.714120 REJECTED dev=2.7518 d2=13767.95 thr=11.34
EKF_MAG t=1790598802.714120 FIRED    d2=    0.00 thr=11.34 dtheta=0.0003 dyaw=+0.00030 gyro_z=-0.0009
EKF_ACCEL t=1790598802.719081 REJECTED dev=2.7500 d2=13734.39 thr=11.34
EKF_MAG t=1790598802.719081 FIRED    d2=    0.00 thr=11.34 dtheta=0.0000 dyaw=+0.00001 gyro_z=-0.0009
EKF_ACCEL t=1790598802.722350 REJECTED dev=2.7504 d2=13713.36 thr=11.34
EKF_MAG t=1790598802.722350 FIRED    d2=    0.00 thr=11.34 dtheta=0.0002 dyaw=+0.00017 gyro_z=+0.0005
EKF_ACCEL t=1790598802.726703 REJECTED dev=2.7585 d2=13757.62 thr=11.34
EKF_MAG t=1790598802.726703 FIRED    d2=    0.00 thr=11.34 dtheta=0.0000 dyaw=-0.00001 gyro_z=+0.0008
EKF_ACCEL t=1790598802.730414 REJECTED dev=2.7458 d2=13607.07 thr=11.34
EKF_MAG t=1790598802.730414 FIRED    d2=    0.00 thr=11.34 dtheta=0.0006 dyaw=-0.00052 gyro_z=-0.0006
EKF_ACCEL t=1790598802.734599 REJECTED dev=2.7549 d2=13693.03 thr=11.34
EKF_MAG t=1790598802.734599 FIRED    d2=    0.00 thr=11.34 dtheta=0.0000 dyaw=-0.00001 gyro_z=+0.0002
EKF_ACCEL t=1790598802.738185 REJECTED dev=2.7592 d2=13711.23 thr=11.34
EKF_MAG t=1790598802.738185 FIRED    d2=    0.00 thr=11.34 dtheta=0.0000 dyaw=-0.00001 gyro_z=+0.0010
EKF_ACCEL t=1790598802.743012 REJECTED dev=2.7568 d2=13663.04 thr=11.34
EKF_MAG t=1790598802.743012 FIRED    d2=    0.00 thr=11.34 dtheta=0.0000 dyaw=+0.00002 gyro_z=-0.0004
EKF_ACCEL t=1790598802.746703 REJECTED dev=2.7623 d2=13694.17 thr=11.34
EKF_MAG t=1790598802.746703 FIRED    d2=    0.00 thr=11.34 dtheta=0.0000 dyaw=-0.00001 gyro_z=+0.0013
EKF_ACCEL t=1790598802.750456 REJECTED dev=2.7612 d2=13659.84 thr=11.34
EKF_MAG t=1790598802.750456 FIRED    d2=    0.00 thr=11.34 dtheta=0.0000 dyaw=-0.00000 gyro_z=+0.0004
EKF_ACCEL t=1790598802.754120 REJECTED dev=2.7611 d2=13634.89 thr=11.34
EKF_MAG t=1790598802.754120 FIRED    d2=    0.00 thr=11.34 dtheta=0.0003 dyaw=-0.00025 gyro_z=-0.0016
EKF_ACCEL t=1790598802.758739 REJECTED dev=2.7528 d2=13525.17 thr=11.34
EKF_MAG t=1790598802.758739 FIRED    d2=    0.00 thr=11.34 dtheta=0.0000 dyaw=-0.00000 gyro_z=-0.0004
EKF_ACCEL t=1790598802.762765 REJECTED dev=2.7558 d2=13530.10 thr=11.34
EKF_MAG t=1790598802.762765 FIRED    d2=    0.00 thr=11.34 dtheta=0.0002 dyaw=+0.00024 gyro_z=-0.0015
EKF_ACCEL t=1790598802.766682 REJECTED dev=2.7471 d2=13423.47 thr=11.34
EKF_MAG t=1790598802.766682 FIRED    d2=    0.00 thr=11.34 dtheta=0.0000 dyaw=+0.00001 gyro_z=-0.0010
EKF_ACCEL t=1790598802.770228 REJECTED dev=2.7480 d2=13409.97 thr=11.34
EKF_MAG t=1790598802.770228 FIRED    d2=    0.00 thr=11.34 dtheta=0.0000 dyaw=+0.00000 gyro_z=-0.0002
EKF_ACCEL t=1790598802.774168 REJECTED dev=2.7525 d2=13429.83 thr=11.34
EKF_MAG t=1790598802.774168 FIRED    d2=    0.00 thr=11.34 dtheta=0.0002 dyaw=+0.00010 gyro_z=+0.0006
EKF_ACCEL t=1790598802.778718 REJECTED dev=2.7480 d2=13342.25 thr=11.34
EKF_MAG t=1790598802.778718 FIRED    d2=    0.00 thr=11.34 dtheta=0.0000 dyaw=-0.00000 gyro_z=-0.0005
EKF_ACCEL t=1790598802.782147 REJECTED dev=2.7457 d2=13296.87 thr=11.34
EKF_MAG t=1790598802.782147 FIRED    d2=    0.00 thr=11.34 dtheta=0.0000 dyaw=-0.00000 gyro_z=-0.0005
EKF_ACCEL t=1790598802.786205 REJECTED dev=2.7632 d2=13443.91 thr=11.34
EKF_MAG t=1790598802.786205 FIRED    d2=    0.00 thr=11.34 dtheta=0.0003 dyaw=+0.00030 gyro_z=-0.0007
EKF_ACCEL t=1790598802.800140 REJECTED dev=2.7587 d2=13387.62 thr=11.34
EKF_MAG t=1790598802.800140 FIRED    d2=    0.00 thr=11.34 dtheta=0.0000 dyaw=+0.00001 gyro_z=-0.0005
EKF_ACCEL t=1790598802.801125 REJECTED dev=2.7694 d2=13468.89 thr=11.34
EKF_MAG t=1790598802.801125 FIRED    d2=    0.00 thr=11.34 dtheta=0.0001 dyaw=-0.00006 gyro_z=+0.0003
EKF_ACCEL t=1790598802.803707 REJECTED dev=2.7689 d2=13445.21 thr=11.34
EKF_MAG t=1790598802.803707 FIRED    d2=    0.00 thr=11.34 dtheta=0.0000 dyaw=-0.00000 gyro_z=+0.0012
EKF_ACCEL t=1790598802.807821 REJECTED dev=2.7449 d2=13190.96 thr=11.34
EKF_MAG t=1790598802.807821 FIRED    d2=    0.00 thr=11.34 dtheta=0.0000 dyaw=+0.00000 gyro_z=-0.0005
EKF_ACCEL t=1790598802.812043 REJECTED dev=2.7558 d2=13271.62 thr=11.34
EKF_MAG t=1790598802.812043 FIRED    d2=    0.00 thr=11.34 dtheta=0.0002 dyaw=-0.00015 gyro_z=+0.0002
EKF_ACCEL t=1790598802.816159 REJECTED dev=2.7569 d2=13263.52 thr=11.34
EKF_MAG t=1790598802.816159 FIRED    d2=    0.00 thr=11.34 dtheta=0.0006 dyaw=+0.00057 gyro_z=+0.0006
EKF_ACCEL t=1790598802.820251 REJECTED dev=2.7551 d2=13226.66 thr=11.34
EKF_MAG t=1790598802.820251 FIRED    d2=    0.00 thr=11.34 dtheta=0.0000 dyaw=+0.00002 gyro_z=-0.0009
EKF_ACCEL t=1790598802.823945 REJECTED dev=2.7482 d2=13136.99 thr=11.34
EKF_MAG t=1790598802.823945 FIRED    d2=    0.00 thr=11.34 dtheta=0.0000 dyaw=+0.00001 gyro_z=+0.0009
EKF_ACCEL t=1790598802.828087 REJECTED dev=2.7565 d2=13194.16 thr=11.34
EKF_MAG t=1790598802.828087 FIRED    d2=    0.00 thr=11.34 dtheta=0.0005 dyaw=-0.00047 gyro_z=+0.0010
EKF_ACCEL t=1790598802.832283 REJECTED dev=2.7504 d2=13095.62 thr=11.34
EKF_MAG t=1790598802.832283 FIRED    d2=    0.00 thr=11.34 dtheta=0.0000 dyaw=-0.00001 gyro_z=+0.0003
EKF_ACCEL t=1790598802.836256 REJECTED dev=2.7462 d2=13033.69 thr=11.34
EKF_MAG t=1790598802.836256 FIRED    d2=    0.00 thr=11.34 dtheta=0.0001 dyaw=-0.00013 gyro_z=+0.0005
EKF_ACCEL t=1790598802.840281 REJECTED dev=2.7508 d2=13050.58 thr=11.34
EKF_MAG t=1790598802.840281 FIRED    d2=    0.00 thr=11.34 dtheta=0.0000 dyaw=+0.00001 gyro_z=-0.0024
EKF_ACCEL t=1790598802.844044 REJECTED dev=2.7521 d2=13040.64 thr=11.34
EKF_MAG t=1790598802.844044 FIRED    d2=    0.00 thr=11.34 dtheta=0.0000 dyaw=+0.00000 gyro_z=-0.0000
EKF_ACCEL t=1790598802.847809 REJECTED dev=2.7579 d2=13073.02 thr=11.34
EKF_MAG t=1790598802.847809 FIRED    d2=    0.00 thr=11.34 dtheta=0.0000 dyaw=+0.00001 gyro_z=-0.0010
EKF_ACCEL t=1790598802.852131 REJECTED dev=2.7505 d2=12980.21 thr=11.34
EKF_MAG t=1790598802.852131 FIRED    d2=    0.00 thr=11.34 dtheta=0.0002 dyaw=-0.00003 gyro_z=+0.0001
EKF_ACCEL t=1790598802.856380 REJECTED dev=2.7603 d2=13065.52 thr=11.34
EKF_MAG t=1790598802.856380 FIRED    d2=    0.00 thr=11.34 dtheta=0.0001 dyaw=-0.00011 gyro_z=-0.0005
EKF_ACCEL t=1790598802.860222 REJECTED dev=2.7600 d2=13037.62 thr=11.34
EKF_MAG t=1790598802.860222 FIRED    d2=    0.00 thr=11.34 dtheta=0.0000 dyaw=+0.00000 gyro_z=-0.0013
EKF_ACCEL t=1790598802.864783 REJECTED dev=2.7541 d2=13099.20 thr=11.34
EKF_MAG t=1790598802.864783 FIRED    d2=    0.00 thr=11.34 dtheta=0.0014 dyaw=+0.00019 gyro_z=-0.0013
EKF_ACCEL t=1790598802.868039 REJECTED dev=2.7574 d2=13017.51 thr=11.34
EKF_MAG t=1790598802.868039 FIRED    d2=    0.00 thr=11.34 dtheta=0.0015 dyaw=-0.00024 gyro_z=-0.0021
EKF_ACCEL t=1790598802.872202 REJECTED dev=2.7564 d2=13082.19 thr=11.34
EKF_MAG t=1790598802.872202 FIRED    d2=    0.00 thr=11.34 dtheta=0.0000 dyaw=-0.00002 gyro_z=-0.0007
liftoff confirmed: alt=0.503m after 0.70s
rate-loop isolation test: axis=roll step=0.1rad/s duration=1.0s
t       dt(ms)  sp      meas(r,p,y)                 tau(r,p,y)              alt(z)  vel(x,y)
EKF_ACCEL t=1790598802.876150 REJECTED dev=2.7510 d2=13010.03 thr=11.34
EKF_MAG t=1790598802.876150 FIRED    d2=    0.00 thr=11.34 dtheta=0.0000 dyaw=-0.00002 gyro_z=+0.0001
EKF_ACCEL t=1790598802.880891 REJECTED dev=2.7532 d2=13010.39 thr=11.34
EKF_MAG t=1790598802.880891 FIRED    d2=    0.00 thr=11.34 dtheta=0.0005 dyaw=+0.00045 gyro_z=-0.0002
EKF_ACCEL t=1790598802.883929 REJECTED dev=2.2752 d2= 8860.98 thr=11.34
EKF_MAG t=1790598802.883929 FIRED    d2=    0.00 thr=11.34 dtheta=0.0000 dyaw=+0.00000 gyro_z=-0.0007
EKF_ACCEL t=1790598802.887824 REJECTED dev=1.8798 d2= 6038.29 thr=11.34
EKF_MAG t=1790598802.887824 FIRED    d2=    0.00 thr=11.34 dtheta=0.0001 dyaw=-0.00004 gyro_z=+0.0019
EKF_ACCEL t=1790598802.892334 REJECTED dev=1.5299 d2= 3993.38 thr=11.34
EKF_MAG t=1790598802.892334 FIRED    d2=    0.00 thr=11.34 dtheta=0.0000 dyaw=+0.00000 gyro_z=-0.0007
EKF_ACCEL t=1790598802.896178 REJECTED dev=1.2697 d2= 2745.55 thr=11.34
EKF_MAG t=1790598802.896178 FIRED    d2=    0.00 thr=11.34 dtheta=0.0000 dyaw=+0.00000 gyro_z=-0.0006
EKF_ACCEL t=1790598802.900239 REJECTED dev=1.0047 d2= 1716.12 thr=11.34
EKF_MAG t=1790598802.900239 FIRED    d2=    0.00 thr=11.34 dtheta=0.0001 dyaw=-0.00005 gyro_z=-0.0013
EKF_ACCEL t=1790598802.903916 REJECTED dev=0.8079 d2= 1107.14 thr=11.34
EKF_MAG t=1790598802.903916 FIRED    d2=    0.00 thr=11.34 dtheta=0.0000 dyaw=-0.00000 gyro_z=+0.0002
EKF_ACCEL t=1790598802.908167 REJECTED dev=0.6416 d2=  697.02 thr=11.34
EKF_MAG t=1790598802.908167 FIRED    d2=    0.00 thr=11.34 dtheta=0.0002 dyaw=-0.00012 gyro_z=+0.0010
EKF_ACCEL t=1790598802.911889 REJECTED dev=0.5040 d2=  429.65 thr=11.34
EKF_MAG t=1790598802.911889 FIRED    d2=    0.00 thr=11.34 dtheta=0.0000 dyaw=+0.00000 gyro_z=-0.0019
  0.04   3.76   0.00  ( 0.001,-0.001,-0.002)  (  -0.0,   0.0,   0.3)   0.571  ( -0.01, -0.00)
EKF_ACCEL t=1790598802.915940 REJECTED dev=0.3852 d2=  250.46 thr=11.34
EKF_MAG t=1790598802.915940 FIRED    d2=    0.00 thr=11.34 dtheta=0.0000 dyaw=-0.00000 gyro_z=-0.0002
EKF_ACCEL t=1790598802.919993 REJECTED dev=0.2760 d2=  128.34 thr=11.34
EKF_MAG t=1790598802.919993 FIRED    d2=    0.00 thr=11.34 dtheta=0.0003 dyaw=+0.00033 gyro_z=-0.0006
EKF_ACCEL t=1790598802.923751 REJECTED dev=0.2002 d2=   67.37 thr=11.34
EKF_MAG t=1790598802.923751 FIRED    d2=    0.00 thr=11.34 dtheta=0.0000 dyaw=+0.00000 gyro_z=+0.0008
EKF_ACCEL t=1790598802.927847 REJECTED dev=0.1211 d2=   24.53 thr=11.34
EKF_MAG t=1790598802.927847 FIRED    d2=    0.00 thr=11.34 dtheta=0.0000 dyaw=+0.00000 gyro_z=+0.0002
EKF_ACCEL t=1790598802.932261 FIRED   dev=0.0576 d2=    5.50 thr=11.34 dtheta=0.0213 dyaw=+0.00043
EKF_MAG t=1790598802.932261 FIRED    d2=    0.39 thr=11.34 dtheta=0.0043 dyaw=-0.00318 gyro_z=-0.0011
EKF_ACCEL t=1790598802.935987 FIRED   dev=0.0221 d2=    0.77 thr=11.34 dtheta=0.0273 dyaw=-0.00004
EKF_MAG t=1790598802.935987 FIRED    d2=    1.39 thr=11.34 dtheta=0.0198 dyaw=+0.01925 gyro_z=+0.0008
EKF_ACCEL t=1790598802.939892 FIRED   dev=0.0668 d2=    4.50 thr=11.34 dtheta=0.0985 dyaw=-0.00045
EKF_MAG t=1790598802.939892 REJECTED d2=   30.35 thr=11.34
EKF_ACCEL t=1790598802.943868 FIRED   dev=0.0037 d2=    0.00 thr=11.34 dtheta=0.0005 dyaw=+0.00020
EKF_MAG t=1790598802.943868 FIRED    d2=    1.04 thr=11.34 dtheta=0.0703 dyaw=-0.06958 gyro_z=+0.0002
EKF_ACCEL t=1790598802.948086 FIRED   dev=0.0466 d2=    2.91 thr=11.34 dtheta=0.0173 dyaw=-0.00268
EKF_MAG t=1790598802.948086 FIRED    d2=    0.98 thr=11.34 dtheta=0.0528 dyaw=+0.05210 gyro_z=+0.0004
EKF_ACCEL t=1790598802.952419 FIRED   dev=0.0503 d2=    4.00 thr=11.34 dtheta=0.0133 dyaw=+0.00334
EKF_MAG t=1790598802.952419 FIRED    d2=    0.41 thr=11.34 dtheta=0.0025 dyaw=-0.00222 gyro_z=+0.0013
  0.08   4.20   0.00  (-0.001, 0.002, 0.001)  (   0.0,  -0.1,  -0.2)   0.640  (  0.11,  0.01)
EKF_ACCEL t=1790598802.955801 FIRED   dev=0.0552 d2=    5.29 thr=11.34 dtheta=0.0145 dyaw=+0.00269
EKF_MAG t=1790598802.955801 FIRED    d2=    0.46 thr=11.34 dtheta=0.0042 dyaw=+0.00359 gyro_z=-0.0017
EKF_ACCEL t=1790598802.960076 FIRED   dev=0.0530 d2=    5.13 thr=11.34 dtheta=0.0091 dyaw=+0.00144
EKF_MAG t=1790598802.960076 FIRED    d2=    0.50 thr=11.34 dtheta=0.0042 dyaw=-0.00415 gyro_z=-0.0024
EKF_ACCEL t=1790598802.964796 FIRED   dev=0.0627 d2=    7.54 thr=11.34 dtheta=0.0082 dyaw=+0.00108
EKF_MAG t=1790598802.964796 FIRED    d2=    0.50 thr=11.34 dtheta=0.0042 dyaw=-0.00414 gyro_z=-0.0020
EKF_ACCEL t=1790598802.967837 FIRED   dev=0.0486 d2=    4.68 thr=11.34 dtheta=0.0076 dyaw=+0.00022
EKF_MAG t=1790598802.967837 FIRED    d2=    0.53 thr=11.34 dtheta=0.0052 dyaw=-0.00519 gyro_z=-0.0017
EKF_ACCEL t=1790598802.972004 FIRED   dev=0.0561 d2=    6.38 thr=11.34 dtheta=0.0079 dyaw=-0.00022
EKF_MAG t=1790598802.972004 FIRED    d2=    0.51 thr=11.34 dtheta=0.0051 dyaw=-0.00513 gyro_z=+0.0000
EKF_ACCEL t=1790598802.976380 FIRED   dev=0.0556 d2=    6.37 thr=11.34 dtheta=0.0087 dyaw=-0.00050
EKF_MAG t=1790598802.976380 FIRED    d2=    0.46 thr=11.34 dtheta=0.0042 dyaw=-0.00419 gyro_z=-0.0004
EKF_ACCEL t=1790598802.980175 FIRED   dev=0.0452 d2=    4.22 thr=11.34 dtheta=0.0062 dyaw=-0.00062
EKF_MAG t=1790598802.980175 FIRED    d2=    0.44 thr=11.34 dtheta=0.0043 dyaw=-0.00427 gyro_z=-0.0007
EKF_ACCEL t=1790598802.983952 FIRED   dev=0.0529 d2=    5.84 thr=11.34 dtheta=0.0088 dyaw=-0.00091
EKF_MAG t=1790598802.983952 FIRED    d2=    0.31 thr=11.34 dtheta=0.0024 dyaw=-0.00237 gyro_z=-0.0010
EKF_ACCEL t=1790598802.987838 FIRED   dev=0.0380 d2=    3.00 thr=11.34 dtheta=0.0068 dyaw=-0.00115
EKF_MAG t=1790598802.987838 FIRED    d2=    0.29 thr=11.34 dtheta=0.0030 dyaw=-0.00296 gyro_z=-0.0018
EKF_ACCEL t=1790598802.993707 FIRED   dev=0.0690 d2=    9.94 thr=11.34 dtheta=0.0132 dyaw=-0.00235
EKF_MAG t=1790598802.993707 FIRED    d2=    0.51 thr=11.34 dtheta=0.0068 dyaw=-0.00665 gyro_z=-0.0014
  0.12   5.74   0.00  (-0.001, 0.001,-0.001)  (   0.0,  -0.0,   0.2)   0.711  (  0.12,  0.01)
EKF_ACCEL t=1790598802.995896 FIRED   dev=0.0444 d2=    4.02 thr=11.34 dtheta=0.0099 dyaw=-0.00190
EKF_MAG t=1790598802.995896 FIRED    d2=    0.37 thr=11.34 dtheta=0.0053 dyaw=-0.00521 gyro_z=-0.0029
EKF_ACCEL t=1790598802.999693 FIRED   dev=0.0430 d2=    3.72 thr=11.34 dtheta=0.0112 dyaw=-0.00192
EKF_MAG t=1790598802.999693 FIRED    d2=    0.22 thr=11.34 dtheta=0.0037 dyaw=-0.00356 gyro_z=-0.0012
EKF_ACCEL t=1790598803.007654 FIRED   dev=0.0372 d2=    2.76 thr=11.34 dtheta=0.0095 dyaw=-0.00184
EKF_MAG t=1790598803.007654 FIRED    d2=    0.19 thr=11.34 dtheta=0.0032 dyaw=-0.00305 gyro_z=-0.0018
EKF_ACCEL t=1790598803.008498 FIRED   dev=0.0261 d2=    1.36 thr=11.34 dtheta=0.0048 dyaw=-0.00061
EKF_MAG t=1790598803.008498 FIRED    d2=    0.06 thr=11.34 dtheta=0.0011 dyaw=+0.00101 gyro_z=-0.0017
EKF_ACCEL t=1790598803.012071 FIRED   dev=0.0197 d2=    0.79 thr=11.34 dtheta=0.0051 dyaw=-0.00101
EKF_MAG t=1790598803.012071 FIRED    d2=    0.05 thr=11.34 dtheta=0.0002 dyaw=+0.00017 gyro_z=-0.0018
EKF_ACCEL t=1790598803.016415 FIRED   dev=0.0317 d2=    2.09 thr=11.34 dtheta=0.0066 dyaw=-0.00087
EKF_MAG t=1790598803.016415 FIRED    d2=    0.03 thr=11.34 dtheta=0.0008 dyaw=-0.00081 gyro_z=-0.0029
EKF_ACCEL t=1790598803.020236 FIRED   dev=0.0170 d2=    0.60 thr=11.34 dtheta=0.0013 dyaw=-0.00008
EKF_MAG t=1790598803.020236 FIRED    d2=    0.03 thr=11.34 dtheta=0.0014 dyaw=+0.00138 gyro_z=-0.0019
EKF_ACCEL t=1790598803.024756 FIRED   dev=0.0098 d2=    0.21 thr=11.34 dtheta=0.0027 dyaw=-0.00053
EKF_MAG t=1790598803.024756 FIRED    d2=    0.02 thr=11.34 dtheta=0.0010 dyaw=+0.00098 gyro_z=-0.0013
EKF_ACCEL t=1790598803.027866 FIRED   dev=0.0120 d2=    0.31 thr=11.34 dtheta=0.0010 dyaw=-0.00003
EKF_MAG t=1790598803.027866 FIRED    d2=    0.03 thr=11.34 dtheta=0.0010 dyaw=+0.00095 gyro_z=-0.0009
EKF_ACCEL t=1790598803.031855 FIRED   dev=0.0249 d2=    1.35 thr=11.34 dtheta=0.0033 dyaw=-0.00056
EKF_MAG t=1790598803.031855 FIRED    d2=    0.01 thr=11.34 dtheta=0.0001 dyaw=-0.00007 gyro_z=-0.0024
  0.16   3.89   0.00  (-0.002, 0.002,-0.002)  (   0.1,  -0.0,   0.4)   0.776  (  0.10,  0.01)
EKF_ACCEL t=1790598803.035723 FIRED   dev=0.0238 d2=    1.25 thr=11.34 dtheta=0.0036 dyaw=-0.00052
EKF_MAG t=1790598803.035723 FIRED    d2=    0.01 thr=11.34 dtheta=0.0001 dyaw=+0.00012 gyro_z=-0.0031
EKF_ACCEL t=1790598803.041755 FIRED   dev=0.0146 d2=    0.47 thr=11.34 dtheta=0.0004 dyaw=+0.00007
EKF_MAG t=1790598803.041755 FIRED    d2=    0.03 thr=11.34 dtheta=0.0009 dyaw=+0.00082 gyro_z=-0.0008
EKF_ACCEL t=1790598803.043904 FIRED   dev=0.0069 d2=    0.11 thr=11.34 dtheta=0.0024 dyaw=-0.00043
EKF_MAG t=1790598803.043904 FIRED    d2=    0.02 thr=11.34 dtheta=0.0007 dyaw=+0.00062 gyro_z=-0.0034
EKF_ACCEL t=1790598803.048275 FIRED   dev=0.0028 d2=    0.02 thr=11.34 dtheta=0.0014 dyaw=+0.00036
EKF_MAG t=1790598803.048275 FIRED    d2=    0.06 thr=11.34 dtheta=0.0013 dyaw=+0.00123 gyro_z=-0.0021
EKF_ACCEL t=1790598803.051750 FIRED   dev=0.0114 d2=    0.30 thr=11.34 dtheta=0.0016 dyaw=-0.00027
EKF_MAG t=1790598803.051750 FIRED    d2=    0.03 thr=11.34 dtheta=0.0004 dyaw=+0.00040 gyro_z=-0.0021
EKF_ACCEL t=1790598803.056066 FIRED   dev=0.0024 d2=    0.01 thr=11.34 dtheta=0.0006 dyaw=-0.00011
EKF_MAG t=1790598803.056066 FIRED    d2=    0.02 thr=11.34 dtheta=0.0005 dyaw=+0.00050 gyro_z=-0.0022
EKF_ACCEL t=1790598803.060273 FIRED   dev=0.0111 d2=    0.28 thr=11.34 dtheta=0.0008 dyaw=-0.00001
EKF_MAG t=1790598803.060273 FIRED    d2=    0.02 thr=11.34 dtheta=0.0003 dyaw=+0.00031 gyro_z=-0.0023
EKF_ACCEL t=1790598803.064108 FIRED   dev=0.0122 d2=    0.34 thr=11.34 dtheta=0.0011 dyaw=-0.00017
EKF_MAG t=1790598803.064108 FIRED    d2=    0.01 thr=11.34 dtheta=0.0002 dyaw=+0.00017 gyro_z=-0.0029
EKF_ACCEL t=1790598803.067549 FIRED   dev=0.0042 d2=    0.04 thr=11.34 dtheta=0.0010 dyaw=+0.00023
EKF_MAG t=1790598803.067549 FIRED    d2=    0.04 thr=11.34 dtheta=0.0004 dyaw=-0.00037 gyro_z=-0.0007
EKF_ACCEL t=1790598803.071816 FIRED   dev=0.0029 d2=    0.02 thr=11.34 dtheta=0.0017 dyaw=-0.00036
EKF_MAG t=1790598803.071816 FIRED    d2=    0.00 thr=11.34 dtheta=0.0009 dyaw=+0.00091 gyro_z=-0.0022
  0.20   4.12   0.00  (-0.001, 0.001,-0.002)  (   0.0,  -0.0,   0.3)   0.861  (  0.07,  0.00)
EKF_ACCEL t=1790598803.075925 FIRED   dev=0.0116 d2=    0.31 thr=11.34 dtheta=0.0005 dyaw=-0.00007
EKF_MAG t=1790598803.075925 FIRED    d2=    0.00 thr=11.34 dtheta=0.0000 dyaw=-0.00001 gyro_z=-0.0027
EKF_ACCEL t=1790598803.079746 FIRED   dev=0.0082 d2=    0.16 thr=11.34 dtheta=0.0020 dyaw=-0.00035
EKF_MAG t=1790598803.079746 FIRED    d2=    0.00 thr=11.34 dtheta=0.0002 dyaw=-0.00021 gyro_z=-0.0020
EKF_ACCEL t=1790598803.083816 FIRED   dev=0.0110 d2=    0.28 thr=11.34 dtheta=0.0008 dyaw=+0.00014
EKF_MAG t=1790598803.083816 FIRED    d2=    0.00 thr=11.34 dtheta=0.0000 dyaw=+0.00002 gyro_z=-0.0032
EKF_ACCEL t=1790598803.087518 FIRED   dev=0.0019 d2=    0.01 thr=11.34 dtheta=0.0022 dyaw=+0.00059
EKF_MAG t=1790598803.087518 FIRED    d2=    0.05 thr=11.34 dtheta=0.0004 dyaw=+0.00039 gyro_z=-0.0026
EKF_ACCEL t=1790598803.091731 FIRED   dev=0.0078 d2=    0.15 thr=11.34 dtheta=0.0038 dyaw=-0.00061
EKF_MAG t=1790598803.091731 FIRED    d2=    0.01 thr=11.34 dtheta=0.0004 dyaw=+0.00033 gyro_z=-0.0018
EKF_ACCEL t=1790598803.095841 FIRED   dev=0.0140 d2=    0.46 thr=11.34 dtheta=0.0021 dyaw=+0.00004
EKF_MAG t=1790598803.095841 FIRED    d2=    0.00 thr=11.34 dtheta=0.0000 dyaw=+0.00003 gyro_z=-0.0027
EKF_ACCEL t=1790598803.100242 FIRED   dev=0.0138 d2=    0.45 thr=11.34 dtheta=0.0015 dyaw=-0.00020
EKF_MAG t=1790598803.100242 FIRED    d2=    0.00 thr=11.34 dtheta=0.0000 dyaw=+0.00001 gyro_z=-0.0034
EKF_ACCEL t=1790598803.104045 FIRED   dev=0.0015 d2=    0.01 thr=11.34 dtheta=0.0003 dyaw=+0.00007
EKF_MAG t=1790598803.104045 FIRED    d2=    0.01 thr=11.34 dtheta=0.0002 dyaw=+0.00016 gyro_z=-0.0018
EKF_ACCEL t=1790598803.108358 FIRED   dev=0.0021 d2=    0.01 thr=11.34 dtheta=0.0013 dyaw=+0.00004
EKF_MAG t=1790598803.108358 FIRED    d2=    0.00 thr=11.34 dtheta=0.0003 dyaw=+0.00032 gyro_z=-0.0034
EKF_ACCEL t=1790598803.113415 FIRED   dev=0.0095 d2=    0.21 thr=11.34 dtheta=0.0016 dyaw=-0.00042
EKF_MAG t=1790598803.113415 FIRED    d2=    0.01 thr=11.34 dtheta=0.0001 dyaw=-0.00012 gyro_z=-0.0007
  0.24   5.05   0.00  ( 0.001, 0.001,-0.001)  (  -0.1,  -0.0,   0.1)   0.933  (  0.07,  0.00)
EKF_ACCEL t=1790598803.115665 FIRED   dev=0.0189 d2=    0.84 thr=11.34 dtheta=0.0017 dyaw=+0.00012
EKF_MAG t=1790598803.115665 FIRED    d2=    0.00 thr=11.34 dtheta=0.0000 dyaw=-0.00003 gyro_z=-0.0009
EKF_ACCEL t=1790598803.120044 FIRED   dev=0.0140 d2=    0.46 thr=11.34 dtheta=0.0007 dyaw=+0.00021
EKF_MAG t=1790598803.120044 FIRED    d2=    0.01 thr=11.34 dtheta=0.0002 dyaw=+0.00016 gyro_z=-0.0012
EKF_ACCEL t=1790598803.123804 FIRED   dev=0.0005 d2=    0.00 thr=11.34 dtheta=0.0007 dyaw=-0.00005
EKF_MAG t=1790598803.123804 FIRED    d2=    0.01 thr=11.34 dtheta=0.0001 dyaw=+0.00010 gyro_z=-0.0017
EKF_ACCEL t=1790598803.128352 FIRED   dev=0.0140 d2=    0.46 thr=11.34 dtheta=0.0011 dyaw=-0.00015
EKF_MAG t=1790598803.128352 FIRED    d2=    0.00 thr=11.34 dtheta=0.0000 dyaw=-0.00001 gyro_z=-0.0020
EKF_ACCEL t=1790598803.134068 FIRED   dev=0.0009 d2=    0.00 thr=11.34 dtheta=0.0020 dyaw=-0.00056
EKF_MAG t=1790598803.134068 FIRED    d2=    0.01 thr=11.34 dtheta=0.0003 dyaw=-0.00031 gyro_z=-0.0014
EKF_ACCEL t=1790598803.136265 FIRED   dev=0.0091 d2=    0.20 thr=11.34 dtheta=0.0023 dyaw=+0.00065
EKF_MAG t=1790598803.136265 FIRED    d2=    0.01 thr=11.34 dtheta=0.0001 dyaw=+0.00005 gyro_z=-0.0005
EKF_ACCEL t=1790598803.139880 FIRED   dev=0.0015 d2=    0.01 thr=11.34 dtheta=0.0014 dyaw=-0.00023
EKF_MAG t=1790598803.139880 FIRED    d2=    0.00 thr=11.34 dtheta=0.0001 dyaw=-0.00010 gyro_z=-0.0014
EKF_ACCEL t=1790598803.144636 FIRED   dev=0.0041 d2=    0.04 thr=11.34 dtheta=0.0010 dyaw=-0.00014
EKF_MAG t=1790598803.144636 FIRED    d2=    0.01 thr=11.34 dtheta=0.0000 dyaw=-0.00002 gyro_z=-0.0021
EKF_ACCEL t=1790598803.148234 FIRED   dev=0.0053 d2=    0.07 thr=11.34 dtheta=0.0012 dyaw=+0.00007
EKF_MAG t=1790598803.148234 FIRED    d2=    0.00 thr=11.34 dtheta=0.0003 dyaw=+0.00030 gyro_z=-0.0027
EKF_ACCEL t=1790598803.151950 FIRED   dev=0.0097 d2=    0.22 thr=11.34 dtheta=0.0013 dyaw=-0.00007
EKF_MAG t=1790598803.151950 FIRED    d2=    0.00 thr=11.34 dtheta=0.0000 dyaw=+0.00000 gyro_z=-0.0017
  0.28   3.81   0.00  (-0.000,-0.001,-0.002)  (   0.0,   0.0,   0.3)   1.000  (  0.07,  0.00)
EKF_ACCEL t=1790598803.156218 FIRED   dev=0.0011 d2=    0.00 thr=11.34 dtheta=0.0016 dyaw=+0.00003
EKF_MAG t=1790598803.156218 FIRED    d2=    0.00 thr=11.34 dtheta=0.0000 dyaw=+0.00002 gyro_z=-0.0029
EKF_ACCEL t=1790598803.160214 FIRED   dev=0.0006 d2=    0.00 thr=11.34 dtheta=0.0004 dyaw=+0.00002
EKF_MAG t=1790598803.160214 FIRED    d2=    0.00 thr=11.34 dtheta=0.0005 dyaw=-0.00044 gyro_z=-0.0028
EKF_ACCEL t=1790598803.164083 FIRED   dev=0.0114 d2=    0.31 thr=11.34 dtheta=0.0012 dyaw=-0.00025
EKF_MAG t=1790598803.164083 FIRED    d2=    0.01 thr=11.34 dtheta=0.0000 dyaw=-0.00002 gyro_z=-0.0018
EKF_ACCEL t=1790598803.167801 FIRED   dev=0.0068 d2=    0.11 thr=11.34 dtheta=0.0002 dyaw=+0.00002
EKF_MAG t=1790598803.167801 FIRED    d2=    0.00 thr=11.34 dtheta=0.0004 dyaw=+0.00037 gyro_z=-0.0029
EKF_ACCEL t=1790598803.171896 FIRED   dev=0.0209 d2=    1.03 thr=11.34 dtheta=0.0011 dyaw=+0.00027
EKF_MAG t=1790598803.171896 FIRED    d2=    0.00 thr=11.34 dtheta=0.0001 dyaw=+0.00004 gyro_z=-0.0005
EKF_ACCEL t=1790598803.176157 FIRED   dev=0.0029 d2=    0.02 thr=11.34 dtheta=0.0013 dyaw=+0.00035
EKF_MAG t=1790598803.176157 FIRED    d2=    0.02 thr=11.34 dtheta=0.0001 dyaw=-0.00006 gyro_z=-0.0015
EKF_ACCEL t=1790598803.180493 FIRED   dev=0.0004 d2=    0.00 thr=11.34 dtheta=0.0012 dyaw=-0.00028
EKF_MAG t=1790598803.180493 FIRED    d2=    0.00 thr=11.34 dtheta=0.0000 dyaw=+0.00000 gyro_z=-0.0017
EKF_ACCEL t=1790598803.183817 FIRED   dev=0.0012 d2=    0.00 thr=11.34 dtheta=0.0011 dyaw=-0.00021
EKF_MAG t=1790598803.183817 FIRED    d2=    0.00 thr=11.34 dtheta=0.0000 dyaw=-0.00000 gyro_z=-0.0012
EKF_ACCEL t=1790598803.187699 FIRED   dev=0.0062 d2=    0.09 thr=11.34 dtheta=0.0008 dyaw=-0.00022
EKF_MAG t=1790598803.187699 FIRED    d2=    0.01 thr=11.34 dtheta=0.0001 dyaw=-0.00001 gyro_z=-0.0014
EKF_ACCEL t=1790598803.191749 FIRED   dev=0.0072 d2=    0.12 thr=11.34 dtheta=0.0016 dyaw=+0.00038
EKF_MAG t=1790598803.191749 FIRED    d2=    0.00 thr=11.34 dtheta=0.0001 dyaw=-0.00009 gyro_z=-0.0016
  0.32   3.72   0.00  ( 0.001, 0.000,-0.002)  (  -0.0,   0.0,   0.2)   1.069  (  0.07,  0.00)
EKF_ACCEL t=1790598803.195869 FIRED   dev=0.0096 d2=    0.22 thr=11.34 dtheta=0.0018 dyaw=-0.00006
EKF_MAG t=1790598803.195869 FIRED    d2=    0.00 thr=11.34 dtheta=0.0002 dyaw=+0.00018 gyro_z=+0.0007
EKF_ACCEL t=1790598803.199717 FIRED   dev=0.0022 d2=    0.01 thr=11.34 dtheta=0.0005 dyaw=-0.00013
EKF_MAG t=1790598803.199717 FIRED    d2=    0.00 thr=11.34 dtheta=0.0000 dyaw=+0.00002 gyro_z=-0.0013
EKF_ACCEL t=1790598803.203802 FIRED   dev=0.0132 d2=    0.41 thr=11.34 dtheta=0.0020 dyaw=+0.00018
EKF_MAG t=1790598803.203802 FIRED    d2=    0.00 thr=11.34 dtheta=0.0000 dyaw=-0.00002 gyro_z=-0.0007
EKF_ACCEL t=1790598803.207954 FIRED   dev=0.0055 d2=    0.07 thr=11.34 dtheta=0.0007 dyaw=-0.00002
EKF_MAG t=1790598803.207954 FIRED    d2=    0.00 thr=11.34 dtheta=0.0002 dyaw=-0.00022 gyro_z=-0.0007
EKF_ACCEL t=1790598803.211607 FIRED   dev=0.0010 d2=    0.00 thr=11.34 dtheta=0.0008 dyaw=+0.00018
EKF_MAG t=1790598803.211607 FIRED    d2=    0.01 thr=11.34 dtheta=0.0000 dyaw=-0.00000 gyro_z=-0.0019
EKF_ACCEL t=1790598803.215997 FIRED   dev=0.0004 d2=    0.00 thr=11.34 dtheta=0.0017 dyaw=-0.00041
EKF_MAG t=1790598803.215997 FIRED    d2=    0.00 thr=11.34 dtheta=0.0002 dyaw=+0.00020 gyro_z=-0.0018
EKF_ACCEL t=1790598803.219508 FIRED   dev=0.0021 d2=    0.01 thr=11.34 dtheta=0.0019 dyaw=+0.00040
EKF_MAG t=1790598803.219508 FIRED    d2=    0.00 thr=11.34 dtheta=0.0000 dyaw=+0.00001 gyro_z=-0.0006
EKF_ACCEL t=1790598803.223630 FIRED   dev=0.0179 d2=    0.76 thr=11.34 dtheta=0.0008 dyaw=+0.00001
EKF_MAG t=1790598803.223630 FIRED    d2=    0.00 thr=11.34 dtheta=0.0000 dyaw=+0.00002 gyro_z=-0.0025
EKF_ACCEL t=1790598803.227744 FIRED   dev=0.0014 d2=    0.00 thr=11.34 dtheta=0.0011 dyaw=-0.00031
EKF_MAG t=1790598803.227744 FIRED    d2=    0.01 thr=11.34 dtheta=0.0000 dyaw=+0.00000 gyro_z=-0.0003
EKF_ACCEL t=1790598803.231808 FIRED   dev=0.0119 d2=    0.33 thr=11.34 dtheta=0.0014 dyaw=+0.00019
EKF_MAG t=1790598803.231808 FIRED    d2=    0.00 thr=11.34 dtheta=0.0000 dyaw=-0.00001 gyro_z=-0.0011
  0.36   3.98   0.10  ( 0.006,-0.000,-0.001)  (   1.3,   0.0,   0.2)   1.138  (  0.07,  0.00)
EKF_ACCEL t=1790598803.235660 FIRED   dev=0.0021 d2=    0.01 thr=11.34 dtheta=0.0014 dyaw=-0.00026
EKF_MAG t=1790598803.235660 FIRED    d2=    0.01 thr=11.34 dtheta=0.0002 dyaw=-0.00019 gyro_z=-0.0011
EKF_ACCEL t=1790598803.239899 FIRED   dev=0.0096 d2=    0.22 thr=11.34 dtheta=0.0010 dyaw=+0.00026
EKF_MAG t=1790598803.239899 FIRED    d2=    0.00 thr=11.34 dtheta=0.0000 dyaw=+0.00001 gyro_z=-0.0020
EKF_ACCEL t=1790598803.243757 FIRED   dev=0.0046 d2=    0.05 thr=11.34 dtheta=0.0009 dyaw=+0.00025
EKF_MAG t=1790598803.243757 FIRED    d2=    0.01 thr=11.34 dtheta=0.0000 dyaw=-0.00001 gyro_z=-0.0008
EKF_ACCEL t=1790598803.247831 FIRED   dev=0.0028 d2=    0.02 thr=11.34 dtheta=0.0015 dyaw=-0.00002
EKF_MAG t=1790598803.247831 FIRED    d2=    0.02 thr=11.34 dtheta=0.0001 dyaw=-0.00015 gyro_z=-0.0020
EKF_ACCEL t=1790598803.251723 FIRED   dev=0.0001 d2=    0.00 thr=11.34 dtheta=0.0025 dyaw=-0.00007
EKF_MAG t=1790598803.251723 FIRED    d2=    0.00 thr=11.34 dtheta=0.0000 dyaw=+0.00001 gyro_z=-0.0021
EKF_ACCEL t=1790598803.255842 FIRED   dev=0.0024 d2=    0.01 thr=11.34 dtheta=0.0009 dyaw=-0.00004
EKF_MAG t=1790598803.255842 FIRED    d2=    0.00 thr=11.34 dtheta=0.0000 dyaw=+0.00000 gyro_z=-0.0004
EKF_ACCEL t=1790598803.259881 FIRED   dev=0.0013 d2=    0.00 thr=11.34 dtheta=0.0003 dyaw=+0.00004
EKF_MAG t=1790598803.259881 FIRED    d2=    0.00 thr=11.34 dtheta=0.0001 dyaw=-0.00011 gyro_z=+0.0004
EKF_ACCEL t=1790598803.263578 FIRED   dev=0.0000 d2=    0.00 thr=11.34 dtheta=0.0003 dyaw=+0.00004
EKF_MAG t=1790598803.263578 FIRED    d2=    0.00 thr=11.34 dtheta=0.0000 dyaw=+0.00001 gyro_z=-0.0019
EKF_ACCEL t=1790598803.267591 FIRED   dev=0.0001 d2=    0.00 thr=11.34 dtheta=0.0013 dyaw=+0.00005
EKF_MAG t=1790598803.267591 FIRED    d2=    0.01 thr=11.34 dtheta=0.0005 dyaw=-0.00049 gyro_z=-0.0012
EKF_ACCEL t=1790598803.271565 FIRED   dev=0.0018 d2=    0.01 thr=11.34 dtheta=0.0012 dyaw=-0.00018
EKF_MAG t=1790598803.271565 FIRED    d2=    0.00 thr=11.34 dtheta=0.0005 dyaw=+0.00046 gyro_z=-0.0022
  0.40   3.94   0.10  ( 0.022, 0.000,-0.002)  (   1.0,  -0.0,   0.3)   1.210  (  0.06,  0.00)
EKF_ACCEL t=1790598803.275882 FIRED   dev=0.0020 d2=    0.01 thr=11.34 dtheta=0.0002 dyaw=-0.00007
EKF_MAG t=1790598803.275882 FIRED    d2=    0.00 thr=11.34 dtheta=0.0003 dyaw=-0.00029 gyro_z=-0.0009
EKF_ACCEL t=1790598803.279535 FIRED   dev=0.0075 d2=    0.13 thr=11.34 dtheta=0.0005 dyaw=-0.00012
EKF_MAG t=1790598803.279535 FIRED    d2=    0.00 thr=11.34 dtheta=0.0000 dyaw=+0.00001 gyro_z=-0.0004
EKF_ACCEL t=1790598803.283604 FIRED   dev=0.0129 d2=    0.40 thr=11.34 dtheta=0.0005 dyaw=+0.00001
EKF_MAG t=1790598803.283604 FIRED    d2=    0.00 thr=11.34 dtheta=0.0000 dyaw=+0.00002 gyro_z=-0.0008
EKF_ACCEL t=1790598803.287287 FIRED   dev=0.0007 d2=    0.00 thr=11.34 dtheta=0.0010 dyaw=+0.00022
EKF_MAG t=1790598803.287287 FIRED    d2=    0.00 thr=11.34 dtheta=0.0003 dyaw=-0.00027 gyro_z=-0.0013
EKF_ACCEL t=1790598803.291887 FIRED   dev=0.0105 d2=    0.26 thr=11.34 dtheta=0.0021 dyaw=-0.00016
EKF_MAG t=1790598803.291887 FIRED    d2=    0.00 thr=11.34 dtheta=0.0000 dyaw=-0.00000 gyro_z=+0.0005
EKF_ACCEL t=1790598803.295900 FIRED   dev=0.0036 d2=    0.03 thr=11.34 dtheta=0.0004 dyaw=+0.00003
EKF_MAG t=1790598803.295900 FIRED    d2=    0.00 thr=11.34 dtheta=0.0002 dyaw=+0.00018 gyro_z=-0.0027
EKF_ACCEL t=1790598803.299520 FIRED   dev=0.0042 d2=    0.04 thr=11.34 dtheta=0.0010 dyaw=+0.00018
EKF_MAG t=1790598803.299520 FIRED    d2=    0.00 thr=11.34 dtheta=0.0000 dyaw=+0.00001 gyro_z=+0.0004
EKF_ACCEL t=1790598803.303536 FIRED   dev=0.0016 d2=    0.01 thr=11.34 dtheta=0.0014 dyaw=-0.00019
EKF_MAG t=1790598803.303536 FIRED    d2=    0.00 thr=11.34 dtheta=0.0000 dyaw=+0.00001 gyro_z=-0.0012
EKF_ACCEL t=1790598803.307460 FIRED   dev=0.0072 d2=    0.12 thr=11.34 dtheta=0.0005 dyaw=+0.00009
EKF_MAG t=1790598803.307460 FIRED    d2=    0.00 thr=11.34 dtheta=0.0000 dyaw=+0.00002 gyro_z=-0.0019
EKF_ACCEL t=1790598803.311812 FIRED   dev=0.0006 d2=    0.00 thr=11.34 dtheta=0.0008 dyaw=+0.00013
EKF_MAG t=1790598803.311812 FIRED    d2=    0.00 thr=11.34 dtheta=0.0005 dyaw=-0.00045 gyro_z=-0.0008
  0.44   4.06   0.10  ( 0.037,-0.001,-0.001)  (   0.8,   0.0,   0.1)   1.279  (  0.06,  0.00)
EKF_ACCEL t=1790598803.315799 FIRED   dev=0.0054 d2=    0.07 thr=11.34 dtheta=0.0018 dyaw=-0.00037
EKF_MAG t=1790598803.315799 FIRED    d2=    0.00 thr=11.34 dtheta=0.0000 dyaw=+0.00001 gyro_z=+0.0006
EKF_ACCEL t=1790598803.319474 FIRED   dev=0.0060 d2=    0.09 thr=11.34 dtheta=0.0011 dyaw=+0.00027
EKF_MAG t=1790598803.319474 FIRED    d2=    0.00 thr=11.34 dtheta=0.0004 dyaw=-0.00036 gyro_z=-0.0015
EKF_ACCEL t=1790598803.323519 FIRED   dev=0.0014 d2=    0.00 thr=11.34 dtheta=0.0019 dyaw=-0.00043
EKF_MAG t=1790598803.323519 FIRED    d2=    0.00 thr=11.34 dtheta=0.0000 dyaw=+0.00002 gyro_z=-0.0020
EKF_ACCEL t=1790598803.327549 FIRED   dev=0.0034 d2=    0.03 thr=11.34 dtheta=0.0015 dyaw=+0.00029
EKF_MAG t=1790598803.327549 FIRED    d2=    0.00 thr=11.34 dtheta=0.0003 dyaw=-0.00028 gyro_z=-0.0016
EKF_ACCEL t=1790598803.331439 FIRED   dev=0.0067 d2=    0.11 thr=11.34 dtheta=0.0009 dyaw=+0.00006
EKF_MAG t=1790598803.331439 FIRED    d2=    0.01 thr=11.34 dtheta=0.0000 dyaw=+0.00000 gyro_z=-0.0006
EKF_ACCEL t=1790598803.335764 FIRED   dev=0.0075 d2=    0.14 thr=11.34 dtheta=0.0007 dyaw=+0.00008
EKF_MAG t=1790598803.335764 FIRED    d2=    0.02 thr=11.34 dtheta=0.0004 dyaw=-0.00039 gyro_z=-0.0020
EKF_ACCEL t=1790598803.339679 FIRED   dev=0.0131 d2=    0.41 thr=11.34 dtheta=0.0016 dyaw=-0.00044
EKF_MAG t=1790598803.339679 FIRED    d2=    0.00 thr=11.34 dtheta=0.0000 dyaw=+0.00002 gyro_z=-0.0009
EKF_ACCEL t=1790598803.343863 FIRED   dev=0.0063 d2=    0.09 thr=11.34 dtheta=0.0011 dyaw=+0.00023
EKF_MAG t=1790598803.343863 FIRED    d2=    0.01 thr=11.34 dtheta=0.0000 dyaw=+0.00002 gyro_z=+0.0005
EKF_ACCEL t=1790598803.348234 FIRED   dev=0.0078 d2=    0.15 thr=11.34 dtheta=0.0006 dyaw=-0.00017
EKF_MAG t=1790598803.348234 FIRED    d2=    0.00 thr=11.34 dtheta=0.0006 dyaw=-0.00056 gyro_z=-0.0018
EKF_ACCEL t=1790598803.351503 FIRED   dev=0.0026 d2=    0.02 thr=11.34 dtheta=0.0004 dyaw=-0.00010
EKF_MAG t=1790598803.351503 FIRED    d2=    0.00 thr=11.34 dtheta=0.0000 dyaw=+0.00001 gyro_z=-0.0014
  0.48   3.20   0.10  ( 0.049, 0.001,-0.001)  (   0.6,  -0.0,   0.2)   1.348  (  0.06,  0.00)
EKF_ACCEL t=1790598803.355712 FIRED   dev=0.0046 d2=    0.05 thr=11.34 dtheta=0.0008 dyaw=+0.00022
EKF_MAG t=1790598803.355712 FIRED    d2=    0.00 thr=11.34 dtheta=0.0000 dyaw=+0.00000 gyro_z=+0.0001
EKF_ACCEL t=1790598803.359673 FIRED   dev=0.0076 d2=    0.14 thr=11.34 dtheta=0.0008 dyaw=-0.00020
EKF_MAG t=1790598803.359673 FIRED    d2=    0.00 thr=11.34 dtheta=0.0000 dyaw=+0.00002 gyro_z=-0.0019
EKF_ACCEL t=1790598803.363561 FIRED   dev=0.0050 d2=    0.06 thr=11.34 dtheta=0.0024 dyaw=+0.00045
EKF_MAG t=1790598803.363561 FIRED    d2=    0.04 thr=11.34 dtheta=0.0001 dyaw=+0.00001 gyro_z=-0.0006
EKF_ACCEL t=1790598803.367824 FIRED   dev=0.0103 d2=    0.25 thr=11.34 dtheta=0.0020 dyaw=-0.00027
EKF_MAG t=1790598803.367824 FIRED    d2=    0.00 thr=11.34 dtheta=0.0000 dyaw=+0.00003 gyro_z=-0.0023
EKF_ACCEL t=1790598803.371771 FIRED   dev=0.0076 d2=    0.14 thr=11.34 dtheta=0.0005 dyaw=+0.00003
EKF_MAG t=1790598803.371771 FIRED    d2=    0.00 thr=11.34 dtheta=0.0009 dyaw=-0.00085 gyro_z=-0.0024
EKF_ACCEL t=1790598803.375835 FIRED   dev=0.0016 d2=    0.01 thr=11.34 dtheta=0.0014 dyaw=+0.00037
EKF_MAG t=1790598803.375835 FIRED    d2=    0.03 thr=11.34 dtheta=0.0001 dyaw=-0.00002 gyro_z=-0.0002
EKF_ACCEL t=1790598803.379887 FIRED   dev=0.0015 d2=    0.01 thr=11.34 dtheta=0.0016 dyaw=-0.00043
EKF_MAG t=1790598803.379887 FIRED    d2=    0.00 thr=11.34 dtheta=0.0000 dyaw=-0.00002 gyro_z=-0.0007
EKF_ACCEL t=1790598803.383627 FIRED   dev=0.0017 d2=    0.01 thr=11.34 dtheta=0.0014 dyaw=-0.00038
EKF_MAG t=1790598803.383627 FIRED    d2=    0.01 thr=11.34 dtheta=0.0000 dyaw=+0.00003 gyro_z=-0.0001
EKF_ACCEL t=1790598803.387800 FIRED   dev=0.0119 d2=    0.34 thr=11.34 dtheta=0.0011 dyaw=+0.00025
EKF_MAG t=1790598803.387800 FIRED    d2=    0.00 thr=11.34 dtheta=0.0000 dyaw=+0.00002 gyro_z=-0.0005
EKF_ACCEL t=1790598803.391867 FIRED   dev=0.0031 d2=    0.02 thr=11.34 dtheta=0.0020 dyaw=-0.00026
EKF_MAG t=1790598803.391867 FIRED    d2=    0.01 thr=11.34 dtheta=0.0007 dyaw=-0.00068 gyro_z=-0.0006
  0.52   3.55   0.10  ( 0.056,-0.001,-0.001)  (   0.6,   0.0,   0.1)   1.418  (  0.06,  0.00)
EKF_ACCEL t=1790598803.395852 FIRED   dev=0.0062 d2=    0.09 thr=11.34 dtheta=0.0016 dyaw=+0.00017
EKF_MAG t=1790598803.395852 FIRED    d2=    0.00 thr=11.34 dtheta=0.0006 dyaw=-0.00056 gyro_z=-0.0007
EKF_ACCEL t=1790598803.399512 FIRED   dev=0.0095 d2=    0.21 thr=11.34 dtheta=0.0017 dyaw=+0.00035
EKF_MAG t=1790598803.399512 FIRED    d2=    0.03 thr=11.34 dtheta=0.0001 dyaw=-0.00000 gyro_z=-0.0020
EKF_ACCEL t=1790598803.403801 FIRED   dev=0.0025 d2=    0.02 thr=11.34 dtheta=0.0020 dyaw=-0.00042
EKF_MAG t=1790598803.403801 FIRED    d2=    0.00 thr=11.34 dtheta=0.0000 dyaw=+0.00003 gyro_z=-0.0015
EKF_ACCEL t=1790598803.407769 FIRED   dev=0.0029 d2=    0.02 thr=11.34 dtheta=0.0011 dyaw=+0.00021
EKF_MAG t=1790598803.407769 FIRED    d2=    0.01 thr=11.34 dtheta=0.0002 dyaw=-0.00020 gyro_z=-0.0005
EKF_ACCEL t=1790598803.411690 FIRED   dev=0.0025 d2=    0.02 thr=11.34 dtheta=0.0010 dyaw=+0.00001
EKF_MAG t=1790598803.411690 FIRED    d2=    0.00 thr=11.34 dtheta=0.0000 dyaw=+0.00002 gyro_z=-0.0015
EKF_ACCEL t=1790598803.415719 FIRED   dev=0.0022 d2=    0.01 thr=11.34 dtheta=0.0019 dyaw=+0.00011
EKF_MAG t=1790598803.415719 FIRED    d2=    0.02 thr=11.34 dtheta=0.0007 dyaw=-0.00067 gyro_z=-0.0013
EKF_ACCEL t=1790598803.419817 FIRED   dev=0.0019 d2=    0.01 thr=11.34 dtheta=0.0020 dyaw=-0.00054
EKF_MAG t=1790598803.419817 FIRED    d2=    0.00 thr=11.34 dtheta=0.0000 dyaw=+0.00004 gyro_z=-0.0025
EKF_ACCEL t=1790598803.423512 FIRED   dev=0.0046 d2=    0.05 thr=11.34 dtheta=0.0020 dyaw=+0.00055
EKF_MAG t=1790598803.423512 FIRED    d2=    0.02 thr=11.34 dtheta=0.0001 dyaw=+0.00002 gyro_z=-0.0003
EKF_ACCEL t=1790598803.427727 FIRED   dev=0.0057 d2=    0.08 thr=11.34 dtheta=0.0020 dyaw=-0.00045
EKF_MAG t=1790598803.427727 FIRED    d2=    0.00 thr=11.34 dtheta=0.0006 dyaw=-0.00062 gyro_z=-0.0007
EKF_ACCEL t=1790598803.432313 FIRED   dev=0.0043 d2=    0.04 thr=11.34 dtheta=0.0009 dyaw=+0.00024
EKF_MAG t=1790598803.432313 FIRED    d2=    0.01 thr=11.34 dtheta=0.0000 dyaw=+0.00002 gyro_z=-0.0023
  0.56   4.88   0.10  ( 0.067,-0.002,-0.002)  (   0.4,   0.1,   0.3)   1.488  (  0.06,  0.00)
EKF_ACCEL t=1790598803.435583 FIRED   dev=0.0082 d2=    0.16 thr=11.34 dtheta=0.0004 dyaw=-0.00010
EKF_MAG t=1790598803.435583 FIRED    d2=    0.00 thr=11.34 dtheta=0.0000 dyaw=+0.00002 gyro_z=-0.0018
EKF_ACCEL t=1790598803.439581 FIRED   dev=0.0120 d2=    0.34 thr=11.34 dtheta=0.0004 dyaw=+0.00007
EKF_MAG t=1790598803.439581 FIRED    d2=    0.01 thr=11.34 dtheta=0.0004 dyaw=-0.00038 gyro_z=-0.0014
EKF_ACCEL t=1790598803.443613 FIRED   dev=0.0121 d2=    0.35 thr=11.34 dtheta=0.0010 dyaw=-0.00010
EKF_MAG t=1790598803.443613 FIRED    d2=    0.01 thr=11.34 dtheta=0.0000 dyaw=+0.00002 gyro_z=-0.0017
EKF_ACCEL t=1790598803.447537 FIRED   dev=0.0016 d2=    0.01 thr=11.34 dtheta=0.0002 dyaw=+0.00007
EKF_MAG t=1790598803.447537 FIRED    d2=    0.01 thr=11.34 dtheta=0.0001 dyaw=+0.00003 gyro_z=-0.0017
EKF_ACCEL t=1790598803.451378 FIRED   dev=0.0098 d2=    0.23 thr=11.34 dtheta=0.0002 dyaw=-0.00007
EKF_MAG t=1790598803.451378 FIRED    d2=    0.00 thr=11.34 dtheta=0.0006 dyaw=-0.00056 gyro_z=-0.0023
EKF_ACCEL t=1790598803.455519 FIRED   dev=0.0139 d2=    0.46 thr=11.34 dtheta=0.0008 dyaw=+0.00022
EKF_MAG t=1790598803.455519 FIRED    d2=    0.02 thr=11.34 dtheta=0.0005 dyaw=-0.00048 gyro_z=-0.0015
EKF_ACCEL t=1790598803.460255 FIRED   dev=0.0009 d2=    0.00 thr=11.34 dtheta=0.0009 dyaw=-0.00024
EKF_MAG t=1790598803.460255 FIRED    d2=    0.00 thr=11.34 dtheta=0.0000 dyaw=+0.00003 gyro_z=-0.0022
EKF_ACCEL t=1790598803.463994 FIRED   dev=0.0034 d2=    0.03 thr=11.34 dtheta=0.0012 dyaw=-0.00014
EKF_MAG t=1790598803.463994 FIRED    d2=    0.00 thr=11.34 dtheta=0.0000 dyaw=+0.00003 gyro_z=-0.0020
EKF_ACCEL t=1790598803.467723 FIRED   dev=0.0069 d2=    0.11 thr=11.34 dtheta=0.0006 dyaw=+0.00015
EKF_MAG t=1790598803.467723 FIRED    d2=    0.00 thr=11.34 dtheta=0.0003 dyaw=-0.00031 gyro_z=-0.0005
EKF_ACCEL t=1790598803.471594 FIRED   dev=0.0014 d2=    0.01 thr=11.34 dtheta=0.0012 dyaw=-0.00011
EKF_MAG t=1790598803.471594 FIRED    d2=    0.00 thr=11.34 dtheta=0.0003 dyaw=-0.00026 gyro_z=-0.0012
  0.60   3.45   0.10  ( 0.074,-0.001,-0.001)  (   0.3,   0.0,   0.2)   1.548  (  0.05,  0.00)
EKF_ACCEL t=1790598803.476092 FIRED   dev=0.0166 d2=    0.66 thr=11.34 dtheta=0.0002 dyaw=+0.00002
EKF_MAG t=1790598803.476092 FIRED    d2=    0.00 thr=11.34 dtheta=0.0000 dyaw=+0.00003 gyro_z=-0.0024
EKF_ACCEL t=1790598803.479763 FIRED   dev=0.0081 d2=    0.16 thr=11.34 dtheta=0.0017 dyaw=-0.00043
EKF_MAG t=1790598803.479763 FIRED    d2=    0.00 thr=11.34 dtheta=0.0005 dyaw=-0.00044 gyro_z=-0.0008
EKF_ACCEL t=1790598803.483506 FIRED   dev=0.0091 d2=    0.20 thr=11.34 dtheta=0.0012 dyaw=+0.00035
EKF_MAG t=1790598803.483506 FIRED    d2=    0.01 thr=11.34 dtheta=0.0000 dyaw=+0.00003 gyro_z=-0.0026
EKF_ACCEL t=1790598803.487490 FIRED   dev=0.0009 d2=    0.00 thr=11.34 dtheta=0.0010 dyaw=-0.00022
EKF_MAG t=1790598803.487490 FIRED    d2=    0.00 thr=11.34 dtheta=0.0000 dyaw=+0.00003 gyro_z=-0.0015
EKF_ACCEL t=1790598803.491513 FIRED   dev=0.0006 d2=    0.00 thr=11.34 dtheta=0.0020 dyaw=+0.00025
EKF_MAG t=1790598803.491513 FIRED    d2=    0.00 thr=11.34 dtheta=0.0013 dyaw=-0.00130 gyro_z=-0.0010
EKF_ACCEL t=1790598803.495841 FIRED   dev=0.0132 d2=    0.41 thr=11.34 dtheta=0.0019 dyaw=-0.00031
EKF_MAG t=1790598803.495841 FIRED    d2=    0.00 thr=11.34 dtheta=0.0000 dyaw=+0.00002 gyro_z=-0.0022
EKF_ACCEL t=1790598803.499399 FIRED   dev=0.0026 d2=    0.02 thr=11.34 dtheta=0.0008 dyaw=+0.00017
EKF_MAG t=1790598803.499399 FIRED    d2=    0.01 thr=11.34 dtheta=0.0001 dyaw=-0.00015 gyro_z=-0.0013
EKF_ACCEL t=1790598803.503747 FIRED   dev=0.0008 d2=    0.00 thr=11.34 dtheta=0.0012 dyaw=-0.00020
EKF_MAG t=1790598803.503747 FIRED    d2=    0.00 thr=11.34 dtheta=0.0001 dyaw=+0.00004 gyro_z=-0.0021
EKF_ACCEL t=1790598803.507896 FIRED   dev=0.0040 d2=    0.04 thr=11.34 dtheta=0.0020 dyaw=+0.00035
EKF_MAG t=1790598803.507896 FIRED    d2=    0.02 thr=11.34 dtheta=0.0007 dyaw=-0.00071 gyro_z=-0.0013
EKF_ACCEL t=1790598803.511676 FIRED   dev=0.0163 d2=    0.63 thr=11.34 dtheta=0.0010 dyaw=-0.00024
EKF_MAG t=1790598803.511676 FIRED    d2=    0.00 thr=11.34 dtheta=0.0000 dyaw=+0.00002 gyro_z=-0.0023
  0.64   3.98   0.10  ( 0.080,-0.001,-0.002)  (   0.3,   0.0,   0.4)   1.617  (  0.05,  0.00)
EKF_ACCEL t=1790598803.515689 FIRED   dev=0.0069 d2=    0.11 thr=11.34 dtheta=0.0009 dyaw=-0.00024
EKF_MAG t=1790598803.515689 FIRED    d2=    0.00 thr=11.34 dtheta=0.0004 dyaw=-0.00038 gyro_z=-0.0009
EKF_ACCEL t=1790598803.519424 FIRED   dev=0.0135 d2=    0.43 thr=11.34 dtheta=0.0023 dyaw=+0.00015
EKF_MAG t=1790598803.519424 FIRED    d2=    0.01 thr=11.34 dtheta=0.0000 dyaw=+0.00001 gyro_z=-0.0010
EKF_ACCEL t=1790598803.523368 FIRED   dev=0.0040 d2=    0.04 thr=11.34 dtheta=0.0011 dyaw=+0.00023
EKF_MAG t=1790598803.523368 FIRED    d2=    0.01 thr=11.34 dtheta=0.0001 dyaw=+0.00003 gyro_z=-0.0021
EKF_ACCEL t=1790598803.527414 FIRED   dev=0.0033 d2=    0.03 thr=11.34 dtheta=0.0018 dyaw=-0.00007
EKF_MAG t=1790598803.527414 FIRED    d2=    0.02 thr=11.34 dtheta=0.0001 dyaw=+0.00001 gyro_z=-0.0005
EKF_ACCEL t=1790598803.531843 FIRED   dev=0.0046 d2=    0.05 thr=11.34 dtheta=0.0014 dyaw=-0.00035
EKF_MAG t=1790598803.531843 FIRED    d2=    0.00 thr=11.34 dtheta=0.0006 dyaw=-0.00059 gyro_z=-0.0019
EKF_ACCEL t=1790598803.535448 FIRED   dev=0.0014 d2=    0.00 thr=11.34 dtheta=0.0009 dyaw=+0.00023
EKF_MAG t=1790598803.535448 FIRED    d2=    0.01 thr=11.34 dtheta=0.0001 dyaw=+0.00003 gyro_z=-0.0043
EKF_ACCEL t=1790598803.539288 FIRED   dev=0.0090 d2=    0.19 thr=11.34 dtheta=0.0008 dyaw=+0.00010
EKF_MAG t=1790598803.539288 FIRED    d2=    0.01 thr=11.34 dtheta=0.0007 dyaw=-0.00064 gyro_z=-0.0010
EKF_ACCEL t=1790598803.543797 FIRED   dev=0.0092 d2=    0.20 thr=11.34 dtheta=0.0015 dyaw=-0.00013
EKF_MAG t=1790598803.543797 FIRED    d2=    0.01 thr=11.34 dtheta=0.0000 dyaw=+0.00001 gyro_z=-0.0013
EKF_ACCEL t=1790598803.547396 FIRED   dev=0.0043 d2=    0.04 thr=11.34 dtheta=0.0005 dyaw=-0.00008
EKF_MAG t=1790598803.547396 FIRED    d2=    0.00 thr=11.34 dtheta=0.0000 dyaw=+0.00003 gyro_z=-0.0002
EKF_ACCEL t=1790598803.551394 FIRED   dev=0.0070 d2=    0.12 thr=11.34 dtheta=0.0016 dyaw=+0.00007
EKF_MAG t=1790598803.551394 FIRED    d2=    0.02 thr=11.34 dtheta=0.0007 dyaw=-0.00072 gyro_z=-0.0005
  0.68   3.71   0.00  ( 0.081,-0.001,-0.000)  (  -1.2,   0.0,   0.1)   1.686  (  0.05,  0.00)
EKF_ACCEL t=1790598803.555506 FIRED   dev=0.0009 d2=    0.00 thr=11.34 dtheta=0.0007 dyaw=-0.00016
EKF_MAG t=1790598803.555506 FIRED    d2=    0.01 thr=11.34 dtheta=0.0003 dyaw=-0.00025 gyro_z=-0.0010
EKF_ACCEL t=1790598803.559263 FIRED   dev=0.0023 d2=    0.01 thr=11.34 dtheta=0.0005 dyaw=-0.00011
EKF_MAG t=1790598803.559263 FIRED    d2=    0.00 thr=11.34 dtheta=0.0000 dyaw=+0.00003 gyro_z=-0.0021
EKF_ACCEL t=1790598803.563583 FIRED   dev=0.0082 d2=    0.16 thr=11.34 dtheta=0.0017 dyaw=-0.00005
EKF_MAG t=1790598803.563583 FIRED    d2=    0.01 thr=11.34 dtheta=0.0001 dyaw=+0.00004 gyro_z=-0.0021
EKF_ACCEL t=1790598803.567456 FIRED   dev=0.0018 d2=    0.01 thr=11.34 dtheta=0.0022 dyaw=+0.00022
EKF_MAG t=1790598803.567456 FIRED    d2=    0.00 thr=11.34 dtheta=0.0001 dyaw=+0.00004 gyro_z=-0.0019
EKF_ACCEL t=1790598803.571553 FIRED   dev=0.0002 d2=    0.00 thr=11.34 dtheta=0.0017 dyaw=-0.00035
EKF_MAG t=1790598803.571553 FIRED    d2=    0.00 thr=11.34 dtheta=0.0012 dyaw=-0.00112 gyro_z=-0.0015
EKF_ACCEL t=1790598803.575644 FIRED   dev=0.0085 d2=    0.17 thr=11.34 dtheta=0.0009 dyaw=+0.00023
EKF_MAG t=1790598803.575644 FIRED    d2=    0.01 thr=11.34 dtheta=0.0003 dyaw=-0.00025 gyro_z=-0.0022
EKF_ACCEL t=1790598803.580003 FIRED   dev=0.0043 d2=    0.04 thr=11.34 dtheta=0.0008 dyaw=-0.00007
EKF_MAG t=1790598803.580003 FIRED    d2=    0.00 thr=11.34 dtheta=0.0000 dyaw=+0.00003 gyro_z=-0.0021
EKF_ACCEL t=1790598803.583701 FIRED   dev=0.0039 d2=    0.04 thr=11.34 dtheta=0.0008 dyaw=-0.00010
EKF_MAG t=1790598803.583701 FIRED    d2=    0.00 thr=11.34 dtheta=0.0000 dyaw=+0.00002 gyro_z=-0.0004
EKF_ACCEL t=1790598803.587859 FIRED   dev=0.0090 d2=    0.19 thr=11.34 dtheta=0.0009 dyaw=+0.00012
EKF_MAG t=1790598803.587859 FIRED    d2=    0.01 thr=11.34 dtheta=0.0009 dyaw=-0.00086 gyro_z=-0.0011
EKF_ACCEL t=1790598803.591594 FIRED   dev=0.0060 d2=    0.09 thr=11.34 dtheta=0.0005 dyaw=-0.00010
EKF_MAG t=1790598803.591594 FIRED    d2=    0.00 thr=11.34 dtheta=0.0000 dyaw=+0.00002 gyro_z=-0.0019
  0.72   3.60   0.00  ( 0.068, 0.001,-0.002)  (  -0.8,  -0.0,   0.3)   1.755  (  0.05,  0.00)
EKF_ACCEL t=1790598803.596574 FIRED   dev=0.0115 d2=    0.32 thr=11.34 dtheta=0.0007 dyaw=+0.00015
EKF_MAG t=1790598803.596574 FIRED    d2=    0.01 thr=11.34 dtheta=0.0009 dyaw=-0.00090 gyro_z=-0.0032
EKF_ACCEL t=1790598803.599873 FIRED   dev=0.0031 d2=    0.02 thr=11.34 dtheta=0.0017 dyaw=+0.00011
EKF_MAG t=1790598803.599873 FIRED    d2=    0.04 thr=11.34 dtheta=0.0001 dyaw=-0.00002 gyro_z=-0.0019
EKF_ACCEL t=1790598803.603609 FIRED   dev=0.0016 d2=    0.01 thr=11.34 dtheta=0.0015 dyaw=-0.00033
EKF_MAG t=1790598803.603609 FIRED    d2=    0.01 thr=11.34 dtheta=0.0000 dyaw=+0.00002 gyro_z=+0.0001
EKF_ACCEL t=1790598803.607384 FIRED   dev=0.0055 d2=    0.07 thr=11.34 dtheta=0.0016 dyaw=-0.00010
EKF_MAG t=1790598803.607384 FIRED    d2=    0.00 thr=11.34 dtheta=0.0000 dyaw=+0.00003 gyro_z=-0.0010
EKF_ACCEL t=1790598803.611683 FIRED   dev=0.0146 d2=    0.51 thr=11.34 dtheta=0.0018 dyaw=-0.00008
EKF_MAG t=1790598803.611683 FIRED    d2=    0.00 thr=11.34 dtheta=0.0000 dyaw=-0.00004 gyro_z=-0.0018
EKF_ACCEL t=1790598803.615920 FIRED   dev=0.0043 d2=    0.04 thr=11.34 dtheta=0.0016 dyaw=+0.00042
EKF_MAG t=1790598803.615920 FIRED    d2=    0.02 thr=11.34 dtheta=0.0004 dyaw=-0.00040 gyro_z=-0.0023
EKF_ACCEL t=1790598803.619526 FIRED   dev=0.0098 d2=    0.23 thr=11.34 dtheta=0.0012 dyaw=-0.00030
EKF_MAG t=1790598803.619526 FIRED    d2=    0.00 thr=11.34 dtheta=0.0000 dyaw=+0.00001 gyro_z=-0.0013
EKF_ACCEL t=1790598803.623489 FIRED   dev=0.0112 d2=    0.30 thr=11.34 dtheta=0.0031 dyaw=+0.00030
EKF_MAG t=1790598803.623489 FIRED    d2=    0.04 thr=11.34 dtheta=0.0001 dyaw=-0.00001 gyro_z=-0.0019
EKF_ACCEL t=1790598803.627687 FIRED   dev=0.0032 d2=    0.02 thr=11.34 dtheta=0.0014 dyaw=-0.00038
EKF_MAG t=1790598803.627687 FIRED    d2=    0.01 thr=11.34 dtheta=0.0005 dyaw=-0.00050 gyro_z=-0.0016
EKF_ACCEL t=1790598803.631682 FIRED   dev=0.0144 d2=    0.49 thr=11.34 dtheta=0.0019 dyaw=+0.00035
EKF_MAG t=1790598803.631682 FIRED    d2=    0.02 thr=11.34 dtheta=0.0001 dyaw=+0.00004 gyro_z=-0.0023
  0.76   4.23   0.00  ( 0.055,-0.001,-0.002)  (  -0.6,   0.1,   0.3)   1.824  (  0.05,  0.00)
EKF_ACCEL t=1790598803.635573 FIRED   dev=0.0158 d2=    0.59 thr=11.34 dtheta=0.0013 dyaw=-0.00014
EKF_MAG t=1790598803.635573 FIRED    d2=    0.01 thr=11.34 dtheta=0.0003 dyaw=-0.00027 gyro_z=-0.0022
EKF_ACCEL t=1790598803.639615 FIRED   dev=0.0104 d2=    0.26 thr=11.34 dtheta=0.0018 dyaw=-0.00046
EKF_MAG t=1790598803.639615 FIRED    d2=    0.01 thr=11.34 dtheta=0.0000 dyaw=+0.00003 gyro_z=-0.0017
EKF_ACCEL t=1790598803.643727 FIRED   dev=0.0020 d2=    0.01 thr=11.34 dtheta=0.0016 dyaw=+0.00032
EKF_MAG t=1790598803.643727 FIRED    d2=    0.00 thr=11.34 dtheta=0.0000 dyaw=+0.00002 gyro_z=-0.0008
EKF_ACCEL t=1790598803.648326 FIRED   dev=0.0075 d2=    0.13 thr=11.34 dtheta=0.0003 dyaw=+0.00006
EKF_MAG t=1790598803.648326 FIRED    d2=    0.01 thr=11.34 dtheta=0.0004 dyaw=-0.00040 gyro_z=-0.0021
EKF_ACCEL t=1790598803.651596 FIRED   dev=0.0030 d2=    0.02 thr=11.34 dtheta=0.0006 dyaw=-0.00009
EKF_MAG t=1790598803.651596 FIRED    d2=    0.00 thr=11.34 dtheta=0.0000 dyaw=+0.00002 gyro_z=-0.0027
EKF_ACCEL t=1790598803.655425 FIRED   dev=0.0033 d2=    0.03 thr=11.34 dtheta=0.0012 dyaw=+0.00016
EKF_MAG t=1790598803.655425 FIRED    d2=    0.02 thr=11.34 dtheta=0.0001 dyaw=+0.00001 gyro_z=-0.0022
EKF_ACCEL t=1790598803.659697 FIRED   dev=0.0064 d2=    0.10 thr=11.34 dtheta=0.0011 dyaw=-0.00027
EKF_MAG t=1790598803.659697 FIRED    d2=    0.00 thr=11.34 dtheta=0.0005 dyaw=-0.00046 gyro_z=-0.0024
EKF_ACCEL t=1790598803.663709 FIRED   dev=0.0095 d2=    0.21 thr=11.34 dtheta=0.0007 dyaw=-0.00005
EKF_MAG t=1790598803.663709 FIRED    d2=    0.00 thr=11.34 dtheta=0.0000 dyaw=+0.00002 gyro_z=-0.0018
EKF_ACCEL t=1790598803.667831 FIRED   dev=0.0014 d2=    0.00 thr=11.34 dtheta=0.0015 dyaw=+0.00040
EKF_MAG t=1790598803.667831 FIRED    d2=    0.02 thr=11.34 dtheta=0.0011 dyaw=-0.00108 gyro_z=-0.0010
EKF_ACCEL t=1790598803.671863 FIRED   dev=0.0015 d2=    0.01 thr=11.34 dtheta=0.0008 dyaw=-0.00017
EKF_MAG t=1790598803.671863 FIRED    d2=    0.00 thr=11.34 dtheta=0.0004 dyaw=+0.00039 gyro_z=-0.0011
  0.80   4.01   0.00  ( 0.045, 0.000,-0.001)  (  -0.5,  -0.0,   0.2)   1.876  (  0.04,  0.00)
EKF_ACCEL t=1790598803.675872 FIRED   dev=0.0081 d2=    0.16 thr=11.34 dtheta=0.0015 dyaw=+0.00009
EKF_MAG t=1790598803.675872 FIRED    d2=    0.02 thr=11.34 dtheta=0.0001 dyaw=+0.00000 gyro_z=-0.0017
EKF_ACCEL t=1790598803.679603 FIRED   dev=0.0049 d2=    0.06 thr=11.34 dtheta=0.0009 dyaw=-0.00020
EKF_MAG t=1790598803.679603 FIRED    d2=    0.00 thr=11.34 dtheta=0.0003 dyaw=-0.00033 gyro_z=-0.0017
EKF_ACCEL t=1790598803.683859 FIRED   dev=0.0037 d2=    0.03 thr=11.34 dtheta=0.0010 dyaw=+0.00009
EKF_MAG t=1790598803.683859 FIRED    d2=    0.01 thr=11.34 dtheta=0.0000 dyaw=+0.00002 gyro_z=-0.0042
EKF_ACCEL t=1790598803.687349 FIRED   dev=0.0036 d2=    0.03 thr=11.34 dtheta=0.0002 dyaw=+0.00003
EKF_MAG t=1790598803.687349 FIRED    d2=    0.01 thr=11.34 dtheta=0.0000 dyaw=+0.00002 gyro_z=-0.0022
EKF_ACCEL t=1790598803.691814 FIRED   dev=0.0167 d2=    0.67 thr=11.34 dtheta=0.0013 dyaw=-0.00011
EKF_MAG t=1790598803.691814 FIRED    d2=    0.01 thr=11.34 dtheta=0.0004 dyaw=-0.00040 gyro_z=-0.0028
EKF_ACCEL t=1790598803.695745 FIRED   dev=0.0100 d2=    0.24 thr=11.34 dtheta=0.0011 dyaw=-0.00027
EKF_MAG t=1790598803.695745 FIRED    d2=    0.00 thr=11.34 dtheta=0.0003 dyaw=+0.00026 gyro_z=-0.0010
EKF_ACCEL t=1790598803.699121 FIRED   dev=0.0017 d2=    0.01 thr=11.34 dtheta=0.0011 dyaw=+0.00024
EKF_MAG t=1790598803.699121 FIRED    d2=    0.01 thr=11.34 dtheta=0.0000 dyaw=+0.00002 gyro_z=-0.0026
EKF_ACCEL t=1790598803.703171 FIRED   dev=0.0036 d2=    0.03 thr=11.34 dtheta=0.0016 dyaw=-0.00002
EKF_MAG t=1790598803.703171 FIRED    d2=    0.00 thr=11.34 dtheta=0.0000 dyaw=+0.00002 gyro_z=-0.0021
EKF_ACCEL t=1790598803.707225 FIRED   dev=0.0024 d2=    0.01 thr=11.34 dtheta=0.0011 dyaw=-0.00013
EKF_MAG t=1790598803.707225 FIRED    d2=    0.00 thr=11.34 dtheta=0.0006 dyaw=-0.00058 gyro_z=-0.0025
EKF_ACCEL t=1790598803.711454 FIRED   dev=0.0047 d2=    0.05 thr=11.34 dtheta=0.0003 dyaw=-0.00009
EKF_MAG t=1790598803.711454 FIRED    d2=    0.00 thr=11.34 dtheta=0.0000 dyaw=+0.00002 gyro_z=-0.0014
  0.84   4.32   0.00  ( 0.038, 0.001,-0.001)  (  -0.5,  -0.1,   0.2)   1.944  (  0.04,  0.00)
EKF_ACCEL t=1790598803.715527 FIRED   dev=0.0032 d2=    0.02 thr=11.34 dtheta=0.0005 dyaw=+0.00015
EKF_MAG t=1790598803.715527 FIRED    d2=    0.00 thr=11.34 dtheta=0.0001 dyaw=-0.00006 gyro_z=-0.0009
EKF_ACCEL t=1790598803.719222 FIRED   dev=0.0016 d2=    0.01 thr=11.34 dtheta=0.0015 dyaw=+0.00017
EKF_MAG t=1790598803.719222 FIRED    d2=    0.02 thr=11.34 dtheta=0.0001 dyaw=+0.00000 gyro_z=-0.0029
EKF_ACCEL t=1790598803.723297 FIRED   dev=0.0091 d2=    0.20 thr=11.34 dtheta=0.0017 dyaw=-0.00002
EKF_MAG t=1790598803.723297 FIRED    d2=    0.00 thr=11.34 dtheta=0.0000 dyaw=+0.00002 gyro_z=-0.0017
EKF_ACCEL t=1790598803.727485 FIRED   dev=0.0146 d2=    0.51 thr=11.34 dtheta=0.0010 dyaw=+0.00001
EKF_MAG t=1790598803.727485 FIRED    d2=    0.01 thr=11.34 dtheta=0.0000 dyaw=+0.00000 gyro_z=-0.0011
EKF_ACCEL t=1790598803.731338 FIRED   dev=0.0009 d2=    0.00 thr=11.34 dtheta=0.0009 dyaw=-0.00019
EKF_MAG t=1790598803.731338 FIRED    d2=    0.00 thr=11.34 dtheta=0.0007 dyaw=-0.00070 gyro_z=-0.0034
EKF_ACCEL t=1790598803.735240 FIRED   dev=0.0060 d2=    0.09 thr=11.34 dtheta=0.0008 dyaw=+0.00006
EKF_MAG t=1790598803.735240 FIRED    d2=    0.00 thr=11.34 dtheta=0.0000 dyaw=+0.00001 gyro_z=-0.0021
EKF_ACCEL t=1790598803.739099 FIRED   dev=0.0090 d2=    0.19 thr=11.34 dtheta=0.0017 dyaw=+0.00005
EKF_MAG t=1790598803.739099 FIRED    d2=    0.01 thr=11.34 dtheta=0.0001 dyaw=-0.00009 gyro_z=-0.0022
EKF_ACCEL t=1790598803.743499 FIRED   dev=0.0115 d2=    0.31 thr=11.34 dtheta=0.0017 dyaw=-0.00023
EKF_MAG t=1790598803.743499 FIRED    d2=    0.00 thr=11.34 dtheta=0.0000 dyaw=+0.00002 gyro_z=-0.0019
EKF_ACCEL t=1790598803.747606 FIRED   dev=0.0062 d2=    0.09 thr=11.34 dtheta=0.0013 dyaw=+0.00030
EKF_MAG t=1790598803.747606 FIRED    d2=    0.01 thr=11.34 dtheta=0.0002 dyaw=-0.00017 gyro_z=-0.0024
EKF_ACCEL t=1790598803.751237 FIRED   dev=0.0049 d2=    0.06 thr=11.34 dtheta=0.0006 dyaw=-0.00015
EKF_MAG t=1790598803.751237 FIRED    d2=    0.00 thr=11.34 dtheta=0.0000 dyaw=+0.00002 gyro_z=-0.0030
  0.88   3.60   0.00  ( 0.029,-0.001,-0.003)  (  -0.3,   0.0,   0.4)   2.012  (  0.04,  0.00)
EKF_ACCEL t=1790598803.755588 FIRED   dev=0.0028 d2=    0.02 thr=11.34 dtheta=0.0012 dyaw=+0.00027
EKF_MAG t=1790598803.755588 FIRED    d2=    0.03 thr=11.34 dtheta=0.0008 dyaw=-0.00078 gyro_z=-0.0015
EKF_ACCEL t=1790598803.759484 FIRED   dev=0.0130 d2=    0.40 thr=11.34 dtheta=0.0011 dyaw=-0.00032
EKF_MAG t=1790598803.759484 FIRED    d2=    0.00 thr=11.34 dtheta=0.0000 dyaw=+0.00000 gyro_z=+0.0001
EKF_ACCEL t=1790598803.763498 FIRED   dev=0.0035 d2=    0.03 thr=11.34 dtheta=0.0013 dyaw=+0.00030
EKF_MAG t=1790598803.763498 FIRED    d2=    0.01 thr=11.34 dtheta=0.0000 dyaw=+0.00001 gyro_z=-0.0018
EKF_ACCEL t=1790598803.767251 FIRED   dev=0.0025 d2=    0.01 thr=11.34 dtheta=0.0004 dyaw=-0.00010
EKF_MAG t=1790598803.767251 FIRED    d2=    0.00 thr=11.34 dtheta=0.0000 dyaw=+0.00001 gyro_z=-0.0019
EKF_ACCEL t=1790598803.771660 FIRED   dev=0.0077 d2=    0.14 thr=11.34 dtheta=0.0015 dyaw=-0.00040
EKF_MAG t=1790598803.771660 FIRED    d2=    0.01 thr=11.34 dtheta=0.0001 dyaw=+0.00007 gyro_z=-0.0014
EKF_ACCEL t=1790598803.775703 FIRED   dev=0.0034 d2=    0.03 thr=11.34 dtheta=0.0007 dyaw=+0.00017
EKF_MAG t=1790598803.775703 FIRED    d2=    0.00 thr=11.34 dtheta=0.0000 dyaw=+0.00002 gyro_z=-0.0016
EKF_ACCEL t=1790598803.779807 FIRED   dev=0.0025 d2=    0.01 thr=11.34 dtheta=0.0009 dyaw=+0.00021
EKF_MAG t=1790598803.779807 FIRED    d2=    0.01 thr=11.34 dtheta=0.0002 dyaw=-0.00020 gyro_z=-0.0013
EKF_ACCEL t=1790598803.783561 FIRED   dev=0.0070 d2=    0.12 thr=11.34 dtheta=0.0001 dyaw=-0.00001
EKF_MAG t=1790598803.783561 FIRED    d2=    0.01 thr=11.34 dtheta=0.0000 dyaw=+0.00001 gyro_z=-0.0022
EKF_ACCEL t=1790598803.787278 FIRED   dev=0.0039 d2=    0.04 thr=11.34 dtheta=0.0012 dyaw=-0.00018
EKF_MAG t=1790598803.787278 FIRED    d2=    0.00 thr=11.34 dtheta=0.0000 dyaw=+0.00001 gyro_z=-0.0003
EKF_ACCEL t=1790598803.791492 FIRED   dev=0.0037 d2=    0.03 thr=11.34 dtheta=0.0015 dyaw=+0.00015
EKF_MAG t=1790598803.791492 FIRED    d2=    0.00 thr=11.34 dtheta=0.0000 dyaw=+0.00000 gyro_z=-0.0005
  0.92   3.96   0.00  ( 0.024,-0.000,-0.001)  (  -0.3,   0.0,   0.1)   2.081  (  0.04,  0.00)
EKF_ACCEL t=1790598803.795449 FIRED   dev=0.0051 d2=    0.06 thr=11.34 dtheta=0.0010 dyaw=-0.00027
EKF_MAG t=1790598803.795449 FIRED    d2=    0.00 thr=11.34 dtheta=0.0000 dyaw=+0.00001 gyro_z=-0.0005
EKF_ACCEL t=1790598803.799893 FIRED   dev=0.0016 d2=    0.01 thr=11.34 dtheta=0.0003 dyaw=+0.00006
EKF_MAG t=1790598803.799893 FIRED    d2=    0.00 thr=11.34 dtheta=0.0004 dyaw=-0.00037 gyro_z=-0.0015
EKF_ACCEL t=1790598803.803439 FIRED   dev=0.0010 d2=    0.00 thr=11.34 dtheta=0.0009 dyaw=+0.00025
EKF_MAG t=1790598803.803439 FIRED    d2=    0.01 thr=11.34 dtheta=0.0000 dyaw=+0.00000 gyro_z=-0.0020
EKF_ACCEL t=1790598803.807568 FIRED   dev=0.0032 d2=    0.03 thr=11.34 dtheta=0.0008 dyaw=-0.00001
EKF_MAG t=1790598803.807568 FIRED    d2=    0.00 thr=11.34 dtheta=0.0003 dyaw=-0.00032 gyro_z=-0.0010
EKF_ACCEL t=1790598803.811526 FIRED   dev=0.0075 d2=    0.13 thr=11.34 dtheta=0.0012 dyaw=+0.00000
EKF_MAG t=1790598803.811526 FIRED    d2=    0.01 thr=11.34 dtheta=0.0000 dyaw=-0.00001 gyro_z=-0.0023
EKF_ACCEL t=1790598803.815806 FIRED   dev=0.0092 d2=    0.20 thr=11.34 dtheta=0.0014 dyaw=-0.00032
EKF_MAG t=1790598803.815806 FIRED    d2=    0.00 thr=11.34 dtheta=0.0000 dyaw=+0.00002 gyro_z=-0.0006
EKF_ACCEL t=1790598803.819156 FIRED   dev=0.0104 d2=    0.26 thr=11.34 dtheta=0.0018 dyaw=+0.00043
EKF_MAG t=1790598803.819156 FIRED    d2=    0.01 thr=11.34 dtheta=0.0003 dyaw=-0.00027 gyro_z=-0.0013
EKF_ACCEL t=1790598803.823355 FIRED   dev=0.0048 d2=    0.05 thr=11.34 dtheta=0.0016 dyaw=-0.00028
EKF_MAG t=1790598803.823355 FIRED    d2=    0.00 thr=11.34 dtheta=0.0000 dyaw=-0.00000 gyro_z=-0.0004
EKF_ACCEL t=1790598803.827908 FIRED   dev=0.0078 d2=    0.15 thr=11.34 dtheta=0.0018 dyaw=-0.00003
EKF_MAG t=1790598803.827908 FIRED    d2=    0.00 thr=11.34 dtheta=0.0004 dyaw=+0.00043 gyro_z=-0.0024
EKF_ACCEL t=1790598803.831168 FIRED   dev=0.0070 d2=    0.12 thr=11.34 dtheta=0.0019 dyaw=+0.00015
EKF_MAG t=1790598803.831168 FIRED    d2=    0.01 thr=11.34 dtheta=0.0000 dyaw=-0.00000 gyro_z=-0.0010
  0.96   3.21   0.00  ( 0.018, 0.000,-0.001)  (  -0.2,  -0.0,   0.1)   2.149  (  0.04,  0.00)
EKF_ACCEL t=1790598803.835202 FIRED   dev=0.0061 d2=    0.09 thr=11.34 dtheta=0.0009 dyaw=-0.00004
EKF_MAG t=1790598803.835202 FIRED    d2=    0.00 thr=11.34 dtheta=0.0000 dyaw=+0.00001 gyro_z=-0.0016
EKF_ACCEL t=1790598803.839469 FIRED   dev=0.0095 d2=    0.21 thr=11.34 dtheta=0.0006 dyaw=+0.00008
EKF_MAG t=1790598803.839469 FIRED    d2=    0.01 thr=11.34 dtheta=0.0008 dyaw=-0.00075 gyro_z=-0.0018
EKF_ACCEL t=1790598803.843641 FIRED   dev=0.0094 d2=    0.21 thr=11.34 dtheta=0.0008 dyaw=-0.00004
EKF_MAG t=1790598803.843641 FIRED    d2=    0.00 thr=11.34 dtheta=0.0000 dyaw=+0.00001 gyro_z=-0.0018
EKF_ACCEL t=1790598803.847526 FIRED   dev=0.0084 d2=    0.17 thr=11.34 dtheta=0.0011 dyaw=+0.00008
EKF_MAG t=1790598803.847526 FIRED    d2=    0.01 thr=11.34 dtheta=0.0000 dyaw=-0.00001 gyro_z=-0.0013
EKF_ACCEL t=1790598803.850965 FIRED   dev=0.0032 d2=    0.02 thr=11.34 dtheta=0.0008 dyaw=-0.00021
EKF_MAG t=1790598803.850965 FIRED    d2=    0.00 thr=11.34 dtheta=0.0001 dyaw=-0.00014 gyro_z=-0.0005
EKF_ACCEL t=1790598803.855416 FIRED   dev=0.0046 d2=    0.05 thr=11.34 dtheta=0.0019 dyaw=+0.00044
EKF_MAG t=1790598803.855416 FIRED    d2=    0.01 thr=11.34 dtheta=0.0000 dyaw=+0.00001 gyro_z=-0.0027
EKF_ACCEL t=1790598803.859589 FIRED   dev=0.0045 d2=    0.05 thr=11.34 dtheta=0.0014 dyaw=+0.00006
EKF_MAG t=1790598803.859589 FIRED    d2=    0.02 thr=11.34 dtheta=0.0002 dyaw=+0.00013 gyro_z=-0.0006
EKF_ACCEL t=1790598803.863780 FIRED   dev=0.0042 d2=    0.04 thr=11.34 dtheta=0.0005 dyaw=-0.00008
EKF_MAG t=1790598803.863780 FIRED    d2=    0.01 thr=11.34 dtheta=0.0000 dyaw=+0.00000 gyro_z=-0.0014
EKF_ACCEL t=1790598803.867435 FIRED   dev=0.0017 d2=    0.01 thr=11.34 dtheta=0.0011 dyaw=-0.00023
EKF_MAG t=1790598803.867435 FIRED    d2=    0.00 thr=11.34 dtheta=0.0000 dyaw=+0.00001 gyro_z=-0.0015
EKF_ACCEL t=1790598803.871405 FIRED   dev=0.0087 d2=    0.18 thr=11.34 dtheta=0.0004 dyaw=+0.00005
EKF_MAG t=1790598803.871405 FIRED    d2=    0.00 thr=11.34 dtheta=0.0002 dyaw=-0.00017 gyro_z=-0.0012
  1.00   3.75   0.00  ( 0.016, 0.002,-0.001)  (  -0.2,  -0.1,   0.2)   2.189  (  0.02,  0.00)
EKF_ACCEL t=1790598803.875578 FIRED   dev=0.0067 d2=    0.11 thr=11.34 dtheta=0.0017 dyaw=-0.00016
EKF_MAG t=1790598803.875578 FIRED    d2=    0.00 thr=11.34 dtheta=0.0002 dyaw=-0.00021 gyro_z=-0.0020
test complete
