CAL_DIAG bias_z=-0.00023 mag_bias=(-0.54830,+0.00682,+0.82529) calibrated_yaw=-0.685deg
EKF_ACCEL t=1790598757.010040 FIRED   dev=0.0003 d2=    0.00 thr=11.34 dtheta=0.0000 dyaw=-0.00001
EKF_MAG t=1790598757.010040 FIRED    d2=    0.03 thr=11.34 dtheta=0.0003 dyaw=-0.00032 gyro_z=+0.0005
EKF_ACCEL t=1790598757.011072 FIRED   dev=0.0135 d2=    0.42 thr=11.34 dtheta=0.0023 dyaw=+0.00058
EKF_MAG t=1790598757.011072 FIRED    d2=    0.10 thr=11.34 dtheta=0.0016 dyaw=-0.00158 gyro_z=+0.0007
EKF_ACCEL t=1790598757.011907 FIRED   dev=0.0129 d2=    0.38 thr=11.34 dtheta=0.0022 dyaw=+0.00036
EKF_MAG t=1790598757.011907 FIRED    d2=    0.10 thr=11.34 dtheta=0.0009 dyaw=-0.00090 gyro_z=-0.0006
EKF_ACCEL t=1790598757.012348 FIRED   dev=0.0145 d2=    0.49 thr=11.34 dtheta=0.0019 dyaw=+0.00038
EKF_MAG t=1790598757.012348 FIRED    d2=    0.09 thr=11.34 dtheta=0.0010 dyaw=-0.00101 gyro_z=+0.0000
EKF_ACCEL t=1790598757.012852 FIRED   dev=0.0035 d2=    0.03 thr=11.34 dtheta=0.0014 dyaw=+0.00015
EKF_MAG t=1790598757.012852 FIRED    d2=    0.03 thr=11.34 dtheta=0.0003 dyaw=-0.00033 gyro_z=+0.0003
EKF_ACCEL t=1790598757.013695 FIRED   dev=0.0086 d2=    0.17 thr=11.34 dtheta=0.0022 dyaw=+0.00015
EKF_MAG t=1790598757.013695 FIRED    d2=    0.11 thr=11.34 dtheta=0.0005 dyaw=-0.00049 gyro_z=+0.0013
EKF_ACCEL t=1790598757.017818 FIRED   dev=0.0045 d2=    0.05 thr=11.34 dtheta=0.0017 dyaw=-0.00003
EKF_MAG t=1790598757.017818 FIRED    d2=    0.01 thr=11.34 dtheta=0.0001 dyaw=+0.00013 gyro_z=-0.0009
EKF_ACCEL t=1790598757.021660 FIRED   dev=0.0110 d2=    0.29 thr=11.34 dtheta=0.0019 dyaw=+0.00029
EKF_MAG t=1790598757.021660 FIRED    d2=    0.01 thr=11.34 dtheta=0.0003 dyaw=-0.00030 gyro_z=-0.0002
EKF_ACCEL t=1790598757.025637 FIRED   dev=0.0114 d2=    0.30 thr=11.34 dtheta=0.0021 dyaw=+0.00017
EKF_MAG t=1790598757.025637 FIRED    d2=    0.04 thr=11.34 dtheta=0.0001 dyaw=-0.00003 gyro_z=+0.0005
EKF_ACCEL t=1790598757.029683 FIRED   dev=0.0063 d2=    0.09 thr=11.34 dtheta=0.0016 dyaw=+0.00009
EKF_MAG t=1790598757.029683 FIRED    d2=    0.00 thr=11.34 dtheta=0.0002 dyaw=+0.00015 gyro_z=-0.0008
EKF_ACCEL t=1790598757.033644 FIRED   dev=0.0022 d2=    0.01 thr=11.34 dtheta=0.0002 dyaw=-0.00003
EKF_MAG t=1790598757.033644 FIRED    d2=    0.00 thr=11.34 dtheta=0.0001 dyaw=+0.00009 gyro_z=-0.0008
EKF_ACCEL t=1790598757.037443 FIRED   dev=0.0086 d2=    0.17 thr=11.34 dtheta=0.0012 dyaw=+0.00002
EKF_MAG t=1790598757.037443 FIRED    d2=    0.00 thr=11.34 dtheta=0.0001 dyaw=-0.00013 gyro_z=-0.0003
EKF_ACCEL t=1790598757.041646 REJECTED dev=0.2337 d2=  129.08 thr=11.34
EKF_MAG t=1790598757.041646 FIRED    d2=    0.00 thr=11.34 dtheta=0.0007 dyaw=-0.00043 gyro_z=-0.0010
EKF_ACCEL t=1790598757.045432 REJECTED dev=0.8868 d2= 1855.10 thr=11.34
EKF_MAG t=1790598757.045432 FIRED    d2=    0.00 thr=11.34 dtheta=0.0000 dyaw=+0.00001 gyro_z=+0.0012
EKF_ACCEL t=1790598757.049417 REJECTED dev=1.3919 d2= 4558.70 thr=11.34
EKF_MAG t=1790598757.049417 FIRED    d2=    0.00 thr=11.34 dtheta=0.0000 dyaw=+0.00001 gyro_z=+0.0007
EKF_ACCEL t=1790598757.053612 REJECTED dev=1.7522 d2= 7205.63 thr=11.34
EKF_MAG t=1790598757.053612 FIRED    d2=    0.00 thr=11.34 dtheta=0.0005 dyaw=+0.00047 gyro_z=+0.0001
EKF_ACCEL t=1790598757.057351 REJECTED dev=2.0270 d2= 9620.03 thr=11.34
EKF_MAG t=1790598757.057351 FIRED    d2=    0.00 thr=11.34 dtheta=0.0000 dyaw=+0.00000 gyro_z=+0.0006
EKF_ACCEL t=1790598757.061478 REJECTED dev=2.2336 d2=11652.67 thr=11.34
EKF_MAG t=1790598757.061478 FIRED    d2=    0.00 thr=11.34 dtheta=0.0003 dyaw=+0.00020 gyro_z=+0.0011
EKF_ACCEL t=1790598757.065512 REJECTED dev=2.3665 d2=13051.69 thr=11.34
EKF_MAG t=1790598757.065512 FIRED    d2=    0.00 thr=11.34 dtheta=0.0000 dyaw=+0.00005 gyro_z=-0.0001
EKF_ACCEL t=1790598757.069571 REJECTED dev=2.4687 d2=14171.14 thr=11.34
EKF_MAG t=1790598757.069571 FIRED    d2=    0.00 thr=11.34 dtheta=0.0000 dyaw=+0.00003 gyro_z=+0.0010
EKF_ACCEL t=1790598757.073578 REJECTED dev=2.5460 d2=15035.64 thr=11.34
EKF_MAG t=1790598757.073578 FIRED    d2=    0.00 thr=11.34 dtheta=0.0002 dyaw=+0.00021 gyro_z=+0.0016
EKF_ACCEL t=1790598757.077534 REJECTED dev=2.6049 d2=15705.90 thr=11.34
EKF_MAG t=1790598757.077534 FIRED    d2=    0.00 thr=11.34 dtheta=0.0000 dyaw=+0.00002 gyro_z=+0.0004
EKF_ACCEL t=1790598757.081596 REJECTED dev=2.6496 d2=16209.06 thr=11.34
EKF_MAG t=1790598757.081596 FIRED    d2=    0.00 thr=11.34 dtheta=0.0000 dyaw=+0.00002 gyro_z=+0.0004
EKF_ACCEL t=1790598757.085438 REJECTED dev=2.6857 d2=16614.27 thr=11.34
EKF_MAG t=1790598757.085438 FIRED    d2=    0.00 thr=11.34 dtheta=0.0006 dyaw=-0.00061 gyro_z=+0.0000
EKF_ACCEL t=1790598757.090011 REJECTED dev=2.7031 d2=16789.62 thr=11.34
EKF_MAG t=1790598757.090011 FIRED    d2=    0.00 thr=11.34 dtheta=0.0000 dyaw=-0.00001 gyro_z=+0.0008
EKF_ACCEL t=1790598757.094133 REJECTED dev=2.7115 d2=16857.89 thr=11.34
EKF_MAG t=1790598757.094133 FIRED    d2=    0.00 thr=11.34 dtheta=0.0003 dyaw=+0.00020 gyro_z=-0.0011
EKF_ACCEL t=1790598757.097602 REJECTED dev=2.7327 d2=17079.18 thr=11.34
EKF_MAG t=1790598757.097602 FIRED    d2=    0.00 thr=11.34 dtheta=0.0000 dyaw=-0.00003 gyro_z=-0.0018
EKF_ACCEL t=1790598757.101873 REJECTED dev=2.7335 d2=17049.19 thr=11.34
EKF_MAG t=1790598757.101873 FIRED    d2=    0.00 thr=11.34 dtheta=0.0002 dyaw=+0.00019 gyro_z=-0.0004
EKF_ACCEL t=1790598757.105538 REJECTED dev=2.7403 d2=17098.55 thr=11.34
EKF_MAG t=1790598757.105538 FIRED    d2=    0.00 thr=11.34 dtheta=0.0000 dyaw=-0.00000 gyro_z=-0.0001
EKF_ACCEL t=1790598757.109698 REJECTED dev=2.7533 d2=17221.37 thr=11.34
EKF_MAG t=1790598757.109698 FIRED    d2=    0.00 thr=11.34 dtheta=0.0000 dyaw=+0.00000 gyro_z=-0.0015
EKF_ACCEL t=1790598757.113597 REJECTED dev=2.7563 d2=17219.82 thr=11.34
EKF_MAG t=1790598757.113597 FIRED    d2=    0.00 thr=11.34 dtheta=0.0000 dyaw=+0.00000 gyro_z=-0.0008
EKF_ACCEL t=1790598757.117333 REJECTED dev=2.7538 d2=17147.87 thr=11.34
EKF_MAG t=1790598757.117333 FIRED    d2=    0.00 thr=11.34 dtheta=0.0002 dyaw=-0.00015 gyro_z=+0.0009
EKF_ACCEL t=1790598757.121332 REJECTED dev=2.7474 d2=17034.18 thr=11.34
EKF_MAG t=1790598757.121332 FIRED    d2=    0.00 thr=11.34 dtheta=0.0003 dyaw=+0.00026 gyro_z=-0.0016
EKF_ACCEL t=1790598757.125316 REJECTED dev=2.7632 d2=17190.56 thr=11.34
EKF_MAG t=1790598757.125316 FIRED    d2=    0.00 thr=11.34 dtheta=0.0000 dyaw=+0.00000 gyro_z=-0.0000
EKF_ACCEL t=1790598757.129499 REJECTED dev=2.7514 d2=17005.47 thr=11.34
EKF_MAG t=1790598757.129499 FIRED    d2=    0.00 thr=11.34 dtheta=0.0000 dyaw=+0.00000 gyro_z=-0.0002
EKF_ACCEL t=1790598757.133417 REJECTED dev=2.7758 d2=17266.54 thr=11.34
EKF_MAG t=1790598757.133417 FIRED    d2=    0.00 thr=11.34 dtheta=0.0002 dyaw=+0.00005 gyro_z=-0.0004
EKF_ACCEL t=1790598757.137303 REJECTED dev=2.7464 d2=16869.48 thr=11.34
EKF_MAG t=1790598757.137303 FIRED    d2=    0.00 thr=11.34 dtheta=0.0000 dyaw=+0.00000 gyro_z=+0.0000
EKF_ACCEL t=1790598757.142196 REJECTED dev=2.7586 d2=16982.70 thr=11.34
EKF_MAG t=1790598757.142196 FIRED    d2=    0.00 thr=11.34 dtheta=0.0002 dyaw=-0.00006 gyro_z=+0.0006
EKF_ACCEL t=1790598757.149631 REJECTED dev=2.7537 d2=16882.03 thr=11.34
EKF_MAG t=1790598757.149631 FIRED    d2=    0.00 thr=11.34 dtheta=0.0000 dyaw=-0.00000 gyro_z=+0.0003
EKF_ACCEL t=1790598757.150279 REJECTED dev=2.7602 d2=16923.59 thr=11.34
EKF_MAG t=1790598757.150279 FIRED    d2=    0.00 thr=11.34 dtheta=0.0000 dyaw=-0.00000 gyro_z=+0.0001
EKF_ACCEL t=1790598757.154207 REJECTED dev=2.7568 d2=16842.23 thr=11.34
EKF_MAG t=1790598757.154207 FIRED    d2=    0.00 thr=11.34 dtheta=0.0000 dyaw=+0.00001 gyro_z=+0.0002
EKF_ACCEL t=1790598757.159002 REJECTED dev=2.7443 d2=16655.61 thr=11.34
EKF_MAG t=1790598757.159002 FIRED    d2=    0.00 thr=11.34 dtheta=0.0000 dyaw=-0.00000 gyro_z=+0.0007
EKF_ACCEL t=1790598757.164338 REJECTED dev=2.7622 d2=16836.57 thr=11.34
EKF_MAG t=1790598757.164338 FIRED    d2=    0.00 thr=11.34 dtheta=0.0000 dyaw=-0.00000 gyro_z=+0.0004
EKF_ACCEL t=1790598757.166530 REJECTED dev=2.7580 d2=16747.59 thr=11.34
EKF_MAG t=1790598757.166530 FIRED    d2=    0.00 thr=11.34 dtheta=0.0005 dyaw=-0.00048 gyro_z=-0.0002
EKF_ACCEL t=1790598757.170123 REJECTED dev=2.7625 d2=16768.36 thr=11.34
EKF_MAG t=1790598757.170123 FIRED    d2=    0.00 thr=11.34 dtheta=0.0000 dyaw=+0.00002 gyro_z=-0.0018
EKF_ACCEL t=1790598757.174182 REJECTED dev=2.7560 d2=16652.85 thr=11.34
EKF_MAG t=1790598757.174182 FIRED    d2=    0.00 thr=11.34 dtheta=0.0004 dyaw=+0.00033 gyro_z=+0.0013
EKF_ACCEL t=1790598757.178013 REJECTED dev=2.7563 d2=16616.97 thr=11.34
EKF_MAG t=1790598757.178013 FIRED    d2=    0.00 thr=11.34 dtheta=0.0000 dyaw=+0.00000 gyro_z=-0.0001
EKF_ACCEL t=1790598757.181929 REJECTED dev=2.7420 d2=16409.38 thr=11.34
EKF_MAG t=1790598757.181929 FIRED    d2=    0.00 thr=11.34 dtheta=0.0002 dyaw=-0.00017 gyro_z=-0.0001
EKF_ACCEL t=1790598757.185958 REJECTED dev=2.7618 d2=16610.33 thr=11.34
EKF_MAG t=1790598757.185958 FIRED    d2=    0.00 thr=11.34 dtheta=0.0000 dyaw=-0.00001 gyro_z=+0.0019
EKF_ACCEL t=1790598757.189862 REJECTED dev=2.7663 d2=16630.57 thr=11.34
EKF_MAG t=1790598757.189862 FIRED    d2=    0.00 thr=11.34 dtheta=0.0000 dyaw=-0.00001 gyro_z=+0.0011
EKF_ACCEL t=1790598757.193940 REJECTED dev=2.7641 d2=16566.48 thr=11.34
EKF_MAG t=1790598757.193940 FIRED    d2=    0.00 thr=11.34 dtheta=0.0003 dyaw=+0.00027 gyro_z=+0.0010
EKF_ACCEL t=1790598757.197623 REJECTED dev=2.7450 d2=16304.10 thr=11.34
EKF_MAG t=1790598757.197623 FIRED    d2=    0.00 thr=11.34 dtheta=0.0000 dyaw=+0.00000 gyro_z=-0.0001
EKF_ACCEL t=1790598757.201978 REJECTED dev=2.7651 d2=16507.99 thr=11.34
EKF_MAG t=1790598757.201978 FIRED    d2=    0.00 thr=11.34 dtheta=0.0002 dyaw=-0.00020 gyro_z=+0.0010
EKF_ACCEL t=1790598757.303596 REJECTED dev=2.7651 d2=16415.01 thr=11.34
EKF_MAG t=1790598757.303596 FIRED    d2=    0.00 thr=11.34 dtheta=0.0001 dyaw=+0.00000 gyro_z=+0.0010
EKF_ACCEL t=1790598757.305362 REJECTED dev=2.7594 d2=16310.27 thr=11.34
EKF_MAG t=1790598757.305362 FIRED    d2=    0.00 thr=11.34 dtheta=0.0002 dyaw=+0.00016 gyro_z=-0.0013
EKF_ACCEL t=1790598757.305814 REJECTED dev=2.7595 d2=16276.09 thr=11.34
EKF_MAG t=1790598757.305814 FIRED    d2=    0.00 thr=11.34 dtheta=0.0000 dyaw=+0.00000 gyro_z=-0.0004
EKF_ACCEL t=1790598757.306167 REJECTED dev=2.7515 d2=16149.00 thr=11.34
EKF_MAG t=1790598757.306167 FIRED    d2=    0.00 thr=11.34 dtheta=0.0002 dyaw=+0.00013 gyro_z=-0.0009
EKF_ACCEL t=1790598757.306573 REJECTED dev=2.7586 d2=16198.24 thr=11.34
EKF_MAG t=1790598757.306573 FIRED    d2=    0.00 thr=11.34 dtheta=0.0001 dyaw=-0.00008 gyro_z=+0.0005
EKF_ACCEL t=1790598757.306866 REJECTED dev=2.7562 d2=16137.07 thr=11.34
EKF_MAG t=1790598757.306866 FIRED    d2=    0.00 thr=11.34 dtheta=0.0000 dyaw=-0.00000 gyro_z=-0.0012
EKF_ACCEL t=1790598757.307207 REJECTED dev=2.7600 d2=16147.30 thr=11.34
EKF_MAG t=1790598757.307207 FIRED    d2=    0.00 thr=11.34 dtheta=0.0004 dyaw=-0.00034 gyro_z=-0.0001
EKF_ACCEL t=1790598757.307510 REJECTED dev=2.7548 d2=16049.90 thr=11.34
EKF_MAG t=1790598757.307510 FIRED    d2=    0.00 thr=11.34 dtheta=0.0000 dyaw=+0.00000 gyro_z=-0.0004
EKF_ACCEL t=1790598757.307795 REJECTED dev=2.7579 d2=16054.27 thr=11.34
EKF_MAG t=1790598757.307795 FIRED    d2=    0.00 thr=11.34 dtheta=0.0000 dyaw=+0.00000 gyro_z=-0.0004
EKF_ACCEL t=1790598757.308077 REJECTED dev=2.7499 d2=15926.67 thr=11.34
EKF_MAG t=1790598757.308077 FIRED    d2=    0.00 thr=11.34 dtheta=0.0000 dyaw=+0.00000 gyro_z=+0.0009
EKF_ACCEL t=1790598757.308674 REJECTED dev=2.7564 d2=15966.61 thr=11.34
EKF_MAG t=1790598757.308674 FIRED    d2=    0.00 thr=11.34 dtheta=0.0002 dyaw=+0.00025 gyro_z=+0.0006
EKF_ACCEL t=1790598757.309173 REJECTED dev=2.7529 d2=15893.01 thr=11.34
EKF_MAG t=1790598757.309173 FIRED    d2=    0.00 thr=11.34 dtheta=0.0001 dyaw=+0.00004 gyro_z=+0.0000
EKF_ACCEL t=1790598757.309572 REJECTED dev=2.7722 d2=16084.77 thr=11.34
EKF_MAG t=1790598757.309572 FIRED    d2=    0.00 thr=11.34 dtheta=0.0000 dyaw=-0.00000 gyro_z=-0.0003
EKF_ACCEL t=1790598757.310138 REJECTED dev=2.7582 d2=15890.56 thr=11.34
EKF_MAG t=1790598757.310138 FIRED    d2=    0.00 thr=11.34 dtheta=0.0001 dyaw=+0.00010 gyro_z=-0.0002
EKF_ACCEL t=1790598757.310572 REJECTED dev=2.7618 d2=15897.04 thr=11.34
EKF_MAG t=1790598757.310572 FIRED    d2=    0.00 thr=11.34 dtheta=0.0000 dyaw=-0.00001 gyro_z=+0.0000
EKF_ACCEL t=1790598757.311061 REJECTED dev=2.7540 d2=15776.81 thr=11.34
EKF_MAG t=1790598757.311061 FIRED    d2=    0.00 thr=11.34 dtheta=0.0002 dyaw=-0.00018 gyro_z=+0.0006
EKF_ACCEL t=1790598757.313900 REJECTED dev=2.7564 d2=15770.72 thr=11.34
EKF_MAG t=1790598757.313900 FIRED    d2=    0.00 thr=11.34 dtheta=0.0001 dyaw=-0.00010 gyro_z=+0.0011
EKF_ACCEL t=1790598757.317662 REJECTED dev=2.7602 d2=15780.27 thr=11.34
EKF_MAG t=1790598757.317662 FIRED    d2=    0.00 thr=11.34 dtheta=0.0000 dyaw=+0.00001 gyro_z=-0.0016
EKF_ACCEL t=1790598757.321377 REJECTED dev=2.7708 d2=15870.53 thr=11.34
EKF_MAG t=1790598757.321377 FIRED    d2=    0.00 thr=11.34 dtheta=0.0000 dyaw=+0.00000 gyro_z=+0.0004
EKF_ACCEL t=1790598757.325607 REJECTED dev=2.7628 d2=15746.00 thr=11.34
EKF_MAG t=1790598757.325607 FIRED    d2=    0.00 thr=11.34 dtheta=0.0001 dyaw=+0.00014 gyro_z=-0.0005
EKF_ACCEL t=1790598757.329639 REJECTED dev=2.7532 d2=15602.91 thr=11.34
EKF_MAG t=1790598757.329639 FIRED    d2=    0.00 thr=11.34 dtheta=0.0000 dyaw=-0.00000 gyro_z=+0.0001
EKF_ACCEL t=1790598757.333441 REJECTED dev=2.7573 d2=15616.42 thr=11.34
EKF_MAG t=1790598757.333441 FIRED    d2=    0.00 thr=11.34 dtheta=0.0001 dyaw=+0.00010 gyro_z=-0.0009
EKF_ACCEL t=1790598757.337391 REJECTED dev=2.7538 d2=15545.38 thr=11.34
EKF_MAG t=1790598757.337391 FIRED    d2=    0.00 thr=11.34 dtheta=0.0000 dyaw=-0.00000 gyro_z=+0.0007
EKF_ACCEL t=1790598757.341479 REJECTED dev=2.7542 d2=15518.82 thr=11.34
EKF_MAG t=1790598757.341479 FIRED    d2=    0.00 thr=11.34 dtheta=0.0000 dyaw=-0.00000 gyro_z=-0.0003
EKF_ACCEL t=1790598757.345636 REJECTED dev=2.7726 d2=15695.12 thr=11.34
EKF_MAG t=1790598757.345636 FIRED    d2=    0.00 thr=11.34 dtheta=0.0002 dyaw=+0.00016 gyro_z=+0.0004
EKF_ACCEL t=1790598757.349365 REJECTED dev=2.7651 d2=15578.01 thr=11.34
EKF_MAG t=1790598757.349365 FIRED    d2=    0.00 thr=11.34 dtheta=0.0000 dyaw=+0.00000 gyro_z=-0.0015
EKF_ACCEL t=1790598757.353390 REJECTED dev=2.7548 d2=15431.17 thr=11.34
EKF_MAG t=1790598757.353390 FIRED    d2=    0.00 thr=11.34 dtheta=0.0003 dyaw=-0.00007 gyro_z=-0.0007
EKF_ACCEL t=1790598757.357441 REJECTED dev=2.7636 d2=15496.03 thr=11.34
EKF_MAG t=1790598757.357441 FIRED    d2=    0.00 thr=11.34 dtheta=0.0000 dyaw=+0.00001 gyro_z=-0.0003
EKF_ACCEL t=1790598757.361656 REJECTED dev=2.7606 d2=15429.84 thr=11.34
EKF_MAG t=1790598757.361656 FIRED    d2=    0.00 thr=11.34 dtheta=0.0000 dyaw=+0.00001 gyro_z=-0.0013
EKF_ACCEL t=1790598757.365334 REJECTED dev=2.7410 d2=15182.73 thr=11.34
EKF_MAG t=1790598757.365334 FIRED    d2=    0.00 thr=11.34 dtheta=0.0003 dyaw=-0.00004 gyro_z=-0.0002
EKF_ACCEL t=1790598757.369296 REJECTED dev=2.7595 d2=15359.98 thr=11.34
EKF_MAG t=1790598757.369296 FIRED    d2=    0.00 thr=11.34 dtheta=0.0000 dyaw=-0.00000 gyro_z=+0.0005
EKF_ACCEL t=1790598757.373276 REJECTED dev=2.7563 d2=15290.90 thr=11.34
EKF_MAG t=1790598757.373276 FIRED    d2=    0.00 thr=11.34 dtheta=0.0000 dyaw=-0.00001 gyro_z=+0.0021
EKF_ACCEL t=1790598757.377523 REJECTED dev=2.7521 d2=15215.38 thr=11.34
EKF_MAG t=1790598757.377523 FIRED    d2=    0.00 thr=11.34 dtheta=0.0003 dyaw=-0.00023 gyro_z=+0.0003
EKF_ACCEL t=1790598757.381601 REJECTED dev=2.7531 d2=15198.05 thr=11.34
EKF_MAG t=1790598757.381601 FIRED    d2=    0.00 thr=11.34 dtheta=0.0004 dyaw=+0.00029 gyro_z=+0.0010
EKF_ACCEL t=1790598757.385404 REJECTED dev=2.7647 d2=15293.04 thr=11.34
EKF_MAG t=1790598757.385404 FIRED    d2=    0.00 thr=11.34 dtheta=0.0000 dyaw=+0.00000 gyro_z=+0.0001
EKF_ACCEL t=1790598757.389290 REJECTED dev=2.7616 d2=15227.93 thr=11.34
EKF_MAG t=1790598757.389290 FIRED    d2=    0.00 thr=11.34 dtheta=0.0000 dyaw=+0.00000 gyro_z=-0.0005
EKF_ACCEL t=1790598757.393716 REJECTED dev=2.7618 d2=15199.21 thr=11.34
EKF_MAG t=1790598757.393716 FIRED    d2=    0.00 thr=11.34 dtheta=0.0003 dyaw=-0.00027 gyro_z=-0.0008
EKF_ACCEL t=1790598757.397368 REJECTED dev=2.7480 d2=15020.11 thr=11.34
EKF_MAG t=1790598757.397368 FIRED    d2=    0.00 thr=11.34 dtheta=0.0000 dyaw=+0.00000 gyro_z=+0.0013
EKF_ACCEL t=1790598757.401358 REJECTED dev=2.7518 d2=15031.96 thr=11.34
EKF_MAG t=1790598757.401358 FIRED    d2=    0.00 thr=11.34 dtheta=0.0000 dyaw=+0.00001 gyro_z=+0.0002
EKF_ACCEL t=1790598757.405344 REJECTED dev=2.7522 d2=15007.80 thr=11.34
EKF_MAG t=1790598757.405344 FIRED    d2=    0.00 thr=11.34 dtheta=0.0004 dyaw=+0.00039 gyro_z=+0.0012
EKF_ACCEL t=1790598757.409610 REJECTED dev=2.7678 d2=15150.11 thr=11.34
EKF_MAG t=1790598757.409610 FIRED    d2=    0.00 thr=11.34 dtheta=0.0000 dyaw=-0.00001 gyro_z=-0.0007
EKF_ACCEL t=1790598757.413519 REJECTED dev=2.7514 d2=14939.15 thr=11.34
EKF_MAG t=1790598757.413519 FIRED    d2=    0.00 thr=11.34 dtheta=0.0000 dyaw=-0.00001 gyro_z=+0.0005
EKF_ACCEL t=1790598757.417514 REJECTED dev=2.7638 d2=15045.28 thr=11.34
EKF_MAG t=1790598757.417514 FIRED    d2=    0.00 thr=11.34 dtheta=0.0003 dyaw=-0.00023 gyro_z=-0.0005
EKF_ACCEL t=1790598757.421393 REJECTED dev=2.7509 d2=14873.07 thr=11.34
EKF_MAG t=1790598757.421393 FIRED    d2=    0.00 thr=11.34 dtheta=0.0002 dyaw=-0.00016 gyro_z=+0.0014
EKF_ACCEL t=1790598757.425934 REJECTED dev=2.7711 d2=15061.14 thr=11.34
EKF_MAG t=1790598757.425934 FIRED    d2=    0.00 thr=11.34 dtheta=0.0000 dyaw=-0.00001 gyro_z=+0.0009
EKF_ACCEL t=1790598757.429447 REJECTED dev=2.7642 d2=14960.47 thr=11.34
EKF_MAG t=1790598757.429447 FIRED    d2=    0.00 thr=11.34 dtheta=0.0000 dyaw=-0.00000 gyro_z=+0.0002
EKF_ACCEL t=1790598757.433617 REJECTED dev=2.7579 d2=14859.87 thr=11.34
EKF_MAG t=1790598757.433617 FIRED    d2=    0.00 thr=11.34 dtheta=0.0000 dyaw=-0.00001 gyro_z=+0.0013
EKF_ACCEL t=1790598757.437389 REJECTED dev=2.7640 d2=14898.18 thr=11.34
EKF_MAG t=1790598757.437389 FIRED    d2=    0.00 thr=11.34 dtheta=0.0007 dyaw=+0.00061 gyro_z=-0.0009
EKF_ACCEL t=1790598757.441444 REJECTED dev=2.7514 d2=14735.80 thr=11.34
EKF_MAG t=1790598757.441444 FIRED    d2=    0.00 thr=11.34 dtheta=0.0006 dyaw=-0.00055 gyro_z=-0.0016
EKF_ACCEL t=1790598757.445909 REJECTED dev=2.7548 d2=14743.68 thr=11.34
EKF_MAG t=1790598757.445909 FIRED    d2=    0.00 thr=11.34 dtheta=0.0000 dyaw=-0.00000 gyro_z=-0.0002
EKF_ACCEL t=1790598757.449775 REJECTED dev=2.7687 d2=14861.52 thr=11.34
EKF_MAG t=1790598757.449775 FIRED    d2=    0.00 thr=11.34 dtheta=0.0000 dyaw=+0.00000 gyro_z=-0.0005
EKF_ACCEL t=1790598757.453527 REJECTED dev=2.7603 d2=14743.50 thr=11.34
EKF_MAG t=1790598757.453527 FIRED    d2=    0.00 thr=11.34 dtheta=0.0004 dyaw=+0.00035 gyro_z=+0.0010
EKF_ACCEL t=1790598757.457542 REJECTED dev=2.7580 d2=14691.37 thr=11.34
EKF_MAG t=1790598757.457542 FIRED    d2=    0.00 thr=11.34 dtheta=0.0000 dyaw=-0.00000 gyro_z=-0.0001
EKF_ACCEL t=1790598757.461852 REJECTED dev=2.7636 d2=14723.08 thr=11.34
EKF_MAG t=1790598757.461852 FIRED    d2=    0.00 thr=11.34 dtheta=0.0000 dyaw=-0.00000 gyro_z=-0.0005
EKF_ACCEL t=1790598757.465742 REJECTED dev=2.7528 d2=14579.67 thr=11.34
EKF_MAG t=1790598757.465742 FIRED    d2=    0.00 thr=11.34 dtheta=0.0004 dyaw=-0.00041 gyro_z=+0.0013
EKF_ACCEL t=1790598757.470215 REJECTED dev=2.7596 d2=14623.81 thr=11.34
EKF_MAG t=1790598757.470215 FIRED    d2=    0.00 thr=11.34 dtheta=0.0000 dyaw=-0.00001 gyro_z=+0.0011
EKF_ACCEL t=1790598757.473696 REJECTED dev=2.7526 d2=14521.31 thr=11.34
EKF_MAG t=1790598757.473696 FIRED    d2=    0.00 thr=11.34 dtheta=0.0000 dyaw=-0.00000 gyro_z=+0.0005
EKF_ACCEL t=1790598757.477677 REJECTED dev=2.7610 d2=14584.19 thr=11.34
EKF_MAG t=1790598757.477677 FIRED    d2=    0.00 thr=11.34 dtheta=0.0001 dyaw=-0.00010 gyro_z=+0.0002
EKF_ACCEL t=1790598757.481492 REJECTED dev=2.7589 d2=14533.05 thr=11.34
EKF_MAG t=1790598757.481492 FIRED    d2=    0.00 thr=11.34 dtheta=0.0000 dyaw=+0.00001 gyro_z=+0.0010
EKF_ACCEL t=1790598757.485542 REJECTED dev=2.7674 d2=14593.28 thr=11.34
EKF_MAG t=1790598757.485542 FIRED    d2=    0.00 thr=11.34 dtheta=0.0000 dyaw=+0.00000 gyro_z=-0.0004
EKF_ACCEL t=1790598757.489573 REJECTED dev=2.7663 d2=14552.69 thr=11.34
EKF_MAG t=1790598757.489573 FIRED    d2=    0.00 thr=11.34 dtheta=0.0000 dyaw=+0.00000 gyro_z=-0.0008
EKF_ACCEL t=1790598757.493564 REJECTED dev=2.7544 d2=14402.47 thr=11.34
EKF_MAG t=1790598757.493564 FIRED    d2=    0.00 thr=11.34 dtheta=0.0006 dyaw=+0.00057 gyro_z=-0.0006
EKF_ACCEL t=1790598757.497386 REJECTED dev=2.7584 d2=14416.77 thr=11.34
EKF_MAG t=1790598757.497386 FIRED    d2=    0.00 thr=11.34 dtheta=0.0000 dyaw=-0.00000 gyro_z=+0.0004
EKF_ACCEL t=1790598757.501590 REJECTED dev=2.7523 d2=14326.78 thr=11.34
EKF_MAG t=1790598757.501590 FIRED    d2=    0.00 thr=11.34 dtheta=0.0004 dyaw=-0.00040 gyro_z=-0.0007
EKF_ACCEL t=1790598757.505635 REJECTED dev=2.7590 d2=14400.47 thr=11.34
EKF_MAG t=1790598757.505635 FIRED    d2=    0.00 thr=11.34 dtheta=0.0004 dyaw=+0.00021 gyro_z=-0.0015
EKF_ACCEL t=1790598757.509575 REJECTED dev=2.7531 d2=14307.93 thr=11.34
EKF_MAG t=1790598757.509575 FIRED    d2=    0.00 thr=11.34 dtheta=0.0004 dyaw=-0.00020 gyro_z=-0.0007
EKF_ACCEL t=1790598757.513545 REJECTED dev=2.7652 d2=14408.69 thr=11.34
EKF_MAG t=1790598757.513545 FIRED    d2=    0.00 thr=11.34 dtheta=0.0000 dyaw=-0.00000 gyro_z=+0.0010
EKF_ACCEL t=1790598757.517454 REJECTED dev=2.7599 d2=14329.18 thr=11.34
EKF_MAG t=1790598757.517454 FIRED    d2=    0.00 thr=11.34 dtheta=0.0001 dyaw=+0.00012 gyro_z=+0.0004
EKF_ACCEL t=1790598757.521436 REJECTED dev=2.7615 d2=14316.89 thr=11.34
EKF_MAG t=1790598757.521436 FIRED    d2=    0.00 thr=11.34 dtheta=0.0000 dyaw=+0.00001 gyro_z=-0.0014
EKF_ACCEL t=1790598757.525864 REJECTED dev=2.7641 d2=14317.00 thr=11.34
EKF_MAG t=1790598757.525864 FIRED    d2=    0.00 thr=11.34 dtheta=0.0003 dyaw=+0.00025 gyro_z=+0.0001
EKF_ACCEL t=1790598757.529826 REJECTED dev=2.7598 d2=14246.84 thr=11.34
EKF_MAG t=1790598757.529826 FIRED    d2=    0.00 thr=11.34 dtheta=0.0000 dyaw=-0.00000 gyro_z=+0.0004
EKF_ACCEL t=1790598757.533663 REJECTED dev=2.7552 d2=14172.40 thr=11.34
EKF_MAG t=1790598757.533663 FIRED    d2=    0.00 thr=11.34 dtheta=0.0000 dyaw=-0.00001 gyro_z=+0.0008
EKF_ACCEL t=1790598757.537478 REJECTED dev=2.7647 d2=14243.97 thr=11.34
EKF_MAG t=1790598757.537478 FIRED    d2=    0.00 thr=11.34 dtheta=0.0006 dyaw=-0.00060 gyro_z=+0.0010
EKF_ACCEL t=1790598757.542156 REJECTED dev=2.7597 d2=14167.38 thr=11.34
EKF_MAG t=1790598757.542156 FIRED    d2=    0.00 thr=11.34 dtheta=0.0000 dyaw=+0.00001 gyro_z=+0.0004
EKF_ACCEL t=1790598757.545624 REJECTED dev=2.7577 d2=14120.46 thr=11.34
EKF_MAG t=1790598757.545624 FIRED    d2=    0.00 thr=11.34 dtheta=0.0006 dyaw=+0.00057 gyro_z=-0.0005
EKF_ACCEL t=1790598757.549938 REJECTED dev=2.7590 d2=14105.58 thr=11.34
EKF_MAG t=1790598757.549938 FIRED    d2=    0.00 thr=11.34 dtheta=0.0000 dyaw=+0.00001 gyro_z=-0.0009
EKF_ACCEL t=1790598757.553468 REJECTED dev=2.7520 d2=14007.55 thr=11.34
EKF_MAG t=1790598757.553468 FIRED    d2=    0.00 thr=11.34 dtheta=0.0003 dyaw=-0.00022 gyro_z=-0.0005
EKF_ACCEL t=1790598757.557824 REJECTED dev=2.7461 d2=13924.14 thr=11.34
EKF_MAG t=1790598757.557824 FIRED    d2=    0.00 thr=11.34 dtheta=0.0000 dyaw=-0.00000 gyro_z=+0.0004
EKF_ACCEL t=1790598757.561776 REJECTED dev=2.7694 d2=14135.59 thr=11.34
EKF_MAG t=1790598757.561776 FIRED    d2=    0.00 thr=11.34 dtheta=0.0004 dyaw=-0.00035 gyro_z=+0.0002
EKF_ACCEL t=1790598757.565689 REJECTED dev=2.7502 d2=13911.38 thr=11.34
EKF_MAG t=1790598757.565689 FIRED    d2=    0.00 thr=11.34 dtheta=0.0000 dyaw=-0.00001 gyro_z=-0.0011
EKF_ACCEL t=1790598757.569567 REJECTED dev=2.7595 d2=13980.35 thr=11.34
EKF_MAG t=1790598757.569567 FIRED    d2=    0.00 thr=11.34 dtheta=0.0000 dyaw=-0.00001 gyro_z=-0.0001
EKF_ACCEL t=1790598757.573442 REJECTED dev=2.7620 d2=13981.11 thr=11.34
EKF_MAG t=1790598757.573442 FIRED    d2=    0.00 thr=11.34 dtheta=0.0003 dyaw=+0.00028 gyro_z=+0.0007
EKF_ACCEL t=1790598757.577442 REJECTED dev=2.7571 d2=13907.36 thr=11.34
EKF_MAG t=1790598757.577442 FIRED    d2=    0.00 thr=11.34 dtheta=0.0000 dyaw=+0.00000 gyro_z=-0.0001
EKF_ACCEL t=1790598757.581386 REJECTED dev=2.7480 d2=13788.40 thr=11.34
EKF_MAG t=1790598757.581386 FIRED    d2=    0.00 thr=11.34 dtheta=0.0000 dyaw=-0.00001 gyro_z=+0.0014
EKF_ACCEL t=1790598757.585423 REJECTED dev=2.7577 d2=13860.23 thr=11.34
EKF_MAG t=1790598757.585423 FIRED    d2=    0.00 thr=11.34 dtheta=0.0002 dyaw=-0.00003 gyro_z=+0.0008
EKF_ACCEL t=1790598757.589406 REJECTED dev=2.7658 d2=13919.63 thr=11.34
EKF_MAG t=1790598757.589406 FIRED    d2=    0.00 thr=11.34 dtheta=0.0000 dyaw=+0.00000 gyro_z=+0.0007
EKF_ACCEL t=1790598757.593450 REJECTED dev=2.7495 d2=13731.56 thr=11.34
EKF_MAG t=1790598757.593450 FIRED    d2=    0.00 thr=11.34 dtheta=0.0000 dyaw=+0.00000 gyro_z=+0.0001
EKF_ACCEL t=1790598757.599434 REJECTED dev=2.7680 d2=13891.98 thr=11.34
EKF_MAG t=1790598757.599434 FIRED    d2=    0.00 thr=11.34 dtheta=0.0002 dyaw=+0.00022 gyro_z=+0.0017
EKF_ACCEL t=1790598757.601413 REJECTED dev=2.7575 d2=13762.27 thr=11.34
EKF_MAG t=1790598757.601413 FIRED    d2=    0.00 thr=11.34 dtheta=0.0000 dyaw=-0.00001 gyro_z=+0.0001
EKF_ACCEL t=1790598757.605345 REJECTED dev=2.7479 d2=13641.42 thr=11.34
EKF_MAG t=1790598757.605345 FIRED    d2=    0.00 thr=11.34 dtheta=0.0003 dyaw=-0.00020 gyro_z=-0.0002
EKF_ACCEL t=1790598757.609579 REJECTED dev=2.7587 d2=13721.33 thr=11.34
EKF_MAG t=1790598757.609579 FIRED    d2=    0.00 thr=11.34 dtheta=0.0000 dyaw=-0.00000 gyro_z=+0.0003
EKF_ACCEL t=1790598757.613617 REJECTED dev=2.7631 d2=13740.52 thr=11.34
EKF_MAG t=1790598757.613617 FIRED    d2=    0.00 thr=11.34 dtheta=0.0000 dyaw=-0.00000 gyro_z=+0.0007
EKF_ACCEL t=1790598757.617425 REJECTED dev=2.7485 d2=13570.93 thr=11.34
EKF_MAG t=1790598757.617425 FIRED    d2=    0.00 thr=11.34 dtheta=0.0002 dyaw=-0.00021 gyro_z=-0.0003
EKF_ACCEL t=1790598757.621437 REJECTED dev=2.7494 d2=13558.10 thr=11.34
EKF_MAG t=1790598757.621437 FIRED    d2=    0.00 thr=11.34 dtheta=0.0002 dyaw=+0.00012 gyro_z=-0.0006
EKF_ACCEL t=1790598757.625571 REJECTED dev=2.7607 d2=13643.55 thr=11.34
EKF_MAG t=1790598757.625571 FIRED    d2=    0.00 thr=11.34 dtheta=0.0000 dyaw=+0.00000 gyro_z=-0.0000
EKF_ACCEL t=1790598757.629667 REJECTED dev=2.7553 d2=13566.31 thr=11.34
EKF_MAG t=1790598757.629667 FIRED    d2=    0.00 thr=11.34 dtheta=0.0000 dyaw=-0.00001 gyro_z=+0.0021
EKF_ACCEL t=1790598757.633995 REJECTED dev=2.7528 d2=13518.07 thr=11.34
EKF_MAG t=1790598757.633995 FIRED    d2=    0.00 thr=11.34 dtheta=0.0000 dyaw=-0.00000 gyro_z=+0.0007
EKF_ACCEL t=1790598757.637980 REJECTED dev=2.7616 d2=13580.33 thr=11.34
EKF_MAG t=1790598757.637980 FIRED    d2=    0.00 thr=11.34 dtheta=0.0001 dyaw=+0.00003 gyro_z=-0.0008
EKF_ACCEL t=1790598757.643302 REJECTED dev=2.7450 d2=13393.47 thr=11.34
EKF_MAG t=1790598757.643302 FIRED    d2=    0.00 thr=11.34 dtheta=0.0002 dyaw=-0.00022 gyro_z=-0.0008
EKF_ACCEL t=1790598757.646583 REJECTED dev=2.7584 d2=13499.69 thr=11.34
EKF_MAG t=1790598757.646583 FIRED    d2=    0.00 thr=11.34 dtheta=0.0000 dyaw=+0.00001 gyro_z=-0.0015
EKF_ACCEL t=1790598757.650543 REJECTED dev=2.7657 d2=13550.02 thr=11.34
EKF_MAG t=1790598757.650543 FIRED    d2=    0.00 thr=11.34 dtheta=0.0000 dyaw=+0.00000 gyro_z=+0.0009
EKF_ACCEL t=1790598757.654091 REJECTED dev=2.7609 d2=13477.09 thr=11.34
EKF_MAG t=1790598757.654091 FIRED    d2=    0.00 thr=11.34 dtheta=0.0002 dyaw=+0.00021 gyro_z=-0.0003
EKF_ACCEL t=1790598757.657938 REJECTED dev=2.7643 d2=13487.76 thr=11.34
EKF_MAG t=1790598757.657938 FIRED    d2=    0.00 thr=11.34 dtheta=0.0000 dyaw=+0.00001 gyro_z=-0.0016
EKF_ACCEL t=1790598757.662090 REJECTED dev=2.7620 d2=13441.48 thr=11.34
EKF_MAG t=1790598757.662090 FIRED    d2=    0.00 thr=11.34 dtheta=0.0000 dyaw=+0.00000 gyro_z=-0.0006
EKF_ACCEL t=1790598757.665828 REJECTED dev=2.7697 d2=13492.33 thr=11.34
EKF_MAG t=1790598757.665828 FIRED    d2=    0.00 thr=11.34 dtheta=0.0000 dyaw=+0.00001 gyro_z=+0.0009
EKF_ACCEL t=1790598757.669720 REJECTED dev=2.7592 d2=13365.78 thr=11.34
EKF_MAG t=1790598757.669720 FIRED    d2=    0.00 thr=11.34 dtheta=0.0000 dyaw=+0.00000 gyro_z=-0.0002
EKF_ACCEL t=1790598757.674130 REJECTED dev=2.7523 d2=13277.80 thr=11.34
EKF_MAG t=1790598757.674130 FIRED    d2=    0.00 thr=11.34 dtheta=0.0001 dyaw=+0.00010 gyro_z=+0.0004
EKF_ACCEL t=1790598757.677692 REJECTED dev=2.7538 d2=13266.44 thr=11.34
EKF_MAG t=1790598757.677692 FIRED    d2=    0.00 thr=11.34 dtheta=0.0000 dyaw=+0.00000 gyro_z=-0.0009
EKF_ACCEL t=1790598757.681906 REJECTED dev=2.7469 d2=13177.85 thr=11.34
EKF_MAG t=1790598757.681906 FIRED    d2=    0.00 thr=11.34 dtheta=0.0002 dyaw=-0.00012 gyro_z=+0.0025
EKF_ACCEL t=1790598757.685650 REJECTED dev=2.7623 d2=13304.00 thr=11.34
EKF_MAG t=1790598757.685650 FIRED    d2=    0.00 thr=11.34 dtheta=0.0000 dyaw=+0.00000 gyro_z=-0.0007
EKF_ACCEL t=1790598757.689546 REJECTED dev=2.7492 d2=13156.24 thr=11.34
EKF_MAG t=1790598757.689546 FIRED    d2=    0.00 thr=11.34 dtheta=0.0000 dyaw=+0.00001 gyro_z=-0.0024
EKF_ACCEL t=1790598757.693786 REJECTED dev=2.7453 d2=13095.95 thr=11.34
EKF_MAG t=1790598757.693786 FIRED    d2=    0.00 thr=11.34 dtheta=0.0004 dyaw=-0.00044 gyro_z=-0.0004
EKF_ACCEL t=1790598757.697672 REJECTED dev=2.7579 d2=13191.55 thr=11.34
EKF_MAG t=1790598757.697672 FIRED    d2=    0.00 thr=11.34 dtheta=0.0000 dyaw=+0.00001 gyro_z=+0.0006
EKF_ACCEL t=1790598757.701593 REJECTED dev=2.7550 d2=13142.88 thr=11.34
EKF_MAG t=1790598757.701593 FIRED    d2=    0.00 thr=11.34 dtheta=0.0000 dyaw=+0.00001 gyro_z=-0.0010
EKF_ACCEL t=1790598757.705569 REJECTED dev=2.7523 d2=13093.74 thr=11.34
EKF_MAG t=1790598757.705569 FIRED    d2=    0.00 thr=11.34 dtheta=0.0004 dyaw=+0.00037 gyro_z=+0.0003
EKF_ACCEL t=1790598757.709707 REJECTED dev=2.7705 d2=13253.74 thr=11.34
EKF_MAG t=1790598757.709707 FIRED    d2=    0.00 thr=11.34 dtheta=0.0011 dyaw=+0.00046 gyro_z=-0.0013
liftoff confirmed: alt=0.507m after 0.70s
rate-loop isolation test: axis=roll step=0.1rad/s duration=1.0s
t       dt(ms)  sp      meas(r,p,y)                 tau(r,p,y)              alt(z)  vel(x,y)
EKF_ACCEL t=1790598757.713789 REJECTED dev=2.7640 d2=13161.26 thr=11.34
EKF_MAG t=1790598757.713789 FIRED    d2=    0.00 thr=11.34 dtheta=0.0010 dyaw=-0.00044 gyro_z=-0.0003
EKF_ACCEL t=1790598757.717502 REJECTED dev=2.7521 d2=13033.89 thr=11.34
EKF_MAG t=1790598757.717502 FIRED    d2=    0.00 thr=11.34 dtheta=0.0003 dyaw=+0.00021 gyro_z=-0.0014
EKF_ACCEL t=1790598757.721730 REJECTED dev=2.2802 d2= 8933.69 thr=11.34
EKF_MAG t=1790598757.721730 FIRED    d2=    0.00 thr=11.34 dtheta=0.0003 dyaw=+0.00001 gyro_z=-0.0002
EKF_ACCEL t=1790598757.725958 REJECTED dev=1.8755 d2= 6032.85 thr=11.34
EKF_MAG t=1790598757.725958 FIRED    d2=    0.00 thr=11.34 dtheta=0.0000 dyaw=-0.00000 gyro_z=-0.0005
EKF_ACCEL t=1790598757.729658 REJECTED dev=1.5434 d2= 4078.82 thr=11.34
EKF_MAG t=1790598757.729658 FIRED    d2=    0.00 thr=11.34 dtheta=0.0000 dyaw=-0.00001 gyro_z=+0.0005
EKF_ACCEL t=1790598757.733431 REJECTED dev=1.2570 d2= 2700.84 thr=11.34
EKF_MAG t=1790598757.733431 FIRED    d2=    0.00 thr=11.34 dtheta=0.0000 dyaw=-0.00000 gyro_z=-0.0000
EKF_ACCEL t=1790598757.737592 REJECTED dev=1.0194 d2= 1773.33 thr=11.34
EKF_MAG t=1790598757.737592 FIRED    d2=    0.00 thr=11.34 dtheta=0.0004 dyaw=-0.00042 gyro_z=-0.0017
EKF_ACCEL t=1790598757.741534 REJECTED dev=0.8255 d2= 1160.97 thr=11.34
EKF_MAG t=1790598757.741534 FIRED    d2=    0.00 thr=11.34 dtheta=0.0002 dyaw=+0.00006 gyro_z=+0.0011
EKF_ACCEL t=1790598757.745635 REJECTED dev=0.6410 d2=  698.96 thr=11.34
EKF_MAG t=1790598757.745635 FIRED    d2=    0.00 thr=11.34 dtheta=0.0000 dyaw=+0.00001 gyro_z=-0.0004
EKF_ACCEL t=1790598757.749642 REJECTED dev=0.5127 d2=  446.39 thr=11.34
EKF_MAG t=1790598757.749642 FIRED    d2=    0.00 thr=11.34 dtheta=0.0000 dyaw=+0.00000 gyro_z=+0.0000
  0.04   4.04   0.00  (-0.001, 0.000, 0.000)  (   0.0,   0.0,  -0.0)   0.575  (  0.04, -0.01)
EKF_ACCEL t=1790598757.753709 REJECTED dev=0.3796 d2=  244.28 thr=11.34
EKF_MAG t=1790598757.753709 FIRED    d2=    0.00 thr=11.34 dtheta=0.0004 dyaw=+0.00039 gyro_z=+0.0004
EKF_ACCEL t=1790598757.758088 REJECTED dev=0.2864 d2=  138.79 thr=11.34
EKF_MAG t=1790598757.758088 FIRED    d2=    0.00 thr=11.34 dtheta=0.0000 dyaw=+0.00000 gyro_z=+0.0002
EKF_ACCEL t=1790598757.762007 REJECTED dev=0.1928 d2=   62.75 thr=11.34
EKF_MAG t=1790598757.762007 FIRED    d2=    0.00 thr=11.34 dtheta=0.0000 dyaw=-0.00000 gyro_z=+0.0007
EKF_ACCEL t=1790598757.765975 REJECTED dev=0.1256 d2=   26.59 thr=11.34
EKF_MAG t=1790598757.765975 FIRED    d2=    0.00 thr=11.34 dtheta=0.0003 dyaw=-0.00027 gyro_z=+0.0005
EKF_ACCEL t=1790598757.769637 FIRED   dev=0.0649 d2=    7.09 thr=11.34 dtheta=0.0041 dyaw=+0.00071
EKF_MAG t=1790598757.769637 FIRED    d2=    0.00 thr=11.34 dtheta=0.0007 dyaw=-0.00069 gyro_z=-0.0000
EKF_ACCEL t=1790598757.773643 FIRED   dev=0.0100 d2=    0.19 thr=11.34 dtheta=0.0009 dyaw=+0.00002
EKF_MAG t=1790598757.773643 FIRED    d2=    0.00 thr=11.34 dtheta=0.0002 dyaw=+0.00017 gyro_z=-0.0004
EKF_ACCEL t=1790598757.777849 FIRED   dev=0.0646 d2=    8.36 thr=11.34 dtheta=0.0032 dyaw=-0.00001
EKF_MAG t=1790598757.777849 FIRED    d2=    0.03 thr=11.34 dtheta=0.0005 dyaw=-0.00049 gyro_z=-0.0004
EKF_ACCEL t=1790598757.781589 REJECTED dev=0.0789 d2=   12.91 thr=11.34
EKF_MAG t=1790598757.781589 FIRED    d2=    0.00 thr=11.34 dtheta=0.0005 dyaw=-0.00011 gyro_z=+0.0003
EKF_ACCEL t=1790598757.785501 REJECTED dev=0.1315 d2=   35.86 thr=11.34
EKF_MAG t=1790598757.785501 FIRED    d2=    0.00 thr=11.34 dtheta=0.0001 dyaw=+0.00005 gyro_z=-0.0012
EKF_ACCEL t=1790598757.789574 REJECTED dev=0.1511 d2=   47.20 thr=11.34
EKF_MAG t=1790598757.789574 FIRED    d2=    0.00 thr=11.34 dtheta=0.0000 dyaw=+0.00001 gyro_z=+0.0004
  0.08   4.07   0.00  ( 0.001, 0.001, 0.000)  (  -0.1,  -0.0,  -0.1)   0.644  (  0.04, -0.01)
EKF_ACCEL t=1790598757.793862 REJECTED dev=0.1597 d2=   52.63 thr=11.34
EKF_MAG t=1790598757.793862 FIRED    d2=    0.00 thr=11.34 dtheta=0.0002 dyaw=-0.00015 gyro_z=-0.0004
EKF_ACCEL t=1790598757.797639 REJECTED dev=0.1915 d2=   75.52 thr=11.34
EKF_MAG t=1790598757.797639 FIRED    d2=    0.00 thr=11.34 dtheta=0.0000 dyaw=+0.00001 gyro_z=+0.0015
EKF_ACCEL t=1790598757.801700 REJECTED dev=0.2178 d2=   97.53 thr=11.34
EKF_MAG t=1790598757.801700 FIRED    d2=    0.00 thr=11.34 dtheta=0.0000 dyaw=+0.00001 gyro_z=+0.0006
EKF_ACCEL t=1790598757.805748 REJECTED dev=0.2257 d2=  104.50 thr=11.34
EKF_MAG t=1790598757.805748 FIRED    d2=    0.00 thr=11.34 dtheta=0.0004 dyaw=+0.00045 gyro_z=-0.0001
EKF_ACCEL t=1790598757.810077 REJECTED dev=0.2210 d2=  100.00 thr=11.34
EKF_MAG t=1790598757.810077 FIRED    d2=    0.00 thr=11.34 dtheta=0.0000 dyaw=+0.00001 gyro_z=-0.0002
EKF_ACCEL t=1790598757.813664 REJECTED dev=0.2334 d2=  111.25 thr=11.34
EKF_MAG t=1790598757.813664 FIRED    d2=    0.00 thr=11.34 dtheta=0.0000 dyaw=-0.00000 gyro_z=+0.0005
EKF_ACCEL t=1790598757.817415 REJECTED dev=0.2516 d2=  129.08 thr=11.34
EKF_MAG t=1790598757.817415 FIRED    d2=    0.00 thr=11.34 dtheta=0.0002 dyaw=+0.00023 gyro_z=+0.0006
EKF_ACCEL t=1790598757.821277 REJECTED dev=0.2632 d2=  140.87 thr=11.34
EKF_MAG t=1790598757.821277 FIRED    d2=    0.00 thr=11.34 dtheta=0.0000 dyaw=+0.00000 gyro_z=-0.0002
EKF_ACCEL t=1790598757.825786 REJECTED dev=0.2730 d2=  151.30 thr=11.34
EKF_MAG t=1790598757.825786 FIRED    d2=    0.00 thr=11.34 dtheta=0.0000 dyaw=+0.00002 gyro_z=+0.0009
EKF_ACCEL t=1790598757.829444 REJECTED dev=0.2677 d2=  145.24 thr=11.34
EKF_MAG t=1790598757.829444 FIRED    d2=    0.00 thr=11.34 dtheta=0.0000 dyaw=-0.00000 gyro_z=+0.0005
  0.12   3.70   0.00  ( 0.002,-0.000, 0.000)  (  -0.1,   0.0,  -0.1)   0.713  (  0.04, -0.01)
EKF_ACCEL t=1790598757.833513 REJECTED dev=0.2858 d2=  165.13 thr=11.34
EKF_MAG t=1790598757.833513 FIRED    d2=    0.00 thr=11.34 dtheta=0.0008 dyaw=-0.00075 gyro_z=-0.0006
EKF_ACCEL t=1790598757.837470 REJECTED dev=0.2737 d2=  151.18 thr=11.34
EKF_MAG t=1790598757.837470 FIRED    d2=    0.00 thr=11.34 dtheta=0.0000 dyaw=+0.00000 gyro_z=-0.0009
EKF_ACCEL t=1790598757.841408 REJECTED dev=0.3000 d2=  181.20 thr=11.34
EKF_MAG t=1790598757.841408 FIRED    d2=    0.00 thr=11.34 dtheta=0.0000 dyaw=+0.00000 gyro_z=-0.0003
EKF_ACCEL t=1790598757.845527 REJECTED dev=0.2905 d2=  169.64 thr=11.34
EKF_MAG t=1790598757.845527 FIRED    d2=    0.00 thr=11.34 dtheta=0.0001 dyaw=+0.00007 gyro_z=-0.0007
EKF_ACCEL t=1790598757.849501 REJECTED dev=0.2892 d2=  167.74 thr=11.34
EKF_MAG t=1790598757.849501 FIRED    d2=    0.00 thr=11.34 dtheta=0.0000 dyaw=+0.00001 gyro_z=-0.0005
EKF_ACCEL t=1790598757.853515 REJECTED dev=0.2937 d2=  172.63 thr=11.34
EKF_MAG t=1790598757.853515 FIRED    d2=    0.00 thr=11.34 dtheta=0.0000 dyaw=-0.00003 gyro_z=+0.0017
EKF_ACCEL t=1790598757.857545 REJECTED dev=0.3015 d2=  181.57 thr=11.34
EKF_MAG t=1790598757.857545 FIRED    d2=    0.00 thr=11.34 dtheta=0.0000 dyaw=-0.00000 gyro_z=+0.0013
EKF_ACCEL t=1790598757.861523 REJECTED dev=0.3023 d2=  182.19 thr=11.34
EKF_MAG t=1790598757.861523 FIRED    d2=    0.00 thr=11.34 dtheta=0.0000 dyaw=+0.00001 gyro_z=-0.0015
EKF_ACCEL t=1790598757.865476 REJECTED dev=0.3054 d2=  185.54 thr=11.34
EKF_MAG t=1790598757.865476 FIRED    d2=    0.00 thr=11.34 dtheta=0.0005 dyaw=+0.00047 gyro_z=+0.0001
EKF_ACCEL t=1790598757.871665 REJECTED dev=0.3023 d2=  181.47 thr=11.34
EKF_MAG t=1790598757.871665 FIRED    d2=    0.00 thr=11.34 dtheta=0.0000 dyaw=-0.00000 gyro_z=-0.0004
  0.16   6.33   0.00  ( 0.001, 0.001,-0.000)  (  -0.0,   0.0,   0.1)   0.785  (  0.03, -0.01)
EKF_ACCEL t=1790598757.873516 REJECTED dev=0.3049 d2=  184.30 thr=11.34
EKF_MAG t=1790598757.873516 FIRED    d2=    0.00 thr=11.34 dtheta=0.0004 dyaw=-0.00033 gyro_z=+0.0004
EKF_ACCEL t=1790598757.877755 REJECTED dev=0.3024 d2=  180.91 thr=11.34
EKF_MAG t=1790598757.877755 FIRED    d2=    0.00 thr=11.34 dtheta=0.0000 dyaw=-0.00000 gyro_z=+0.0002
EKF_ACCEL t=1790598757.881400 REJECTED dev=0.3002 d2=  177.94 thr=11.34
EKF_MAG t=1790598757.881400 FIRED    d2=    0.00 thr=11.34 dtheta=0.0001 dyaw=-0.00005 gyro_z=-0.0001
EKF_ACCEL t=1790598757.885361 REJECTED dev=0.3153 d2=  195.84 thr=11.34
EKF_MAG t=1790598757.885361 FIRED    d2=    0.00 thr=11.34 dtheta=0.0000 dyaw=-0.00001 gyro_z=+0.0010
EKF_ACCEL t=1790598757.889444 REJECTED dev=0.2996 d2=  176.52 thr=11.34
EKF_MAG t=1790598757.889444 FIRED    d2=    0.00 thr=11.34 dtheta=0.0000 dyaw=-0.00000 gyro_z=-0.0004
EKF_ACCEL t=1790598757.893678 REJECTED dev=0.3087 d2=  187.06 thr=11.34
EKF_MAG t=1790598757.893678 FIRED    d2=    0.00 thr=11.34 dtheta=0.0000 dyaw=-0.00000 gyro_z=+0.0005
EKF_ACCEL t=1790598757.897860 REJECTED dev=0.2940 d2=  169.30 thr=11.34
EKF_MAG t=1790598757.897860 FIRED    d2=    0.00 thr=11.34 dtheta=0.0003 dyaw=+0.00030 gyro_z=+0.0002
EKF_ACCEL t=1790598757.901755 REJECTED dev=0.2932 d2=  167.95 thr=11.34
EKF_MAG t=1790598757.901755 FIRED    d2=    0.00 thr=11.34 dtheta=0.0000 dyaw=+0.00001 gyro_z=-0.0009
EKF_ACCEL t=1790598757.905714 REJECTED dev=0.2986 d2=  173.87 thr=11.34
EKF_MAG t=1790598757.905714 FIRED    d2=    0.00 thr=11.34 dtheta=0.0002 dyaw=+0.00003 gyro_z=-0.0003
EKF_ACCEL t=1790598757.910040 REJECTED dev=0.3062 d2=  182.13 thr=11.34
EKF_MAG t=1790598757.910040 FIRED    d2=    0.00 thr=11.34 dtheta=0.0003 dyaw=+0.00014 gyro_z=+0.0000
  0.20   4.37   0.00  (-0.000, 0.001, 0.000)  (   0.0,  -0.0,  -0.0)   0.876  (  0.03, -0.01)
EKF_ACCEL t=1790598757.913930 REJECTED dev=0.2983 d2=  172.42 thr=11.34
EKF_MAG t=1790598757.913930 FIRED    d2=    0.00 thr=11.34 dtheta=0.0005 dyaw=-0.00040 gyro_z=-0.0011
EKF_ACCEL t=1790598757.917496 REJECTED dev=0.3138 d2=  190.54 thr=11.34
EKF_MAG t=1790598757.917496 FIRED    d2=    0.00 thr=11.34 dtheta=0.0000 dyaw=+0.00001 gyro_z=-0.0005
EKF_ACCEL t=1790598757.921653 REJECTED dev=0.3062 d2=  181.00 thr=11.34
EKF_MAG t=1790598757.921653 FIRED    d2=    0.00 thr=11.34 dtheta=0.0003 dyaw=+0.00027 gyro_z=+0.0015
EKF_ACCEL t=1790598757.925938 REJECTED dev=0.3094 d2=  184.49 thr=11.34
EKF_MAG t=1790598757.925938 FIRED    d2=    0.00 thr=11.34 dtheta=0.0000 dyaw=-0.00000 gyro_z=+0.0005
EKF_ACCEL t=1790598757.929508 REJECTED dev=0.3025 d2=  175.99 thr=11.34
EKF_MAG t=1790598757.929508 FIRED    d2=    0.00 thr=11.34 dtheta=0.0000 dyaw=-0.00000 gyro_z=+0.0003
EKF_ACCEL t=1790598757.933480 REJECTED dev=0.3043 d2=  177.77 thr=11.34
EKF_MAG t=1790598757.933480 FIRED    d2=    0.00 thr=11.34 dtheta=0.0000 dyaw=+0.00000 gyro_z=-0.0006
EKF_ACCEL t=1790598757.937421 REJECTED dev=0.3080 d2=  181.88 thr=11.34
EKF_MAG t=1790598757.937421 FIRED    d2=    0.00 thr=11.34 dtheta=0.0002 dyaw=+0.00014 gyro_z=+0.0002
EKF_ACCEL t=1790598757.941506 REJECTED dev=0.2984 d2=  170.32 thr=11.34
EKF_MAG t=1790598757.941506 FIRED    d2=    0.00 thr=11.34 dtheta=0.0000 dyaw=-0.00000 gyro_z=+0.0005
EKF_ACCEL t=1790598757.945576 REJECTED dev=0.3160 d2=  190.60 thr=11.34
EKF_MAG t=1790598757.945576 FIRED    d2=    0.00 thr=11.34 dtheta=0.0004 dyaw=-0.00030 gyro_z=-0.0010
EKF_ACCEL t=1790598757.949501 REJECTED dev=0.3019 d2=  173.70 thr=11.34
EKF_MAG t=1790598757.949501 FIRED    d2=    0.00 thr=11.34 dtheta=0.0000 dyaw=-0.00001 gyro_z=+0.0006
  0.24   3.84   0.00  (-0.000, 0.001, 0.001)  (   0.0,  -0.0,  -0.1)   0.944  (  0.02, -0.01)
EKF_ACCEL t=1790598757.953372 REJECTED dev=0.3027 d2=  174.23 thr=11.34
EKF_MAG t=1790598757.953372 FIRED    d2=    0.00 thr=11.34 dtheta=0.0000 dyaw=-0.00000 gyro_z=-0.0008
EKF_ACCEL t=1790598757.957370 REJECTED dev=0.3000 d2=  170.84 thr=11.34
EKF_MAG t=1790598757.957370 FIRED    d2=    0.00 thr=11.34 dtheta=0.0003 dyaw=+0.00003 gyro_z=+0.0004
EKF_ACCEL t=1790598757.961733 REJECTED dev=0.3138 d2=  186.59 thr=11.34
EKF_MAG t=1790598757.961733 FIRED    d2=    0.00 thr=11.34 dtheta=0.0003 dyaw=+0.00027 gyro_z=-0.0008
EKF_ACCEL t=1790598757.965412 REJECTED dev=0.3113 d2=  183.25 thr=11.34
EKF_MAG t=1790598757.965412 FIRED    d2=    0.00 thr=11.34 dtheta=0.0000 dyaw=+0.00001 gyro_z=-0.0008
EKF_ACCEL t=1790598757.969701 REJECTED dev=0.3131 d2=  185.02 thr=11.34
EKF_MAG t=1790598757.969701 FIRED    d2=    0.00 thr=11.34 dtheta=0.0000 dyaw=-0.00000 gyro_z=+0.0001
EKF_ACCEL t=1790598757.973568 REJECTED dev=0.3125 d2=  183.96 thr=11.34
EKF_MAG t=1790598757.973568 FIRED    d2=    0.00 thr=11.34 dtheta=0.0000 dyaw=-0.00000 gyro_z=+0.0009
EKF_ACCEL t=1790598757.977640 REJECTED dev=0.3137 d2=  185.00 thr=11.34
EKF_MAG t=1790598757.977640 FIRED    d2=    0.00 thr=11.34 dtheta=0.0002 dyaw=+0.00009 gyro_z=+0.0007
EKF_ACCEL t=1790598757.981565 REJECTED dev=0.3135 d2=  184.52 thr=11.34
EKF_MAG t=1790598757.981565 FIRED    d2=    0.00 thr=11.34 dtheta=0.0004 dyaw=-0.00038 gyro_z=+0.0001
EKF_ACCEL t=1790598757.985386 REJECTED dev=0.2948 d2=  162.76 thr=11.34
EKF_MAG t=1790598757.985386 FIRED    d2=    0.00 thr=11.34 dtheta=0.0000 dyaw=+0.00000 gyro_z=-0.0012
EKF_ACCEL t=1790598757.989425 REJECTED dev=0.3003 d2=  168.62 thr=11.34
EKF_MAG t=1790598757.989425 FIRED    d2=    0.00 thr=11.34 dtheta=0.0000 dyaw=-0.00001 gyro_z=+0.0021
  0.28   4.02   0.00  (-0.000,-0.001, 0.002)  (   0.0,   0.0,  -0.3)   1.012  (  0.02, -0.01)
EKF_ACCEL t=1790598757.993495 REJECTED dev=0.2969 d2=  164.49 thr=11.34
EKF_MAG t=1790598757.993495 FIRED    d2=    0.00 thr=11.34 dtheta=0.0000 dyaw=+0.00000 gyro_z=+0.0003
EKF_ACCEL t=1790598757.997427 REJECTED dev=0.3072 d2=  175.81 thr=11.34
EKF_MAG t=1790598757.997427 FIRED    d2=    0.00 thr=11.34 dtheta=0.0002 dyaw=+0.00020 gyro_z=+0.0010
EKF_ACCEL t=1790598758.001394 REJECTED dev=0.3071 d2=  175.44 thr=11.34
EKF_MAG t=1790598758.001394 FIRED    d2=    0.00 thr=11.34 dtheta=0.0000 dyaw=+0.00000 gyro_z=-0.0012
EKF_ACCEL t=1790598758.005555 REJECTED dev=0.2983 d2=  165.14 thr=11.34
EKF_MAG t=1790598758.005555 FIRED    d2=    0.00 thr=11.34 dtheta=0.0001 dyaw=+0.00009 gyro_z=-0.0004
EKF_ACCEL t=1790598758.009519 REJECTED dev=0.3034 d2=  170.53 thr=11.34
EKF_MAG t=1790598758.009519 FIRED    d2=    0.00 thr=11.34 dtheta=0.0000 dyaw=-0.00000 gyro_z=-0.0002
EKF_ACCEL t=1790598758.013495 REJECTED dev=0.3063 d2=  173.52 thr=11.34
EKF_MAG t=1790598758.013495 FIRED    d2=    0.00 thr=11.34 dtheta=0.0003 dyaw=-0.00032 gyro_z=-0.0013
EKF_ACCEL t=1790598758.017386 REJECTED dev=0.3081 d2=  175.27 thr=11.34
EKF_MAG t=1790598758.017386 FIRED    d2=    0.00 thr=11.34 dtheta=0.0000 dyaw=+0.00000 gyro_z=-0.0002
EKF_ACCEL t=1790598758.021352 REJECTED dev=0.3090 d2=  175.91 thr=11.34
EKF_MAG t=1790598758.021352 FIRED    d2=    0.00 thr=11.34 dtheta=0.0000 dyaw=+0.00000 gyro_z=+0.0004
EKF_ACCEL t=1790598758.026462 REJECTED dev=0.3013 d2=  166.92 thr=11.34
EKF_MAG t=1790598758.026462 FIRED    d2=    0.00 thr=11.34 dtheta=0.0002 dyaw=-0.00018 gyro_z=-0.0009
EKF_ACCEL t=1790598758.029739 REJECTED dev=0.3149 d2=  182.00 thr=11.34
EKF_MAG t=1790598758.029739 FIRED    d2=    0.00 thr=11.34 dtheta=0.0000 dyaw=+0.00000 gyro_z=-0.0001
  0.32   3.25   0.00  (-0.000, 0.000,-0.000)  (  -0.0,   0.0,   0.0)   1.080  (  0.02, -0.01)
EKF_ACCEL t=1790598758.034026 REJECTED dev=0.3042 d2=  169.45 thr=11.34
EKF_MAG t=1790598758.034026 FIRED    d2=    0.00 thr=11.34 dtheta=0.0000 dyaw=-0.00001 gyro_z=+0.0016
EKF_ACCEL t=1790598758.037374 REJECTED dev=0.3119 d2=  177.86 thr=11.34
EKF_MAG t=1790598758.037374 FIRED    d2=    0.00 thr=11.34 dtheta=0.0008 dyaw=+0.00081 gyro_z=-0.0004
EKF_ACCEL t=1790598758.041473 REJECTED dev=0.3193 d2=  186.04 thr=11.34
EKF_MAG t=1790598758.041473 FIRED    d2=    0.00 thr=11.34 dtheta=0.0005 dyaw=-0.00048 gyro_z=+0.0024
EKF_ACCEL t=1790598758.045684 REJECTED dev=0.3119 d2=  177.20 thr=11.34
EKF_MAG t=1790598758.045684 FIRED    d2=    0.00 thr=11.34 dtheta=0.0000 dyaw=-0.00000 gyro_z=+0.0002
EKF_ACCEL t=1790598758.049443 REJECTED dev=0.3076 d2=  172.03 thr=11.34
EKF_MAG t=1790598758.049443 FIRED    d2=    0.00 thr=11.34 dtheta=0.0000 dyaw=+0.00000 gyro_z=-0.0009
EKF_ACCEL t=1790598758.053467 REJECTED dev=0.2931 d2=  155.97 thr=11.34
EKF_MAG t=1790598758.053467 FIRED    d2=    0.00 thr=11.34 dtheta=0.0001 dyaw=-0.00001 gyro_z=+0.0008
EKF_ACCEL t=1790598758.057368 REJECTED dev=0.2956 d2=  158.38 thr=11.34
EKF_MAG t=1790598758.057368 FIRED    d2=    0.00 thr=11.34 dtheta=0.0000 dyaw=-0.00001 gyro_z=+0.0014
EKF_ACCEL t=1790598758.061452 REJECTED dev=0.3107 d2=  174.62 thr=11.34
EKF_MAG t=1790598758.061452 FIRED    d2=    0.00 thr=11.34 dtheta=0.0001 dyaw=-0.00003 gyro_z=+0.0015
EKF_ACCEL t=1790598758.065481 REJECTED dev=0.2964 d2=  158.55 thr=11.34
EKF_MAG t=1790598758.065481 FIRED    d2=    0.00 thr=11.34 dtheta=0.0000 dyaw=-0.00000 gyro_z=+0.0005
EKF_ACCEL t=1790598758.069408 REJECTED dev=0.2990 d2=  161.15 thr=11.34
EKF_MAG t=1790598758.069408 FIRED    d2=    0.00 thr=11.34 dtheta=0.0000 dyaw=+0.00000 gyro_z=-0.0000
  0.36   3.90   0.10  ( 0.006, 0.002,-0.000)  (   1.3,  -0.0,   0.0)   1.147  (  0.02, -0.01)
EKF_ACCEL t=1790598758.073601 REJECTED dev=0.3011 d2=  163.14 thr=11.34
EKF_MAG t=1790598758.073601 FIRED    d2=    0.00 thr=11.34 dtheta=0.0003 dyaw=+0.00027 gyro_z=+0.0009
EKF_ACCEL t=1790598758.077699 REJECTED dev=0.2933 d2=  154.43 thr=11.34
EKF_MAG t=1790598758.077699 FIRED    d2=    0.00 thr=11.34 dtheta=0.0000 dyaw=+0.00000 gyro_z=+0.0018
EKF_ACCEL t=1790598758.081489 REJECTED dev=0.3156 d2=  178.55 thr=11.34
EKF_MAG t=1790598758.081489 FIRED    d2=    0.00 thr=11.34 dtheta=0.0002 dyaw=-0.00005 gyro_z=+0.0001
EKF_ACCEL t=1790598758.085424 REJECTED dev=0.3078 d2=  169.53 thr=11.34
EKF_MAG t=1790598758.085424 FIRED    d2=    0.00 thr=11.34 dtheta=0.0000 dyaw=-0.00000 gyro_z=+0.0008
EKF_ACCEL t=1790598758.089440 REJECTED dev=0.3209 d2=  183.95 thr=11.34
EKF_MAG t=1790598758.089440 FIRED    d2=    0.00 thr=11.34 dtheta=0.0000 dyaw=+0.00000 gyro_z=-0.0009
EKF_ACCEL t=1790598758.093637 REJECTED dev=0.3035 d2=  164.20 thr=11.34
EKF_MAG t=1790598758.093637 FIRED    d2=    0.00 thr=11.34 dtheta=0.0007 dyaw=-0.00070 gyro_z=-0.0007
EKF_ACCEL t=1790598758.097358 REJECTED dev=0.3086 d2=  169.44 thr=11.34
EKF_MAG t=1790598758.097358 FIRED    d2=    0.00 thr=11.34 dtheta=0.0000 dyaw=-0.00000 gyro_z=-0.0009
EKF_ACCEL t=1790598758.101529 REJECTED dev=0.3002 d2=  159.98 thr=11.34
EKF_MAG t=1790598758.101529 FIRED    d2=    0.00 thr=11.34 dtheta=0.0001 dyaw=-0.00008 gyro_z=+0.0012
EKF_ACCEL t=1790598758.106024 REJECTED dev=0.3134 d2=  174.08 thr=11.34
EKF_MAG t=1790598758.106024 FIRED    d2=    0.00 thr=11.34 dtheta=0.0000 dyaw=+0.00000 gyro_z=-0.0004
EKF_ACCEL t=1790598758.109812 REJECTED dev=0.3141 d2=  174.63 thr=11.34
EKF_MAG t=1790598758.109812 FIRED    d2=    0.00 thr=11.34 dtheta=0.0000 dyaw=-0.00000 gyro_z=+0.0010
  0.40   4.07   0.10  ( 0.022, 0.001, 0.001)  (   1.0,  -0.0,  -0.1)   1.214  (  0.02, -0.02)
EKF_ACCEL t=1790598758.113646 REJECTED dev=0.3087 d2=  168.54 thr=11.34
EKF_MAG t=1790598758.113646 FIRED    d2=    0.00 thr=11.34 dtheta=0.0002 dyaw=-0.00002 gyro_z=+0.0001
EKF_ACCEL t=1790598758.117399 REJECTED dev=0.3093 d2=  169.01 thr=11.34
EKF_MAG t=1790598758.117399 FIRED    d2=    0.00 thr=11.34 dtheta=0.0004 dyaw=-0.00032 gyro_z=+0.0004
EKF_ACCEL t=1790598758.121536 REJECTED dev=0.3106 d2=  170.05 thr=11.34
EKF_MAG t=1790598758.121536 FIRED    d2=    0.00 thr=11.34 dtheta=0.0000 dyaw=+0.00001 gyro_z=+0.0007
EKF_ACCEL t=1790598758.126031 REJECTED dev=0.3052 d2=  163.83 thr=11.34
EKF_MAG t=1790598758.126031 FIRED    d2=    0.00 thr=11.34 dtheta=0.0002 dyaw=+0.00016 gyro_z=+0.0000
EKF_ACCEL t=1790598758.129945 REJECTED dev=0.3060 d2=  164.43 thr=11.34
EKF_MAG t=1790598758.129945 FIRED    d2=    0.00 thr=11.34 dtheta=0.0000 dyaw=+0.00001 gyro_z=-0.0006
EKF_ACCEL t=1790598758.133521 REJECTED dev=0.2952 d2=  152.66 thr=11.34
EKF_MAG t=1790598758.133521 FIRED    d2=    0.00 thr=11.34 dtheta=0.0000 dyaw=+0.00001 gyro_z=-0.0002
EKF_ACCEL t=1790598758.137857 REJECTED dev=0.3091 d2=  167.10 thr=11.34
EKF_MAG t=1790598758.137857 FIRED    d2=    0.00 thr=11.34 dtheta=0.0002 dyaw=-0.00007 gyro_z=+0.0011
EKF_ACCEL t=1790598758.141720 REJECTED dev=0.3091 d2=  166.78 thr=11.34
EKF_MAG t=1790598758.141720 FIRED    d2=    0.00 thr=11.34 dtheta=0.0003 dyaw=-0.00027 gyro_z=+0.0001
EKF_ACCEL t=1790598758.145763 REJECTED dev=0.3160 d2=  174.03 thr=11.34
EKF_MAG t=1790598758.145763 FIRED    d2=    0.00 thr=11.34 dtheta=0.0000 dyaw=+0.00001 gyro_z=+0.0002
EKF_ACCEL t=1790598758.149409 REJECTED dev=0.3005 d2=  157.04 thr=11.34
EKF_MAG t=1790598758.149409 FIRED    d2=    0.00 thr=11.34 dtheta=0.0000 dyaw=+0.00002 gyro_z=-0.0023
  0.44   3.61   0.10  ( 0.038, 0.001,-0.002)  (   0.8,  -0.0,   0.3)   1.303  (  0.01, -0.02)
EKF_ACCEL t=1790598758.153392 REJECTED dev=0.2985 d2=  154.69 thr=11.34
EKF_MAG t=1790598758.153392 FIRED    d2=    0.00 thr=11.34 dtheta=0.0000 dyaw=+0.00001 gyro_z=-0.0015
EKF_ACCEL t=1790598758.157348 REJECTED dev=0.3126 d2=  169.29 thr=11.34
EKF_MAG t=1790598758.157348 FIRED    d2=    0.00 thr=11.34 dtheta=0.0005 dyaw=-0.00052 gyro_z=-0.0009
EKF_ACCEL t=1790598758.161730 REJECTED dev=0.3056 d2=  161.53 thr=11.34
EKF_MAG t=1790598758.161730 FIRED    d2=    0.00 thr=11.34 dtheta=0.0000 dyaw=+0.00003 gyro_z=-0.0014
EKF_ACCEL t=1790598758.165455 REJECTED dev=0.2939 d2=  149.12 thr=11.34
EKF_MAG t=1790598758.165455 FIRED    d2=    0.00 thr=11.34 dtheta=0.0003 dyaw=-0.00027 gyro_z=+0.0001
EKF_ACCEL t=1790598758.169358 REJECTED dev=0.3023 d2=  157.53 thr=11.34
EKF_MAG t=1790598758.169358 FIRED    d2=    0.00 thr=11.34 dtheta=0.0001 dyaw=+0.00005 gyro_z=+0.0001
EKF_ACCEL t=1790598758.173488 REJECTED dev=0.3203 d2=  176.54 thr=11.34
EKF_MAG t=1790598758.173488 FIRED    d2=    0.00 thr=11.34 dtheta=0.0001 dyaw=+0.00005 gyro_z=-0.0017
EKF_ACCEL t=1790598758.177587 REJECTED dev=0.3099 d2=  164.85 thr=11.34
EKF_MAG t=1790598758.177587 FIRED    d2=    0.00 thr=11.34 dtheta=0.0004 dyaw=-0.00040 gyro_z=+0.0007
EKF_ACCEL t=1790598758.181490 REJECTED dev=0.2986 d2=  152.86 thr=11.34
EKF_MAG t=1790598758.181490 FIRED    d2=    0.00 thr=11.34 dtheta=0.0002 dyaw=-0.00017 gyro_z=-0.0006
EKF_ACCEL t=1790598758.185335 REJECTED dev=0.2970 d2=  150.79 thr=11.34
EKF_MAG t=1790598758.185335 FIRED    d2=    0.00 thr=11.34 dtheta=0.0000 dyaw=+0.00003 gyro_z=-0.0012
EKF_ACCEL t=1790598758.189390 REJECTED dev=0.3010 d2=  154.63 thr=11.34
EKF_MAG t=1790598758.189390 FIRED    d2=    0.00 thr=11.34 dtheta=0.0000 dyaw=+0.00002 gyro_z=-0.0006
  0.48   4.06   0.10  ( 0.049, 0.002,-0.001)  (   0.6,  -0.0,   0.1)   1.369  (  0.01, -0.02)
EKF_ACCEL t=1790598758.193544 REJECTED dev=0.3146 d2=  168.62 thr=11.34
EKF_MAG t=1790598758.193544 FIRED    d2=    0.00 thr=11.34 dtheta=0.0000 dyaw=+0.00003 gyro_z=-0.0024
EKF_ACCEL t=1790598758.197488 REJECTED dev=0.3079 d2=  161.16 thr=11.34
EKF_MAG t=1790598758.197488 FIRED    d2=    0.00 thr=11.34 dtheta=0.0005 dyaw=-0.00047 gyro_z=+0.0001
EKF_ACCEL t=1790598758.201572 REJECTED dev=0.3196 d2=  173.22 thr=11.34
EKF_MAG t=1790598758.201572 FIRED    d2=    0.00 thr=11.34 dtheta=0.0010 dyaw=-0.00100 gyro_z=-0.0009
EKF_ACCEL t=1790598758.205547 REJECTED dev=0.3093 d2=  162.09 thr=11.34
EKF_MAG t=1790598758.205547 FIRED    d2=    0.00 thr=11.34 dtheta=0.0001 dyaw=+0.00006 gyro_z=-0.0008
EKF_ACCEL t=1790598758.209961 REJECTED dev=0.2984 d2=  150.51 thr=11.34
EKF_MAG t=1790598758.209961 FIRED    d2=    0.00 thr=11.34 dtheta=0.0001 dyaw=+0.00006 gyro_z=-0.0006
EKF_ACCEL t=1790598758.214072 REJECTED dev=0.2879 d2=  139.92 thr=11.34
EKF_MAG t=1790598758.214072 FIRED    d2=    0.00 thr=11.34 dtheta=0.0007 dyaw=-0.00068 gyro_z=-0.0010
EKF_ACCEL t=1790598758.217484 REJECTED dev=0.3053 d2=  156.92 thr=11.34
EKF_MAG t=1790598758.217484 FIRED    d2=    0.00 thr=11.34 dtheta=0.0000 dyaw=-0.00001 gyro_z=+0.0003
EKF_ACCEL t=1790598758.221450 REJECTED dev=0.3061 d2=  157.54 thr=11.34
EKF_MAG t=1790598758.221450 FIRED    d2=    0.00 thr=11.34 dtheta=0.0003 dyaw=+0.00028 gyro_z=+0.0004
EKF_ACCEL t=1790598758.225711 REJECTED dev=0.3110 d2=  162.23 thr=11.34
EKF_MAG t=1790598758.225711 FIRED    d2=    0.00 thr=11.34 dtheta=0.0001 dyaw=+0.00005 gyro_z=-0.0001
EKF_ACCEL t=1790598758.229678 REJECTED dev=0.3241 d2=  175.91 thr=11.34
EKF_MAG t=1790598758.229678 FIRED    d2=    0.00 thr=11.34 dtheta=0.0000 dyaw=+0.00004 gyro_z=-0.0012
  0.52   3.96   0.10  ( 0.060,-0.000,-0.001)  (   0.5,   0.0,   0.2)   1.436  (  0.01, -0.02)
EKF_ACCEL t=1790598758.233513 REJECTED dev=0.2959 d2=  146.43 thr=11.34
EKF_MAG t=1790598758.233513 FIRED    d2=    0.00 thr=11.34 dtheta=0.0000 dyaw=+0.00003 gyro_z=+0.0001
EKF_ACCEL t=1790598758.237350 REJECTED dev=0.3174 d2=  167.95 thr=11.34
EKF_MAG t=1790598758.237350 FIRED    d2=    0.00 thr=11.34 dtheta=0.0007 dyaw=-0.00065 gyro_z=-0.0006
EKF_ACCEL t=1790598758.241487 REJECTED dev=0.3025 d2=  152.32 thr=11.34
EKF_MAG t=1790598758.241487 FIRED    d2=    0.00 thr=11.34 dtheta=0.0004 dyaw=-0.00037 gyro_z=+0.0000
EKF_ACCEL t=1790598758.245634 REJECTED dev=0.2958 d2=  145.26 thr=11.34
EKF_MAG t=1790598758.245634 FIRED    d2=    0.00 thr=11.34 dtheta=0.0001 dyaw=-0.00006 gyro_z=+0.0000
EKF_ACCEL t=1790598758.249712 REJECTED dev=0.3029 d2=  152.05 thr=11.34
EKF_MAG t=1790598758.249712 FIRED    d2=    0.00 thr=11.34 dtheta=0.0000 dyaw=-0.00005 gyro_z=+0.0001
EKF_ACCEL t=1790598758.253526 REJECTED dev=0.3011 d2=  149.91 thr=11.34
EKF_MAG t=1790598758.253526 FIRED    d2=    0.00 thr=11.34 dtheta=0.0008 dyaw=-0.00080 gyro_z=-0.0005
EKF_ACCEL t=1790598758.257403 REJECTED dev=0.2994 d2=  147.91 thr=11.34
EKF_MAG t=1790598758.257403 FIRED    d2=    0.00 thr=11.34 dtheta=0.0001 dyaw=+0.00007 gyro_z=-0.0007
EKF_ACCEL t=1790598758.261715 REJECTED dev=0.2998 d2=  148.10 thr=11.34
EKF_MAG t=1790598758.261715 FIRED    d2=    0.00 thr=11.34 dtheta=0.0002 dyaw=-0.00014 gyro_z=-0.0004
EKF_ACCEL t=1790598758.265519 REJECTED dev=0.3124 d2=  160.39 thr=11.34
EKF_MAG t=1790598758.265519 FIRED    d2=    0.00 thr=11.34 dtheta=0.0000 dyaw=+0.00002 gyro_z=-0.0010
EKF_ACCEL t=1790598758.269650 REJECTED dev=0.3179 d2=  165.74 thr=11.34
EKF_MAG t=1790598758.269650 FIRED    d2=    0.00 thr=11.34 dtheta=0.0000 dyaw=+0.00002 gyro_z=-0.0000
  0.56   4.12   0.10  ( 0.069, 0.002,-0.000)  (   0.4,  -0.1,   0.0)   1.501  (  0.01, -0.02)
EKF_ACCEL t=1790598758.273746 REJECTED dev=0.3093 d2=  156.56 thr=11.34
EKF_MAG t=1790598758.273746 FIRED    d2=    0.00 thr=11.34 dtheta=0.0009 dyaw=-0.00090 gyro_z=+0.0005
EKF_ACCEL t=1790598758.277596 REJECTED dev=0.3038 d2=  150.76 thr=11.34
EKF_MAG t=1790598758.277596 FIRED    d2=    0.00 thr=11.34 dtheta=0.0000 dyaw=+0.00003 gyro_z=-0.0019
EKF_ACCEL t=1790598758.281579 REJECTED dev=0.3066 d2=  153.23 thr=11.34
EKF_MAG t=1790598758.281579 FIRED    d2=    0.00 thr=11.34 dtheta=0.0005 dyaw=-0.00048 gyro_z=-0.0003
EKF_ACCEL t=1790598758.285359 REJECTED dev=0.2925 d2=  139.25 thr=11.34
EKF_MAG t=1790598758.285359 FIRED    d2=    0.00 thr=11.34 dtheta=0.0000 dyaw=-0.00001 gyro_z=-0.0020
EKF_ACCEL t=1790598758.289355 REJECTED dev=0.3046 d2=  150.61 thr=11.34
EKF_MAG t=1790598758.289355 FIRED    d2=    0.00 thr=11.34 dtheta=0.0000 dyaw=-0.00000 gyro_z=-0.0010
EKF_ACCEL t=1790598758.293706 REJECTED dev=0.2942 d2=  140.20 thr=11.34
EKF_MAG t=1790598758.293706 FIRED    d2=    0.00 thr=11.34 dtheta=0.0000 dyaw=-0.00000 gyro_z=-0.0004
EKF_ACCEL t=1790598758.297589 REJECTED dev=0.3058 d2=  151.19 thr=11.34
EKF_MAG t=1790598758.297589 FIRED    d2=    0.00 thr=11.34 dtheta=0.0007 dyaw=-0.00071 gyro_z=-0.0005
EKF_ACCEL t=1790598758.301535 REJECTED dev=0.3108 d2=  155.88 thr=11.34
EKF_MAG t=1790598758.301535 FIRED    d2=    0.00 thr=11.34 dtheta=0.0007 dyaw=-0.00069 gyro_z=-0.0016
EKF_ACCEL t=1790598758.305609 REJECTED dev=0.3099 d2=  154.66 thr=11.34
EKF_MAG t=1790598758.305609 FIRED    d2=    0.00 thr=11.34 dtheta=0.0000 dyaw=-0.00003 gyro_z=-0.0019
EKF_ACCEL t=1790598758.309679 REJECTED dev=0.3080 d2=  152.38 thr=11.34
EKF_MAG t=1790598758.309679 FIRED    d2=    0.00 thr=11.34 dtheta=0.0000 dyaw=-0.00002 gyro_z=-0.0010
  0.60   4.12   0.10  ( 0.075,-0.000,-0.001)  (   0.3,   0.0,   0.1)   1.566  (  0.01, -0.03)
EKF_ACCEL t=1790598758.313511 REJECTED dev=0.3027 d2=  146.92 thr=11.34
EKF_MAG t=1790598758.313511 FIRED    d2=    0.00 thr=11.34 dtheta=0.0010 dyaw=-0.00094 gyro_z=-0.0009
EKF_ACCEL t=1790598758.317445 REJECTED dev=0.3093 d2=  154.58 thr=11.34
EKF_MAG t=1790598758.317445 FIRED    d2=    0.00 thr=11.34 dtheta=0.0003 dyaw=-0.00000 gyro_z=-0.0015
EKF_ACCEL t=1790598758.321486 REJECTED dev=0.3060 d2=  150.90 thr=11.34
EKF_MAG t=1790598758.321486 FIRED    d2=    0.00 thr=11.34 dtheta=0.0004 dyaw=+0.00017 gyro_z=-0.0010
EKF_ACCEL t=1790598758.325962 REJECTED dev=0.3013 d2=  146.09 thr=11.34
EKF_MAG t=1790598758.325962 FIRED    d2=    0.00 thr=11.34 dtheta=0.0001 dyaw=+0.00012 gyro_z=-0.0011
EKF_ACCEL t=1790598758.330258 REJECTED dev=0.3122 d2=  156.55 thr=11.34
EKF_MAG t=1790598758.330258 FIRED    d2=    0.00 thr=11.34 dtheta=0.0001 dyaw=+0.00010 gyro_z=-0.0001
EKF_ACCEL t=1790598758.333596 REJECTED dev=0.3096 d2=  153.73 thr=11.34
EKF_MAG t=1790598758.333596 FIRED    d2=    0.00 thr=11.34 dtheta=0.0001 dyaw=+0.00008 gyro_z=-0.0011
EKF_ACCEL t=1790598758.337520 REJECTED dev=0.3121 d2=  155.70 thr=11.34
EKF_MAG t=1790598758.337520 FIRED    d2=    0.00 thr=11.34 dtheta=0.0011 dyaw=-0.00114 gyro_z=-0.0014
EKF_ACCEL t=1790598758.341972 REJECTED dev=0.3111 d2=  154.44 thr=11.34
EKF_MAG t=1790598758.341972 FIRED    d2=    0.00 thr=11.34 dtheta=0.0003 dyaw=+0.00022 gyro_z=-0.0009
EKF_ACCEL t=1790598758.345885 REJECTED dev=0.3094 d2=  152.52 thr=11.34
EKF_MAG t=1790598758.345885 FIRED    d2=    0.00 thr=11.34 dtheta=0.0001 dyaw=+0.00010 gyro_z=+0.0003
EKF_ACCEL t=1790598758.350896 REJECTED dev=0.3104 d2=  153.17 thr=11.34
EKF_MAG t=1790598758.350896 FIRED    d2=    0.00 thr=11.34 dtheta=0.0001 dyaw=+0.00009 gyro_z=-0.0002
  0.64   4.99   0.10  ( 0.078, 0.002,-0.000)  (   0.3,  -0.0,   0.0)   1.652  (  0.00, -0.02)
EKF_ACCEL t=1790598758.354013 REJECTED dev=0.3138 d2=  156.17 thr=11.34
EKF_MAG t=1790598758.354013 FIRED    d2=    0.00 thr=11.34 dtheta=0.0011 dyaw=-0.00105 gyro_z=-0.0026
EKF_ACCEL t=1790598758.357775 REJECTED dev=0.3142 d2=  156.29 thr=11.34
EKF_MAG t=1790598758.357775 FIRED    d2=    0.00 thr=11.34 dtheta=0.0000 dyaw=+0.00004 gyro_z=-0.0021
EKF_ACCEL t=1790598758.361952 REJECTED dev=0.3106 d2=  152.41 thr=11.34
EKF_MAG t=1790598758.361952 FIRED    d2=    0.00 thr=11.34 dtheta=0.0010 dyaw=-0.00095 gyro_z=+0.0004
EKF_ACCEL t=1790598758.366595 REJECTED dev=0.3002 d2=  142.17 thr=11.34
EKF_MAG t=1790598758.366595 FIRED    d2=    0.00 thr=11.34 dtheta=0.0001 dyaw=+0.00011 gyro_z=-0.0022
EKF_ACCEL t=1790598758.370047 REJECTED dev=0.3147 d2=  155.73 thr=11.34
EKF_MAG t=1790598758.370047 FIRED    d2=    0.00 thr=11.34 dtheta=0.0001 dyaw=+0.00009 gyro_z=-0.0001
EKF_ACCEL t=1790598758.374124 REJECTED dev=0.3026 d2=  143.87 thr=11.34
EKF_MAG t=1790598758.374124 FIRED    d2=    0.00 thr=11.34 dtheta=0.0009 dyaw=-0.00088 gyro_z=-0.0004
EKF_ACCEL t=1790598758.377898 REJECTED dev=0.3120 d2=  152.42 thr=11.34
EKF_MAG t=1790598758.377898 FIRED    d2=    0.00 thr=11.34 dtheta=0.0001 dyaw=+0.00011 gyro_z=-0.0013
EKF_ACCEL t=1790598758.382041 REJECTED dev=0.3098 d2=  149.95 thr=11.34
EKF_MAG t=1790598758.382041 FIRED    d2=    0.00 thr=11.34 dtheta=0.0001 dyaw=+0.00010 gyro_z=-0.0011
EKF_ACCEL t=1790598758.385373 REJECTED dev=0.3030 d2=  143.33 thr=11.34
EKF_MAG t=1790598758.385373 FIRED    d2=    0.00 thr=11.34 dtheta=0.0003 dyaw=-0.00024 gyro_z=-0.0009
EKF_ACCEL t=1790598758.389732 REJECTED dev=0.2933 d2=  134.11 thr=11.34
EKF_MAG t=1790598758.389732 FIRED    d2=    0.00 thr=11.34 dtheta=0.0001 dyaw=+0.00010 gyro_z=+0.0006
  0.68   4.37   0.00  ( 0.082, 0.001, 0.001)  (  -1.2,  -0.0,  -0.1)   1.715  (  0.00, -0.03)
EKF_ACCEL t=1790598758.393545 REJECTED dev=0.3019 d2=  141.68 thr=11.34
EKF_MAG t=1790598758.393545 FIRED    d2=    0.00 thr=11.34 dtheta=0.0001 dyaw=+0.00009 gyro_z=-0.0009
EKF_ACCEL t=1790598758.397411 REJECTED dev=0.2955 d2=  135.51 thr=11.34
EKF_MAG t=1790598758.397411 FIRED    d2=    0.00 thr=11.34 dtheta=0.0009 dyaw=-0.00085 gyro_z=-0.0010
EKF_ACCEL t=1790598758.401467 REJECTED dev=0.3092 d2=  147.98 thr=11.34
EKF_MAG t=1790598758.401467 FIRED    d2=    0.00 thr=11.34 dtheta=0.0000 dyaw=+0.00003 gyro_z=-0.0022
EKF_ACCEL t=1790598758.405444 REJECTED dev=0.3055 d2=  144.34 thr=11.34
EKF_MAG t=1790598758.405444 FIRED    d2=    0.00 thr=11.34 dtheta=0.0005 dyaw=-0.00050 gyro_z=-0.0011
EKF_ACCEL t=1790598758.409697 REJECTED dev=0.3085 d2=  146.67 thr=11.34
EKF_MAG t=1790598758.409697 FIRED    d2=    0.00 thr=11.34 dtheta=0.0001 dyaw=-0.00006 gyro_z=-0.0005
EKF_ACCEL t=1790598758.413502 REJECTED dev=0.3052 d2=  143.33 thr=11.34
EKF_MAG t=1790598758.413502 FIRED    d2=    0.00 thr=11.34 dtheta=0.0000 dyaw=-0.00004 gyro_z=-0.0006
EKF_ACCEL t=1790598758.417418 REJECTED dev=0.2966 d2=  135.10 thr=11.34
EKF_MAG t=1790598758.417418 FIRED    d2=    0.00 thr=11.34 dtheta=0.0004 dyaw=-0.00034 gyro_z=-0.0011
EKF_ACCEL t=1790598758.421364 REJECTED dev=0.3054 d2=  142.96 thr=11.34
EKF_MAG t=1790598758.421364 FIRED    d2=    0.00 thr=11.34 dtheta=0.0000 dyaw=+0.00002 gyro_z=+0.0008
EKF_ACCEL t=1790598758.425969 REJECTED dev=0.3081 d2=  145.32 thr=11.34
EKF_MAG t=1790598758.425969 FIRED    d2=    0.00 thr=11.34 dtheta=0.0009 dyaw=-0.00088 gyro_z=-0.0005
EKF_ACCEL t=1790598758.429764 REJECTED dev=0.3042 d2=  141.21 thr=11.34
EKF_MAG t=1790598758.429764 FIRED    d2=    0.00 thr=11.34 dtheta=0.0001 dyaw=+0.00008 gyro_z=-0.0015
  0.72   3.64   0.00  ( 0.070, 0.001,-0.002)  (  -0.9,  -0.0,   0.2)   1.780  (  0.00, -0.03)
EKF_ACCEL t=1790598758.433558 REJECTED dev=0.3097 d2=  146.32 thr=11.34
EKF_MAG t=1790598758.433558 FIRED    d2=    0.00 thr=11.34 dtheta=0.0001 dyaw=+0.00008 gyro_z=-0.0022
EKF_ACCEL t=1790598758.437949 REJECTED dev=0.3036 d2=  140.34 thr=11.34
EKF_MAG t=1790598758.437949 FIRED    d2=    0.00 thr=11.34 dtheta=0.0010 dyaw=-0.00100 gyro_z=-0.0016
EKF_ACCEL t=1790598758.443098 REJECTED dev=0.3096 d2=  145.54 thr=11.34
EKF_MAG t=1790598758.443098 FIRED    d2=    0.00 thr=11.34 dtheta=0.0002 dyaw=+0.00023 gyro_z=-0.0008
EKF_ACCEL t=1790598758.445715 REJECTED dev=0.3046 d2=  140.42 thr=11.34
EKF_MAG t=1790598758.445715 FIRED    d2=    0.00 thr=11.34 dtheta=0.0000 dyaw=+0.00003 gyro_z=-0.0012
EKF_ACCEL t=1790598758.449583 REJECTED dev=0.3127 d2=  147.86 thr=11.34
EKF_MAG t=1790598758.449583 FIRED    d2=    0.00 thr=11.34 dtheta=0.0000 dyaw=+0.00003 gyro_z=-0.0013
EKF_ACCEL t=1790598758.453714 REJECTED dev=0.3035 d2=  138.89 thr=11.34
EKF_MAG t=1790598758.453714 FIRED    d2=    0.00 thr=11.34 dtheta=0.0011 dyaw=-0.00107 gyro_z=-0.0033
EKF_ACCEL t=1790598758.457648 REJECTED dev=0.2966 d2=  132.46 thr=11.34
EKF_MAG t=1790598758.457648 FIRED    d2=    0.00 thr=11.34 dtheta=0.0002 dyaw=+0.00019 gyro_z=-0.0008
EKF_ACCEL t=1790598758.461828 REJECTED dev=0.2989 d2=  134.31 thr=11.34
EKF_MAG t=1790598758.461828 FIRED    d2=    0.00 thr=11.34 dtheta=0.0005 dyaw=-0.00025 gyro_z=-0.0029
EKF_ACCEL t=1790598758.465590 REJECTED dev=0.2992 d2=  134.59 thr=11.34
EKF_MAG t=1790598758.465590 FIRED    d2=    0.00 thr=11.34 dtheta=0.0001 dyaw=-0.00007 gyro_z=-0.0015
EKF_ACCEL t=1790598758.469448 REJECTED dev=0.3034 d2=  137.74 thr=11.34
EKF_MAG t=1790598758.469448 FIRED    d2=    0.00 thr=11.34 dtheta=0.0001 dyaw=-0.00005 gyro_z=-0.0016
  0.76   3.84   0.00  ( 0.056, 0.002,-0.002)  (  -0.6,  -0.0,   0.2)   1.843  ( -0.00, -0.04)
EKF_ACCEL t=1790598758.473792 REJECTED dev=0.2912 d2=  126.74 thr=11.34
EKF_MAG t=1790598758.473792 FIRED    d2=    0.00 thr=11.34 dtheta=0.0008 dyaw=-0.00079 gyro_z=-0.0030
EKF_ACCEL t=1790598758.477600 REJECTED dev=0.3094 d2=  142.93 thr=11.34
EKF_MAG t=1790598758.477600 FIRED    d2=    0.00 thr=11.34 dtheta=0.0000 dyaw=+0.00003 gyro_z=-0.0004
EKF_ACCEL t=1790598758.481762 REJECTED dev=0.3048 d2=  138.49 thr=11.34
EKF_MAG t=1790598758.481762 FIRED    d2=    0.00 thr=11.34 dtheta=0.0002 dyaw=+0.00006 gyro_z=-0.0016
EKF_ACCEL t=1790598758.485564 REJECTED dev=0.3096 d2=  142.47 thr=11.34
EKF_MAG t=1790598758.485564 FIRED    d2=    0.00 thr=11.34 dtheta=0.0001 dyaw=+0.00014 gyro_z=-0.0011
EKF_ACCEL t=1790598758.489419 REJECTED dev=0.3056 d2=  138.47 thr=11.34
EKF_MAG t=1790598758.489419 FIRED    d2=    0.00 thr=11.34 dtheta=0.0001 dyaw=+0.00010 gyro_z=+0.0004
EKF_ACCEL t=1790598758.493891 REJECTED dev=0.3089 d2=  141.21 thr=11.34
EKF_MAG t=1790598758.493891 FIRED    d2=    0.00 thr=11.34 dtheta=0.0002 dyaw=-0.00019 gyro_z=+0.0005
EKF_ACCEL t=1790598758.497535 REJECTED dev=0.3041 d2=  136.93 thr=11.34
EKF_MAG t=1790598758.497535 FIRED    d2=    0.00 thr=11.34 dtheta=0.0000 dyaw=+0.00002 gyro_z=-0.0027
EKF_ACCEL t=1790598758.501546 REJECTED dev=0.3148 d2=  146.13 thr=11.34
EKF_MAG t=1790598758.501546 FIRED    d2=    0.00 thr=11.34 dtheta=0.0010 dyaw=-0.00097 gyro_z=+0.0005
EKF_ACCEL t=1790598758.505587 REJECTED dev=0.3095 d2=  140.90 thr=11.34
EKF_MAG t=1790598758.505587 FIRED    d2=    0.00 thr=11.34 dtheta=0.0000 dyaw=-0.00003 gyro_z=-0.0023
EKF_ACCEL t=1790598758.509784 REJECTED dev=0.2952 d2=  128.39 thr=11.34
EKF_MAG t=1790598758.509784 FIRED    d2=    0.00 thr=11.34 dtheta=0.0000 dyaw=-0.00001 gyro_z=-0.0026
  0.80   4.07   0.00  ( 0.048, 0.002,-0.003)  (  -0.6,  -0.1,   0.4)   1.906  ( -0.00, -0.04)
EKF_ACCEL t=1790598758.513540 REJECTED dev=0.3134 d2=  144.16 thr=11.34
EKF_MAG t=1790598758.513540 FIRED    d2=    0.00 thr=11.34 dtheta=0.0003 dyaw=-0.00015 gyro_z=-0.0014
EKF_ACCEL t=1790598758.517462 REJECTED dev=0.3030 d2=  137.56 thr=11.34
EKF_MAG t=1790598758.517462 FIRED    d2=    0.00 thr=11.34 dtheta=0.0010 dyaw=-0.00026 gyro_z=-0.0005
EKF_ACCEL t=1790598758.521594 REJECTED dev=0.3050 d2=  139.08 thr=11.34
EKF_MAG t=1790598758.521594 FIRED    d2=    0.00 thr=11.34 dtheta=0.0009 dyaw=+0.00027 gyro_z=-0.0010
EKF_ACCEL t=1790598758.525671 REJECTED dev=0.2931 d2=  128.33 thr=11.34
EKF_MAG t=1790598758.525671 FIRED    d2=    0.00 thr=11.34 dtheta=0.0000 dyaw=+0.00003 gyro_z=-0.0013
EKF_ACCEL t=1790598758.529453 REJECTED dev=0.3090 d2=  142.36 thr=11.34
EKF_MAG t=1790598758.529453 FIRED    d2=    0.00 thr=11.34 dtheta=0.0000 dyaw=+0.00002 gyro_z=-0.0007
EKF_ACCEL t=1790598758.533589 REJECTED dev=0.3004 d2=  134.37 thr=11.34
EKF_MAG t=1790598758.533589 FIRED    d2=    0.00 thr=11.34 dtheta=0.0000 dyaw=+0.00002 gyro_z=-0.0006
EKF_ACCEL t=1790598758.537553 REJECTED dev=0.3013 d2=  134.87 thr=11.34
EKF_MAG t=1790598758.537553 FIRED    d2=    0.00 thr=11.34 dtheta=0.0004 dyaw=-0.00040 gyro_z=-0.0012
EKF_ACCEL t=1790598758.541466 REJECTED dev=0.3047 d2=  137.80 thr=11.34
EKF_MAG t=1790598758.541466 FIRED    d2=    0.00 thr=11.34 dtheta=0.0009 dyaw=-0.00092 gyro_z=-0.0031
EKF_ACCEL t=1790598758.545503 REJECTED dev=0.3060 d2=  138.68 thr=11.34
EKF_MAG t=1790598758.545503 FIRED    d2=    0.00 thr=11.34 dtheta=0.0000 dyaw=-0.00000 gyro_z=-0.0023
EKF_ACCEL t=1790598758.549383 REJECTED dev=0.3011 d2=  134.22 thr=11.34
EKF_MAG t=1790598758.549383 FIRED    d2=    0.00 thr=11.34 dtheta=0.0000 dyaw=+0.00000 gyro_z=-0.0004
  0.84   3.79   0.00  ( 0.037, 0.000,-0.000)  (  -0.5,   0.0,   0.1)   1.985  ( -0.01, -0.02)
EKF_ACCEL t=1790598758.553389 REJECTED dev=0.3122 d2=  144.00 thr=11.34
EKF_MAG t=1790598758.553389 FIRED    d2=    0.00 thr=11.34 dtheta=0.0003 dyaw=+0.00027 gyro_z=-0.0035
EKF_ACCEL t=1790598758.557352 REJECTED dev=0.3095 d2=  141.22 thr=11.34
EKF_MAG t=1790598758.557352 FIRED    d2=    0.00 thr=11.34 dtheta=0.0001 dyaw=+0.00008 gyro_z=-0.0020
EKF_ACCEL t=1790598758.561785 REJECTED dev=0.3040 d2=  136.03 thr=11.34
EKF_MAG t=1790598758.561785 FIRED    d2=    0.00 thr=11.34 dtheta=0.0001 dyaw=+0.00006 gyro_z=-0.0018
EKF_ACCEL t=1790598758.565796 REJECTED dev=0.3125 d2=  143.51 thr=11.34
EKF_MAG t=1790598758.565796 FIRED    d2=    0.00 thr=11.34 dtheta=0.0002 dyaw=-0.00023 gyro_z=-0.0014
EKF_ACCEL t=1790598758.569404 REJECTED dev=0.3055 d2=  136.95 thr=11.34
EKF_MAG t=1790598758.569404 FIRED    d2=    0.00 thr=11.34 dtheta=0.0000 dyaw=+0.00004 gyro_z=-0.0023
EKF_ACCEL t=1790598758.573378 REJECTED dev=0.3166 d2=  146.85 thr=11.34
EKF_MAG t=1790598758.573378 FIRED    d2=    0.00 thr=11.34 dtheta=0.0000 dyaw=+0.00004 gyro_z=-0.0030
EKF_ACCEL t=1790598758.577653 REJECTED dev=0.3171 d2=  146.97 thr=11.34
EKF_MAG t=1790598758.577653 FIRED    d2=    0.00 thr=11.34 dtheta=0.0003 dyaw=-0.00033 gyro_z=-0.0029
EKF_ACCEL t=1790598758.581565 REJECTED dev=0.3087 d2=  139.19 thr=11.34
EKF_MAG t=1790598758.581565 FIRED    d2=    0.00 thr=11.34 dtheta=0.0005 dyaw=-0.00040 gyro_z=-0.0014
EKF_ACCEL t=1790598758.585621 REJECTED dev=0.3024 d2=  133.41 thr=11.34
EKF_MAG t=1790598758.585621 FIRED    d2=    0.00 thr=11.34 dtheta=0.0001 dyaw=+0.00010 gyro_z=-0.0013
EKF_ACCEL t=1790598758.589721 REJECTED dev=0.2905 d2=  122.88 thr=11.34
EKF_MAG t=1790598758.589721 FIRED    d2=    0.00 thr=11.34 dtheta=0.0001 dyaw=+0.00009 gyro_z=-0.0023
  0.88   4.14   0.00  ( 0.030, 0.001,-0.002)  (  -0.4,   0.0,   0.3)   2.049  ( -0.01, -0.03)
EKF_ACCEL t=1790598758.593671 REJECTED dev=0.3038 d2=  134.15 thr=11.34
EKF_MAG t=1790598758.593671 FIRED    d2=    0.00 thr=11.34 dtheta=0.0001 dyaw=+0.00007 gyro_z=-0.0027
EKF_ACCEL t=1790598758.597942 REJECTED dev=0.3110 d2=  140.32 thr=11.34
EKF_MAG t=1790598758.597942 FIRED    d2=    0.00 thr=11.34 dtheta=0.0003 dyaw=-0.00003 gyro_z=-0.0011
EKF_ACCEL t=1790598758.601893 REJECTED dev=0.3038 d2=  133.62 thr=11.34
EKF_MAG t=1790598758.601893 FIRED    d2=    0.00 thr=11.34 dtheta=0.0000 dyaw=-0.00001 gyro_z=-0.0024
EKF_ACCEL t=1790598758.605740 REJECTED dev=0.3097 d2=  138.75 thr=11.34
EKF_MAG t=1790598758.605740 FIRED    d2=    0.00 thr=11.34 dtheta=0.0006 dyaw=-0.00054 gyro_z=-0.0011
EKF_ACCEL t=1790598758.610048 REJECTED dev=0.2985 d2=  128.72 thr=11.34
EKF_MAG t=1790598758.610048 FIRED    d2=    0.00 thr=11.34 dtheta=0.0000 dyaw=+0.00002 gyro_z=-0.0004
EKF_ACCEL t=1790598758.614042 REJECTED dev=0.3027 d2=  132.19 thr=11.34
EKF_MAG t=1790598758.614042 FIRED    d2=    0.00 thr=11.34 dtheta=0.0003 dyaw=-0.00026 gyro_z=-0.0016
EKF_ACCEL t=1790598758.617781 REJECTED dev=0.3144 d2=  142.25 thr=11.34
EKF_MAG t=1790598758.617781 FIRED    d2=    0.00 thr=11.34 dtheta=0.0000 dyaw=+0.00002 gyro_z=-0.0026
EKF_ACCEL t=1790598758.621786 REJECTED dev=0.3002 d2=  129.69 thr=11.34
EKF_MAG t=1790598758.621786 FIRED    d2=    0.00 thr=11.34 dtheta=0.0002 dyaw=+0.00018 gyro_z=+0.0001
EKF_ACCEL t=1790598758.625963 REJECTED dev=0.3035 d2=  132.16 thr=11.34
EKF_MAG t=1790598758.625963 FIRED    d2=    0.00 thr=11.34 dtheta=0.0000 dyaw=-0.00001 gyro_z=-0.0007
EKF_ACCEL t=1790598758.629847 REJECTED dev=0.3013 d2=  130.12 thr=11.34
EKF_MAG t=1790598758.629847 FIRED    d2=    0.00 thr=11.34 dtheta=0.0000 dyaw=-0.00000 gyro_z=-0.0039
  0.92   3.82   0.00  ( 0.022, 0.001,-0.004)  (  -0.2,  -0.0,   0.6)   2.111  ( -0.02, -0.03)
EKF_ACCEL t=1790598758.633760 REJECTED dev=0.3100 d2=  137.50 thr=11.34
EKF_MAG t=1790598758.633760 FIRED    d2=    0.00 thr=11.34 dtheta=0.0000 dyaw=-0.00001 gyro_z=-0.0011
EKF_ACCEL t=1790598758.637781 REJECTED dev=0.3094 d2=  136.77 thr=11.34
EKF_MAG t=1790598758.637781 FIRED    d2=    0.00 thr=11.34 dtheta=0.0003 dyaw=-0.00026 gyro_z=-0.0006
EKF_ACCEL t=1790598758.641800 REJECTED dev=0.2948 d2=  124.03 thr=11.34
EKF_MAG t=1790598758.641800 FIRED    d2=    0.00 thr=11.34 dtheta=0.0000 dyaw=-0.00001 gyro_z=-0.0018
EKF_ACCEL t=1790598758.645656 REJECTED dev=0.3053 d2=  132.75 thr=11.34
EKF_MAG t=1790598758.645656 FIRED    d2=    0.00 thr=11.34 dtheta=0.0006 dyaw=-0.00056 gyro_z=-0.0016
EKF_ACCEL t=1790598758.649656 REJECTED dev=0.3073 d2=  134.27 thr=11.34
EKF_MAG t=1790598758.649656 FIRED    d2=    0.00 thr=11.34 dtheta=0.0000 dyaw=+0.00001 gyro_z=-0.0015
EKF_ACCEL t=1790598758.653718 REJECTED dev=0.3114 d2=  137.74 thr=11.34
EKF_MAG t=1790598758.653718 FIRED    d2=    0.00 thr=11.34 dtheta=0.0005 dyaw=-0.00043 gyro_z=-0.0022
EKF_ACCEL t=1790598758.657530 REJECTED dev=0.3004 d2=  127.92 thr=11.34
EKF_MAG t=1790598758.657530 FIRED    d2=    0.00 thr=11.34 dtheta=0.0000 dyaw=+0.00004 gyro_z=-0.0017
EKF_ACCEL t=1790598758.661869 REJECTED dev=0.3096 d2=  135.67 thr=11.34
EKF_MAG t=1790598758.661869 FIRED    d2=    0.00 thr=11.34 dtheta=0.0003 dyaw=+0.00026 gyro_z=-0.0021
EKF_ACCEL t=1790598758.665623 REJECTED dev=0.2880 d2=  117.24 thr=11.34
EKF_MAG t=1790598758.665623 FIRED    d2=    0.00 thr=11.34 dtheta=0.0000 dyaw=-0.00000 gyro_z=-0.0014
EKF_ACCEL t=1790598758.669575 REJECTED dev=0.3199 d2=  144.43 thr=11.34
EKF_MAG t=1790598758.669575 FIRED    d2=    0.00 thr=11.34 dtheta=0.0000 dyaw=-0.00001 gyro_z=-0.0003
  0.96   3.89   0.00  ( 0.021, 0.002,-0.000)  (  -0.3,  -0.0,   0.0)   2.172  ( -0.02, -0.03)
EKF_ACCEL t=1790598758.673431 REJECTED dev=0.3103 d2=  135.60 thr=11.34
EKF_MAG t=1790598758.673431 FIRED    d2=    0.00 thr=11.34 dtheta=0.0000 dyaw=-0.00000 gyro_z=-0.0014
EKF_ACCEL t=1790598758.677976 REJECTED dev=0.3073 d2=  132.94 thr=11.34
EKF_MAG t=1790598758.677976 FIRED    d2=    0.00 thr=11.34 dtheta=0.0003 dyaw=-0.00026 gyro_z=-0.0013
EKF_ACCEL t=1790598758.681783 REJECTED dev=0.3072 d2=  132.52 thr=11.34
EKF_MAG t=1790598758.681783 FIRED    d2=    0.00 thr=11.34 dtheta=0.0004 dyaw=-0.00040 gyro_z=-0.0017
EKF_ACCEL t=1790598758.685701 REJECTED dev=0.3140 d2=  138.28 thr=11.34
EKF_MAG t=1790598758.685701 FIRED    d2=    0.00 thr=11.34 dtheta=0.0000 dyaw=-0.00001 gyro_z=-0.0028
EKF_ACCEL t=1790598758.689442 REJECTED dev=0.2940 d2=  121.06 thr=11.34
EKF_MAG t=1790598758.689442 FIRED    d2=    0.00 thr=11.34 dtheta=0.0000 dyaw=-0.00001 gyro_z=-0.0014
EKF_ACCEL t=1790598758.693912 REJECTED dev=0.3009 d2=  126.72 thr=11.34
EKF_MAG t=1790598758.693912 FIRED    d2=    0.00 thr=11.34 dtheta=0.0000 dyaw=-0.00000 gyro_z=-0.0026
EKF_ACCEL t=1790598758.697709 REJECTED dev=0.3121 d2=  136.00 thr=11.34
EKF_MAG t=1790598758.697709 FIRED    d2=    0.00 thr=11.34 dtheta=0.0005 dyaw=+0.00047 gyro_z=-0.0029
EKF_ACCEL t=1790598758.701653 REJECTED dev=0.3099 d2=  133.88 thr=11.34
EKF_MAG t=1790598758.701653 FIRED    d2=    0.00 thr=11.34 dtheta=0.0004 dyaw=-0.00041 gyro_z=-0.0008
EKF_ACCEL t=1790598758.705573 REJECTED dev=0.3036 d2=  128.35 thr=11.34
EKF_MAG t=1790598758.705573 FIRED    d2=    0.00 thr=11.34 dtheta=0.0000 dyaw=+0.00002 gyro_z=-0.0005
EKF_ACCEL t=1790598758.709946 REJECTED dev=0.3068 d2=  130.87 thr=11.34
EKF_MAG t=1790598758.709946 FIRED    d2=    0.00 thr=11.34 dtheta=0.0000 dyaw=+0.00003 gyro_z=-0.0019
  1.00   4.38   0.00  ( 0.016, 0.001,-0.002)  (  -0.2,  -0.0,   0.3)   2.234  ( -0.02, -0.04)
test complete
