CAL_DIAG bias_z=+0.00001 mag_bias=(-0.55040,+0.01128,+0.88560) calibrated_yaw=-0.515deg
EKF_ACCEL t=1790598848.539850 FIRED   dev=0.0000 d2=    0.00 thr=11.34 dtheta=0.0000 dyaw=-0.00000
EKF_MAG t=1790598848.539850 FIRED    d2=    0.00 thr=11.34 dtheta=0.0000 dyaw=+0.00000 gyro_z=-0.0000
EKF_ACCEL t=1790598848.569107 FIRED   dev=0.0096 d2=    0.22 thr=11.34 dtheta=0.0019 dyaw=-0.00002
EKF_MAG t=1790598848.569107 FIRED    d2=    0.03 thr=11.34 dtheta=0.0003 dyaw=+0.00030 gyro_z=-0.0002
EKF_ACCEL t=1790598848.570695 FIRED   dev=0.0097 d2=    0.22 thr=11.34 dtheta=0.0035 dyaw=+0.00077
EKF_MAG t=1790598848.570695 FIRED    d2=    0.15 thr=11.34 dtheta=0.0105 dyaw=+0.01047 gyro_z=-0.0001
EKF_ACCEL t=1790598848.571531 FIRED   dev=0.0038 d2=    0.03 thr=11.34 dtheta=0.0047 dyaw=+0.00081
EKF_MAG t=1790598848.571531 FIRED    d2=    0.16 thr=11.34 dtheta=0.0236 dyaw=+0.02310 gyro_z=-0.0005
EKF_ACCEL t=1790598848.572813 FIRED   dev=0.0050 d2=    0.04 thr=11.34 dtheta=0.0115 dyaw=+0.00079
EKF_MAG t=1790598848.572813 FIRED    d2=    0.30 thr=11.34 dtheta=0.0456 dyaw=-0.04331 gyro_z=+0.0011
EKF_ACCEL t=1790598848.573604 FIRED   dev=0.0112 d2=    0.23 thr=11.34 dtheta=0.0204 dyaw=+0.00460
EKF_MAG t=1790598848.573604 FIRED    d2=    0.33 thr=11.34 dtheta=0.0443 dyaw=-0.04424 gyro_z=+0.0018
EKF_ACCEL t=1790598848.574945 FIRED   dev=0.0006 d2=    0.00 thr=11.34 dtheta=0.0011 dyaw=-0.00042
EKF_MAG t=1790598848.574945 FIRED    d2=    0.01 thr=11.34 dtheta=0.0216 dyaw=+0.02159 gyro_z=-0.0009
EKF_ACCEL t=1790598848.575953 FIRED   dev=0.0021 d2=    0.01 thr=11.34 dtheta=0.0027 dyaw=-0.00084
EKF_MAG t=1790598848.575953 FIRED    d2=    0.04 thr=11.34 dtheta=0.0109 dyaw=+0.01083 gyro_z=+0.0014
EKF_ACCEL t=1790598848.577439 FIRED   dev=0.0034 d2=    0.02 thr=11.34 dtheta=0.0011 dyaw=+0.00106
EKF_MAG t=1790598848.577439 FIRED    d2=    0.00 thr=11.34 dtheta=0.0008 dyaw=-0.00084 gyro_z=-0.0001
EKF_ACCEL t=1790598848.578270 FIRED   dev=0.0030 d2=    0.02 thr=11.34 dtheta=0.0044 dyaw=+0.00074
EKF_MAG t=1790598848.578270 FIRED    d2=    0.03 thr=11.34 dtheta=0.0039 dyaw=-0.00385 gyro_z=+0.0010
EKF_ACCEL t=1790598848.578974 FIRED   dev=0.0103 d2=    0.21 thr=11.34 dtheta=0.0073 dyaw=-0.00232
EKF_MAG t=1790598848.578974 FIRED    d2=    0.16 thr=11.34 dtheta=0.0146 dyaw=+0.01452 gyro_z=-0.0001
EKF_ACCEL t=1790598848.579576 FIRED   dev=0.0020 d2=    0.01 thr=11.34 dtheta=0.0011 dyaw=+0.00033
EKF_MAG t=1790598848.579576 FIRED    d2=    0.00 thr=11.34 dtheta=0.0032 dyaw=-0.00317 gyro_z=-0.0018
EKF_ACCEL t=1790598848.581291 FIRED   dev=0.0021 d2=    0.01 thr=11.34 dtheta=0.0014 dyaw=+0.00030
EKF_MAG t=1790598848.581291 FIRED    d2=    0.00 thr=11.34 dtheta=0.0002 dyaw=-0.00023 gyro_z=+0.0001
EKF_ACCEL t=1790598848.585761 FIRED   dev=0.0184 d2=    0.75 thr=11.34 dtheta=0.0069 dyaw=-0.00240
EKF_MAG t=1790598848.585761 FIRED    d2=    0.07 thr=11.34 dtheta=0.0014 dyaw=-0.00131 gyro_z=+0.0005
EKF_ACCEL t=1790598848.591917 FIRED   dev=0.0032 d2=    0.02 thr=11.34 dtheta=0.0004 dyaw=-0.00027
EKF_MAG t=1790598848.591917 FIRED    d2=    0.00 thr=11.34 dtheta=0.0015 dyaw=-0.00145 gyro_z=+0.0004
EKF_ACCEL t=1790598848.594160 FIRED   dev=0.0075 d2=    0.13 thr=11.34 dtheta=0.0024 dyaw=+0.00056
EKF_MAG t=1790598848.594160 FIRED    d2=    0.05 thr=11.34 dtheta=0.0021 dyaw=-0.00205 gyro_z=-0.0004
EKF_ACCEL t=1790598848.597538 FIRED   dev=0.0022 d2=    0.01 thr=11.34 dtheta=0.0009 dyaw=-0.00018
EKF_MAG t=1790598848.597538 FIRED    d2=    0.01 thr=11.34 dtheta=0.0015 dyaw=+0.00148 gyro_z=-0.0000
EKF_ACCEL t=1790598848.602239 REJECTED dev=0.2189 d2=  110.39 thr=11.34
EKF_MAG t=1790598848.602239 FIRED    d2=    0.00 thr=11.34 dtheta=0.0003 dyaw=-0.00028 gyro_z=+0.0016
EKF_ACCEL t=1790598848.605547 REJECTED dev=0.8860 d2= 1805.15 thr=11.34
EKF_MAG t=1790598848.605547 FIRED    d2=    0.00 thr=11.34 dtheta=0.0000 dyaw=-0.00003 gyro_z=+0.0013
EKF_ACCEL t=1790598848.609652 REJECTED dev=1.3776 d2= 4353.66 thr=11.34
EKF_MAG t=1790598848.609652 FIRED    d2=    0.00 thr=11.34 dtheta=0.0005 dyaw=+0.00049 gyro_z=-0.0005
EKF_ACCEL t=1790598848.613480 REJECTED dev=1.7409 d2= 6930.49 thr=11.34
EKF_MAG t=1790598848.613480 FIRED    d2=    0.00 thr=11.34 dtheta=0.0001 dyaw=-0.00008 gyro_z=+0.0008
EKF_ACCEL t=1790598848.618290 REJECTED dev=2.0273 d2= 9374.65 thr=11.34
EKF_MAG t=1790598848.618290 FIRED    d2=    0.00 thr=11.34 dtheta=0.0001 dyaw=-0.00007 gyro_z=+0.0005
EKF_ACCEL t=1790598848.621810 REJECTED dev=2.2188 d2=11201.69 thr=11.34
EKF_MAG t=1790598848.621810 FIRED    d2=    0.00 thr=11.34 dtheta=0.0005 dyaw=-0.00050 gyro_z=+0.0015
EKF_ACCEL t=1790598848.625638 REJECTED dev=2.3613 d2=12667.23 thr=11.34
EKF_MAG t=1790598848.625638 FIRED    d2=    0.00 thr=11.34 dtheta=0.0000 dyaw=-0.00001 gyro_z=+0.0007
EKF_ACCEL t=1790598848.629867 REJECTED dev=2.4725 d2=13855.21 thr=11.34
EKF_MAG t=1790598848.629867 FIRED    d2=    0.00 thr=11.34 dtheta=0.0000 dyaw=+0.00000 gyro_z=-0.0008
EKF_ACCEL t=1790598848.633705 REJECTED dev=2.5478 d2=14678.26 thr=11.34
EKF_MAG t=1790598848.633705 FIRED    d2=    0.00 thr=11.34 dtheta=0.0001 dyaw=+0.00002 gyro_z=-0.0002
EKF_ACCEL t=1790598848.637449 REJECTED dev=2.5999 d2=15263.14 thr=11.34
EKF_MAG t=1790598848.637449 FIRED    d2=    0.00 thr=11.34 dtheta=0.0001 dyaw=+0.00005 gyro_z=-0.0023
EKF_ACCEL t=1790598848.641615 REJECTED dev=2.6539 d2=15870.57 thr=11.34
EKF_MAG t=1790598848.641615 FIRED    d2=    0.00 thr=11.34 dtheta=0.0001 dyaw=+0.00013 gyro_z=-0.0001
EKF_ACCEL t=1790598848.645864 REJECTED dev=2.6678 d2=16007.75 thr=11.34
EKF_MAG t=1790598848.645864 FIRED    d2=    0.00 thr=11.34 dtheta=0.0000 dyaw=+0.00005 gyro_z=-0.0005
EKF_ACCEL t=1790598848.649021 REJECTED dev=2.6923 d2=16268.48 thr=11.34
EKF_MAG t=1790598848.649021 FIRED    d2=    0.00 thr=11.34 dtheta=0.0000 dyaw=+0.00003 gyro_z=+0.0004
EKF_ACCEL t=1790598848.654143 REJECTED dev=2.7088 d2=16431.56 thr=11.34
EKF_MAG t=1790598848.654143 FIRED    d2=    0.00 thr=11.34 dtheta=0.0003 dyaw=-0.00023 gyro_z=-0.0001
EKF_ACCEL t=1790598848.657459 REJECTED dev=2.7225 d2=16545.31 thr=11.34
EKF_MAG t=1790598848.657459 FIRED    d2=    0.00 thr=11.34 dtheta=0.0001 dyaw=+0.00005 gyro_z=-0.0004
EKF_ACCEL t=1790598848.661427 REJECTED dev=2.7248 d2=16538.57 thr=11.34
EKF_MAG t=1790598848.661427 FIRED    d2=    0.00 thr=11.34 dtheta=0.0000 dyaw=-0.00000 gyro_z=-0.0003
EKF_ACCEL t=1790598848.665015 REJECTED dev=2.7371 d2=16650.59 thr=11.34
EKF_MAG t=1790598848.665015 FIRED    d2=    0.00 thr=11.34 dtheta=0.0000 dyaw=-0.00001 gyro_z=+0.0011
EKF_ACCEL t=1790598848.669721 REJECTED dev=2.7341 d2=16576.11 thr=11.34
EKF_MAG t=1790598848.669721 FIRED    d2=    0.00 thr=11.34 dtheta=0.0001 dyaw=-0.00008 gyro_z=-0.0012
EKF_ACCEL t=1790598848.673327 REJECTED dev=2.7321 d2=16514.70 thr=11.34
EKF_MAG t=1790598848.673327 FIRED    d2=    0.00 thr=11.34 dtheta=0.0000 dyaw=-0.00001 gyro_z=+0.0008
EKF_ACCEL t=1790598848.679623 REJECTED dev=2.7328 d2=16483.80 thr=11.34
EKF_MAG t=1790598848.679623 FIRED    d2=    0.00 thr=11.34 dtheta=0.0003 dyaw=+0.00034 gyro_z=-0.0002
EKF_ACCEL t=1790598848.681035 REJECTED dev=2.7423 d2=16570.12 thr=11.34
EKF_MAG t=1790598848.681035 FIRED    d2=    0.00 thr=11.34 dtheta=0.0000 dyaw=+0.00000 gyro_z=+0.0013
EKF_ACCEL t=1790598848.685414 REJECTED dev=2.7294 d2=16378.09 thr=11.34
EKF_MAG t=1790598848.685414 FIRED    d2=    0.00 thr=11.34 dtheta=0.0000 dyaw=+0.00000 gyro_z=-0.0004
EKF_ACCEL t=1790598848.689290 REJECTED dev=2.7551 d2=16651.67 thr=11.34
EKF_MAG t=1790598848.689290 FIRED    d2=    0.00 thr=11.34 dtheta=0.0000 dyaw=-0.00000 gyro_z=+0.0004
EKF_ACCEL t=1790598848.693175 REJECTED dev=2.7504 d2=16559.52 thr=11.34
EKF_MAG t=1790598848.693175 FIRED    d2=    0.00 thr=11.34 dtheta=0.0004 dyaw=-0.00032 gyro_z=+0.0004
EKF_ACCEL t=1790598848.697691 REJECTED dev=2.7392 d2=16366.53 thr=11.34
EKF_MAG t=1790598848.697691 FIRED    d2=    0.00 thr=11.34 dtheta=0.0001 dyaw=-0.00013 gyro_z=+0.0001
EKF_ACCEL t=1790598848.701639 REJECTED dev=2.7515 d2=16483.38 thr=11.34
EKF_MAG t=1790598848.701639 FIRED    d2=    0.00 thr=11.34 dtheta=0.0000 dyaw=-0.00002 gyro_z=+0.0018
EKF_ACCEL t=1790598848.705843 REJECTED dev=2.7509 d2=16439.59 thr=11.34
EKF_MAG t=1790598848.705843 FIRED    d2=    0.00 thr=11.34 dtheta=0.0000 dyaw=-0.00001 gyro_z=-0.0003
EKF_ACCEL t=1790598848.709918 REJECTED dev=2.7496 d2=16389.76 thr=11.34
EKF_MAG t=1790598848.709918 FIRED    d2=    0.00 thr=11.34 dtheta=0.0003 dyaw=+0.00017 gyro_z=-0.0001
EKF_ACCEL t=1790598848.713194 REJECTED dev=2.7549 d2=16445.18 thr=11.34
EKF_MAG t=1790598848.713194 FIRED    d2=    0.00 thr=11.34 dtheta=0.0000 dyaw=+0.00001 gyro_z=+0.0005
EKF_ACCEL t=1790598848.719627 REJECTED dev=2.7566 d2=16429.29 thr=11.34
EKF_MAG t=1790598848.719627 FIRED    d2=    0.00 thr=11.34 dtheta=0.0000 dyaw=+0.00001 gyro_z=+0.0000
EKF_ACCEL t=1790598848.721019 REJECTED dev=2.7510 d2=16327.57 thr=11.34
EKF_MAG t=1790598848.721019 FIRED    d2=    0.00 thr=11.34 dtheta=0.0002 dyaw=-0.00006 gyro_z=+0.0007
EKF_ACCEL t=1790598848.726146 REJECTED dev=2.7626 d2=16404.35 thr=11.34
EKF_MAG t=1790598848.726146 FIRED    d2=    0.00 thr=11.34 dtheta=0.0000 dyaw=-0.00001 gyro_z=+0.0004
EKF_ACCEL t=1790598848.729734 REJECTED dev=2.7504 d2=16223.77 thr=11.34
EKF_MAG t=1790598848.729734 FIRED    d2=    0.00 thr=11.34 dtheta=0.0002 dyaw=+0.00018 gyro_z=+0.0019
EKF_ACCEL t=1790598848.733442 REJECTED dev=2.7599 d2=16294.40 thr=11.34
EKF_MAG t=1790598848.733442 FIRED    d2=    0.00 thr=11.34 dtheta=0.0000 dyaw=-0.00000 gyro_z=+0.0006
EKF_ACCEL t=1790598848.737575 REJECTED dev=2.7500 d2=16144.70 thr=11.34
EKF_MAG t=1790598848.737575 FIRED    d2=    0.00 thr=11.34 dtheta=0.0002 dyaw=-0.00011 gyro_z=+0.0011
EKF_ACCEL t=1790598848.742196 REJECTED dev=2.7670 d2=16384.68 thr=11.34
EKF_MAG t=1790598848.742196 FIRED    d2=    0.00 thr=11.34 dtheta=0.0001 dyaw=-0.00000 gyro_z=+0.0009
EKF_ACCEL t=1790598848.745131 REJECTED dev=2.7487 d2=16117.66 thr=11.34
EKF_MAG t=1790598848.745131 FIRED    d2=    0.00 thr=11.34 dtheta=0.0001 dyaw=+0.00000 gyro_z=-0.0003
EKF_ACCEL t=1790598848.749011 REJECTED dev=2.7483 d2=16096.39 thr=11.34
EKF_MAG t=1790598848.749011 FIRED    d2=    0.00 thr=11.34 dtheta=0.0001 dyaw=+0.00009 gyro_z=-0.0012
EKF_ACCEL t=1790598848.753378 REJECTED dev=2.7543 d2=16130.05 thr=11.34
EKF_MAG t=1790598848.753378 FIRED    d2=    0.00 thr=11.34 dtheta=0.0000 dyaw=+0.00001 gyro_z=-0.0014
EKF_ACCEL t=1790598848.759633 REJECTED dev=2.7467 d2=16006.47 thr=11.34
EKF_MAG t=1790598848.759633 FIRED    d2=    0.00 thr=11.34 dtheta=0.0002 dyaw=-0.00022 gyro_z=-0.0002
EKF_ACCEL t=1790598848.760970 REJECTED dev=2.7543 d2=16068.04 thr=11.34
EKF_MAG t=1790598848.760970 FIRED    d2=    0.00 thr=11.34 dtheta=0.0000 dyaw=+0.00000 gyro_z=-0.0012
EKF_ACCEL t=1790598848.765487 REJECTED dev=2.7465 d2=15941.66 thr=11.34
EKF_MAG t=1790598848.765487 FIRED    d2=    0.00 thr=11.34 dtheta=0.0000 dyaw=+0.00000 gyro_z=+0.0000
EKF_ACCEL t=1790598848.769435 REJECTED dev=2.7455 d2=15896.82 thr=11.34
EKF_MAG t=1790598848.769435 FIRED    d2=    0.00 thr=11.34 dtheta=0.0003 dyaw=+0.00033 gyro_z=-0.0010
EKF_ACCEL t=1790598848.773264 REJECTED dev=2.7410 d2=15806.45 thr=11.34
EKF_MAG t=1790598848.773264 FIRED    d2=    0.00 thr=11.34 dtheta=0.0000 dyaw=+0.00001 gyro_z=-0.0007
EKF_ACCEL t=1790598848.777170 REJECTED dev=2.7585 d2=15974.40 thr=11.34
EKF_MAG t=1790598848.777170 FIRED    d2=    0.00 thr=11.34 dtheta=0.0003 dyaw=-0.00030 gyro_z=+0.0004
EKF_ACCEL t=1790598848.781266 REJECTED dev=2.7483 d2=15818.50 thr=11.34
EKF_MAG t=1790598848.781266 FIRED    d2=    0.00 thr=11.34 dtheta=0.0000 dyaw=-0.00000 gyro_z=-0.0006
EKF_ACCEL t=1790598848.786464 REJECTED dev=2.7491 d2=15793.11 thr=11.34
EKF_MAG t=1790598848.786464 FIRED    d2=    0.00 thr=11.34 dtheta=0.0000 dyaw=+0.00000 gyro_z=-0.0007
EKF_ACCEL t=1790598848.789432 REJECTED dev=2.7497 d2=15768.12 thr=11.34
EKF_MAG t=1790598848.789432 FIRED    d2=    0.00 thr=11.34 dtheta=0.0000 dyaw=-0.00000 gyro_z=+0.0011
EKF_ACCEL t=1790598848.793232 REJECTED dev=2.7453 d2=15685.95 thr=11.34
EKF_MAG t=1790598848.793232 FIRED    d2=    0.00 thr=11.34 dtheta=0.0005 dyaw=+0.00050 gyro_z=+0.0005
EKF_ACCEL t=1790598848.797333 REJECTED dev=2.7597 d2=15830.13 thr=11.34
EKF_MAG t=1790598848.797333 FIRED    d2=    0.00 thr=11.34 dtheta=0.0000 dyaw=+0.00000 gyro_z=-0.0001
EKF_ACCEL t=1790598848.801503 REJECTED dev=2.7503 d2=15690.57 thr=11.34
EKF_MAG t=1790598848.801503 FIRED    d2=    0.00 thr=11.34 dtheta=0.0002 dyaw=-0.00016 gyro_z=-0.0008
EKF_ACCEL t=1790598848.805394 REJECTED dev=2.7534 d2=15677.32 thr=11.34
EKF_MAG t=1790598848.805394 FIRED    d2=    0.00 thr=11.34 dtheta=0.0000 dyaw=+0.00000 gyro_z=-0.0003
EKF_ACCEL t=1790598848.809072 REJECTED dev=2.7426 d2=15523.98 thr=11.34
EKF_MAG t=1790598848.809072 FIRED    d2=    0.00 thr=11.34 dtheta=0.0000 dyaw=-0.00000 gyro_z=+0.0004
EKF_ACCEL t=1790598848.813198 REJECTED dev=2.7432 d2=15497.56 thr=11.34
EKF_MAG t=1790598848.813198 FIRED    d2=    0.00 thr=11.34 dtheta=0.0004 dyaw=-0.00040 gyro_z=+0.0005
EKF_ACCEL t=1790598848.817422 REJECTED dev=2.7634 d2=15702.54 thr=11.34
EKF_MAG t=1790598848.817422 FIRED    d2=    0.00 thr=11.34 dtheta=0.0000 dyaw=-0.00000 gyro_z=+0.0001
EKF_ACCEL t=1790598848.821466 REJECTED dev=2.7475 d2=15490.28 thr=11.34
EKF_MAG t=1790598848.821466 FIRED    d2=    0.00 thr=11.34 dtheta=0.0002 dyaw=+0.00025 gyro_z=+0.0002
EKF_ACCEL t=1790598848.825341 REJECTED dev=2.7533 d2=15530.24 thr=11.34
EKF_MAG t=1790598848.825341 FIRED    d2=    0.00 thr=11.34 dtheta=0.0000 dyaw=+0.00000 gyro_z=+0.0004
EKF_ACCEL t=1790598848.829177 REJECTED dev=2.7571 d2=15541.48 thr=11.34
EKF_MAG t=1790598848.829177 FIRED    d2=    0.00 thr=11.34 dtheta=0.0000 dyaw=-0.00000 gyro_z=+0.0004
EKF_ACCEL t=1790598848.833659 REJECTED dev=2.7437 d2=15358.67 thr=11.34
EKF_MAG t=1790598848.833659 FIRED    d2=    0.00 thr=11.34 dtheta=0.0001 dyaw=-0.00013 gyro_z=-0.0010
EKF_ACCEL t=1790598848.837335 REJECTED dev=2.7438 d2=15329.88 thr=11.34
EKF_MAG t=1790598848.837335 FIRED    d2=    0.00 thr=11.34 dtheta=0.0000 dyaw=-0.00000 gyro_z=+0.0004
EKF_ACCEL t=1790598848.840974 REJECTED dev=2.7586 d2=15463.84 thr=11.34
EKF_MAG t=1790598848.840974 FIRED    d2=    0.00 thr=11.34 dtheta=0.0001 dyaw=-0.00006 gyro_z=+0.0006
EKF_ACCEL t=1790598848.845121 REJECTED dev=2.7623 d2=15462.93 thr=11.34
EKF_MAG t=1790598848.845121 FIRED    d2=    0.00 thr=11.34 dtheta=0.0000 dyaw=-0.00000 gyro_z=+0.0002
EKF_ACCEL t=1790598848.848889 REJECTED dev=2.7511 d2=15306.20 thr=11.34
EKF_MAG t=1790598848.848889 FIRED    d2=    0.00 thr=11.34 dtheta=0.0000 dyaw=+0.00000 gyro_z=-0.0004
EKF_ACCEL t=1790598848.853062 REJECTED dev=2.7544 d2=15312.27 thr=11.34
EKF_MAG t=1790598848.853062 FIRED    d2=    0.00 thr=11.34 dtheta=0.0004 dyaw=+0.00034 gyro_z=+0.0007
EKF_ACCEL t=1790598848.857102 REJECTED dev=2.7538 d2=15317.24 thr=11.34
EKF_MAG t=1790598848.857102 FIRED    d2=    0.00 thr=11.34 dtheta=0.0003 dyaw=-0.00003 gyro_z=+0.0008
EKF_ACCEL t=1790598848.860984 REJECTED dev=2.7470 d2=15174.36 thr=11.34
EKF_MAG t=1790598848.860984 FIRED    d2=    0.00 thr=11.34 dtheta=0.0000 dyaw=+0.00000 gyro_z=-0.0007
EKF_ACCEL t=1790598848.865083 REJECTED dev=2.7646 d2=15338.64 thr=11.34
EKF_MAG t=1790598848.865083 FIRED    d2=    0.00 thr=11.34 dtheta=0.0000 dyaw=-0.00001 gyro_z=+0.0016
EKF_ACCEL t=1790598848.871657 REJECTED dev=2.7448 d2=15087.45 thr=11.34
EKF_MAG t=1790598848.871657 FIRED    d2=    0.00 thr=11.34 dtheta=0.0003 dyaw=-0.00012 gyro_z=+0.0005
EKF_ACCEL t=1790598848.873073 REJECTED dev=2.7473 d2=15124.08 thr=11.34
EKF_MAG t=1790598848.873073 FIRED    d2=    0.00 thr=11.34 dtheta=0.0000 dyaw=-0.00000 gyro_z=+0.0016
EKF_ACCEL t=1790598848.879898 REJECTED dev=2.7600 d2=15233.74 thr=11.34
EKF_MAG t=1790598848.879898 FIRED    d2=    0.00 thr=11.34 dtheta=0.0005 dyaw=-0.00042 gyro_z=-0.0006
EKF_ACCEL t=1790598848.883401 REJECTED dev=2.7478 d2=15045.77 thr=11.34
EKF_MAG t=1790598848.883401 FIRED    d2=    0.00 thr=11.34 dtheta=0.0000 dyaw=+0.00000 gyro_z=-0.0011
EKF_ACCEL t=1790598848.887584 REJECTED dev=2.7538 d2=15080.30 thr=11.34
EKF_MAG t=1790598848.887584 FIRED    d2=    0.00 thr=11.34 dtheta=0.0000 dyaw=-0.00000 gyro_z=+0.0008
EKF_ACCEL t=1790598848.891562 REJECTED dev=2.7452 d2=14957.31 thr=11.34
EKF_MAG t=1790598848.891562 FIRED    d2=    0.00 thr=11.34 dtheta=0.0002 dyaw=+0.00015 gyro_z=-0.0011
EKF_ACCEL t=1790598848.893435 REJECTED dev=2.7607 d2=15088.79 thr=11.34
EKF_MAG t=1790598848.893435 FIRED    d2=    0.00 thr=11.34 dtheta=0.0000 dyaw=+0.00000 gyro_z=-0.0017
EKF_ACCEL t=1790598848.897558 REJECTED dev=2.7460 d2=14899.35 thr=11.34
EKF_MAG t=1790598848.897558 FIRED    d2=    0.00 thr=11.34 dtheta=0.0000 dyaw=+0.00000 gyro_z=-0.0010
EKF_ACCEL t=1790598848.901068 REJECTED dev=2.7577 d2=14996.96 thr=11.34
EKF_MAG t=1790598848.901068 FIRED    d2=    0.00 thr=11.34 dtheta=0.0000 dyaw=+0.00004 gyro_z=-0.0012
EKF_ACCEL t=1790598848.907691 REJECTED dev=2.7480 d2=14861.17 thr=11.34
EKF_MAG t=1790598848.907691 FIRED    d2=    0.00 thr=11.34 dtheta=0.0000 dyaw=+0.00001 gyro_z=-0.0008
EKF_ACCEL t=1790598848.910340 REJECTED dev=2.7510 d2=14863.84 thr=11.34
EKF_MAG t=1790598848.910340 FIRED    d2=    0.00 thr=11.34 dtheta=0.0000 dyaw=-0.00003 gyro_z=+0.0004
EKF_ACCEL t=1790598848.913682 REJECTED dev=2.7487 d2=14809.86 thr=11.34
EKF_MAG t=1790598848.913682 FIRED    d2=    0.00 thr=11.34 dtheta=0.0000 dyaw=-0.00000 gyro_z=+0.0004
EKF_ACCEL t=1790598848.917603 REJECTED dev=2.7685 d2=14994.50 thr=11.34
EKF_MAG t=1790598848.917603 FIRED    d2=    0.00 thr=11.34 dtheta=0.0001 dyaw=+0.00001 gyro_z=+0.0003
EKF_ACCEL t=1790598848.921353 REJECTED dev=2.7572 d2=14853.47 thr=11.34
EKF_MAG t=1790598848.921353 FIRED    d2=    0.00 thr=11.34 dtheta=0.0000 dyaw=+0.00000 gyro_z=-0.0010
EKF_ACCEL t=1790598848.926050 REJECTED dev=2.7420 d2=14661.50 thr=11.34
EKF_MAG t=1790598848.926050 FIRED    d2=    0.00 thr=11.34 dtheta=0.0000 dyaw=-0.00000 gyro_z=+0.0005
EKF_ACCEL t=1790598848.929904 REJECTED dev=2.7525 d2=14744.58 thr=11.34
EKF_MAG t=1790598848.929904 FIRED    d2=    0.00 thr=11.34 dtheta=0.0004 dyaw=-0.00036 gyro_z=+0.0016
EKF_ACCEL t=1790598848.933481 REJECTED dev=2.7427 d2=14604.05 thr=11.34
EKF_MAG t=1790598848.933481 FIRED    d2=    0.00 thr=11.34 dtheta=0.0000 dyaw=-0.00000 gyro_z=-0.0004
EKF_ACCEL t=1790598848.937921 REJECTED dev=2.7586 d2=14745.40 thr=11.34
EKF_MAG t=1790598848.937921 FIRED    d2=    0.00 thr=11.34 dtheta=0.0004 dyaw=+0.00042 gyro_z=-0.0005
EKF_ACCEL t=1790598848.940948 REJECTED dev=2.7497 d2=14612.80 thr=11.34
EKF_MAG t=1790598848.940948 FIRED    d2=    0.00 thr=11.34 dtheta=0.0000 dyaw=+0.00000 gyro_z=+0.0006
EKF_ACCEL t=1790598848.945569 REJECTED dev=2.7349 d2=14562.23 thr=11.34
EKF_MAG t=1790598848.945569 FIRED    d2=    0.00 thr=11.34 dtheta=0.0011 dyaw=+0.00000 gyro_z=-0.0008
EKF_ACCEL t=1790598848.949219 REJECTED dev=2.7647 d2=14735.17 thr=11.34
EKF_MAG t=1790598848.949219 FIRED    d2=    0.00 thr=11.34 dtheta=0.0011 dyaw=-0.00000 gyro_z=+0.0013
EKF_ACCEL t=1790598848.953963 REJECTED dev=2.7501 d2=14667.30 thr=11.34
EKF_MAG t=1790598848.953963 FIRED    d2=    0.00 thr=11.34 dtheta=0.0001 dyaw=+0.00011 gyro_z=+0.0002
EKF_ACCEL t=1790598848.957356 REJECTED dev=2.7533 d2=14680.87 thr=11.34
EKF_MAG t=1790598848.957356 FIRED    d2=    0.00 thr=11.34 dtheta=0.0000 dyaw=-0.00000 gyro_z=+0.0005
EKF_ACCEL t=1790598848.961734 REJECTED dev=2.7377 d2=14486.36 thr=11.34
EKF_MAG t=1790598848.961734 FIRED    d2=    0.00 thr=11.34 dtheta=0.0007 dyaw=-0.00072 gyro_z=+0.0001
EKF_ACCEL t=1790598848.965363 REJECTED dev=2.7595 d2=14681.85 thr=11.34
EKF_MAG t=1790598848.965363 FIRED    d2=    0.00 thr=11.34 dtheta=0.0000 dyaw=-0.00001 gyro_z=-0.0002
EKF_ACCEL t=1790598848.969550 REJECTED dev=2.7544 d2=14600.78 thr=11.34
EKF_MAG t=1790598848.969550 FIRED    d2=    0.00 thr=11.34 dtheta=0.0002 dyaw=+0.00013 gyro_z=+0.0001
EKF_ACCEL t=1790598848.973145 REJECTED dev=2.7577 d2=14622.06 thr=11.34
EKF_MAG t=1790598848.973145 FIRED    d2=    0.00 thr=11.34 dtheta=0.0000 dyaw=+0.00001 gyro_z=+0.0009
EKF_ACCEL t=1790598848.978198 REJECTED dev=2.7448 d2=14456.99 thr=11.34
EKF_MAG t=1790598848.978198 FIRED    d2=    0.00 thr=11.34 dtheta=0.0004 dyaw=+0.00038 gyro_z=-0.0001
EKF_ACCEL t=1790598848.981291 REJECTED dev=2.7708 d2=14689.09 thr=11.34
EKF_MAG t=1790598848.981291 FIRED    d2=    0.00 thr=11.34 dtheta=0.0000 dyaw=+0.00001 gyro_z=-0.0003
EKF_ACCEL t=1790598848.985320 REJECTED dev=2.7412 d2=14349.38 thr=11.34
EKF_MAG t=1790598848.985320 FIRED    d2=    0.00 thr=11.34 dtheta=0.0000 dyaw=+0.00001 gyro_z=-0.0015
EKF_ACCEL t=1790598848.989044 REJECTED dev=2.7437 d2=14348.70 thr=11.34
EKF_MAG t=1790598848.989044 FIRED    d2=    0.00 thr=11.34 dtheta=0.0000 dyaw=+0.00000 gyro_z=-0.0010
EKF_ACCEL t=1790598848.993899 REJECTED dev=2.7406 d2=14288.50 thr=11.34
EKF_MAG t=1790598848.993899 FIRED    d2=    0.00 thr=11.34 dtheta=0.0003 dyaw=-0.00029 gyro_z=+0.0002
EKF_ACCEL t=1790598848.999209 REJECTED dev=2.7590 d2=14466.17 thr=11.34
EKF_MAG t=1790598848.999209 FIRED    d2=    0.00 thr=11.34 dtheta=0.0000 dyaw=+0.00000 gyro_z=+0.0001
EKF_ACCEL t=1790598849.001606 REJECTED dev=2.7564 d2=14413.00 thr=11.34
EKF_MAG t=1790598849.001606 FIRED    d2=    0.00 thr=11.34 dtheta=0.0001 dyaw=+0.00008 gyro_z=-0.0002
EKF_ACCEL t=1790598849.008138 REJECTED dev=2.7520 d2=14342.24 thr=11.34
EKF_MAG t=1790598849.008138 FIRED    d2=    0.00 thr=11.34 dtheta=0.0000 dyaw=+0.00000 gyro_z=-0.0002
EKF_ACCEL t=1790598849.009751 REJECTED dev=2.7519 d2=14314.23 thr=11.34
EKF_MAG t=1790598849.009751 FIRED    d2=    0.00 thr=11.34 dtheta=0.0001 dyaw=+0.00007 gyro_z=-0.0002
EKF_ACCEL t=1790598849.013620 REJECTED dev=2.7549 d2=14310.82 thr=11.34
EKF_MAG t=1790598849.013620 FIRED    d2=    0.00 thr=11.34 dtheta=0.0000 dyaw=+0.00000 gyro_z=-0.0004
EKF_ACCEL t=1790598849.018002 REJECTED dev=2.7358 d2=14086.89 thr=11.34
EKF_MAG t=1790598849.018002 FIRED    d2=    0.00 thr=11.34 dtheta=0.0003 dyaw=-0.00033 gyro_z=+0.0008
EKF_ACCEL t=1790598849.021476 REJECTED dev=2.7505 d2=14211.59 thr=11.34
EKF_MAG t=1790598849.021476 FIRED    d2=    0.00 thr=11.34 dtheta=0.0000 dyaw=+0.00000 gyro_z=-0.0008
EKF_ACCEL t=1790598849.027664 REJECTED dev=2.7482 d2=14160.94 thr=11.34
EKF_MAG t=1790598849.027664 FIRED    d2=    0.00 thr=11.34 dtheta=0.0000 dyaw=+0.00001 gyro_z=-0.0021
EKF_ACCEL t=1790598849.029630 REJECTED dev=2.7562 d2=14216.57 thr=11.34
EKF_MAG t=1790598849.029630 FIRED    d2=    0.00 thr=11.34 dtheta=0.0000 dyaw=+0.00005 gyro_z=+0.0006
EKF_ACCEL t=1790598849.033346 REJECTED dev=2.7465 d2=14090.48 thr=11.34
EKF_MAG t=1790598849.033346 FIRED    d2=    0.00 thr=11.34 dtheta=0.0000 dyaw=-0.00000 gyro_z=+0.0012
EKF_ACCEL t=1790598849.038097 REJECTED dev=2.7461 d2=14059.64 thr=11.34
EKF_MAG t=1790598849.038097 FIRED    d2=    0.00 thr=11.34 dtheta=0.0000 dyaw=-0.00000 gyro_z=+0.0008
EKF_ACCEL t=1790598849.041965 REJECTED dev=2.7587 d2=14161.96 thr=11.34
EKF_MAG t=1790598849.041965 FIRED    d2=    0.00 thr=11.34 dtheta=0.0004 dyaw=+0.00032 gyro_z=-0.0001
EKF_ACCEL t=1790598849.046160 REJECTED dev=2.7443 d2=13977.16 thr=11.34
EKF_MAG t=1790598849.046160 FIRED    d2=    0.00 thr=11.34 dtheta=0.0000 dyaw=+0.00001 gyro_z=-0.0006
EKF_ACCEL t=1790598849.049664 REJECTED dev=2.7471 d2=13979.29 thr=11.34
EKF_MAG t=1790598849.049664 FIRED    d2=    0.00 thr=11.34 dtheta=0.0000 dyaw=+0.00001 gyro_z=-0.0013
EKF_ACCEL t=1790598849.053588 REJECTED dev=2.7532 d2=14016.12 thr=11.34
EKF_MAG t=1790598849.053588 FIRED    d2=    0.00 thr=11.34 dtheta=0.0002 dyaw=-0.00007 gyro_z=+0.0005
EKF_ACCEL t=1790598849.059547 REJECTED dev=2.7535 d2=14011.62 thr=11.34
EKF_MAG t=1790598849.059547 FIRED    d2=    0.00 thr=11.34 dtheta=0.0003 dyaw=-0.00026 gyro_z=-0.0000
EKF_ACCEL t=1790598849.061548 REJECTED dev=2.7530 d2=13966.88 thr=11.34
EKF_MAG t=1790598849.061548 FIRED    d2=    0.00 thr=11.34 dtheta=0.0000 dyaw=-0.00000 gyro_z=+0.0003
EKF_ACCEL t=1790598849.065350 REJECTED dev=2.7550 d2=13961.04 thr=11.34
EKF_MAG t=1790598849.065350 FIRED    d2=    0.00 thr=11.34 dtheta=0.0000 dyaw=-0.00000 gyro_z=+0.0000
EKF_ACCEL t=1790598849.069566 REJECTED dev=2.7546 d2=13931.83 thr=11.34
EKF_MAG t=1790598849.069566 FIRED    d2=    0.00 thr=11.34 dtheta=0.0003 dyaw=-0.00025 gyro_z=-0.0009
EKF_ACCEL t=1790598849.074039 REJECTED dev=2.7435 d2=13805.25 thr=11.34
EKF_MAG t=1790598849.074039 FIRED    d2=    0.00 thr=11.34 dtheta=0.0000 dyaw=+0.00000 gyro_z=+0.0010
EKF_ACCEL t=1790598849.078042 REJECTED dev=2.7516 d2=13861.00 thr=11.34
EKF_MAG t=1790598849.078042 FIRED    d2=    0.00 thr=11.34 dtheta=0.0004 dyaw=+0.00038 gyro_z=+0.0004
EKF_ACCEL t=1790598849.082511 REJECTED dev=2.7625 d2=13950.76 thr=11.34
EKF_MAG t=1790598849.082511 FIRED    d2=    0.00 thr=11.34 dtheta=0.0000 dyaw=+0.00000 gyro_z=-0.0001
EKF_ACCEL t=1790598849.085903 REJECTED dev=2.7526 d2=13826.21 thr=11.34
EKF_MAG t=1790598849.085903 FIRED    d2=    0.00 thr=11.34 dtheta=0.0000 dyaw=+0.00000 gyro_z=-0.0010
EKF_ACCEL t=1790598849.089762 REJECTED dev=2.7492 d2=13767.01 thr=11.34
EKF_MAG t=1790598849.089762 FIRED    d2=    0.00 thr=11.34 dtheta=0.0002 dyaw=-0.00023 gyro_z=-0.0004
EKF_ACCEL t=1790598849.093678 REJECTED dev=2.7431 d2=13682.84 thr=11.34
EKF_MAG t=1790598849.093678 FIRED    d2=    0.00 thr=11.34 dtheta=0.0000 dyaw=+0.00000 gyro_z=-0.0000
EKF_ACCEL t=1790598849.097516 REJECTED dev=2.7498 d2=13723.75 thr=11.34
EKF_MAG t=1790598849.097516 FIRED    d2=    0.00 thr=11.34 dtheta=0.0002 dyaw=+0.00012 gyro_z=-0.0002
EKF_ACCEL t=1790598849.101754 REJECTED dev=2.7495 d2=13688.11 thr=11.34
EKF_MAG t=1790598849.101754 FIRED    d2=    0.00 thr=11.34 dtheta=0.0000 dyaw=-0.00000 gyro_z=+0.0006
EKF_ACCEL t=1790598849.105760 REJECTED dev=2.7541 d2=13709.31 thr=11.34
EKF_MAG t=1790598849.105760 FIRED    d2=    0.00 thr=11.34 dtheta=0.0000 dyaw=-0.00000 gyro_z=+0.0004
EKF_ACCEL t=1790598849.109879 REJECTED dev=2.7627 d2=13770.51 thr=11.34
EKF_MAG t=1790598849.109879 FIRED    d2=    0.00 thr=11.34 dtheta=0.0000 dyaw=-0.00000 gyro_z=+0.0011
EKF_ACCEL t=1790598849.113222 REJECTED dev=2.7598 d2=13716.12 thr=11.34
EKF_MAG t=1790598849.113222 FIRED    d2=    0.00 thr=11.34 dtheta=0.0001 dyaw=-0.00007 gyro_z=-0.0016
EKF_ACCEL t=1790598849.117853 REJECTED dev=2.7496 d2=13589.91 thr=11.34
EKF_MAG t=1790598849.117853 FIRED    d2=    0.00 thr=11.34 dtheta=0.0000 dyaw=+0.00001 gyro_z=-0.0020
EKF_ACCEL t=1790598849.121186 REJECTED dev=2.7619 d2=13686.93 thr=11.34
EKF_MAG t=1790598849.121186 FIRED    d2=    0.00 thr=11.34 dtheta=0.0002 dyaw=-0.00011 gyro_z=+0.0001
EKF_ACCEL t=1790598849.126245 REJECTED dev=2.7571 d2=13605.10 thr=11.34
EKF_MAG t=1790598849.126245 FIRED    d2=    0.00 thr=11.34 dtheta=0.0000 dyaw=-0.00001 gyro_z=-0.0000
EKF_ACCEL t=1790598849.129421 REJECTED dev=2.7543 d2=13552.44 thr=11.34
EKF_MAG t=1790598849.129421 FIRED    d2=    0.00 thr=11.34 dtheta=0.0000 dyaw=-0.00000 gyro_z=-0.0009
EKF_ACCEL t=1790598849.133175 REJECTED dev=2.7478 d2=13464.16 thr=11.34
EKF_MAG t=1790598849.133175 FIRED    d2=    0.00 thr=11.34 dtheta=0.0002 dyaw=-0.00003 gyro_z=+0.0011
EKF_ACCEL t=1790598849.137558 REJECTED dev=2.7464 d2=13440.78 thr=11.34
EKF_MAG t=1790598849.137558 FIRED    d2=    0.00 thr=11.34 dtheta=0.0001 dyaw=+0.00004 gyro_z=-0.0014
EKF_ACCEL t=1790598849.141661 REJECTED dev=2.7486 d2=13445.44 thr=11.34
EKF_MAG t=1790598849.141661 FIRED    d2=    0.00 thr=11.34 dtheta=0.0000 dyaw=+0.00000 gyro_z=+0.0002
EKF_ACCEL t=1790598849.147713 REJECTED dev=2.7529 d2=13536.98 thr=11.34
EKF_MAG t=1790598849.147713 FIRED    d2=    0.00 thr=11.34 dtheta=0.0025 dyaw=+0.00000 gyro_z=-0.0012
EKF_ACCEL t=1790598849.151634 REJECTED dev=2.7596 d2=13509.90 thr=11.34
EKF_MAG t=1790598849.151634 FIRED    d2=    0.00 thr=11.34 dtheta=0.0024 dyaw=+0.00000 gyro_z=+0.0021
EKF_ACCEL t=1790598849.155494 REJECTED dev=2.7565 d2=13523.87 thr=11.34
EKF_MAG t=1790598849.155494 FIRED    d2=    0.00 thr=11.34 dtheta=0.0001 dyaw=+0.00003 gyro_z=-0.0008
EKF_ACCEL t=1790598849.157419 REJECTED dev=2.7488 d2=13424.70 thr=11.34
EKF_MAG t=1790598849.157419 FIRED    d2=    0.00 thr=11.34 dtheta=0.0002 dyaw=+0.00001 gyro_z=-0.0018
EKF_ACCEL t=1790598849.163879 REJECTED dev=2.7487 d2=13399.13 thr=11.34
EKF_MAG t=1790598849.163879 FIRED    d2=    0.00 thr=11.34 dtheta=0.0000 dyaw=-0.00002 gyro_z=+0.0027
EKF_ACCEL t=1790598849.166169 REJECTED dev=2.7436 d2=13325.52 thr=11.34
EKF_MAG t=1790598849.166169 FIRED    d2=    0.00 thr=11.34 dtheta=0.0000 dyaw=-0.00001 gyro_z=+0.0030
EKF_ACCEL t=1790598849.170681 REJECTED dev=2.7628 d2=13488.55 thr=11.34
EKF_MAG t=1790598849.170681 FIRED    d2=    0.00 thr=11.34 dtheta=0.0000 dyaw=-0.00001 gyro_z=+0.0011
EKF_ACCEL t=1790598849.173302 REJECTED dev=2.7495 d2=13336.04 thr=11.34
EKF_MAG t=1790598849.173302 FIRED    d2=    0.00 thr=11.34 dtheta=0.0002 dyaw=+0.00013 gyro_z=-0.0015
EKF_ACCEL t=1790598849.178244 REJECTED dev=2.7503 d2=13320.34 thr=11.34
EKF_MAG t=1790598849.178244 FIRED    d2=    0.00 thr=11.34 dtheta=0.0004 dyaw=-0.00034 gyro_z=+0.0009
EKF_ACCEL t=1790598849.184042 REJECTED dev=2.7506 d2=13299.71 thr=11.34
EKF_MAG t=1790598849.184042 FIRED    d2=    0.00 thr=11.34 dtheta=0.0000 dyaw=-0.00001 gyro_z=+0.0007
EKF_ACCEL t=1790598849.186040 REJECTED dev=2.7534 d2=13302.53 thr=11.34
EKF_MAG t=1790598849.186040 FIRED    d2=    0.00 thr=11.34 dtheta=0.0000 dyaw=-0.00000 gyro_z=-0.0017
EKF_ACCEL t=1790598849.189680 REJECTED dev=2.7417 d2=13166.92 thr=11.34
EKF_MAG t=1790598849.189680 FIRED    d2=    0.00 thr=11.34 dtheta=0.0003 dyaw=+0.00030 gyro_z=-0.0009
EKF_ACCEL t=1790598849.193410 REJECTED dev=2.7525 d2=13247.52 thr=11.34
EKF_MAG t=1790598849.193410 FIRED    d2=    0.00 thr=11.34 dtheta=0.0000 dyaw=-0.00000 gyro_z=+0.0007
EKF_ACCEL t=1790598849.197711 REJECTED dev=2.7510 d2=13210.11 thr=11.34
EKF_MAG t=1790598849.197711 FIRED    d2=    0.00 thr=11.34 dtheta=0.0000 dyaw=+0.00000 gyro_z=-0.0012
EKF_ACCEL t=1790598849.201868 REJECTED dev=2.7449 d2=13128.05 thr=11.34
EKF_MAG t=1790598849.201868 FIRED    d2=    0.00 thr=11.34 dtheta=0.0002 dyaw=-0.00004 gyro_z=-0.0002
EKF_ACCEL t=1790598849.205368 REJECTED dev=2.7430 d2=13086.00 thr=11.34
EKF_MAG t=1790598849.205368 FIRED    d2=    0.00 thr=11.34 dtheta=0.0000 dyaw=-0.00000 gyro_z=+0.0005
EKF_ACCEL t=1790598849.210131 REJECTED dev=2.7532 d2=13160.99 thr=11.34
EKF_MAG t=1790598849.210131 FIRED    d2=    0.00 thr=11.34 dtheta=0.0005 dyaw=-0.00040 gyro_z=+0.0011
EKF_ACCEL t=1790598849.214716 REJECTED dev=2.7488 d2=13096.89 thr=11.34
EKF_MAG t=1790598849.214716 FIRED    d2=    0.00 thr=11.34 dtheta=0.0000 dyaw=-0.00001 gyro_z=+0.0007
EKF_ACCEL t=1790598849.218245 REJECTED dev=2.7417 d2=13006.75 thr=11.34
EKF_MAG t=1790598849.218245 FIRED    d2=    0.00 thr=11.34 dtheta=0.0000 dyaw=-0.00001 gyro_z=+0.0000
liftoff confirmed: alt=0.502m after 0.68s
rate-loop isolation test: axis=roll step=0.1rad/s duration=1.0s
t       dt(ms)  sp      meas(r,p,y)                 tau(r,p,y)              alt(z)  vel(x,y)
EKF_ACCEL t=1790598849.221266 REJECTED dev=2.7622 d2=13178.96 thr=11.34
EKF_MAG t=1790598849.221266 FIRED    d2=    0.00 thr=11.34 dtheta=0.0003 dyaw=-0.00016 gyro_z=-0.0005
EKF_ACCEL t=1790598849.226375 REJECTED dev=2.7524 d2=13062.88 thr=11.34
EKF_MAG t=1790598849.226375 FIRED    d2=    0.00 thr=11.34 dtheta=0.0000 dyaw=+0.00002 gyro_z=-0.0016
EKF_ACCEL t=1790598849.229425 REJECTED dev=2.2686 d2= 8858.73 thr=11.34
EKF_MAG t=1790598849.229425 FIRED    d2=    0.00 thr=11.34 dtheta=0.0000 dyaw=+0.00001 gyro_z=+0.0004
EKF_ACCEL t=1790598849.233795 REJECTED dev=1.8705 d2= 6012.49 thr=11.34
EKF_MAG t=1790598849.233795 FIRED    d2=    0.00 thr=11.34 dtheta=0.0005 dyaw=+0.00042 gyro_z=-0.0014
EKF_ACCEL t=1790598849.237261 REJECTED dev=1.5415 d2= 4076.48 thr=11.34
EKF_MAG t=1790598849.237261 FIRED    d2=    0.00 thr=11.34 dtheta=0.0000 dyaw=+0.00000 gyro_z=-0.0000
EKF_ACCEL t=1790598849.241652 REJECTED dev=1.2530 d2= 2688.49 thr=11.34
EKF_MAG t=1790598849.241652 FIRED    d2=    0.00 thr=11.34 dtheta=0.0001 dyaw=+0.00012 gyro_z=-0.0000
EKF_ACCEL t=1790598849.245275 REJECTED dev=1.0184 d2= 1773.03 thr=11.34
EKF_MAG t=1790598849.245275 FIRED    d2=    0.00 thr=11.34 dtheta=0.0000 dyaw=-0.00000 gyro_z=+0.0001
EKF_ACCEL t=1790598849.251697 REJECTED dev=0.8084 d2= 1115.00 thr=11.34
EKF_MAG t=1790598849.251697 FIRED    d2=    0.00 thr=11.34 dtheta=0.0004 dyaw=-0.00035 gyro_z=+0.0018
EKF_ACCEL t=1790598849.253542 REJECTED dev=0.6629 d2=  748.64 thr=11.34
EKF_MAG t=1790598849.253542 FIRED    d2=    0.00 thr=11.34 dtheta=0.0000 dyaw=-0.00001 gyro_z=-0.0000
EKF_ACCEL t=1790598849.258140 REJECTED dev=0.4985 d2=  422.58 thr=11.34
EKF_MAG t=1790598849.258140 FIRED    d2=    0.00 thr=11.34 dtheta=0.0000 dyaw=-0.00000 gyro_z=-0.0003
  0.04   4.91   0.00  ( 0.001,-0.001,-0.000)  (  -0.0,   0.0,   0.0)   0.570  (  0.01, -0.00)
EKF_ACCEL t=1790598849.261639 REJECTED dev=0.3918 d2=  260.47 thr=11.34
EKF_MAG t=1790598849.261639 FIRED    d2=    0.00 thr=11.34 dtheta=0.0003 dyaw=+0.00007 gyro_z=-0.0000
EKF_ACCEL t=1790598849.265717 REJECTED dev=0.2695 d2=  122.93 thr=11.34
EKF_MAG t=1790598849.265717 FIRED    d2=    0.00 thr=11.34 dtheta=0.0000 dyaw=+0.00001 gyro_z=-0.0008
EKF_ACCEL t=1790598849.269325 REJECTED dev=0.1858 d2=   58.36 thr=11.34
EKF_MAG t=1790598849.269325 FIRED    d2=    0.00 thr=11.34 dtheta=0.0000 dyaw=-0.00000 gyro_z=+0.0008
EKF_ACCEL t=1790598849.273508 REJECTED dev=0.1155 d2=   22.50 thr=11.34
EKF_MAG t=1790598849.273508 FIRED    d2=    0.00 thr=11.34 dtheta=0.0002 dyaw=+0.00018 gyro_z=-0.0010
EKF_ACCEL t=1790598849.277430 FIRED   dev=0.0450 d2=    3.40 thr=11.34 dtheta=0.0014 dyaw=-0.00135
EKF_MAG t=1790598849.277430 FIRED    d2=    0.00 thr=11.34 dtheta=0.0011 dyaw=+0.00107 gyro_z=-0.0010
EKF_ACCEL t=1790598849.281471 FIRED   dev=0.0214 d2=    0.86 thr=11.34 dtheta=0.0030 dyaw=+0.00058
EKF_MAG t=1790598849.281471 FIRED    d2=    0.00 thr=11.34 dtheta=0.0018 dyaw=-0.00182 gyro_z=-0.0004
EKF_ACCEL t=1790598849.286410 FIRED   dev=0.0465 d2=    4.30 thr=11.34 dtheta=0.0064 dyaw=+0.00158
EKF_MAG t=1790598849.286410 FIRED    d2=    0.11 thr=11.34 dtheta=0.0006 dyaw=+0.00011 gyro_z=-0.0007
EKF_ACCEL t=1790598849.289672 REJECTED dev=0.0859 d2=   14.78 thr=11.34
EKF_MAG t=1790598849.289672 FIRED    d2=    0.00 thr=11.34 dtheta=0.0025 dyaw=+0.00146 gyro_z=+0.0003
EKF_ACCEL t=1790598849.293833 REJECTED dev=0.1142 d2=   25.46 thr=11.34
EKF_MAG t=1790598849.293833 FIRED    d2=    0.00 thr=11.34 dtheta=0.0002 dyaw=+0.00016 gyro_z=+0.0000
EKF_ACCEL t=1790598849.297444 REJECTED dev=0.1416 d2=   38.94 thr=11.34
EKF_MAG t=1790598849.297444 FIRED    d2=    0.00 thr=11.34 dtheta=0.0001 dyaw=-0.00005 gyro_z=+0.0005
  0.08   3.83   0.00  ( 0.001,-0.002, 0.000)  (  -0.0,   0.1,  -0.1)   0.637  (  0.00, -0.00)
EKF_ACCEL t=1790598849.301976 REJECTED dev=0.1591 d2=   49.15 thr=11.34
EKF_MAG t=1790598849.301976 FIRED    d2=    0.00 thr=11.34 dtheta=0.0003 dyaw=-0.00031 gyro_z=-0.0004
EKF_ACCEL t=1790598849.305199 REJECTED dev=0.1932 d2=   72.48 thr=11.34
EKF_MAG t=1790598849.305199 FIRED    d2=    0.00 thr=11.34 dtheta=0.0000 dyaw=-0.00001 gyro_z=-0.0003
EKF_ACCEL t=1790598849.309628 REJECTED dev=0.2046 d2=   81.14 thr=11.34
EKF_MAG t=1790598849.309628 FIRED    d2=    0.00 thr=11.34 dtheta=0.0000 dyaw=-0.00000 gyro_z=-0.0001
EKF_ACCEL t=1790598849.313936 REJECTED dev=0.2284 d2=  100.89 thr=11.34
EKF_MAG t=1790598849.313936 FIRED    d2=    0.00 thr=11.34 dtheta=0.0002 dyaw=+0.00014 gyro_z=-0.0000
EKF_ACCEL t=1790598849.317771 REJECTED dev=0.2310 d2=  103.08 thr=11.34
EKF_MAG t=1790598849.317771 FIRED    d2=    0.00 thr=11.34 dtheta=0.0002 dyaw=+0.00010 gyro_z=-0.0013
EKF_ACCEL t=1790598849.321276 REJECTED dev=0.2523 d2=  122.47 thr=11.34
EKF_MAG t=1790598849.321276 FIRED    d2=    0.00 thr=11.34 dtheta=0.0000 dyaw=-0.00002 gyro_z=-0.0005
EKF_ACCEL t=1790598849.325854 REJECTED dev=0.2551 d2=  125.03 thr=11.34
EKF_MAG t=1790598849.325854 FIRED    d2=    0.00 thr=11.34 dtheta=0.0000 dyaw=-0.00002 gyro_z=+0.0011
EKF_ACCEL t=1790598849.329674 REJECTED dev=0.2640 d2=  133.67 thr=11.34
EKF_MAG t=1790598849.329674 FIRED    d2=    0.00 thr=11.34 dtheta=0.0004 dyaw=-0.00040 gyro_z=+0.0009
EKF_ACCEL t=1790598849.335409 REJECTED dev=0.2569 d2=  126.29 thr=11.34
EKF_MAG t=1790598849.335409 FIRED    d2=    0.00 thr=11.34 dtheta=0.0000 dyaw=-0.00001 gyro_z=+0.0004
EKF_ACCEL t=1790598849.337144 REJECTED dev=0.2811 d2=  151.03 thr=11.34
EKF_MAG t=1790598849.337144 FIRED    d2=    0.00 thr=11.34 dtheta=0.0000 dyaw=-0.00001 gyro_z=+0.0004
  0.12   1.45   0.00  ( 0.001,-0.000, 0.000)  (   0.0,   0.0,  -0.1)   0.705  (  0.00, -0.00)
EKF_ACCEL t=1790598849.341585 REJECTED dev=0.2842 d2=  154.11 thr=11.34
EKF_MAG t=1790598849.341585 FIRED    d2=    0.00 thr=11.34 dtheta=0.0002 dyaw=-0.00013 gyro_z=-0.0001
EKF_ACCEL t=1790598849.345292 REJECTED dev=0.2865 d2=  156.57 thr=11.34
EKF_MAG t=1790598849.345292 FIRED    d2=    0.00 thr=11.34 dtheta=0.0000 dyaw=-0.00000 gyro_z=+0.0008
EKF_ACCEL t=1790598849.349223 REJECTED dev=0.2997 d2=  169.70 thr=11.34
EKF_MAG t=1790598849.349223 FIRED    d2=    0.00 thr=11.34 dtheta=0.0011 dyaw=+0.00017 gyro_z=-0.0007
EKF_ACCEL t=1790598849.353379 REJECTED dev=0.2952 d2=  166.50 thr=11.34
EKF_MAG t=1790598849.353379 FIRED    d2=    0.00 thr=11.34 dtheta=0.0011 dyaw=+0.00001 gyro_z=+0.0006
EKF_ACCEL t=1790598849.357392 REJECTED dev=0.3001 d2=  169.56 thr=11.34
EKF_MAG t=1790598849.357392 FIRED    d2=    0.00 thr=11.34 dtheta=0.0000 dyaw=-0.00000 gyro_z=+0.0003
EKF_ACCEL t=1790598849.361370 REJECTED dev=0.2946 d2=  163.04 thr=11.34
EKF_MAG t=1790598849.361370 FIRED    d2=    0.00 thr=11.34 dtheta=0.0004 dyaw=-0.00042 gyro_z=+0.0003
EKF_ACCEL t=1790598849.365011 REJECTED dev=0.3028 d2=  171.98 thr=11.34
EKF_MAG t=1790598849.365011 FIRED    d2=    0.00 thr=11.34 dtheta=0.0000 dyaw=-0.00001 gyro_z=+0.0007
EKF_ACCEL t=1790598849.369588 REJECTED dev=0.3048 d2=  173.97 thr=11.34
EKF_MAG t=1790598849.369588 FIRED    d2=    0.00 thr=11.34 dtheta=0.0000 dyaw=-0.00000 gyro_z=+0.0001
EKF_ACCEL t=1790598849.375566 REJECTED dev=0.3064 d2=  175.40 thr=11.34
EKF_MAG t=1790598849.375566 FIRED    d2=    0.00 thr=11.34 dtheta=0.0003 dyaw=+0.00034 gyro_z=-0.0002
EKF_ACCEL t=1790598849.379540 REJECTED dev=0.3084 d2=  177.20 thr=11.34
EKF_MAG t=1790598849.379540 FIRED    d2=    0.00 thr=11.34 dtheta=0.0001 dyaw=-0.00002 gyro_z=+0.0013
  0.16   4.04   0.00  ( 0.003, 0.001, 0.001)  (  -0.1,  -0.0,  -0.2)   0.781  (  0.00, -0.00)
EKF_ACCEL t=1790598849.381718 REJECTED dev=0.3100 d2=  178.60 thr=11.34
EKF_MAG t=1790598849.381718 FIRED    d2=    0.00 thr=11.34 dtheta=0.0000 dyaw=-0.00000 gyro_z=+0.0005
EKF_ACCEL t=1790598849.385618 REJECTED dev=0.3000 d2=  166.95 thr=11.34
EKF_MAG t=1790598849.385618 FIRED    d2=    0.00 thr=11.34 dtheta=0.0000 dyaw=+0.00000 gyro_z=-0.0009
EKF_ACCEL t=1790598849.389300 REJECTED dev=0.2902 d2=  155.93 thr=11.34
EKF_MAG t=1790598849.389300 FIRED    d2=    0.00 thr=11.34 dtheta=0.0000 dyaw=-0.00000 gyro_z=+0.0003
EKF_ACCEL t=1790598849.393472 REJECTED dev=0.3076 d2=  174.94 thr=11.34
EKF_MAG t=1790598849.393472 FIRED    d2=    0.00 thr=11.34 dtheta=0.0001 dyaw=+0.00008 gyro_z=-0.0003
EKF_ACCEL t=1790598849.397510 REJECTED dev=0.2887 d2=  154.06 thr=11.34
EKF_MAG t=1790598849.397510 FIRED    d2=    0.00 thr=11.34 dtheta=0.0000 dyaw=-0.00000 gyro_z=+0.0004
EKF_ACCEL t=1790598849.401576 REJECTED dev=0.3059 d2=  172.62 thr=11.34
EKF_MAG t=1790598849.401576 FIRED    d2=    0.00 thr=11.34 dtheta=0.0004 dyaw=+0.00040 gyro_z=+0.0012
EKF_ACCEL t=1790598849.405694 REJECTED dev=0.3022 d2=  167.98 thr=11.34
EKF_MAG t=1790598849.405694 FIRED    d2=    0.00 thr=11.34 dtheta=0.0000 dyaw=+0.00001 gyro_z=-0.0012
EKF_ACCEL t=1790598849.409765 REJECTED dev=0.3075 d2=  173.63 thr=11.34
EKF_MAG t=1790598849.409765 FIRED    d2=    0.00 thr=11.34 dtheta=0.0001 dyaw=-0.00012 gyro_z=+0.0010
EKF_ACCEL t=1790598849.413704 REJECTED dev=0.3138 d2=  180.47 thr=11.34
EKF_MAG t=1790598849.413704 FIRED    d2=    0.00 thr=11.34 dtheta=0.0000 dyaw=+0.00000 gyro_z=-0.0015
EKF_ACCEL t=1790598849.418269 REJECTED dev=0.3093 d2=  175.05 thr=11.34
EKF_MAG t=1790598849.418269 FIRED    d2=    0.00 thr=11.34 dtheta=0.0000 dyaw=+0.00000 gyro_z=-0.0007
  0.20   4.71   0.00  ( 0.001,-0.001,-0.001)  (  -0.0,   0.1,   0.1)   0.846  ( -0.00, -0.00)
EKF_ACCEL t=1790598849.421504 REJECTED dev=0.3045 d2=  169.35 thr=11.34
EKF_MAG t=1790598849.421504 FIRED    d2=    0.00 thr=11.34 dtheta=0.0003 dyaw=-0.00031 gyro_z=-0.0005
EKF_ACCEL t=1790598849.425816 REJECTED dev=0.3156 d2=  181.62 thr=11.34
EKF_MAG t=1790598849.425816 FIRED    d2=    0.00 thr=11.34 dtheta=0.0000 dyaw=-0.00001 gyro_z=+0.0008
EKF_ACCEL t=1790598849.429463 REJECTED dev=0.3029 d2=  166.91 thr=11.34
EKF_MAG t=1790598849.429463 FIRED    d2=    0.00 thr=11.34 dtheta=0.0003 dyaw=+0.00024 gyro_z=+0.0008
EKF_ACCEL t=1790598849.433467 REJECTED dev=0.3121 d2=  177.09 thr=11.34
EKF_MAG t=1790598849.433467 FIRED    d2=    0.00 thr=11.34 dtheta=0.0000 dyaw=+0.00001 gyro_z=-0.0003
EKF_ACCEL t=1790598849.437431 REJECTED dev=0.2986 d2=  161.79 thr=11.34
EKF_MAG t=1790598849.437431 FIRED    d2=    0.00 thr=11.34 dtheta=0.0005 dyaw=-0.00053 gyro_z=+0.0014
EKF_ACCEL t=1790598849.441350 REJECTED dev=0.3105 d2=  174.76 thr=11.34
EKF_MAG t=1790598849.441350 FIRED    d2=    0.00 thr=11.34 dtheta=0.0000 dyaw=-0.00002 gyro_z=+0.0022
EKF_ACCEL t=1790598849.445067 REJECTED dev=0.3052 d2=  168.55 thr=11.34
EKF_MAG t=1790598849.445067 FIRED    d2=    0.00 thr=11.34 dtheta=0.0000 dyaw=+0.00000 gyro_z=-0.0014
EKF_ACCEL t=1790598849.449460 REJECTED dev=0.3064 d2=  169.59 thr=11.34
EKF_MAG t=1790598849.449460 FIRED    d2=    0.00 thr=11.34 dtheta=0.0000 dyaw=+0.00001 gyro_z=-0.0022
EKF_ACCEL t=1790598849.453214 REJECTED dev=0.3165 d2=  180.56 thr=11.34
EKF_MAG t=1790598849.453214 FIRED    d2=    0.00 thr=11.34 dtheta=0.0006 dyaw=+0.00055 gyro_z=-0.0009
EKF_ACCEL t=1790598849.457392 REJECTED dev=0.3233 d2=  188.03 thr=11.34
EKF_MAG t=1790598849.457392 FIRED    d2=    0.00 thr=11.34 dtheta=0.0000 dyaw=+0.00000 gyro_z=+0.0011
  0.24   4.24   0.00  ( 0.002, 0.000, 0.001)  (  -0.1,  -0.0,  -0.2)   0.912  ( -0.00, -0.00)
EKF_ACCEL t=1790598849.461057 REJECTED dev=0.3036 d2=  165.47 thr=11.34
EKF_MAG t=1790598849.461057 FIRED    d2=    0.00 thr=11.34 dtheta=0.0007 dyaw=-0.00066 gyro_z=+0.0009
EKF_ACCEL t=1790598849.465268 REJECTED dev=0.3101 d2=  172.12 thr=11.34
EKF_MAG t=1790598849.465268 FIRED    d2=    0.00 thr=11.34 dtheta=0.0000 dyaw=+0.00000 gyro_z=-0.0005
EKF_ACCEL t=1790598849.469937 REJECTED dev=0.2999 d2=  160.72 thr=11.34
EKF_MAG t=1790598849.469937 FIRED    d2=    0.00 thr=11.34 dtheta=0.0000 dyaw=+0.00001 gyro_z=-0.0007
EKF_ACCEL t=1790598849.475357 REJECTED dev=0.3049 d2=  165.79 thr=11.34
EKF_MAG t=1790598849.475357 FIRED    d2=    0.00 thr=11.34 dtheta=0.0005 dyaw=+0.00046 gyro_z=-0.0002
EKF_ACCEL t=1790598849.478725 REJECTED dev=0.2969 d2=  156.70 thr=11.34
EKF_MAG t=1790598849.478725 FIRED    d2=    0.00 thr=11.34 dtheta=0.0004 dyaw=-0.00037 gyro_z=+0.0002
EKF_ACCEL t=1790598849.483204 REJECTED dev=0.3075 d2=  168.09 thr=11.34
EKF_MAG t=1790598849.483204 FIRED    d2=    0.00 thr=11.34 dtheta=0.0000 dyaw=-0.00000 gyro_z=+0.0005
EKF_ACCEL t=1790598849.485088 REJECTED dev=0.3125 d2=  173.30 thr=11.34
EKF_MAG t=1790598849.485088 FIRED    d2=    0.00 thr=11.34 dtheta=0.0000 dyaw=+0.00000 gyro_z=-0.0015
EKF_ACCEL t=1790598849.489088 REJECTED dev=0.3097 d2=  169.87 thr=11.34
EKF_MAG t=1790598849.489088 FIRED    d2=    0.00 thr=11.34 dtheta=0.0000 dyaw=+0.00001 gyro_z=-0.0012
EKF_ACCEL t=1790598849.493085 REJECTED dev=0.2991 d2=  158.16 thr=11.34
EKF_MAG t=1790598849.493085 FIRED    d2=    0.00 thr=11.34 dtheta=0.0003 dyaw=+0.00023 gyro_z=+0.0007
EKF_ACCEL t=1790598849.498050 REJECTED dev=0.3122 d2=  172.15 thr=11.34
EKF_MAG t=1790598849.498050 FIRED    d2=    0.00 thr=11.34 dtheta=0.0000 dyaw=+0.00000 gyro_z=-0.0000
  0.28   4.97   0.00  ( 0.002,-0.001,-0.000)  (  -0.0,   0.0,   0.0)   0.980  ( -0.00, -0.00)
EKF_ACCEL t=1790598849.500998 REJECTED dev=0.3201 d2=  180.72 thr=11.34
EKF_MAG t=1790598849.500998 FIRED    d2=    0.00 thr=11.34 dtheta=0.0002 dyaw=+0.00023 gyro_z=-0.0005
EKF_ACCEL t=1790598849.601732 REJECTED dev=0.3201 d2=  178.34 thr=11.34
EKF_MAG t=1790598849.601732 FIRED    d2=    0.00 thr=11.34 dtheta=0.0004 dyaw=+0.00000 gyro_z=-0.0005
EKF_ACCEL t=1790598849.702794 REJECTED dev=0.3201 d2=  178.85 thr=11.34
EKF_MAG t=1790598849.702794 FIRED    d2=    0.00 thr=11.34 dtheta=0.0004 dyaw=+0.00006 gyro_z=-0.0005
EKF_ACCEL t=1790598849.803752 REJECTED dev=0.3201 d2=  177.29 thr=11.34
EKF_MAG t=1790598849.803752 FIRED    d2=    0.00 thr=11.34 dtheta=0.0002 dyaw=+0.00001 gyro_z=-0.0004
EKF_ACCEL t=1790598849.904892 REJECTED dev=0.3200 d2=  177.25 thr=11.34
EKF_MAG t=1790598849.904892 FIRED    d2=    0.00 thr=11.34 dtheta=0.0002 dyaw=+0.00004 gyro_z=-0.0004
EKF_ACCEL t=1790598850.006186 REJECTED dev=0.3200 d2=  176.48 thr=11.34
EKF_MAG t=1790598850.006186 FIRED    d2=    0.00 thr=11.34 dtheta=0.0001 dyaw=+0.00002 gyro_z=-0.0004
EKF_ACCEL t=1790598850.028509 REJECTED dev=0.3012 d2=  156.11 thr=11.34
EKF_MAG t=1790598850.028509 FIRED    d2=    0.00 thr=11.34 dtheta=0.0001 dyaw=-0.00001 gyro_z=+0.0008
EKF_ACCEL t=1790598850.029791 REJECTED dev=0.3014 d2=  155.95 thr=11.34
EKF_MAG t=1790598850.029791 FIRED    d2=    0.00 thr=11.34 dtheta=0.0004 dyaw=-0.00038 gyro_z=+0.0007
EKF_ACCEL t=1790598850.030475 REJECTED dev=0.3097 d2=  163.93 thr=11.34
EKF_MAG t=1790598850.030475 FIRED    d2=    0.00 thr=11.34 dtheta=0.0000 dyaw=+0.00000 gyro_z=+0.0008
EKF_ACCEL t=1790598850.031479 REJECTED dev=0.3029 d2=  156.55 thr=11.34
EKF_MAG t=1790598850.031479 FIRED    d2=    0.00 thr=11.34 dtheta=0.0003 dyaw=-0.00029 gyro_z=-0.0012
  0.81   0.85   0.00  (-0.000,-0.002,-0.001)  (   0.2,   0.2,   0.2)   1.457  ( -0.01, -0.00)
EKF_ACCEL t=1790598850.032319 REJECTED dev=0.3082 d2=  161.93 thr=11.34
EKF_MAG t=1790598850.032319 FIRED    d2=    0.00 thr=11.34 dtheta=0.0000 dyaw=+0.00001 gyro_z=+0.0001
EKF_ACCEL t=1790598850.033171 REJECTED dev=0.3105 d2=  164.13 thr=11.34
EKF_MAG t=1790598850.033171 FIRED    d2=    0.00 thr=11.34 dtheta=0.0001 dyaw=+0.00012 gyro_z=-0.0001
EKF_ACCEL t=1790598850.033769 REJECTED dev=0.3183 d2=  172.24 thr=11.34
EKF_MAG t=1790598850.033769 FIRED    d2=    0.00 thr=11.34 dtheta=0.0000 dyaw=+0.00000 gyro_z=-0.0005
EKF_ACCEL t=1790598850.034345 REJECTED dev=0.3178 d2=  171.43 thr=11.34
EKF_MAG t=1790598850.034345 FIRED    d2=    0.00 thr=11.34 dtheta=0.0000 dyaw=+0.00000 gyro_z=+0.0001
EKF_ACCEL t=1790598850.035072 REJECTED dev=0.3043 d2=  156.91 thr=11.34
EKF_MAG t=1790598850.035072 FIRED    d2=    0.00 thr=11.34 dtheta=0.0005 dyaw=+0.00043 gyro_z=+0.0002
EKF_ACCEL t=1790598850.035835 REJECTED dev=0.3000 d2=  152.66 thr=11.34
EKF_MAG t=1790598850.035835 FIRED    d2=    0.00 thr=11.34 dtheta=0.0000 dyaw=+0.00001 gyro_z=+0.0002
EKF_ACCEL t=1790598850.036786 REJECTED dev=0.3048 d2=  157.37 thr=11.34
EKF_MAG t=1790598850.036786 FIRED    d2=    0.00 thr=11.34 dtheta=0.0002 dyaw=-0.00002 gyro_z=-0.0012
EKF_ACCEL t=1790598850.037663 REJECTED dev=0.3102 d2=  162.25 thr=11.34
EKF_MAG t=1790598850.037663 FIRED    d2=    0.00 thr=11.34 dtheta=0.0005 dyaw=-0.00046 gyro_z=+0.0007
EKF_ACCEL t=1790598850.038427 REJECTED dev=0.3077 d2=  159.41 thr=11.34
EKF_MAG t=1790598850.038427 FIRED    d2=    0.00 thr=11.34 dtheta=0.0000 dyaw=-0.00000 gyro_z=-0.0013
EKF_ACCEL t=1790598850.039036 REJECTED dev=0.3027 d2=  154.06 thr=11.34
EKF_MAG t=1790598850.039036 FIRED    d2=    0.00 thr=11.34 dtheta=0.0000 dyaw=+0.00000 gyro_z=+0.0008
  0.82   0.70   0.00  ( 0.000,-0.001, 0.001)  (   0.0,   0.1,  -0.1)   1.469  ( -0.01, -0.00)
EKF_ACCEL t=1790598850.039899 REJECTED dev=0.3039 d2=  155.02 thr=11.34
EKF_MAG t=1790598850.039899 FIRED    d2=    0.00 thr=11.34 dtheta=0.0003 dyaw=+0.00025 gyro_z=+0.0007
EKF_ACCEL t=1790598850.042530 REJECTED dev=0.3098 d2=  160.62 thr=11.34
EKF_MAG t=1790598850.042530 FIRED    d2=    0.00 thr=11.34 dtheta=0.0000 dyaw=-0.00004 gyro_z=+0.0008
EKF_ACCEL t=1790598850.048886 REJECTED dev=0.3095 d2=  159.90 thr=11.34
EKF_MAG t=1790598850.048886 FIRED    d2=    0.00 thr=11.34 dtheta=0.0000 dyaw=-0.00001 gyro_z=+0.0008
EKF_ACCEL t=1790598850.049559 REJECTED dev=0.3057 d2=  155.74 thr=11.34
EKF_MAG t=1790598850.049559 FIRED    d2=    0.00 thr=11.34 dtheta=0.0003 dyaw=-0.00034 gyro_z=-0.0011
EKF_ACCEL t=1790598850.050271 REJECTED dev=0.3084 d2=  158.26 thr=11.34
EKF_MAG t=1790598850.050271 FIRED    d2=    0.00 thr=11.34 dtheta=0.0000 dyaw=+0.00000 gyro_z=-0.0002
EKF_ACCEL t=1790598850.051056 REJECTED dev=0.3080 d2=  157.62 thr=11.34
EKF_MAG t=1790598850.051056 FIRED    d2=    0.00 thr=11.34 dtheta=0.0006 dyaw=+0.00060 gyro_z=+0.0016
EKF_ACCEL t=1790598850.051759 REJECTED dev=0.3123 d2=  162.15 thr=11.34
EKF_MAG t=1790598850.051759 FIRED    d2=    0.00 thr=11.34 dtheta=0.0000 dyaw=+0.00001 gyro_z=+0.0001
EKF_ACCEL t=1790598850.052515 REJECTED dev=0.2984 d2=  147.77 thr=11.34
EKF_MAG t=1790598850.052515 FIRED    d2=    0.00 thr=11.34 dtheta=0.0004 dyaw=-0.00031 gyro_z=+0.0005
EKF_ACCEL t=1790598850.053311 REJECTED dev=0.3010 d2=  149.61 thr=11.34
EKF_MAG t=1790598850.053311 FIRED    d2=    0.00 thr=11.34 dtheta=0.0000 dyaw=-0.00000 gyro_z=-0.0008
EKF_ACCEL t=1790598850.054070 REJECTED dev=0.3099 d2=  158.33 thr=11.34
EKF_MAG t=1790598850.054070 FIRED    d2=    0.00 thr=11.34 dtheta=0.0002 dyaw=+0.00007 gyro_z=-0.0002
  0.84   0.80   0.00  ( 0.003,-0.001,-0.000)  (  -0.3,   0.1,   0.0)   1.493  ( -0.01, -0.00)
EKF_ACCEL t=1790598850.054719 REJECTED dev=0.3080 d2=  156.58 thr=11.34
EKF_MAG t=1790598850.054719 FIRED    d2=    0.00 thr=11.34 dtheta=0.0000 dyaw=+0.00000 gyro_z=+0.0004
EKF_ACCEL t=1790598850.055431 REJECTED dev=0.3030 d2=  151.32 thr=11.34
EKF_MAG t=1790598850.055431 FIRED    d2=    0.00 thr=11.34 dtheta=0.0000 dyaw=+0.00000 gyro_z=-0.0003
EKF_ACCEL t=1790598850.056128 REJECTED dev=0.3083 d2=  156.29 thr=11.34
EKF_MAG t=1790598850.056128 FIRED    d2=    0.00 thr=11.34 dtheta=0.0000 dyaw=-0.00000 gyro_z=+0.0011
EKF_ACCEL t=1790598850.064775 REJECTED dev=0.3004 d2=  148.18 thr=11.34
EKF_MAG t=1790598850.064775 FIRED    d2=    0.00 thr=11.34 dtheta=0.0002 dyaw=-0.00023 gyro_z=+0.0003
EKF_ACCEL t=1790598850.065666 REJECTED dev=0.2926 d2=  140.18 thr=11.34
EKF_MAG t=1790598850.065666 FIRED    d2=    0.00 thr=11.34 dtheta=0.0002 dyaw=-0.00018 gyro_z=+0.0006
EKF_ACCEL t=1790598850.066389 REJECTED dev=0.3003 d2=  147.16 thr=11.34
EKF_MAG t=1790598850.066389 FIRED    d2=    0.00 thr=11.34 dtheta=0.0000 dyaw=+0.00001 gyro_z=+0.0020
EKF_ACCEL t=1790598850.066952 REJECTED dev=0.3132 d2=  159.75 thr=11.34
EKF_MAG t=1790598850.066952 FIRED    d2=    0.00 thr=11.34 dtheta=0.0000 dyaw=+0.00001 gyro_z=-0.0013
EKF_ACCEL t=1790598850.067710 REJECTED dev=0.2973 d2=  143.73 thr=11.34
EKF_MAG t=1790598850.067710 FIRED    d2=    0.00 thr=11.34 dtheta=0.0002 dyaw=-0.00004 gyro_z=-0.0009
EKF_ACCEL t=1790598850.068615 REJECTED dev=0.3139 d2=  160.41 thr=11.34
EKF_MAG t=1790598850.068615 FIRED    d2=    0.00 thr=11.34 dtheta=0.0001 dyaw=-0.00011 gyro_z=+0.0010
EKF_ACCEL t=1790598850.069181 REJECTED dev=0.3079 d2=  153.98 thr=11.34
EKF_MAG t=1790598850.069181 FIRED    d2=    0.00 thr=11.34 dtheta=0.0000 dyaw=-0.00001 gyro_z=+0.0005
  0.85   0.63   0.00  ( 0.024,-0.001, 0.001)  (  -1.9,   0.2,  -0.1)   1.517  ( -0.01, -0.00)
EKF_ACCEL t=1790598850.069970 REJECTED dev=0.3077 d2=  153.59 thr=11.34
EKF_MAG t=1790598850.069970 FIRED    d2=    0.00 thr=11.34 dtheta=0.0002 dyaw=+0.00000 gyro_z=+0.0004
EKF_ACCEL t=1790598850.070677 REJECTED dev=0.3056 d2=  150.89 thr=11.34
EKF_MAG t=1790598850.070677 FIRED    d2=    0.00 thr=11.34 dtheta=0.0000 dyaw=+0.00001 gyro_z=-0.0000
EKF_ACCEL t=1790598850.071311 REJECTED dev=0.3096 d2=  154.65 thr=11.34
EKF_MAG t=1790598850.071311 FIRED    d2=    0.00 thr=11.34 dtheta=0.0000 dyaw=+0.00000 gyro_z=+0.0015
EKF_ACCEL t=1790598850.081565 REJECTED dev=0.2947 d2=  139.63 thr=11.34
EKF_MAG t=1790598850.081565 FIRED    d2=    0.00 thr=11.34 dtheta=0.0003 dyaw=-0.00027 gyro_z=+0.0010
EKF_ACCEL t=1790598850.082211 REJECTED dev=0.2969 d2=  141.49 thr=11.34
EKF_MAG t=1790598850.082211 FIRED    d2=    0.00 thr=11.34 dtheta=0.0000 dyaw=+0.00001 gyro_z=-0.0007
EKF_ACCEL t=1790598850.083459 REJECTED dev=0.3125 d2=  156.43 thr=11.34
EKF_MAG t=1790598850.083459 FIRED    d2=    0.00 thr=11.34 dtheta=0.0007 dyaw=-0.00074 gyro_z=-0.0008
EKF_ACCEL t=1790598850.084055 REJECTED dev=0.3152 d2=  158.96 thr=11.34
EKF_MAG t=1790598850.084055 FIRED    d2=    0.00 thr=11.34 dtheta=0.0000 dyaw=+0.00000 gyro_z=+0.0008
EKF_ACCEL t=1790598850.084679 REJECTED dev=0.3054 d2=  148.99 thr=11.34
EKF_MAG t=1790598850.084679 FIRED    d2=    0.00 thr=11.34 dtheta=0.0000 dyaw=+0.00001 gyro_z=-0.0005
EKF_ACCEL t=1790598850.085286 REJECTED dev=0.3161 d2=  159.34 thr=11.34
EKF_MAG t=1790598850.085286 FIRED    d2=    0.00 thr=11.34 dtheta=0.0001 dyaw=+0.00001 gyro_z=-0.0001
EKF_ACCEL t=1790598850.086072 REJECTED dev=0.3093 d2=  152.03 thr=11.34
EKF_MAG t=1790598850.086072 FIRED    d2=    0.00 thr=11.34 dtheta=0.0000 dyaw=+0.00002 gyro_z=+0.0010
  0.87   0.79   0.00  ( 0.046,-0.001, 0.001)  (  -2.2,  -0.1,  -0.1)   1.544  ( -0.01, -0.00)
EKF_ACCEL t=1790598850.086939 REJECTED dev=0.3008 d2=  143.50 thr=11.34
EKF_MAG t=1790598850.086939 FIRED    d2=    0.00 thr=11.34 dtheta=0.0008 dyaw=-0.00080 gyro_z=+0.0003
EKF_ACCEL t=1790598850.096908 REJECTED dev=0.3132 d2=  154.99 thr=11.34
EKF_MAG t=1790598850.096908 FIRED    d2=    0.00 thr=11.34 dtheta=0.0010 dyaw=-0.00100 gyro_z=-0.0003
EKF_ACCEL t=1790598850.097868 REJECTED dev=0.3019 d2=  143.43 thr=11.34
EKF_MAG t=1790598850.097868 FIRED    d2=    0.00 thr=11.34 dtheta=0.0005 dyaw=-0.00024 gyro_z=+0.0000
EKF_ACCEL t=1790598850.098714 REJECTED dev=0.3126 d2=  154.23 thr=11.34
EKF_MAG t=1790598850.098714 FIRED    d2=    0.00 thr=11.34 dtheta=0.0001 dyaw=-0.00008 gyro_z=+0.0002
EKF_ACCEL t=1790598850.099714 REJECTED dev=0.3186 d2=  159.91 thr=11.34
EKF_MAG t=1790598850.099714 FIRED    d2=    0.00 thr=11.34 dtheta=0.0001 dyaw=-0.00007 gyro_z=+0.0013
EKF_ACCEL t=1790598850.100573 REJECTED dev=0.3058 d2=  147.13 thr=11.34
EKF_MAG t=1790598850.100573 FIRED    d2=    0.00 thr=11.34 dtheta=0.0008 dyaw=-0.00074 gyro_z=-0.0016
EKF_ACCEL t=1790598850.101291 REJECTED dev=0.3052 d2=  145.71 thr=11.34
EKF_MAG t=1790598850.101291 FIRED    d2=    0.00 thr=11.34 dtheta=0.0001 dyaw=+0.00007 gyro_z=-0.0007
EKF_ACCEL t=1790598850.102215 REJECTED dev=0.3155 d2=  155.37 thr=11.34
EKF_MAG t=1790598850.102215 FIRED    d2=    0.00 thr=11.34 dtheta=0.0005 dyaw=-0.00047 gyro_z=-0.0005
EKF_ACCEL t=1790598850.102874 REJECTED dev=0.3091 d2=  148.78 thr=11.34
EKF_MAG t=1790598850.102874 FIRED    d2=    0.00 thr=11.34 dtheta=0.0006 dyaw=-0.00061 gyro_z=+0.0013
EKF_ACCEL t=1790598850.103485 REJECTED dev=0.3024 d2=  142.01 thr=11.34
EKF_MAG t=1790598850.103485 FIRED    d2=    0.00 thr=11.34 dtheta=0.0001 dyaw=+0.00012 gyro_z=+0.0004
  0.89   0.92   0.00  ( 0.087,-0.001, 0.000)  (  -3.0,  -0.0,  -0.1)   1.572  ( -0.01, -0.00)
EKF_ACCEL t=1790598850.112781 REJECTED dev=0.3145 d2=  152.68 thr=11.34
EKF_MAG t=1790598850.112781 FIRED    d2=    0.00 thr=11.34 dtheta=0.0009 dyaw=-0.00091 gyro_z=-0.0018
EKF_ACCEL t=1790598850.126869 REJECTED dev=0.3012 d2=  138.89 thr=11.34
EKF_MAG t=1790598850.126869 FIRED    d2=    0.00 thr=11.34 dtheta=0.0001 dyaw=+0.00013 gyro_z=-0.0014
EKF_ACCEL t=1790598850.127797 REJECTED dev=0.3044 d2=  141.69 thr=11.34
EKF_MAG t=1790598850.127797 FIRED    d2=    0.00 thr=11.34 dtheta=0.0001 dyaw=+0.00009 gyro_z=+0.0004
EKF_ACCEL t=1790598850.132089 REJECTED dev=0.2947 d2=  132.30 thr=11.34
EKF_MAG t=1790598850.132089 FIRED    d2=    0.00 thr=11.34 dtheta=0.0005 dyaw=-0.00048 gyro_z=-0.0008
EKF_ACCEL t=1790598850.136494 REJECTED dev=0.2966 d2=  133.56 thr=11.34
EKF_MAG t=1790598850.136494 FIRED    d2=    0.00 thr=11.34 dtheta=0.0010 dyaw=-0.00097 gyro_z=+0.0011
EKF_ACCEL t=1790598850.141658 REJECTED dev=0.2883 d2=  125.36 thr=11.34
EKF_MAG t=1790598850.141658 FIRED    d2=    0.00 thr=11.34 dtheta=0.0001 dyaw=+0.00014 gyro_z=+0.0009
EKF_ACCEL t=1790598850.143628 REJECTED dev=0.3054 d2=  140.42 thr=11.34
EKF_MAG t=1790598850.143628 FIRED    d2=    0.00 thr=11.34 dtheta=0.0001 dyaw=+0.00012 gyro_z=-0.0022
EKF_ACCEL t=1790598850.147803 REJECTED dev=0.2911 d2=  127.11 thr=11.34
EKF_MAG t=1790598850.147803 FIRED    d2=    0.00 thr=11.34 dtheta=0.0001 dyaw=+0.00009 gyro_z=+0.0001
EKF_ACCEL t=1790598850.152000 REJECTED dev=0.3028 d2=  137.03 thr=11.34
EKF_MAG t=1790598850.152000 FIRED    d2=    0.00 thr=11.34 dtheta=0.0006 dyaw=-0.00059 gyro_z=+0.0006
EKF_ACCEL t=1790598850.155526 REJECTED dev=0.2971 d2=  131.30 thr=11.34
EKF_MAG t=1790598850.155526 FIRED    d2=    0.00 thr=11.34 dtheta=0.0001 dyaw=+0.00010 gyro_z=+0.0002
  0.94   3.67   0.00  ( 0.087,-0.003, 0.000)  (  -1.3,   0.0,  -0.0)   1.654  ( -0.01, -0.01)
EKF_ACCEL t=1790598850.159672 REJECTED dev=0.3085 d2=  141.06 thr=11.34
EKF_MAG t=1790598850.159672 FIRED    d2=    0.00 thr=11.34 dtheta=0.0006 dyaw=-0.00061 gyro_z=-0.0000
EKF_ACCEL t=1790598850.163448 REJECTED dev=0.3113 d2=  143.45 thr=11.34
EKF_MAG t=1790598850.163448 FIRED    d2=    0.00 thr=11.34 dtheta=0.0000 dyaw=+0.00002 gyro_z=+0.0001
EKF_ACCEL t=1790598850.168698 REJECTED dev=0.3045 d2=  136.79 thr=11.34
EKF_MAG t=1790598850.168698 FIRED    d2=    0.00 thr=11.34 dtheta=0.0006 dyaw=-0.00063 gyro_z=+0.0016
EKF_ACCEL t=1790598850.171311 REJECTED dev=0.3215 d2=  152.02 thr=11.34
EKF_MAG t=1790598850.171311 FIRED    d2=    0.00 thr=11.34 dtheta=0.0000 dyaw=+0.00004 gyro_z=-0.0010
EKF_ACCEL t=1790598850.176251 REJECTED dev=0.2997 d2=  131.62 thr=11.34
EKF_MAG t=1790598850.176251 FIRED    d2=    0.00 thr=11.34 dtheta=0.0007 dyaw=-0.00068 gyro_z=-0.0006
EKF_ACCEL t=1790598850.179517 REJECTED dev=0.2813 d2=  115.70 thr=11.34
EKF_MAG t=1790598850.179517 FIRED    d2=    0.00 thr=11.34 dtheta=0.0000 dyaw=+0.00003 gyro_z=+0.0003
EKF_ACCEL t=1790598850.183643 REJECTED dev=0.3048 d2=  135.37 thr=11.34
EKF_MAG t=1790598850.183643 FIRED    d2=    0.00 thr=11.34 dtheta=0.0000 dyaw=+0.00003 gyro_z=+0.0005
EKF_ACCEL t=1790598850.187579 REJECTED dev=0.3098 d2=  139.43 thr=11.34
EKF_MAG t=1790598850.187579 FIRED    d2=    0.00 thr=11.34 dtheta=0.0000 dyaw=+0.00003 gyro_z=-0.0010
EKF_ACCEL t=1790598850.192583 REJECTED dev=0.3203 d2=  148.48 thr=11.34
EKF_MAG t=1790598850.192583 FIRED    d2=    0.00 thr=11.34 dtheta=0.0006 dyaw=-0.00056 gyro_z=-0.0006
EKF_ACCEL t=1790598850.195487 REJECTED dev=0.2973 d2=  127.51 thr=11.34
EKF_MAG t=1790598850.195487 FIRED    d2=    0.00 thr=11.34 dtheta=0.0000 dyaw=+0.00005 gyro_z=-0.0012
  0.98   3.06   0.00  ( 0.069,-0.004,-0.001)  (  -0.8,   0.1,   0.2)   1.716  ( -0.01, -0.01)
EKF_ACCEL t=1790598850.200122 REJECTED dev=0.3125 d2=  140.17 thr=11.34
EKF_MAG t=1790598850.200122 FIRED    d2=    0.00 thr=11.34 dtheta=0.0004 dyaw=-0.00041 gyro_z=+0.0005
EKF_ACCEL t=1790598850.203483 REJECTED dev=0.2954 d2=  125.15 thr=11.34
EKF_MAG t=1790598850.203483 FIRED    d2=    0.00 thr=11.34 dtheta=0.0000 dyaw=+0.00004 gyro_z=-0.0006
EKF_ACCEL t=1790598850.207568 REJECTED dev=0.2938 d2=  125.23 thr=11.34
EKF_MAG t=1790598850.207568 FIRED    d2=    0.00 thr=11.34 dtheta=0.0016 dyaw=-0.00149 gyro_z=-0.0002
EKF_ACCEL t=1790598850.212253 REJECTED dev=0.3090 d2=  138.98 thr=11.34
EKF_MAG t=1790598850.212253 FIRED    d2=    0.00 thr=11.34 dtheta=0.0006 dyaw=+0.00027 gyro_z=+0.0003
EKF_ACCEL t=1790598850.216202 REJECTED dev=0.2993 d2=  129.05 thr=11.34
EKF_MAG t=1790598850.216202 FIRED    d2=    0.00 thr=11.34 dtheta=0.0002 dyaw=+0.00014 gyro_z=+0.0004
EKF_ACCEL t=1790598850.219710 REJECTED dev=0.3053 d2=  134.18 thr=11.34
EKF_MAG t=1790598850.219710 FIRED    d2=    0.00 thr=11.34 dtheta=0.0000 dyaw=-0.00000 gyro_z=+0.0000
test complete
