EKF_ACCEL t=1790548746.598646 FIRED   dev=0.0000 d2=    0.00 thr=11.34 dtheta=0.0000
EKF_ACCEL t=1790548746.678592 FIRED   dev=0.0055 d2=    0.07 thr=11.34 dtheta=0.0011
EKF_ACCEL t=1790548746.679994 FIRED   dev=0.0003 d2=    0.00 thr=11.34 dtheta=0.0011
EKF_ACCEL t=1790548746.680883 FIRED   dev=0.0106 d2=    0.27 thr=11.34 dtheta=0.0028
EKF_ACCEL t=1790548746.681396 FIRED   dev=0.0029 d2=    0.02 thr=11.34 dtheta=0.0017
EKF_ACCEL t=1790548746.682055 FIRED   dev=0.0010 d2=    0.00 thr=11.34 dtheta=0.0006
EKF_ACCEL t=1790548746.683256 FIRED   dev=0.0189 d2=    0.82 thr=11.34 dtheta=0.0148
EKF_ACCEL t=1790548746.683991 FIRED   dev=0.0015 d2=    0.00 thr=11.34 dtheta=0.0017
EKF_ACCEL t=1790548746.684914 FIRED   dev=0.0033 d2=    0.02 thr=11.34 dtheta=0.0060
EKF_ACCEL t=1790548746.686010 FIRED   dev=0.0002 d2=    0.00 thr=11.34 dtheta=0.0015
EKF_ACCEL t=1790548746.686792 FIRED   dev=0.0035 d2=    0.03 thr=11.34 dtheta=0.0019
EKF_ACCEL t=1790548746.687514 FIRED   dev=0.0058 d2=    0.07 thr=11.34 dtheta=0.0039
EKF_ACCEL t=1790548746.688386 FIRED   dev=0.0108 d2=    0.27 thr=11.34 dtheta=0.0050
EKF_ACCEL t=1790548746.688952 FIRED   dev=0.0082 d2=    0.15 thr=11.34 dtheta=0.0051
EKF_ACCEL t=1790548746.689950 FIRED   dev=0.0012 d2=    0.00 thr=11.34 dtheta=0.0020
EKF_ACCEL t=1790548746.690847 FIRED   dev=0.0069 d2=    0.10 thr=11.34 dtheta=0.0049
EKF_ACCEL t=1790548746.691751 FIRED   dev=0.0092 d2=    0.17 thr=11.34 dtheta=0.0089
EKF_ACCEL t=1790548746.692650 FIRED   dev=0.0047 d2=    0.05 thr=11.34 dtheta=0.0014
EKF_ACCEL t=1790548746.693767 FIRED   dev=0.0059 d2=    0.08 thr=11.34 dtheta=0.0046
EKF_ACCEL t=1790548746.694490 FIRED   dev=0.0052 d2=    0.06 thr=11.34 dtheta=0.0038
EKF_ACCEL t=1790548746.695305 FIRED   dev=0.0006 d2=    0.00 thr=11.34 dtheta=0.0006
EKF_ACCEL t=1790548746.696249 FIRED   dev=0.0017 d2=    0.01 thr=11.34 dtheta=0.0012
EKF_ACCEL t=1790548746.697338 FIRED   dev=0.0009 d2=    0.00 thr=11.34 dtheta=0.0007
EKF_ACCEL t=1790548746.698149 FIRED   dev=0.0061 d2=    0.09 thr=11.34 dtheta=0.0008
EKF_ACCEL t=1790548746.698841 FIRED   dev=0.0082 d2=    0.16 thr=11.34 dtheta=0.0035
EKF_ACCEL t=1790548746.699347 FIRED   dev=0.0056 d2=    0.07 thr=11.34 dtheta=0.0025
EKF_ACCEL t=1790548746.700276 FIRED   dev=0.0019 d2=    0.01 thr=11.34 dtheta=0.0008
EKF_ACCEL t=1790548746.701093 FIRED   dev=0.0011 d2=    0.00 thr=11.34 dtheta=0.0008
EKF_ACCEL t=1790548746.701846 FIRED   dev=0.0037 d2=    0.03 thr=11.34 dtheta=0.0037
EKF_ACCEL t=1790548746.702720 FIRED   dev=0.0000 d2=    0.00 thr=11.34 dtheta=0.0011
EKF_ACCEL t=1790548746.703730 FIRED   dev=0.0060 d2=    0.09 thr=11.34 dtheta=0.0021
EKF_ACCEL t=1790548746.704444 FIRED   dev=0.0069 d2=    0.11 thr=11.34 dtheta=0.0034
EKF_ACCEL t=1790548746.704940 FIRED   dev=0.0035 d2=    0.03 thr=11.34 dtheta=0.0033
EKF_ACCEL t=1790548746.705653 FIRED   dev=0.0072 d2=    0.11 thr=11.34 dtheta=0.0098
EKF_ACCEL t=1790548746.706278 FIRED   dev=0.0069 d2=    0.11 thr=11.34 dtheta=0.0010
EKF_ACCEL t=1790548746.709934 REJECTED dev=0.2098 d2=  104.34 thr=11.34
EKF_ACCEL t=1790548746.721013 REJECTED dev=0.8892 d2= 1873.69 thr=11.34
EKF_ACCEL t=1790548746.724456 REJECTED dev=1.3895 d2= 4563.95 thr=11.34
EKF_ACCEL t=1790548746.728591 REJECTED dev=1.7509 d2= 7230.36 thr=11.34
EKF_ACCEL t=1790548746.732168 REJECTED dev=2.0194 d2= 9592.92 thr=11.34
EKF_ACCEL t=1790548746.736016 REJECTED dev=2.2277 d2=11645.78 thr=11.34
EKF_ACCEL t=1790548746.740487 REJECTED dev=2.3797 d2=13258.19 thr=11.34
EKF_ACCEL t=1790548746.744046 REJECTED dev=2.4920 d2=14504.42 thr=11.34
EKF_ACCEL t=1790548746.747990 REJECTED dev=2.5527 d2=15189.24 thr=11.34
EKF_ACCEL t=1790548746.751817 REJECTED dev=2.5941 d2=15648.62 thr=11.34
EKF_ACCEL t=1790548746.755990 REJECTED dev=2.6491 d2=16280.66 thr=11.34
EKF_ACCEL t=1790548746.760594 REJECTED dev=2.6752 d2=16563.47 thr=11.34
EKF_ACCEL t=1790548746.764285 REJECTED dev=2.6951 d2=16771.55 thr=11.34
EKF_ACCEL t=1790548746.772823 REJECTED dev=2.7193 d2=17035.73 thr=11.34
EKF_ACCEL t=1790548746.787527 REJECTED dev=2.7001 d2=16756.84 thr=11.34
EKF_ACCEL t=1790548746.796666 REJECTED dev=2.7339 d2=17139.98 thr=11.34
EKF_ACCEL t=1790548746.797503 REJECTED dev=2.7403 d2=17179.20 thr=11.34
EKF_ACCEL t=1790548746.798964 REJECTED dev=2.7485 d2=17249.12 thr=11.34
EKF_ACCEL t=1790548746.802572 REJECTED dev=2.7479 d2=17199.29 thr=11.34
EKF_ACCEL t=1790548746.806810 REJECTED dev=2.7517 d2=17208.97 thr=11.34
EKF_ACCEL t=1790548746.810423 REJECTED dev=2.7501 d2=17149.41 thr=11.34
EKF_ACCEL t=1790548746.814373 REJECTED dev=2.7491 d2=17100.15 thr=11.34
EKF_ACCEL t=1790548746.818451 REJECTED dev=2.7561 d2=17148.40 thr=11.34
EKF_ACCEL t=1790548746.822595 REJECTED dev=2.7449 d2=16971.53 thr=11.34
EKF_ACCEL t=1790548746.826371 REJECTED dev=2.7512 d2=17010.80 thr=11.34
EKF_ACCEL t=1790548746.830358 REJECTED dev=2.7570 d2=17044.48 thr=11.34
EKF_ACCEL t=1790548746.834532 REJECTED dev=2.7529 d2=16956.30 thr=11.34
EKF_ACCEL t=1790548746.838404 REJECTED dev=2.7567 d2=16963.71 thr=11.34
EKF_ACCEL t=1790548746.842360 REJECTED dev=2.7483 d2=16822.23 thr=11.34
EKF_ACCEL t=1790548746.846544 REJECTED dev=2.7612 d2=16941.49 thr=11.34
EKF_ACCEL t=1790548746.850758 REJECTED dev=2.7475 d2=16735.76 thr=11.34
EKF_ACCEL t=1790548746.854532 REJECTED dev=2.7504 d2=16736.17 thr=11.34
EKF_ACCEL t=1790548746.858690 REJECTED dev=2.7449 d2=16632.23 thr=11.34
EKF_ACCEL t=1790548746.862553 REJECTED dev=2.7548 d2=16715.49 thr=11.34
EKF_ACCEL t=1790548746.866494 REJECTED dev=2.7422 d2=16527.54 thr=11.34
EKF_ACCEL t=1790548746.873134 REJECTED dev=2.7523 d2=16611.80 thr=11.34
EKF_ACCEL t=1790548746.880665 REJECTED dev=2.7549 d2=16606.50 thr=11.34
EKF_ACCEL t=1790548746.882632 REJECTED dev=2.7597 d2=16628.18 thr=11.34
EKF_ACCEL t=1790548746.884350 REJECTED dev=2.7599 d2=16589.95 thr=11.34
EKF_ACCEL t=1790548746.888069 REJECTED dev=2.7466 d2=16395.35 thr=11.34
EKF_ACCEL t=1790548746.891503 REJECTED dev=2.7558 d2=16469.74 thr=11.34
EKF_ACCEL t=1790548746.895575 REJECTED dev=2.7657 d2=16556.40 thr=11.34
EKF_ACCEL t=1790548746.898727 REJECTED dev=2.7537 d2=16376.97 thr=11.34
EKF_ACCEL t=1790548746.902536 REJECTED dev=2.7605 d2=16421.07 thr=11.34
EKF_ACCEL t=1790548746.906334 REJECTED dev=2.7508 d2=16269.83 thr=11.34
EKF_ACCEL t=1790548746.910780 REJECTED dev=2.7664 d2=16420.17 thr=11.34
EKF_ACCEL t=1790548746.914691 REJECTED dev=2.7400 d2=16073.26 thr=11.34
EKF_ACCEL t=1790548746.918376 REJECTED dev=2.7528 d2=16190.28 thr=11.34
EKF_ACCEL t=1790548746.922604 REJECTED dev=2.7638 d2=16284.87 thr=11.34
EKF_ACCEL t=1790548746.926219 REJECTED dev=2.7554 d2=16150.03 thr=11.34
EKF_ACCEL t=1790548746.930473 REJECTED dev=2.7587 d2=16154.32 thr=11.34
EKF_ACCEL t=1790548746.934295 REJECTED dev=2.7464 d2=15977.29 thr=11.34
EKF_ACCEL t=1790548746.938605 REJECTED dev=2.7449 d2=15926.11 thr=11.34
EKF_ACCEL t=1790548746.942605 REJECTED dev=2.7593 d2=16060.72 thr=11.34
EKF_ACCEL t=1790548746.946527 REJECTED dev=2.7371 d2=15771.07 thr=11.34
EKF_ACCEL t=1790548746.950552 REJECTED dev=2.7453 d2=15831.79 thr=11.34
EKF_ACCEL t=1790548746.954716 REJECTED dev=2.7395 d2=15731.95 thr=11.34
EKF_ACCEL t=1790548746.958632 REJECTED dev=2.7471 d2=15783.45 thr=11.34
EKF_ACCEL t=1790548746.962549 REJECTED dev=2.7650 d2=15958.74 thr=11.34
EKF_ACCEL t=1790548746.971196 REJECTED dev=2.7534 d2=15791.17 thr=11.34
EKF_ACCEL t=1790548746.972242 REJECTED dev=2.7553 d2=15780.90 thr=11.34
EKF_ACCEL t=1790548746.975167 REJECTED dev=2.7497 d2=15681.91 thr=11.34
EKF_ACCEL t=1790548746.979037 REJECTED dev=2.7592 d2=15758.04 thr=11.34
EKF_ACCEL t=1790548746.982747 REJECTED dev=2.7501 d2=15624.09 thr=11.34
EKF_ACCEL t=1790548746.986985 REJECTED dev=2.7580 d2=15680.41 thr=11.34
EKF_ACCEL t=1790548746.991459 REJECTED dev=2.7568 d2=15635.13 thr=11.34
EKF_ACCEL t=1790548746.995394 REJECTED dev=2.7466 d2=15487.96 thr=11.34
EKF_ACCEL t=1790548746.998664 REJECTED dev=2.7693 d2=15710.75 thr=11.34
EKF_ACCEL t=1790548747.002830 REJECTED dev=2.7422 d2=15391.35 thr=11.34
EKF_ACCEL t=1790548747.006495 REJECTED dev=2.7440 d2=15370.02 thr=11.34
EKF_ACCEL t=1790548747.010559 REJECTED dev=2.7562 d2=15485.09 thr=11.34
EKF_ACCEL t=1790548747.014624 REJECTED dev=2.7512 d2=15396.91 thr=11.34
EKF_ACCEL t=1790548747.022632 REJECTED dev=2.7630 d2=15497.99 thr=11.34
EKF_ACCEL t=1790548747.024027 REJECTED dev=2.7529 d2=15351.54 thr=11.34
EKF_ACCEL t=1790548747.026609 REJECTED dev=2.7427 d2=15206.31 thr=11.34
EKF_ACCEL t=1790548747.031521 REJECTED dev=2.7637 d2=15410.12 thr=11.34
EKF_ACCEL t=1790548747.034449 REJECTED dev=2.7554 d2=15287.36 thr=11.34
EKF_ACCEL t=1790548747.038351 REJECTED dev=2.7410 d2=15098.17 thr=11.34
EKF_ACCEL t=1790548747.042339 REJECTED dev=2.7658 d2=15341.02 thr=11.34
EKF_ACCEL t=1790548747.046240 REJECTED dev=2.7526 d2=15165.74 thr=11.34
EKF_ACCEL t=1790548747.050344 REJECTED dev=2.7482 d2=15087.94 thr=11.34
EKF_ACCEL t=1790548747.054383 REJECTED dev=2.7666 d2=15258.51 thr=11.34
EKF_ACCEL t=1790548747.058433 REJECTED dev=2.7623 d2=15180.21 thr=11.34
EKF_ACCEL t=1790548747.062451 REJECTED dev=2.7524 d2=15041.98 thr=11.34
EKF_ACCEL t=1790548747.067764 REJECTED dev=2.7653 d2=15152.13 thr=11.34
EKF_ACCEL t=1790548747.073800 REJECTED dev=2.7475 d2=14928.18 thr=11.34
EKF_ACCEL t=1790548747.074880 REJECTED dev=2.7428 d2=14846.02 thr=11.34
EKF_ACCEL t=1790548747.080756 REJECTED dev=2.7463 d2=14855.05 thr=11.34
EKF_ACCEL t=1790548747.082887 REJECTED dev=2.7585 d2=14960.89 thr=11.34
EKF_ACCEL t=1790548747.087193 REJECTED dev=2.7578 d2=14924.32 thr=11.34
EKF_ACCEL t=1790548747.090625 REJECTED dev=2.7482 d2=14790.83 thr=11.34
EKF_ACCEL t=1790548747.096724 REJECTED dev=2.7547 d2=14832.04 thr=11.34
EKF_ACCEL t=1790548747.098653 REJECTED dev=2.7584 d2=14841.19 thr=11.34
EKF_ACCEL t=1790548747.103230 REJECTED dev=2.7486 d2=14710.07 thr=11.34
EKF_ACCEL t=1790548747.106514 REJECTED dev=2.7585 d2=14786.91 thr=11.34
EKF_ACCEL t=1790548747.110559 REJECTED dev=2.7486 d2=14653.45 thr=11.34
EKF_ACCEL t=1790548747.114996 REJECTED dev=2.7515 d2=14653.37 thr=11.34
EKF_ACCEL t=1790548747.120715 REJECTED dev=2.7569 d2=14682.62 thr=11.34
EKF_ACCEL t=1790548747.124134 REJECTED dev=2.7487 d2=14566.67 thr=11.34
EKF_ACCEL t=1790548747.126606 REJECTED dev=2.7563 d2=14619.34 thr=11.34
EKF_ACCEL t=1790548747.130575 REJECTED dev=2.7615 d2=14646.27 thr=11.34
EKF_ACCEL t=1790548747.134655 REJECTED dev=2.7515 d2=14513.50 thr=11.34
EKF_ACCEL t=1790548747.138467 REJECTED dev=2.7485 d2=14454.71 thr=11.34
EKF_ACCEL t=1790548747.142343 REJECTED dev=2.7431 d2=14371.01 thr=11.34
EKF_ACCEL t=1790548747.146435 REJECTED dev=2.7540 d2=14456.30 thr=11.34
EKF_ACCEL t=1790548747.150928 REJECTED dev=2.7550 d2=14438.70 thr=11.34
EKF_ACCEL t=1790548747.154715 REJECTED dev=2.7599 d2=14462.35 thr=11.34
EKF_ACCEL t=1790548747.158992 REJECTED dev=2.7548 d2=14382.76 thr=11.34
EKF_ACCEL t=1790548747.162679 REJECTED dev=2.7565 d2=14373.81 thr=11.34
EKF_ACCEL t=1790548747.166625 REJECTED dev=2.7428 d2=14204.35 thr=11.34
EKF_ACCEL t=1790548747.171464 REJECTED dev=2.7515 d2=14268.13 thr=11.34
EKF_ACCEL t=1790548747.174676 REJECTED dev=2.7546 d2=14273.21 thr=11.34
EKF_ACCEL t=1790548747.179012 REJECTED dev=2.7581 d2=14282.99 thr=11.34
EKF_ACCEL t=1790548747.182557 REJECTED dev=2.7443 d2=14113.86 thr=11.34
EKF_ACCEL t=1790548747.187458 REJECTED dev=2.7480 d2=14125.53 thr=11.34
EKF_ACCEL t=1790548747.190794 REJECTED dev=2.7496 d2=14115.58 thr=11.34
EKF_ACCEL t=1790548747.195244 REJECTED dev=2.7507 d2=14100.48 thr=11.34
EKF_ACCEL t=1790548747.199244 REJECTED dev=2.7599 d2=14168.82 thr=11.34
EKF_ACCEL t=1790548747.203026 REJECTED dev=2.7594 d2=14117.45 thr=11.34
EKF_ACCEL t=1790548747.214939 REJECTED dev=2.7507 d2=14015.99 thr=11.34
EKF_ACCEL t=1790548747.216940 REJECTED dev=2.7567 d2=14037.95 thr=11.34
EKF_ACCEL t=1790548747.220198 REJECTED dev=2.7559 d2=13996.61 thr=11.34
EKF_ACCEL t=1790548747.223545 REJECTED dev=2.7587 d2=13999.69 thr=11.34
EKF_ACCEL t=1790548747.227255 REJECTED dev=2.7549 d2=13940.03 thr=11.34
EKF_ACCEL t=1790548747.231270 REJECTED dev=2.7445 d2=13809.48 thr=11.34
EKF_ACCEL t=1790548747.235290 REJECTED dev=2.7499 d2=13838.46 thr=11.34
EKF_ACCEL t=1790548747.239755 REJECTED dev=2.7492 d2=13804.88 thr=11.34
EKF_ACCEL t=1790548747.242938 REJECTED dev=2.7508 d2=13795.31 thr=11.34
EKF_ACCEL t=1790548747.246526 REJECTED dev=2.7609 d2=13871.40 thr=11.34
EKF_ACCEL t=1790548747.251009 REJECTED dev=2.7367 d2=13602.87 thr=11.34
EKF_ACCEL t=1790548747.254890 REJECTED dev=2.7443 d2=13654.59 thr=11.34
EKF_ACCEL t=1790548747.259924 REJECTED dev=2.7490 d2=13678.58 thr=11.34
EKF_ACCEL t=1790548747.262751 REJECTED dev=2.7542 d2=13706.31 thr=11.34
EKF_ACCEL t=1790548747.272363 REJECTED dev=2.7460 d2=13597.99 thr=11.34
EKF_ACCEL t=1790548747.276306 REJECTED dev=2.7475 d2=13588.65 thr=11.34
EKF_ACCEL t=1790548747.279777 REJECTED dev=2.7508 d2=13596.71 thr=11.34
EKF_ACCEL t=1790548747.283826 REJECTED dev=2.7410 d2=13474.25 thr=11.34
EKF_ACCEL t=1790548747.288324 REJECTED dev=2.7547 d2=13584.38 thr=11.34
EKF_ACCEL t=1790548747.291903 REJECTED dev=2.7422 d2=13438.73 thr=11.34
EKF_ACCEL t=1790548747.295745 REJECTED dev=2.7681 d2=13670.01 thr=11.34
EKF_ACCEL t=1790548747.300429 REJECTED dev=2.7492 d2=13459.13 thr=11.34
EKF_ACCEL t=1790548747.304189 REJECTED dev=2.7514 d2=13456.60 thr=11.34
EKF_ACCEL t=1790548747.308714 REJECTED dev=2.7570 d2=13487.05 thr=11.34
EKF_ACCEL t=1790548747.312759 REJECTED dev=2.7497 d2=13392.71 thr=11.34
EKF_ACCEL t=1790548747.315971 REJECTED dev=2.7657 d2=13525.71 thr=11.34
EKF_ACCEL t=1790548747.320375 REJECTED dev=2.7559 d2=13406.93 thr=11.34
EKF_ACCEL t=1790548747.324204 REJECTED dev=2.7687 d2=13507.94 thr=11.34
EKF_ACCEL t=1790548747.328851 REJECTED dev=2.7619 d2=13419.23 thr=11.34
EKF_ACCEL t=1790548747.332275 REJECTED dev=2.7541 d2=13320.15 thr=11.34
EKF_ACCEL t=1790548747.343974 REJECTED dev=2.7533 d2=13289.40 thr=11.34
EKF_ACCEL t=1790548747.345356 REJECTED dev=2.7519 d2=13252.62 thr=11.34
EKF_ACCEL t=1790548747.349177 REJECTED dev=2.7581 d2=13288.62 thr=11.34
liftoff confirmed: alt=0.501m after 0.75s
start_t_epoch=1790548747.349772
attitude-loop isolation test: axis=pitch step=0.2rad duration=3.0s
t       dt(ms)  sp      tilt(r,p,y)                 rate_sp(r,p,y)          meas_rate(r,p,y)          alt(z)  vel(x,y)
EKF_ACCEL t=1790548747.352268 REJECTED dev=2.7528 d2=13212.83 thr=11.34
EKF_ACCEL t=1790548747.359228 REJECTED dev=2.7474 d2=13138.48 thr=11.34
EKF_ACCEL t=1790548747.360053 REJECTED dev=2.2785 d2= 9020.72 thr=11.34
EKF_ACCEL t=1790548747.364285 REJECTED dev=1.8692 d2= 6062.12 thr=11.34
EKF_ACCEL t=1790548747.367951 REJECTED dev=1.5466 d2= 4143.08 thr=11.34
EKF_ACCEL t=1790548747.372247 REJECTED dev=1.2553 d2= 2723.72 thr=11.34
EKF_ACCEL t=1790548747.375900 REJECTED dev=1.0139 d2= 1773.78 thr=11.34
EKF_ACCEL t=1790548747.380310 REJECTED dev=0.8148 d2= 1143.54 thr=11.34
EKF_ACCEL t=1790548747.384205 REJECTED dev=0.6375 d2=  698.82 thr=11.34
EKF_ACCEL t=1790548747.390143 REJECTED dev=0.4971 d2=  424.08 thr=11.34
  0.04   6.01   0.00  (-0.011, 0.012,-0.014)  ( 0.031,-0.036, 0.012)  ( 0.003,-0.005, 0.003)   0.571  (  0.01,  0.00)
EKF_ACCEL t=1790548747.392842 REJECTED dev=0.3738 d2=  239.47 thr=11.34
EKF_ACCEL t=1790548747.395973 REJECTED dev=0.2688 d2=  123.55 thr=11.34
EKF_ACCEL t=1790548747.400108 REJECTED dev=0.1784 d2=   54.33 thr=11.34
EKF_ACCEL t=1790548747.404169 REJECTED dev=0.1198 d2=   24.32 thr=11.34
EKF_ACCEL t=1790548747.407853 FIRED   dev=0.0561 d2=    5.34 thr=11.34 dtheta=0.0044
EKF_ACCEL t=1790548747.412087 FIRED   dev=0.0205 d2=    0.80 thr=11.34 dtheta=0.0026
EKF_ACCEL t=1790548747.415723 FIRED   dev=0.0622 d2=    7.68 thr=11.34 dtheta=0.0176
EKF_ACCEL t=1790548747.420466 REJECTED dev=0.0863 d2=   12.24 thr=11.34
EKF_ACCEL t=1790548747.423759 REJECTED dev=0.1110 d2=   17.72 thr=11.34
EKF_ACCEL t=1790548747.427778 REJECTED dev=0.1573 d2=   35.99 thr=11.34
  0.08   4.02   0.00  ( 0.002, 0.033,-0.019)  (-0.179,-0.379, 0.026)  ( 0.006,-0.010, 0.004)   0.632  (  0.04,  0.00)
EKF_ACCEL t=1790548747.431765 REJECTED dev=0.1486 d2=   32.19 thr=11.34
EKF_ACCEL t=1790548747.435580 REJECTED dev=0.1796 d2=   47.14 thr=11.34
EKF_ACCEL t=1790548747.439785 REJECTED dev=0.2153 d2=   67.93 thr=11.34
EKF_ACCEL t=1790548747.443753 REJECTED dev=0.2263 d2=   75.17 thr=11.34
EKF_ACCEL t=1790548747.447791 REJECTED dev=0.2351 d2=   81.68 thr=11.34
EKF_ACCEL t=1790548747.451826 REJECTED dev=0.2499 d2=   91.89 thr=11.34
EKF_ACCEL t=1790548747.459749 REJECTED dev=0.2467 d2=   89.89 thr=11.34
EKF_ACCEL t=1790548747.461130 REJECTED dev=0.2632 d2=  101.64 thr=11.34
EKF_ACCEL t=1790548747.464122 REJECTED dev=0.2587 d2=   98.34 thr=11.34
EKF_ACCEL t=1790548747.468644 REJECTED dev=0.2740 d2=  112.31 thr=11.34
  0.12   4.54   0.00  ( 0.001, 0.031,-0.018)  (-0.054,-0.165, 0.014)  (-0.015,-0.057, 0.003)   0.702  (  0.04,  0.00)
EKF_ACCEL t=1790548747.475085 REJECTED dev=0.2873 d2=  124.97 thr=11.34
EKF_ACCEL t=1790548747.476262 REJECTED dev=0.2884 d2=  125.44 thr=11.34
EKF_ACCEL t=1790548747.479690 REJECTED dev=0.2746 d2=  114.24 thr=11.34
EKF_ACCEL t=1790548747.483683 REJECTED dev=0.2868 d2=  126.08 thr=11.34
EKF_ACCEL t=1790548747.488182 REJECTED dev=0.2839 d2=  123.93 thr=11.34
EKF_ACCEL t=1790548747.491494 REJECTED dev=0.2818 d2=  122.97 thr=11.34
EKF_ACCEL t=1790548747.495682 REJECTED dev=0.2820 d2=  123.50 thr=11.34
EKF_ACCEL t=1790548747.499816 REJECTED dev=0.2914 d2=  131.98 thr=11.34
EKF_ACCEL t=1790548747.507915 REJECTED dev=0.3028 d2=  144.40 thr=11.34
EKF_ACCEL t=1790548747.510606 REJECTED dev=0.3013 d2=  141.80 thr=11.34
  0.16   2.71   0.00  ( 0.000, 0.030,-0.017)  (-0.003,-0.093, 0.013)  (-0.022,-0.080, 0.004)   0.773  (  0.04,  0.00)
EKF_ACCEL t=1790548747.511641 REJECTED dev=0.2892 d2=  130.23 thr=11.34
EKF_ACCEL t=1790548747.515844 REJECTED dev=0.2819 d2=  124.89 thr=11.34
EKF_ACCEL t=1790548747.519746 REJECTED dev=0.3013 d2=  142.52 thr=11.34
EKF_ACCEL t=1790548747.523574 REJECTED dev=0.2933 d2=  135.00 thr=11.34
EKF_ACCEL t=1790548747.528801 REJECTED dev=0.3013 d2=  144.07 thr=11.34
EKF_ACCEL t=1790548747.532143 REJECTED dev=0.3055 d2=  148.16 thr=11.34
EKF_ACCEL t=1790548747.536063 REJECTED dev=0.3095 d2=  151.91 thr=11.34
EKF_ACCEL t=1790548747.539840 REJECTED dev=0.2952 d2=  138.01 thr=11.34
EKF_ACCEL t=1790548747.543975 REJECTED dev=0.2982 d2=  141.67 thr=11.34
EKF_ACCEL t=1790548747.547865 REJECTED dev=0.3087 d2=  151.51 thr=11.34
  0.20   3.88   0.00  (-0.000, 0.028,-0.017)  ( 0.010,-0.066, 0.011)  (-0.018,-0.083, 0.004)   0.837  (  0.04,  0.00)
EKF_ACCEL t=1790548747.552709 REJECTED dev=0.3088 d2=  152.75 thr=11.34
EKF_ACCEL t=1790548747.555933 REJECTED dev=0.2962 d2=  139.84 thr=11.34
EKF_ACCEL t=1790548747.560392 REJECTED dev=0.3013 d2=  144.71 thr=11.34
EKF_ACCEL t=1790548747.563846 REJECTED dev=0.2884 d2=  133.05 thr=11.34
EKF_ACCEL t=1790548747.568543 REJECTED dev=0.3001 d2=  144.04 thr=11.34
EKF_ACCEL t=1790548747.571844 REJECTED dev=0.2993 d2=  143.70 thr=11.34
EKF_ACCEL t=1790548747.575765 REJECTED dev=0.2942 d2=  138.59 thr=11.34
EKF_ACCEL t=1790548747.580316 REJECTED dev=0.3130 d2=  156.65 thr=11.34
EKF_ACCEL t=1790548747.586230 REJECTED dev=0.3069 d2=  150.61 thr=11.34
EKF_ACCEL t=1790548747.589023 REJECTED dev=0.2998 d2=  143.25 thr=11.34
  0.24   3.02   0.00  (-0.001, 0.028,-0.017)  ( 0.010,-0.074, 0.012)  (-0.014,-0.081, 0.007)   0.906  (  0.04,  0.00)
EKF_ACCEL t=1790548747.592142 REJECTED dev=0.2969 d2=  140.18 thr=11.34
EKF_ACCEL t=1790548747.596359 REJECTED dev=0.3140 d2=  158.33 thr=11.34
EKF_ACCEL t=1790548747.600218 REJECTED dev=0.3097 d2=  153.45 thr=11.34
EKF_ACCEL t=1790548747.604043 REJECTED dev=0.3122 d2=  155.72 thr=11.34
EKF_ACCEL t=1790548747.607927 REJECTED dev=0.3032 d2=  144.23 thr=11.34
EKF_ACCEL t=1790548747.611940 REJECTED dev=0.2983 d2=  131.84 thr=11.34
EKF_ACCEL t=1790548747.616174 REJECTED dev=0.2977 d2=  138.82 thr=11.34
EKF_ACCEL t=1790548747.620846 REJECTED dev=0.3113 d2=  150.77 thr=11.34
EKF_ACCEL t=1790548747.624535 REJECTED dev=0.2972 d2=  136.94 thr=11.34
EKF_ACCEL t=1790548747.628007 REJECTED dev=0.3073 d2=  145.56 thr=11.34
  0.28   3.23   0.00  ( 0.006, 0.024,-0.016)  (-0.097,-0.020, 0.014)  (-0.014,-0.078, 0.006)   0.969  (  0.03, -0.01)
EKF_ACCEL t=1790548747.632325 REJECTED dev=0.3030 d2=  141.73 thr=11.34
EKF_ACCEL t=1790548747.635847 REJECTED dev=0.3057 d2=  143.56 thr=11.34
EKF_ACCEL t=1790548747.640280 REJECTED dev=0.3093 d2=  146.57 thr=11.34
EKF_ACCEL t=1790548747.644260 REJECTED dev=0.3127 d2=  149.39 thr=11.34
EKF_ACCEL t=1790548747.648606 REJECTED dev=0.2989 d2=  137.03 thr=11.34
EKF_ACCEL t=1790548747.652196 REJECTED dev=0.2963 d2=  134.71 thr=11.34
EKF_ACCEL t=1790548747.655931 REJECTED dev=0.3126 d2=  149.54 thr=11.34
EKF_ACCEL t=1790548747.660641 REJECTED dev=0.3074 d2=  144.48 thr=11.34
EKF_ACCEL t=1790548747.670282 REJECTED dev=0.3002 d2=  139.24 thr=11.34
EKF_ACCEL t=1790548747.677579 REJECTED dev=0.3008 d2=  139.31 thr=11.34
  0.33   7.94   0.00  ( 0.005, 0.024,-0.017)  (-0.029,-0.060, 0.014)  (-0.027,-0.071, 0.008)   1.051  (  0.03, -0.01)
EKF_ACCEL t=1790548747.703670 REJECTED dev=0.3062 d2=  147.78 thr=11.34
EKF_ACCEL t=1790548747.707383 REJECTED dev=0.2995 d2=  138.41 thr=11.34
EKF_ACCEL t=1790548747.710626 REJECTED dev=0.2959 d2=  134.98 thr=11.34
EKF_ACCEL t=1790548747.711250 REJECTED dev=0.3095 d2=  148.26 thr=11.34
EKF_ACCEL t=1790548747.713027 REJECTED dev=0.2979 d2=  137.17 thr=11.34
EKF_ACCEL t=1790548747.716742 REJECTED dev=0.2995 d2=  138.73 thr=11.34
EKF_ACCEL t=1790548747.721006 REJECTED dev=0.2983 d2=  137.77 thr=11.34
EKF_ACCEL t=1790548747.731157 REJECTED dev=0.3015 d2=  141.77 thr=11.34
EKF_ACCEL t=1790548747.732314 REJECTED dev=0.3044 d2=  143.77 thr=11.34
EKF_ACCEL t=1790548747.733259 REJECTED dev=0.2938 d2=  133.63 thr=11.34
  0.38   0.47   0.00  ( 0.004, 0.023,-0.016)  (-0.007,-0.056, 0.013)  (-0.027,-0.066, 0.009)   1.143  (  0.03, -0.01)
EKF_ACCEL t=1790548747.737271 REJECTED dev=0.3097 d2=  148.97 thr=11.34
EKF_ACCEL t=1790548747.741335 REJECTED dev=0.3048 d2=  144.16 thr=11.34
EKF_ACCEL t=1790548747.744849 REJECTED dev=0.3118 d2=  150.64 thr=11.34
EKF_ACCEL t=1790548747.749353 REJECTED dev=0.3144 d2=  153.24 thr=11.34
EKF_ACCEL t=1790548747.753208 REJECTED dev=0.3121 d2=  151.60 thr=11.34
EKF_ACCEL t=1790548747.757130 REJECTED dev=0.3020 d2=  141.77 thr=11.34
EKF_ACCEL t=1790548747.760923 REJECTED dev=0.3021 d2=  141.91 thr=11.34
EKF_ACCEL t=1790548747.768856 REJECTED dev=0.2982 d2=  138.81 thr=11.34
EKF_ACCEL t=1790548747.769784 REJECTED dev=0.2982 d2=  137.68 thr=11.34
EKF_ACCEL t=1790548747.773391 REJECTED dev=0.3057 d2=  145.89 thr=11.34
  0.42   3.76   0.00  ( 0.003, 0.022,-0.016)  ( 0.004,-0.063, 0.014)  (-0.023,-0.064, 0.010)   1.208  (  0.02, -0.01)
EKF_ACCEL t=1790548747.777203 REJECTED dev=0.3071 d2=  147.06 thr=11.34
EKF_ACCEL t=1790548747.781288 REJECTED dev=0.3018 d2=  142.26 thr=11.34
EKF_ACCEL t=1790548747.785499 REJECTED dev=0.3062 d2=  146.20 thr=11.34
EKF_ACCEL t=1790548747.788950 REJECTED dev=0.3170 d2=  157.43 thr=11.34
EKF_ACCEL t=1790548747.792791 REJECTED dev=0.3043 d2=  144.80 thr=11.34
EKF_ACCEL t=1790548747.796745 REJECTED dev=0.3193 d2=  159.27 thr=11.34
EKF_ACCEL t=1790548747.801755 REJECTED dev=0.3000 d2=  140.83 thr=11.34
EKF_ACCEL t=1790548747.807379 REJECTED dev=0.3063 d2=  146.75 thr=11.34
EKF_ACCEL t=1790548747.810350 REJECTED dev=0.3066 d2=  124.09 thr=11.34
EKF_ACCEL t=1790548747.812996 REJECTED dev=0.3137 d2=  127.46 thr=11.34
  0.46   2.65   0.00  ( 0.016, 0.021,-0.016)  (-0.417,-0.027, 0.011)  (-0.018,-0.063, 0.010)   1.272  (  0.02, -0.03)
EKF_ACCEL t=1790548747.816865 REJECTED dev=0.3042 d2=  121.77 thr=11.34
EKF_ACCEL t=1790548747.821295 REJECTED dev=0.2946 d2=  114.22 thr=11.34
EKF_ACCEL t=1790548747.824867 REJECTED dev=0.3031 d2=  120.78 thr=11.34
EKF_ACCEL t=1790548747.828823 REJECTED dev=0.2904 d2=  110.86 thr=11.34
EKF_ACCEL t=1790548747.833004 REJECTED dev=0.2720 d2=   97.77 thr=11.34
EKF_ACCEL t=1790548747.836780 REJECTED dev=0.2928 d2=  113.09 thr=11.34
EKF_ACCEL t=1790548747.841208 REJECTED dev=0.3127 d2=  129.67 thr=11.34
EKF_ACCEL t=1790548747.845110 REJECTED dev=0.3035 d2=  121.91 thr=11.34
EKF_ACCEL t=1790548747.848595 REJECTED dev=0.2967 d2=  116.64 thr=11.34
EKF_ACCEL t=1790548747.853441 REJECTED dev=0.2925 d2=  114.34 thr=11.34
  0.50   4.65   0.00  ( 0.015, 0.020,-0.015)  (-0.150,-0.042, 0.009)  (-0.055,-0.063, 0.010)   1.337  (  0.01, -0.04)
EKF_ACCEL t=1790548747.856666 REJECTED dev=0.3085 d2=  127.18 thr=11.34
EKF_ACCEL t=1790548747.860685 REJECTED dev=0.2837 d2=  107.61 thr=11.34
EKF_ACCEL t=1790548747.864679 REJECTED dev=0.2886 d2=  111.53 thr=11.34
EKF_ACCEL t=1790548747.869806 REJECTED dev=0.3025 d2=  123.76 thr=11.34
EKF_ACCEL t=1790548747.873106 REJECTED dev=0.3078 d2=  128.14 thr=11.34
EKF_ACCEL t=1790548747.876723 REJECTED dev=0.2886 d2=  113.18 thr=11.34
EKF_ACCEL t=1790548747.885966 REJECTED dev=0.2896 d2=  115.20 thr=11.34
EKF_ACCEL t=1790548747.889073 REJECTED dev=0.3072 d2=  129.04 thr=11.34
EKF_ACCEL t=1790548747.893245 REJECTED dev=0.2946 d2=  119.20 thr=11.34
EKF_ACCEL t=1790548747.897238 REJECTED dev=0.3002 d2=  124.11 thr=11.34
  0.55   4.59   0.00  ( 0.012, 0.020,-0.015)  (-0.039,-0.048, 0.008)  (-0.076,-0.058, 0.010)   1.406  (  0.01, -0.05)
EKF_ACCEL t=1790548747.901708 REJECTED dev=0.2841 d2=  111.61 thr=11.34
EKF_ACCEL t=1790548747.908635 REJECTED dev=0.3023 d2=  127.46 thr=11.34
EKF_ACCEL t=1790548747.910136 REJECTED dev=0.3091 d2=  132.62 thr=11.34
EKF_ACCEL t=1790548747.912897 REJECTED dev=0.2971 d2=  123.25 thr=11.34
EKF_ACCEL t=1790548747.917062 REJECTED dev=0.2995 d2=  125.68 thr=11.34
EKF_ACCEL t=1790548747.921131 REJECTED dev=0.3104 d2=  135.64 thr=11.34
EKF_ACCEL t=1790548747.924799 REJECTED dev=0.2855 d2=  114.99 thr=11.34
EKF_ACCEL t=1790548747.928769 REJECTED dev=0.2972 d2=  124.66 thr=11.34
EKF_ACCEL t=1790548747.932850 REJECTED dev=0.3112 d2=  137.02 thr=11.34
EKF_ACCEL t=1790548747.939785 REJECTED dev=0.3075 d2=  134.83 thr=11.34
  0.59   7.10   0.00  ( 0.009, 0.019,-0.015)  ( 0.009,-0.050, 0.012)  (-0.068,-0.055, 0.009)   1.473  (  0.01, -0.05)
EKF_ACCEL t=1790548747.941488 REJECTED dev=0.2933 d2=  122.33 thr=11.34
EKF_ACCEL t=1790548747.944851 REJECTED dev=0.2972 d2=  126.27 thr=11.34
EKF_ACCEL t=1790548747.948724 REJECTED dev=0.2985 d2=  127.54 thr=11.34
EKF_ACCEL t=1790548747.952776 REJECTED dev=0.3104 d2=  138.09 thr=11.34
EKF_ACCEL t=1790548747.956798 REJECTED dev=0.3168 d2=  144.20 thr=11.34
EKF_ACCEL t=1790548747.960806 REJECTED dev=0.3022 d2=  131.87 thr=11.34
EKF_ACCEL t=1790548747.965311 REJECTED dev=0.3056 d2=  134.95 thr=11.34
EKF_ACCEL t=1790548747.968973 REJECTED dev=0.2945 d2=  125.27 thr=11.34
EKF_ACCEL t=1790548747.972839 REJECTED dev=0.3079 d2=  137.12 thr=11.34
EKF_ACCEL t=1790548747.977152 REJECTED dev=0.3016 d2=  132.35 thr=11.34
  0.63   4.52   0.00  ( 0.007, 0.018,-0.013)  ( 0.019,-0.037, 0.004)  (-0.055,-0.054, 0.012)   1.531  (  0.00, -0.05)
EKF_ACCEL t=1790548747.980813 REJECTED dev=0.3015 d2=  132.11 thr=11.34
EKF_ACCEL t=1790548747.984818 REJECTED dev=0.3132 d2=  142.63 thr=11.34
EKF_ACCEL t=1790548747.989121 REJECTED dev=0.3100 d2=  139.74 thr=11.34
EKF_ACCEL t=1790548747.993282 REJECTED dev=0.3112 d2=  141.07 thr=11.34
EKF_ACCEL t=1790548747.997514 REJECTED dev=0.3075 d2=  137.91 thr=11.34
EKF_ACCEL t=1790548748.000769 REJECTED dev=0.3127 d2=  142.97 thr=11.34
EKF_ACCEL t=1790548748.004861 REJECTED dev=0.2806 d2=  115.21 thr=11.34
EKF_ACCEL t=1790548748.009078 REJECTED dev=0.3041 d2=  135.23 thr=11.34
EKF_ACCEL t=1790548748.013516 REJECTED dev=0.3048 d2=   97.16 thr=11.34
EKF_ACCEL t=1790548748.019669 REJECTED dev=0.3010 d2=   96.08 thr=11.34
  0.67   5.48   0.00  ( 0.029, 0.018,-0.014)  (-0.366,-0.071, 0.015)  (-0.040,-0.051, 0.011)   1.598  (  0.00, -0.09)
EKF_ACCEL t=1790548748.020943 REJECTED dev=0.2932 d2=   90.28 thr=11.34
EKF_ACCEL t=1790548748.024928 REJECTED dev=0.2793 d2=   82.07 thr=11.34
EKF_ACCEL t=1790548748.029136 REJECTED dev=0.2871 d2=   86.75 thr=11.34
EKF_ACCEL t=1790548748.032831 REJECTED dev=0.2962 d2=   92.98 thr=11.34
EKF_ACCEL t=1790548748.037219 REJECTED dev=0.2852 d2=   86.53 thr=11.34
EKF_ACCEL t=1790548748.041024 REJECTED dev=0.2896 d2=   89.50 thr=11.34
EKF_ACCEL t=1790548748.045259 REJECTED dev=0.2915 d2=   91.00 thr=11.34
EKF_ACCEL t=1790548748.049034 REJECTED dev=0.2993 d2=   95.99 thr=11.34
EKF_ACCEL t=1790548748.053375 REJECTED dev=0.3023 d2=   98.94 thr=11.34
EKF_ACCEL t=1790548748.057078 REJECTED dev=0.2975 d2=   95.94 thr=11.34
  0.71   3.89   0.00  ( 0.027, 0.017,-0.013)  (-0.144,-0.043, 0.009)  (-0.075,-0.051, 0.010)   1.655  ( -0.00, -0.10)
EKF_ACCEL t=1790548748.061375 REJECTED dev=0.3054 d2=  101.79 thr=11.34
EKF_ACCEL t=1790548748.064907 REJECTED dev=0.2908 d2=   92.60 thr=11.34
EKF_ACCEL t=1790548748.069056 REJECTED dev=0.2792 d2=   85.74 thr=11.34
EKF_ACCEL t=1790548748.072764 REJECTED dev=0.2938 d2=   95.15 thr=11.34
EKF_ACCEL t=1790548748.079773 REJECTED dev=0.3049 d2=  103.48 thr=11.34
EKF_ACCEL t=1790548748.082517 REJECTED dev=0.2912 d2=   94.81 thr=11.34
EKF_ACCEL t=1790548748.085034 REJECTED dev=0.2890 d2=   93.54 thr=11.34
EKF_ACCEL t=1790548748.088987 REJECTED dev=0.2949 d2=   97.70 thr=11.34
EKF_ACCEL t=1790548748.093575 REJECTED dev=0.3026 d2=  103.60 thr=11.34
EKF_ACCEL t=1790548748.097483 REJECTED dev=0.3027 d2=  104.12 thr=11.34
  0.75   3.90   0.00  ( 0.024, 0.017,-0.012)  (-0.052,-0.045, 0.009)  (-0.089,-0.049, 0.011)   1.717  ( -0.01, -0.11)
EKF_ACCEL t=1790548748.100971 REJECTED dev=0.3119 d2=  111.18 thr=11.34
EKF_ACCEL t=1790548748.109594 REJECTED dev=0.3073 d2=  109.13 thr=11.34
EKF_ACCEL t=1790548748.110995 REJECTED dev=0.3066 d2=  108.07 thr=11.34
EKF_ACCEL t=1790548748.113076 REJECTED dev=0.3041 d2=  107.23 thr=11.34
EKF_ACCEL t=1790548748.117772 REJECTED dev=0.3197 d2=  119.05 thr=11.34
EKF_ACCEL t=1790548748.122094 REJECTED dev=0.2972 d2=  103.44 thr=11.34
EKF_ACCEL t=1790548748.124873 REJECTED dev=0.3040 d2=  108.09 thr=11.34
EKF_ACCEL t=1790548748.129497 REJECTED dev=0.2897 d2=   98.97 thr=11.34
EKF_ACCEL t=1790548748.132944 REJECTED dev=0.2991 d2=  105.93 thr=11.34
EKF_ACCEL t=1790548748.137681 REJECTED dev=0.2924 d2=  101.91 thr=11.34
  0.79   5.01   0.00  ( 0.021, 0.016,-0.011)  (-0.012,-0.038, 0.007)  (-0.083,-0.046, 0.011)   1.778  ( -0.01, -0.12)
EKF_ACCEL t=1790548748.140810 REJECTED dev=0.3098 d2=  114.29 thr=11.34
EKF_ACCEL t=1790548748.144758 REJECTED dev=0.3151 d2=  118.76 thr=11.34
EKF_ACCEL t=1790548748.148724 REJECTED dev=0.3066 d2=  112.71 thr=11.34
EKF_ACCEL t=1790548748.153169 REJECTED dev=0.2964 d2=  105.75 thr=11.34
EKF_ACCEL t=1790548748.157609 REJECTED dev=0.3003 d2=  109.50 thr=11.34
EKF_ACCEL t=1790548748.165566 REJECTED dev=0.3008 d2=  110.68 thr=11.34
EKF_ACCEL t=1790548748.166614 REJECTED dev=0.2947 d2=  105.84 thr=11.34
EKF_ACCEL t=1790548748.169741 REJECTED dev=0.3152 d2=  121.32 thr=11.34
EKF_ACCEL t=1790548748.173053 REJECTED dev=0.3016 d2=  111.28 thr=11.34
EKF_ACCEL t=1790548748.176948 REJECTED dev=0.3100 d2=  118.02 thr=11.34
  0.83   3.85   0.00  ( 0.018, 0.015,-0.011)  (-0.002,-0.041, 0.005)  (-0.068,-0.045, 0.011)   1.837  ( -0.02, -0.12)
EKF_ACCEL t=1790548748.180791 REJECTED dev=0.3024 d2=  113.06 thr=11.34
EKF_ACCEL t=1790548748.185282 REJECTED dev=0.3018 d2=  112.92 thr=11.34
EKF_ACCEL t=1790548748.189036 REJECTED dev=0.3030 d2=  113.91 thr=11.34
EKF_ACCEL t=1790548748.192923 REJECTED dev=0.2976 d2=  110.24 thr=11.34
EKF_ACCEL t=1790548748.197098 REJECTED dev=0.3033 d2=  114.79 thr=11.34
EKF_ACCEL t=1790548748.202230 REJECTED dev=0.3029 d2=  114.85 thr=11.34
EKF_ACCEL t=1790548748.204995 REJECTED dev=0.3066 d2=  117.77 thr=11.34
EKF_ACCEL t=1790548748.209497 REJECTED dev=0.3069 d2=  118.13 thr=11.34
EKF_ACCEL t=1790548748.212671 REJECTED dev=0.3151 d2=  124.79 thr=11.34
EKF_ACCEL t=1790548748.217681 REJECTED dev=0.3204 d2=   88.09 thr=11.34
  0.87   5.10   0.00  ( 0.040, 0.015,-0.009)  (-0.790,-0.032,-0.001)  (-0.055,-0.042, 0.010)   1.898  ( -0.00, -0.17)
EKF_ACCEL t=1790548748.220920 REJECTED dev=0.3059 d2=   83.85 thr=11.34
EKF_ACCEL t=1790548748.224942 REJECTED dev=0.2952 d2=   75.50 thr=11.34
EKF_ACCEL t=1790548748.229602 REJECTED dev=0.2811 d2=   68.91 thr=11.34
EKF_ACCEL t=1790548748.233342 REJECTED dev=0.2758 d2=   66.71 thr=11.34
EKF_ACCEL t=1790548748.240554 REJECTED dev=0.2776 d2=   68.54 thr=11.34
EKF_ACCEL t=1790548748.241792 REJECTED dev=0.2774 d2=   68.64 thr=11.34
EKF_ACCEL t=1790548748.245155 REJECTED dev=0.2793 d2=   69.83 thr=11.34
EKF_ACCEL t=1790548748.249377 REJECTED dev=0.2775 d2=   69.62 thr=11.34
EKF_ACCEL t=1790548748.257585 REJECTED dev=0.2865 d2=   75.15 thr=11.34
EKF_ACCEL t=1790548748.258521 REJECTED dev=0.2950 d2=   79.32 thr=11.34
  0.91   0.37   0.00  ( 0.036, 0.017,-0.010)  (-0.287,-0.064, 0.008)  (-0.117,-0.044, 0.009)   1.958  ( -0.01, -0.18)
EKF_ACCEL t=1790548748.261480 REJECTED dev=0.2917 d2=   78.33 thr=11.34
EKF_ACCEL t=1790548748.265436 REJECTED dev=0.2871 d2=   76.26 thr=11.34
EKF_ACCEL t=1790548748.268859 REJECTED dev=0.2883 d2=   77.29 thr=11.34
EKF_ACCEL t=1790548748.273107 REJECTED dev=0.2733 d2=   70.41 thr=11.34
EKF_ACCEL t=1790548748.276937 REJECTED dev=0.2849 d2=   77.36 thr=11.34
EKF_ACCEL t=1790548748.280944 REJECTED dev=0.2793 d2=   74.51 thr=11.34
EKF_ACCEL t=1790548748.284609 REJECTED dev=0.2834 d2=   77.47 thr=11.34
EKF_ACCEL t=1790548748.289174 REJECTED dev=0.2921 d2=   82.87 thr=11.34
EKF_ACCEL t=1790548748.292889 REJECTED dev=0.2869 d2=   80.98 thr=11.34
EKF_ACCEL t=1790548748.296933 REJECTED dev=0.2741 d2=   74.58 thr=11.34
  0.95   4.13   0.00  ( 0.031, 0.016,-0.009)  (-0.083,-0.044, 0.008)  (-0.144,-0.043, 0.009)   2.015  ( -0.01, -0.19)
EKF_ACCEL t=1790548748.300849 REJECTED dev=0.2907 d2=   84.05 thr=11.34
EKF_ACCEL t=1790548748.304838 REJECTED dev=0.2931 d2=   86.47 thr=11.34
EKF_ACCEL t=1790548748.308905 REJECTED dev=0.2971 d2=   89.41 thr=11.34
EKF_ACCEL t=1790548748.312966 REJECTED dev=0.3058 d2=   95.45 thr=11.34
EKF_ACCEL t=1790548748.318130 REJECTED dev=0.2877 d2=   85.48 thr=11.34
EKF_ACCEL t=1790548748.321194 REJECTED dev=0.2899 d2=   87.49 thr=11.34
EKF_ACCEL t=1790548748.324865 REJECTED dev=0.3082 d2=   98.87 thr=11.34
EKF_ACCEL t=1790548748.328790 REJECTED dev=0.2989 d2=   93.87 thr=11.34
EKF_ACCEL t=1790548748.332882 REJECTED dev=0.2927 d2=   90.68 thr=11.34
EKF_ACCEL t=1790548748.344699 REJECTED dev=0.3036 d2=   99.87 thr=11.34
  1.00  11.97   0.00  ( 0.025, 0.014,-0.007)  ( 0.000,-0.034, 0.002)  (-0.130,-0.039, 0.008)   2.084  ( -0.02, -0.20)
EKF_ACCEL t=1790548748.345589 REJECTED dev=0.3139 d2=  106.52 thr=11.34
EKF_ACCEL t=1790548748.346977 REJECTED dev=0.3023 d2=   99.06 thr=11.34
EKF_ACCEL t=1790548748.349159 REJECTED dev=0.3024 d2=   99.35 thr=11.34
EKF_ACCEL t=1790548748.353704 REJECTED dev=0.3084 d2=  104.24 thr=11.34
EKF_ACCEL t=1790548748.357217 REJECTED dev=0.3059 d2=  102.83 thr=11.34
EKF_ACCEL t=1790548748.360864 REJECTED dev=0.2178 d2=   53.02 thr=11.34
EKF_ACCEL t=1790548748.365248 REJECTED dev=0.1915 d2=   41.36 thr=11.34
EKF_ACCEL t=1790548748.368928 REJECTED dev=0.1790 d2=   36.25 thr=11.34
EKF_ACCEL t=1790548748.372837 REJECTED dev=0.1514 d2=   26.27 thr=11.34
EKF_ACCEL t=1790548748.376790 REJECTED dev=0.1613 d2=   29.86 thr=11.34
  1.03   3.99   0.20  ( 0.021, 0.014,-0.005)  ( 0.019, 2.288, 0.001)  (-0.107, 0.125, 0.011)   2.130  ( -0.03, -0.21)
EKF_ACCEL t=1790548748.380855 REJECTED dev=0.1752 d2=   35.11 thr=11.34
EKF_ACCEL t=1790548748.385484 REJECTED dev=0.1941 d2=   42.95 thr=11.34
EKF_ACCEL t=1790548748.389522 REJECTED dev=0.2087 d2=   49.63 thr=11.34
EKF_ACCEL t=1790548748.392771 REJECTED dev=0.2175 d2=   53.39 thr=11.34
EKF_ACCEL t=1790548748.396794 REJECTED dev=0.2376 d2=   63.31 thr=11.34
EKF_ACCEL t=1790548748.400766 REJECTED dev=0.2156 d2=   52.48 thr=11.34
EKF_ACCEL t=1790548748.405109 REJECTED dev=0.2203 d2=   53.78 thr=11.34
EKF_ACCEL t=1790548748.414257 REJECTED dev=0.2172 d2=   51.32 thr=11.34
EKF_ACCEL t=1790548748.415346 REJECTED dev=0.2142 d2=   49.89 thr=11.34
EKF_ACCEL t=1790548748.417530 REJECTED dev=0.2176 d2=   51.07 thr=11.34
  1.07   2.49   0.20  ( 0.014, 0.023, 0.083)  (-0.013, 1.150,-0.091)  (-0.087, 0.506, 0.009)   2.189  ( -0.04, -0.21)
EKF_ACCEL t=1790548748.421642 REJECTED dev=0.2371 d2=   38.74 thr=11.34
EKF_ACCEL t=1790548748.428415 REJECTED dev=0.2200 d2=   36.70 thr=11.34
EKF_ACCEL t=1790548748.430038 REJECTED dev=0.1475 d2=   16.34 thr=11.34
EKF_ACCEL t=1790548748.433428 FIRED   dev=0.0930 d2=    6.76 thr=11.34 dtheta=0.0890
EKF_ACCEL t=1790548748.437716 FIRED   dev=0.0396 d2=    0.51 thr=11.34 dtheta=0.0312
EKF_ACCEL t=1790548748.442183 FIRED   dev=0.0099 d2=    0.16 thr=11.34 dtheta=0.0043
EKF_ACCEL t=1790548748.445817 FIRED   dev=0.0235 d2=    1.02 thr=11.34 dtheta=0.0092
EKF_ACCEL t=1790548748.450129 FIRED   dev=0.0138 d2=    0.38 thr=11.34 dtheta=0.0061
EKF_ACCEL t=1790548748.453481 FIRED   dev=0.0051 d2=    0.06 thr=11.34 dtheta=0.0029
EKF_ACCEL t=1790548748.457531 FIRED   dev=0.0197 d2=    0.84 thr=11.34 dtheta=0.0012
  1.11   4.39   0.20  ( 0.057, 0.080, 0.194)  (-0.596,-0.053,-0.504)  (-0.183, 0.559,-0.030)   2.245  (  0.02, -0.25)
EKF_ACCEL t=1790548748.461078 FIRED   dev=0.0242 d2=    1.28 thr=11.34 dtheta=0.0020
EKF_ACCEL t=1790548748.465226 FIRED   dev=0.0195 d2=    0.83 thr=11.34 dtheta=0.0025
EKF_ACCEL t=1790548748.469980 FIRED   dev=0.0367 d2=    2.89 thr=11.34 dtheta=0.0102
EKF_ACCEL t=1790548748.474215 FIRED   dev=0.0475 d2=    4.43 thr=11.34 dtheta=0.0216
EKF_ACCEL t=1790548748.477222 FIRED   dev=0.0448 d2=    3.15 thr=11.34 dtheta=0.0284
EKF_ACCEL t=1790548748.481965 FIRED   dev=0.0259 d2=    0.88 thr=11.34 dtheta=0.0116
EKF_ACCEL t=1790548748.485815 FIRED   dev=0.0133 d2=    0.27 thr=11.34 dtheta=0.0043
EKF_ACCEL t=1790548748.491153 FIRED   dev=0.0018 d2=    0.01 thr=11.34 dtheta=0.0026
EKF_ACCEL t=1790548748.493401 FIRED   dev=0.0009 d2=    0.00 thr=11.34 dtheta=0.0015
EKF_ACCEL t=1790548748.497744 FIRED   dev=0.0047 d2=    0.05 thr=11.34 dtheta=0.0032
  1.15   4.29   0.20  (-0.003, 0.161, 0.201)  ( 0.537,-0.737,-0.268)  (-0.224, 0.393,-0.073)   2.304  ( -0.01, -0.25)
EKF_ACCEL t=1790548748.501790 FIRED   dev=0.0127 d2=    0.33 thr=11.34 dtheta=0.0050
EKF_ACCEL t=1790548748.505902 FIRED   dev=0.0120 d2=    0.31 thr=11.34 dtheta=0.0025
EKF_ACCEL t=1790548748.510585 FIRED   dev=0.0054 d2=    0.07 thr=11.34 dtheta=0.0011
EKF_ACCEL t=1790548748.513531 FIRED   dev=0.0184 d2=    0.76 thr=11.34 dtheta=0.0010
EKF_ACCEL t=1790548748.518346 FIRED   dev=0.0046 d2=    0.05 thr=11.34 dtheta=0.0010
EKF_ACCEL t=1790548748.521378 FIRED   dev=0.0378 d2=    3.22 thr=11.34 dtheta=0.0030
EKF_ACCEL t=1790548748.525532 FIRED   dev=0.0374 d2=    3.17 thr=11.34 dtheta=0.0019
EKF_ACCEL t=1790548748.529304 FIRED   dev=0.0401 d2=    3.66 thr=11.34 dtheta=0.0034
EKF_ACCEL t=1790548748.535935 FIRED   dev=0.0558 d2=    7.06 thr=11.34 dtheta=0.0044
EKF_ACCEL t=1790548748.537630 FIRED   dev=0.0506 d2=    5.80 thr=11.34 dtheta=0.0031
  1.19   0.86   0.20  (-0.001, 0.183, 0.203)  ( 0.221,-0.514,-0.198)  (-0.109, 0.193,-0.095)   2.361  ( -0.02, -0.25)
EKF_ACCEL t=1790548748.542199 FIRED   dev=0.0610 d2=    8.45 thr=11.34 dtheta=0.0055
EKF_ACCEL t=1790548748.545187 FIRED   dev=0.0490 d2=    5.43 thr=11.34 dtheta=0.0040
EKF_ACCEL t=1790548748.549403 FIRED   dev=0.0565 d2=    7.24 thr=11.34 dtheta=0.0042
EKF_ACCEL t=1790548748.554016 FIRED   dev=0.0507 d2=    5.81 thr=11.34 dtheta=0.0056
EKF_ACCEL t=1790548748.557591 FIRED   dev=0.0540 d2=    6.58 thr=11.34 dtheta=0.0056
EKF_ACCEL t=1790548748.561132 FIRED   dev=0.0448 d2=    4.51 thr=11.34 dtheta=0.0052
EKF_ACCEL t=1790548748.564913 FIRED   dev=0.0330 d2=    2.44 thr=11.34 dtheta=0.0048
EKF_ACCEL t=1790548748.569892 FIRED   dev=0.0297 d2=    1.97 thr=11.34 dtheta=0.0036
EKF_ACCEL t=1790548748.572891 FIRED   dev=0.0213 d2=    1.01 thr=11.34 dtheta=0.0023
EKF_ACCEL t=1790548748.577011 FIRED   dev=0.0319 d2=    2.29 thr=11.34 dtheta=0.0056
  1.23   3.95   0.20  ( 0.018, 0.225, 0.187)  (-0.229,-0.803,-0.096)  (-0.059, 0.056,-0.100)   2.417  ( -0.01, -0.25)
EKF_ACCEL t=1790548748.580704 FIRED   dev=0.0405 d2=    3.65 thr=11.34 dtheta=0.0050
EKF_ACCEL t=1790548748.585612 FIRED   dev=0.0284 d2=    1.80 thr=11.34 dtheta=0.0046
EKF_ACCEL t=1790548748.589141 FIRED   dev=0.0295 d2=    1.94 thr=11.34 dtheta=0.0046
EKF_ACCEL t=1790548748.592765 FIRED   dev=0.0320 d2=    2.27 thr=11.34 dtheta=0.0059
EKF_ACCEL t=1790548748.596800 FIRED   dev=0.0359 d2=    2.85 thr=11.34 dtheta=0.0047
EKF_ACCEL t=1790548748.601289 FIRED   dev=0.0301 d2=    2.00 thr=11.34 dtheta=0.0045
EKF_ACCEL t=1790548748.604944 FIRED   dev=0.0321 d2=    2.29 thr=11.34 dtheta=0.0052
EKF_ACCEL t=1790548748.609009 FIRED   dev=0.0373 d2=    3.08 thr=11.34 dtheta=0.0051
EKF_ACCEL t=1790548748.613047 FIRED   dev=0.0303 d2=    2.03 thr=11.34 dtheta=0.0059
EKF_ACCEL t=1790548748.617010 FIRED   dev=0.0444 d2=    4.35 thr=11.34 dtheta=0.0065
  1.27   4.11   0.20  ( 0.057, 0.251, 0.184)  (-0.696,-0.774,-0.089)  (-0.088,-0.087,-0.097)   2.472  (  0.02, -0.25)
EKF_ACCEL t=1790548748.627416 FIRED   dev=0.0339 d2=    2.53 thr=11.34 dtheta=0.0050
EKF_ACCEL t=1790548748.629866 FIRED   dev=0.0258 d2=    1.47 thr=11.34 dtheta=0.0049
EKF_ACCEL t=1790548748.633917 FIRED   dev=0.0399 d2=    3.52 thr=11.34 dtheta=0.0064
EKF_ACCEL t=1790548748.637784 FIRED   dev=0.0271 d2=    1.63 thr=11.34 dtheta=0.0031
EKF_ACCEL t=1790548748.641776 FIRED   dev=0.0347 d2=    2.68 thr=11.34 dtheta=0.0053
EKF_ACCEL t=1790548748.645611 FIRED   dev=0.0343 d2=    2.63 thr=11.34 dtheta=0.0051
EKF_ACCEL t=1790548748.650081 FIRED   dev=0.0291 d2=    1.89 thr=11.34 dtheta=0.0044
EKF_ACCEL t=1790548748.653493 FIRED   dev=0.0162 d2=    0.59 thr=11.34 dtheta=0.0030
EKF_ACCEL t=1790548748.657646 FIRED   dev=0.0124 d2=    0.34 thr=11.34 dtheta=0.0021
EKF_ACCEL t=1790548748.661781 FIRED   dev=0.0302 d2=    2.07 thr=11.34 dtheta=0.0042
  1.31   4.09   0.20  ( 0.089, 0.264, 0.190)  (-0.738,-0.592,-0.113)  (-0.188,-0.201,-0.095)   2.530  (  0.07, -0.26)
EKF_ACCEL t=1790548748.665739 FIRED   dev=0.0324 d2=    2.38 thr=11.34 dtheta=0.0035
EKF_ACCEL t=1790548748.669563 FIRED   dev=0.0158 d2=    0.57 thr=11.34 dtheta=0.0037
EKF_ACCEL t=1790548748.673821 FIRED   dev=0.0150 d2=    0.51 thr=11.34 dtheta=0.0017
EKF_ACCEL t=1790548748.677823 FIRED   dev=0.0197 d2=    0.89 thr=11.34 dtheta=0.0023
EKF_ACCEL t=1790548748.681975 FIRED   dev=0.0028 d2=    0.02 thr=11.34 dtheta=0.0027
EKF_ACCEL t=1790548748.690454 FIRED   dev=0.0013 d2=    0.01 thr=11.34 dtheta=0.0036
EKF_ACCEL t=1790548748.693831 FIRED   dev=0.0191 d2=    0.85 thr=11.34 dtheta=0.0021
EKF_ACCEL t=1790548748.697816 FIRED   dev=0.0006 d2=    0.00 thr=11.34 dtheta=0.0031
EKF_ACCEL t=1790548748.701590 FIRED   dev=0.0079 d2=    0.14 thr=11.34 dtheta=0.0013
EKF_ACCEL t=1790548748.705517 FIRED   dev=0.0094 d2=    0.21 thr=11.34 dtheta=0.0026
  1.36   4.20   0.20  ( 0.097, 0.266, 0.192)  (-0.485,-0.367,-0.128)  (-0.280,-0.261,-0.095)   2.592  (  0.07, -0.26)
EKF_ACCEL t=1790548748.709451 FIRED   dev=0.0019 d2=    0.01 thr=11.34 dtheta=0.0018
EKF_ACCEL t=1790548748.715196 FIRED   dev=0.0040 d2=    0.04 thr=11.34 dtheta=0.0017
EKF_ACCEL t=1790548748.717939 FIRED   dev=0.0077 d2=    0.14 thr=11.34 dtheta=0.0013
EKF_ACCEL t=1790548748.721591 FIRED   dev=0.0108 d2=    0.28 thr=11.34 dtheta=0.0016
EKF_ACCEL t=1790548748.726645 FIRED   dev=0.0116 d2=    0.32 thr=11.34 dtheta=0.0039
EKF_ACCEL t=1790548748.729424 FIRED   dev=0.0031 d2=    0.02 thr=11.34 dtheta=0.0013
EKF_ACCEL t=1790548748.733724 FIRED   dev=0.0144 d2=    0.49 thr=11.34 dtheta=0.0034
EKF_ACCEL t=1790548748.737597 FIRED   dev=0.0079 d2=    0.15 thr=11.34 dtheta=0.0016
EKF_ACCEL t=1790548748.741475 FIRED   dev=0.0068 d2=    0.11 thr=11.34 dtheta=0.0015
EKF_ACCEL t=1790548748.746500 FIRED   dev=0.0039 d2=    0.04 thr=11.34 dtheta=0.0037
  1.40   5.06   0.20  ( 0.100, 0.266, 0.198)  (-0.398,-0.279,-0.150)  (-0.316,-0.274,-0.098)   2.649  (  0.07, -0.26)
EKF_ACCEL t=1790548748.750096 FIRED   dev=0.0091 d2=    0.20 thr=11.34 dtheta=0.0010
EKF_ACCEL t=1790548748.753628 FIRED   dev=0.0064 d2=    0.10 thr=11.34 dtheta=0.0030
EKF_ACCEL t=1790548748.757629 FIRED   dev=0.0134 d2=    0.43 thr=11.34 dtheta=0.0016
EKF_ACCEL t=1790548748.763836 FIRED   dev=0.0142 d2=    0.48 thr=11.34 dtheta=0.0042
EKF_ACCEL t=1790548748.766881 FIRED   dev=0.0006 d2=    0.00 thr=11.34 dtheta=0.0009
EKF_ACCEL t=1790548748.769874 FIRED   dev=0.0107 d2=    0.27 thr=11.34 dtheta=0.0023
EKF_ACCEL t=1790548748.773614 FIRED   dev=0.0119 d2=    0.34 thr=11.34 dtheta=0.0011
EKF_ACCEL t=1790548748.778353 FIRED   dev=0.0182 d2=    0.79 thr=11.34 dtheta=0.0045
EKF_ACCEL t=1790548748.784669 FIRED   dev=0.0184 d2=    0.80 thr=11.34 dtheta=0.0017
EKF_ACCEL t=1790548748.786362 FIRED   dev=0.0028 d2=    0.02 thr=11.34 dtheta=0.0039
  1.44   1.64   0.20  ( 0.103, 0.266, 0.202)  (-0.289,-0.246,-0.150)  (-0.322,-0.272,-0.102)   2.705  (  0.07, -0.26)
EKF_ACCEL t=1790548748.790172 FIRED   dev=0.0133 d2=    0.42 thr=11.34 dtheta=0.0023
EKF_ACCEL t=1790548748.793692 FIRED   dev=0.0021 d2=    0.01 thr=11.34 dtheta=0.0031
EKF_ACCEL t=1790548748.798073 FIRED   dev=0.0058 d2=    0.08 thr=11.34 dtheta=0.0017
EKF_ACCEL t=1790548748.801529 FIRED   dev=0.0257 d2=    1.57 thr=11.34 dtheta=0.0012
EKF_ACCEL t=1790548748.805903 FIRED   dev=0.0122 d2=    0.36 thr=11.34 dtheta=0.0038
EKF_ACCEL t=1790548748.809675 FIRED   dev=0.0174 d2=    0.72 thr=11.34 dtheta=0.0026
EKF_ACCEL t=1790548748.813713 FIRED   dev=0.0108 d2=    0.28 thr=11.34 dtheta=0.0021
EKF_ACCEL t=1790548748.817451 FIRED   dev=0.0123 d2=    0.36 thr=11.34 dtheta=0.0027
EKF_ACCEL t=1790548748.821417 FIRED   dev=0.0088 d2=    0.18 thr=11.34 dtheta=0.0010
EKF_ACCEL t=1790548748.825709 FIRED   dev=0.0003 d2=    0.00 thr=11.34 dtheta=0.0023
  1.48   4.38   0.20  ( 0.102, 0.267, 0.206)  (-0.309,-0.255,-0.159)  (-0.315,-0.264,-0.104)   2.761  (  0.07, -0.25)
EKF_ACCEL t=1790548748.829378 FIRED   dev=0.0015 d2=    0.01 thr=11.34 dtheta=0.0023
EKF_ACCEL t=1790548748.833788 FIRED   dev=0.0006 d2=    0.00 thr=11.34 dtheta=0.0021
EKF_ACCEL t=1790548748.838390 FIRED   dev=0.0002 d2=    0.00 thr=11.34 dtheta=0.0026
EKF_ACCEL t=1790548748.841712 FIRED   dev=0.0160 d2=    0.61 thr=11.34 dtheta=0.0020
EKF_ACCEL t=1790548748.845610 FIRED   dev=0.0009 d2=    0.00 thr=11.34 dtheta=0.0014
EKF_ACCEL t=1790548748.849396 FIRED   dev=0.0146 d2=    0.51 thr=11.34 dtheta=0.0020
EKF_ACCEL t=1790548748.853832 FIRED   dev=0.0064 d2=    0.10 thr=11.34 dtheta=0.0034
EKF_ACCEL t=1790548748.857616 FIRED   dev=0.0040 d2=    0.04 thr=11.34 dtheta=0.0010
EKF_ACCEL t=1790548748.861588 FIRED   dev=0.0008 d2=    0.00 thr=11.34 dtheta=0.0035
EKF_ACCEL t=1790548748.865950 FIRED   dev=0.0061 d2=    0.09 thr=11.34 dtheta=0.0020
  1.52   4.30   0.20  ( 0.102, 0.268, 0.210)  (-0.291,-0.262,-0.164)  (-0.307,-0.259,-0.108)   2.800  (  0.13, -0.26)
EKF_ACCEL t=1790548748.876458 FIRED   dev=0.0013 d2=    0.00 thr=11.34 dtheta=0.0022
EKF_ACCEL t=1790548748.878072 FIRED   dev=0.0067 d2=    0.11 thr=11.34 dtheta=0.0033
EKF_ACCEL t=1790548748.882321 FIRED   dev=0.0023 d2=    0.01 thr=11.34 dtheta=0.0023
EKF_ACCEL t=1790548748.886788 FIRED   dev=0.0085 d2=    0.17 thr=11.34 dtheta=0.0009
EKF_ACCEL t=1790548748.889723 FIRED   dev=0.0044 d2=    0.05 thr=11.34 dtheta=0.0026
EKF_ACCEL t=1790548748.893928 FIRED   dev=0.0060 d2=    0.09 thr=11.34 dtheta=0.0021
EKF_ACCEL t=1790548748.902549 FIRED   dev=0.0062 d2=    0.10 thr=11.34 dtheta=0.0042
EKF_ACCEL t=1790548748.903930 FIRED   dev=0.0005 d2=    0.00 thr=11.34 dtheta=0.0014
EKF_ACCEL t=1790548748.906370 FIRED   dev=0.0058 d2=    0.08 thr=11.34 dtheta=0.0029
EKF_ACCEL t=1790548748.909446 FIRED   dev=0.0060 d2=    0.09 thr=11.34 dtheta=0.0023
  1.56   3.01   0.20  ( 0.101, 0.268, 0.213)  (-0.268,-0.275,-0.167)  (-0.298,-0.255,-0.111)   2.861  (  0.13, -0.26)
EKF_ACCEL t=1790548748.913479 FIRED   dev=0.0019 d2=    0.01 thr=11.34 dtheta=0.0015
EKF_ACCEL t=1790548748.917676 FIRED   dev=0.0012 d2=    0.00 thr=11.34 dtheta=0.0029
EKF_ACCEL t=1790548748.921615 FIRED   dev=0.0180 d2=    0.77 thr=11.34 dtheta=0.0018
EKF_ACCEL t=1790548748.925668 FIRED   dev=0.0035 d2=    0.03 thr=11.34 dtheta=0.0028
EKF_ACCEL t=1790548748.929697 FIRED   dev=0.0028 d2=    0.02 thr=11.34 dtheta=0.0012
EKF_ACCEL t=1790548748.933395 FIRED   dev=0.0120 d2=    0.34 thr=11.34 dtheta=0.0019
EKF_ACCEL t=1790548748.941157 FIRED   dev=0.0009 d2=    0.00 thr=11.34 dtheta=0.0033
EKF_ACCEL t=1790548748.941804 FIRED   dev=0.0039 d2=    0.04 thr=11.34 dtheta=0.0012
EKF_ACCEL t=1790548748.947149 FIRED   dev=0.0110 d2=    0.29 thr=11.34 dtheta=0.0025
EKF_ACCEL t=1790548748.949923 FIRED   dev=0.0011 d2=    0.00 thr=11.34 dtheta=0.0027
  1.60   2.95   0.20  ( 0.102, 0.266, 0.217)  (-0.257,-0.218,-0.165)  (-0.286,-0.256,-0.116)   2.918  (  0.13, -0.25)
EKF_ACCEL t=1790548748.954265 FIRED   dev=0.0043 d2=    0.05 thr=11.34 dtheta=0.0028
EKF_ACCEL t=1790548748.958123 FIRED   dev=0.0072 d2=    0.12 thr=11.34 dtheta=0.0010
EKF_ACCEL t=1790548748.962610 FIRED   dev=0.0024 d2=    0.01 thr=11.34 dtheta=0.0026
EKF_ACCEL t=1790548748.965728 FIRED   dev=0.0069 d2=    0.11 thr=11.34 dtheta=0.0022
EKF_ACCEL t=1790548748.971253 FIRED   dev=0.0017 d2=    0.01 thr=11.34 dtheta=0.0019
EKF_ACCEL t=1790548748.975062 FIRED   dev=0.0054 d2=    0.07 thr=11.34 dtheta=0.0025
EKF_ACCEL t=1790548748.978952 FIRED   dev=0.0070 d2=    0.12 thr=11.34 dtheta=0.0023
EKF_ACCEL t=1790548748.981944 FIRED   dev=0.0043 d2=    0.05 thr=11.34 dtheta=0.0035
EKF_ACCEL t=1790548748.985655 FIRED   dev=0.0089 d2=    0.19 thr=11.34 dtheta=0.0012
EKF_ACCEL t=1790548748.990552 FIRED   dev=0.0004 d2=    0.00 thr=11.34 dtheta=0.0016
  1.64   4.54   0.20  ( 0.101, 0.266, 0.220)  (-0.280,-0.248,-0.169)  (-0.278,-0.248,-0.118)   2.975  (  0.13, -0.25)
EKF_ACCEL t=1790548748.995516 FIRED   dev=0.0041 d2=    0.04 thr=11.34 dtheta=0.0030
EKF_ACCEL t=1790548748.999093 FIRED   dev=0.0014 d2=    0.01 thr=11.34 dtheta=0.0017
EKF_ACCEL t=1790548749.003923 FIRED   dev=0.0003 d2=    0.00 thr=11.34 dtheta=0.0022
EKF_ACCEL t=1790548749.006904 FIRED   dev=0.0026 d2=    0.02 thr=11.34 dtheta=0.0012
EKF_ACCEL t=1790548749.011040 FIRED   dev=0.0061 d2=    0.09 thr=11.34 dtheta=0.0013
EKF_ACCEL t=1790548749.015167 FIRED   dev=0.0040 d2=    0.04 thr=11.34 dtheta=0.0023
EKF_ACCEL t=1790548749.022804 FIRED   dev=0.0124 d2=    0.37 thr=11.34 dtheta=0.0042
EKF_ACCEL t=1790548749.025049 FIRED   dev=0.0002 d2=    0.00 thr=11.34 dtheta=0.0008
EKF_ACCEL t=1790548749.028857 FIRED   dev=0.0026 d2=    0.02 thr=11.34 dtheta=0.0020
EKF_ACCEL t=1790548749.031479 FIRED   dev=0.0069 d2=    0.11 thr=11.34 dtheta=0.0024
  1.68   1.50   0.20  ( 0.100, 0.265, 0.223)  (-0.237,-0.232,-0.178)  (-0.265,-0.243,-0.121)   3.032  (  0.12, -0.25)
EKF_ACCEL t=1790548749.038722 FIRED   dev=0.0154 d2=    0.57 thr=11.34 dtheta=0.0037
EKF_ACCEL t=1790548749.040052 FIRED   dev=0.0026 d2=    0.02 thr=11.34 dtheta=0.0007
EKF_ACCEL t=1790548749.042284 FIRED   dev=0.0073 d2=    0.13 thr=11.34 dtheta=0.0020
EKF_ACCEL t=1790548749.045766 FIRED   dev=0.0036 d2=    0.03 thr=11.34 dtheta=0.0009
EKF_ACCEL t=1790548749.050258 FIRED   dev=0.0075 d2=    0.14 thr=11.34 dtheta=0.0023
EKF_ACCEL t=1790548749.054340 FIRED   dev=0.0017 d2=    0.01 thr=11.34 dtheta=0.0028
EKF_ACCEL t=1790548749.057831 FIRED   dev=0.0039 d2=    0.04 thr=11.34 dtheta=0.0013
EKF_ACCEL t=1790548749.061510 FIRED   dev=0.0043 d2=    0.04 thr=11.34 dtheta=0.0013
EKF_ACCEL t=1790548749.065502 FIRED   dev=0.0015 d2=    0.01 thr=11.34 dtheta=0.0017
EKF_ACCEL t=1790548749.069814 FIRED   dev=0.0183 d2=    0.80 thr=11.34 dtheta=0.0024
  1.72   4.73   0.20  ( 0.098, 0.267, 0.225)  (-0.247,-0.240,-0.180)  (-0.255,-0.235,-0.125)   3.086  (  0.12, -0.25)
EKF_ACCEL t=1790548749.073697 FIRED   dev=0.0013 d2=    0.00 thr=11.34 dtheta=0.0006
EKF_ACCEL t=1790548749.081032 FIRED   dev=0.0094 d2=    0.21 thr=11.34 dtheta=0.0040
EKF_ACCEL t=1790548749.082381 FIRED   dev=0.0033 d2=    0.03 thr=11.34 dtheta=0.0021
EKF_ACCEL t=1790548749.086675 FIRED   dev=0.0023 d2=    0.01 thr=11.34 dtheta=0.0018
EKF_ACCEL t=1790548749.089939 FIRED   dev=0.0077 d2=    0.14 thr=11.34 dtheta=0.0018
EKF_ACCEL t=1790548749.094359 FIRED   dev=0.0039 d2=    0.04 thr=11.34 dtheta=0.0016
EKF_ACCEL t=1790548749.098769 FIRED   dev=0.0011 d2=    0.00 thr=11.34 dtheta=0.0026
EKF_ACCEL t=1790548749.103088 FIRED   dev=0.0007 d2=    0.00 thr=11.34 dtheta=0.0013
EKF_ACCEL t=1790548749.105844 FIRED   dev=0.0083 d2=    0.17 thr=11.34 dtheta=0.0016
EKF_ACCEL t=1790548749.110262 FIRED   dev=0.0025 d2=    0.02 thr=11.34 dtheta=0.0024
  1.76   4.34   0.20  ( 0.097, 0.266, 0.227)  (-0.241,-0.249,-0.180)  (-0.243,-0.230,-0.130)   3.142  (  0.12, -0.25)
EKF_ACCEL t=1790548749.113836 FIRED   dev=0.0180 d2=    0.77 thr=11.34 dtheta=0.0014
EKF_ACCEL t=1790548749.118059 FIRED   dev=0.0079 d2=    0.15 thr=11.34 dtheta=0.0003
EKF_ACCEL t=1790548749.122188 FIRED   dev=0.0169 d2=    0.68 thr=11.34 dtheta=0.0024
EKF_ACCEL t=1790548749.126116 FIRED   dev=0.0070 d2=    0.12 thr=11.34 dtheta=0.0028
EKF_ACCEL t=1790548749.129932 FIRED   dev=0.0033 d2=    0.03 thr=11.34 dtheta=0.0027
EKF_ACCEL t=1790548749.140603 FIRED   dev=0.0057 d2=    0.08 thr=11.34 dtheta=0.0050
EKF_ACCEL t=1790548749.142076 FIRED   dev=0.0209 d2=    1.04 thr=11.34 dtheta=0.0009
EKF_ACCEL t=1790548749.143301 FIRED   dev=0.0035 d2=    0.03 thr=11.34 dtheta=0.0016
EKF_ACCEL t=1790548749.148313 FIRED   dev=0.0080 d2=    0.15 thr=11.34 dtheta=0.0023
EKF_ACCEL t=1790548749.150514 FIRED   dev=0.0014 d2=    0.00 thr=11.34 dtheta=0.0016
  1.80   2.13   0.20  ( 0.095, 0.266, 0.228)  (-0.257,-0.223,-0.181)  (-0.233,-0.228,-0.132)   3.199  (  0.12, -0.25)
EKF_ACCEL t=1790548749.154755 FIRED   dev=0.0046 d2=    0.05 thr=11.34 dtheta=0.0013
EKF_ACCEL t=1790548749.158544 FIRED   dev=0.0025 d2=    0.02 thr=11.34 dtheta=0.0028
EKF_ACCEL t=1790548749.161844 FIRED   dev=0.0125 d2=    0.37 thr=11.34 dtheta=0.0021
EKF_ACCEL t=1790548749.165806 FIRED   dev=0.0142 d2=    0.48 thr=11.34 dtheta=0.0024
EKF_ACCEL t=1790548749.170353 FIRED   dev=0.0109 d2=    0.28 thr=11.34 dtheta=0.0020
EKF_ACCEL t=1790548749.173940 FIRED   dev=0.0057 d2=    0.08 thr=11.34 dtheta=0.0013
EKF_ACCEL t=1790548749.177649 FIRED   dev=0.0031 d2=    0.02 thr=11.34 dtheta=0.0025
EKF_ACCEL t=1790548749.181832 FIRED   dev=0.0032 d2=    0.02 thr=11.34 dtheta=0.0004
EKF_ACCEL t=1790548749.186040 FIRED   dev=0.0175 d2=    0.73 thr=11.34 dtheta=0.0026
EKF_ACCEL t=1790548749.189692 FIRED   dev=0.0090 d2=    0.19 thr=11.34 dtheta=0.0017
  1.84   3.45   0.20  ( 0.095, 0.265, 0.230)  (-0.266,-0.225,-0.182)  (-0.219,-0.225,-0.135)   3.254  (  0.12, -0.25)
EKF_ACCEL t=1790548749.194373 FIRED   dev=0.0054 d2=    0.07 thr=11.34 dtheta=0.0013
EKF_ACCEL t=1790548749.203206 FIRED   dev=0.0051 d2=    0.07 thr=11.34 dtheta=0.0047
EKF_ACCEL t=1790548749.204083 FIRED   dev=0.0015 d2=    0.01 thr=11.34 dtheta=0.0012
EKF_ACCEL t=1790548749.206019 FIRED   dev=0.0001 d2=    0.00 thr=11.34 dtheta=0.0017
EKF_ACCEL t=1790548749.210123 FIRED   dev=0.0012 d2=    0.00 thr=11.34 dtheta=0.0009
EKF_ACCEL t=1790548749.213827 FIRED   dev=0.0118 d2=    0.33 thr=11.34 dtheta=0.0011
EKF_ACCEL t=1790548749.217561 FIRED   dev=0.0089 d2=    0.19 thr=11.34 dtheta=0.0024
EKF_ACCEL t=1790548749.221666 FIRED   dev=0.0015 d2=    0.01 thr=11.34 dtheta=0.0012
EKF_ACCEL t=1790548749.225960 FIRED   dev=0.0046 d2=    0.05 thr=11.34 dtheta=0.0026
EKF_ACCEL t=1790548749.229614 FIRED   dev=0.0044 d2=    0.05 thr=11.34 dtheta=0.0011
  1.88   3.54   0.20  ( 0.094, 0.264, 0.232)  (-0.263,-0.219,-0.184)  (-0.210,-0.221,-0.137)   3.309  (  0.12, -0.25)
EKF_ACCEL t=1790548749.233599 FIRED   dev=0.0079 d2=    0.15 thr=11.34 dtheta=0.0013
EKF_ACCEL t=1790548749.237762 FIRED   dev=0.0127 d2=    0.38 thr=11.34 dtheta=0.0016
EKF_ACCEL t=1790548749.241779 FIRED   dev=0.0038 d2=    0.04 thr=11.34 dtheta=0.0022
EKF_ACCEL t=1790548749.246034 FIRED   dev=0.0024 d2=    0.01 thr=11.34 dtheta=0.0019
EKF_ACCEL t=1790548749.249631 FIRED   dev=0.0029 d2=    0.02 thr=11.34 dtheta=0.0021
EKF_ACCEL t=1790548749.253744 FIRED   dev=0.0133 d2=    0.42 thr=11.34 dtheta=0.0009
EKF_ACCEL t=1790548749.257702 FIRED   dev=0.0110 d2=    0.29 thr=11.34 dtheta=0.0010
EKF_ACCEL t=1790548749.261879 FIRED   dev=0.0049 d2=    0.06 thr=11.34 dtheta=0.0025
EKF_ACCEL t=1790548749.265727 FIRED   dev=0.0104 d2=    0.26 thr=11.34 dtheta=0.0016
EKF_ACCEL t=1790548749.270339 FIRED   dev=0.0114 d2=    0.31 thr=11.34 dtheta=0.0014
  1.92   4.71   0.20  ( 0.093, 0.264, 0.232)  (-0.245,-0.233,-0.184)  (-0.199,-0.215,-0.141)   3.367  (  0.12, -0.25)
EKF_ACCEL t=1790548749.273754 FIRED   dev=0.0072 d2=    0.12 thr=11.34 dtheta=0.0010
EKF_ACCEL t=1790548749.277445 FIRED   dev=0.0052 d2=    0.07 thr=11.34 dtheta=0.0013
EKF_ACCEL t=1790548749.281460 FIRED   dev=0.0091 d2=    0.20 thr=11.34 dtheta=0.0019
EKF_ACCEL t=1790548749.285476 FIRED   dev=0.0040 d2=    0.04 thr=11.34 dtheta=0.0025
EKF_ACCEL t=1790548749.289988 FIRED   dev=0.0015 d2=    0.01 thr=11.34 dtheta=0.0004
EKF_ACCEL t=1790548749.293781 FIRED   dev=0.0045 d2=    0.05 thr=11.34 dtheta=0.0015
EKF_ACCEL t=1790548749.300958 FIRED   dev=0.0037 d2=    0.03 thr=11.34 dtheta=0.0032
EKF_ACCEL t=1790548749.302661 FIRED   dev=0.0118 d2=    0.33 thr=11.34 dtheta=0.0003
EKF_ACCEL t=1790548749.306260 FIRED   dev=0.0120 d2=    0.34 thr=11.34 dtheta=0.0014
EKF_ACCEL t=1790548749.310141 FIRED   dev=0.0006 d2=    0.00 thr=11.34 dtheta=0.0024
  1.96   3.43   0.20  ( 0.093, 0.263, 0.233)  (-0.218,-0.211,-0.187)  (-0.186,-0.210,-0.142)   3.422  (  0.12, -0.25)
EKF_ACCEL t=1790548749.313929 FIRED   dev=0.0094 d2=    0.21 thr=11.34 dtheta=0.0009
EKF_ACCEL t=1790548749.318096 FIRED   dev=0.0138 d2=    0.46 thr=11.34 dtheta=0.0025
EKF_ACCEL t=1790548749.322088 FIRED   dev=0.0007 d2=    0.00 thr=11.34 dtheta=0.0010
EKF_ACCEL t=1790548749.326208 FIRED   dev=0.0054 d2=    0.07 thr=11.34 dtheta=0.0020
EKF_ACCEL t=1790548749.330178 FIRED   dev=0.0011 d2=    0.00 thr=11.34 dtheta=0.0015
EKF_ACCEL t=1790548749.333740 FIRED   dev=0.0020 d2=    0.01 thr=11.34 dtheta=0.0019
EKF_ACCEL t=1790548749.338455 FIRED   dev=0.0157 d2=    0.59 thr=11.34 dtheta=0.0019
EKF_ACCEL t=1790548749.341915 FIRED   dev=0.0021 d2=    0.01 thr=11.34 dtheta=0.0008
EKF_ACCEL t=1790548749.345555 FIRED   dev=0.0012 d2=    0.00 thr=11.34 dtheta=0.0023
EKF_ACCEL t=1790548749.349653 FIRED   dev=0.0002 d2=    0.00 thr=11.34 dtheta=0.0002
  2.00   3.86   0.00  ( 0.090, 0.262, 0.233)  (-0.241,-0.214,-0.187)  (-0.175,-0.207,-0.143)   3.478  (  0.12, -0.25)
EKF_ACCEL t=1790548749.353895 FIRED   dev=0.0159 d2=    0.60 thr=11.34 dtheta=0.0027
EKF_ACCEL t=1790548749.357637 FIRED   dev=0.0074 d2=    0.13 thr=11.34 dtheta=0.0025
EKF_ACCEL t=1790548749.361620 FIRED   dev=0.0504 d2=    6.04 thr=11.34 dtheta=0.0034
EKF_ACCEL t=1790548749.365557 REJECTED dev=0.0809 d2=   15.57 thr=11.34
EKF_ACCEL t=1790548749.370756 REJECTED dev=0.1084 d2=   27.78 thr=11.34
EKF_ACCEL t=1790548749.374004 REJECTED dev=0.1211 d2=   34.64 thr=11.34
EKF_ACCEL t=1790548749.378268 REJECTED dev=0.1025 d2=   24.68 thr=11.34
EKF_ACCEL t=1790548749.382246 REJECTED dev=0.0993 d2=   23.00 thr=11.34
EKF_ACCEL t=1790548749.394521 REJECTED dev=0.0744 d2=   12.68 thr=11.34
EKF_ACCEL t=1790548749.398283 FIRED   dev=0.0467 d2=    4.94 thr=11.34 dtheta=0.0129
  2.05   4.21   0.00  ( 0.089, 0.256, 0.231)  ( 0.036,-2.110,-0.198)  (-0.124,-0.524,-0.149)   3.546  (  0.12, -0.25)
EKF_ACCEL t=1790548749.402732 FIRED   dev=0.0619 d2=    8.97 thr=11.34 dtheta=0.0041
EKF_ACCEL t=1790548749.406254 FIRED   dev=0.0390 d2=    3.57 thr=11.34 dtheta=0.0033
EKF_ACCEL t=1790548749.410024 FIRED   dev=0.0338 d2=    2.69 thr=11.34 dtheta=0.0018
EKF_ACCEL t=1790548749.414152 FIRED   dev=0.0406 d2=    3.87 thr=11.34 dtheta=0.0045
EKF_ACCEL t=1790548749.419318 FIRED   dev=0.0362 d2=    3.08 thr=11.34 dtheta=0.0037
EKF_ACCEL t=1790548749.422715 FIRED   dev=0.0245 d2=    1.42 thr=11.34 dtheta=0.0031
EKF_ACCEL t=1790548749.426211 FIRED   dev=0.0377 d2=    3.34 thr=11.34 dtheta=0.0030
EKF_ACCEL t=1790548749.430582 FIRED   dev=0.0309 d2=    2.24 thr=11.34 dtheta=0.0051
EKF_ACCEL t=1790548749.434118 FIRED   dev=0.0142 d2=    0.47 thr=11.34 dtheta=0.0040
EKF_ACCEL t=1790548749.437965 FIRED   dev=0.0241 d2=    1.37 thr=11.34 dtheta=0.0035
  2.09   3.81   0.00  ( 0.089, 0.258, 0.228)  (-0.143,-1.337,-0.179)  (-0.090,-0.820,-0.152)   3.601  (  0.12, -0.25)
EKF_ACCEL t=1790548749.442586 FIRED   dev=0.0123 d2=    0.36 thr=11.34 dtheta=0.0040
EKF_ACCEL t=1790548749.445725 FIRED   dev=0.0098 d2=    0.23 thr=11.34 dtheta=0.0036
EKF_ACCEL t=1790548749.449822 FIRED   dev=0.0196 d2=    0.91 thr=11.34 dtheta=0.0048
EKF_ACCEL t=1790548749.454003 FIRED   dev=0.0167 d2=    0.65 thr=11.34 dtheta=0.0049
EKF_ACCEL t=1790548749.471678 FIRED   dev=0.0013 d2=    0.05 thr=11.34 dtheta=0.0178
EKF_ACCEL t=1790548749.478576 FIRED   dev=0.0041 d2=    0.04 thr=11.34 dtheta=0.0066
EKF_ACCEL t=1790548749.479770 FIRED   dev=0.0026 d2=    0.02 thr=11.34 dtheta=0.0015
EKF_ACCEL t=1790548749.481249 FIRED   dev=0.0028 d2=    0.02 thr=11.34 dtheta=0.0019
EKF_ACCEL t=1790548749.486748 FIRED   dev=0.0215 d2=    1.12 thr=11.34 dtheta=0.0054
EKF_ACCEL t=1790548749.490071 FIRED   dev=0.0188 d2=    0.85 thr=11.34 dtheta=0.0043
  2.14   3.49   0.00  ( 0.089, 0.257, 0.224)  (-0.190,-0.943,-0.175)  (-0.083,-0.902,-0.152)   3.674  (  0.12, -0.25)
EKF_ACCEL t=1790548749.493330 FIRED   dev=0.0127 d2=    0.39 thr=11.34 dtheta=0.0037
EKF_ACCEL t=1790548749.497130 FIRED   dev=0.0231 d2=    1.28 thr=11.34 dtheta=0.0046
EKF_ACCEL t=1790548749.501331 FIRED   dev=0.0226 d2=    1.23 thr=11.34 dtheta=0.0044
EKF_ACCEL t=1790548749.508901 FIRED   dev=0.0252 d2=    1.54 thr=11.34 dtheta=0.0064
EKF_ACCEL t=1790548749.510451 FIRED   dev=0.0245 d2=    1.43 thr=11.34 dtheta=0.0013
EKF_ACCEL t=1790548749.512858 FIRED   dev=0.0218 d2=    1.13 thr=11.34 dtheta=0.0023
EKF_ACCEL t=1790548749.516856 FIRED   dev=0.0211 d2=    1.07 thr=11.34 dtheta=0.0041
EKF_ACCEL t=1790548749.521364 FIRED   dev=0.0307 d2=    2.26 thr=11.34 dtheta=0.0049
EKF_ACCEL t=1790548749.524916 FIRED   dev=0.0237 d2=    1.34 thr=11.34 dtheta=0.0019
EKF_ACCEL t=1790548749.529090 FIRED   dev=0.0348 d2=    2.89 thr=11.34 dtheta=0.0038
  2.18   4.19   0.00  ( 0.088, 0.258, 0.216)  (-0.182,-0.865,-0.160)  (-0.079,-0.905,-0.151)   3.729  (  0.12, -0.25)
EKF_ACCEL t=1790548749.532881 FIRED   dev=0.0163 d2=    0.64 thr=11.34 dtheta=0.0038
EKF_ACCEL t=1790548749.537760 FIRED   dev=0.0301 d2=    2.17 thr=11.34 dtheta=0.0041
EKF_ACCEL t=1790548749.541417 FIRED   dev=0.0253 d2=    1.54 thr=11.34 dtheta=0.0046
EKF_ACCEL t=1790548749.544968 FIRED   dev=0.0334 d2=    2.65 thr=11.34 dtheta=0.0019
EKF_ACCEL t=1790548749.548909 FIRED   dev=0.0278 d2=    1.86 thr=11.34 dtheta=0.0046
EKF_ACCEL t=1790548749.553531 FIRED   dev=0.0191 d2=    0.88 thr=11.34 dtheta=0.0034
EKF_ACCEL t=1790548749.556692 FIRED   dev=0.0119 d2=    0.34 thr=11.34 dtheta=0.0022
EKF_ACCEL t=1790548749.560930 FIRED   dev=0.0119 d2=    0.34 thr=11.34 dtheta=0.0043
EKF_ACCEL t=1790548749.565495 FIRED   dev=0.0257 d2=    1.58 thr=11.34 dtheta=0.0038
EKF_ACCEL t=1790548749.569039 FIRED   dev=0.0150 d2=    0.54 thr=11.34 dtheta=0.0023
  2.22   3.66   0.00  ( 0.086, 0.257, 0.207)  (-0.194,-0.822,-0.150)  (-0.075,-0.888,-0.152)   3.785  (  0.11, -0.25)
EKF_ACCEL t=1790548749.573164 FIRED   dev=0.0257 d2=    1.58 thr=11.34 dtheta=0.0040
EKF_ACCEL t=1790548749.577392 FIRED   dev=0.0153 d2=    0.56 thr=11.34 dtheta=0.0041
EKF_ACCEL t=1790548749.580996 FIRED   dev=0.0203 d2=    0.98 thr=11.34 dtheta=0.0031
EKF_ACCEL t=1790548749.584794 FIRED   dev=0.0196 d2=    0.92 thr=11.34 dtheta=0.0038
EKF_ACCEL t=1790548749.588885 FIRED   dev=0.0222 d2=    1.18 thr=11.34 dtheta=0.0024
EKF_ACCEL t=1790548749.593014 FIRED   dev=0.0245 d2=    1.45 thr=11.34 dtheta=0.0047
EKF_ACCEL t=1790548749.597078 FIRED   dev=0.0311 d2=    2.31 thr=11.34 dtheta=0.0029
EKF_ACCEL t=1790548749.600728 FIRED   dev=0.0139 d2=    0.47 thr=11.34 dtheta=0.0041
EKF_ACCEL t=1790548749.605140 FIRED   dev=0.0262 d2=    1.64 thr=11.34 dtheta=0.0030
EKF_ACCEL t=1790548749.608674 FIRED   dev=0.0124 d2=    0.37 thr=11.34 dtheta=0.0016
  2.26   3.46   0.00  ( 0.083, 0.256, 0.199)  (-0.158,-0.806,-0.143)  (-0.067,-0.865,-0.148)   3.841  (  0.11, -0.25)
EKF_ACCEL t=1790548749.612789 FIRED   dev=0.0093 d2=    0.22 thr=11.34 dtheta=0.0052
EKF_ACCEL t=1790548749.616770 FIRED   dev=0.0173 d2=    0.72 thr=11.34 dtheta=0.0029
EKF_ACCEL t=1790548749.620899 FIRED   dev=0.0154 d2=    0.57 thr=11.34 dtheta=0.0043
EKF_ACCEL t=1790548749.624867 FIRED   dev=0.0225 d2=    1.21 thr=11.34 dtheta=0.0032
EKF_ACCEL t=1790548749.629162 FIRED   dev=0.0166 d2=    0.66 thr=11.34 dtheta=0.0040
EKF_ACCEL t=1790548749.632705 FIRED   dev=0.0174 d2=    0.72 thr=11.34 dtheta=0.0032
EKF_ACCEL t=1790548749.637196 FIRED   dev=0.0260 d2=    1.62 thr=11.34 dtheta=0.0048
EKF_ACCEL t=1790548749.641001 FIRED   dev=0.0241 d2=    1.39 thr=11.34 dtheta=0.0024
EKF_ACCEL t=1790548749.644763 FIRED   dev=0.0180 d2=    0.78 thr=11.34 dtheta=0.0038
EKF_ACCEL t=1790548749.649151 FIRED   dev=0.0232 d2=    1.29 thr=11.34 dtheta=0.0040
  2.30   4.30   0.00  ( 0.083, 0.256, 0.191)  (-0.205,-0.792,-0.140)  (-0.058,-0.845,-0.145)   3.898  (  0.11, -0.25)
EKF_ACCEL t=1790548749.655074 FIRED   dev=0.0156 d2=    0.58 thr=11.34 dtheta=0.0036
EKF_ACCEL t=1790548749.656769 FIRED   dev=0.0114 d2=    0.32 thr=11.34 dtheta=0.0037
EKF_ACCEL t=1790548749.667825 FIRED   dev=0.0092 d2=    0.22 thr=11.34 dtheta=0.0080
EKF_ACCEL t=1790548749.668797 FIRED   dev=0.0111 d2=    0.30 thr=11.34 dtheta=0.0013
EKF_ACCEL t=1790548749.669792 FIRED   dev=0.0004 d2=    0.00 thr=11.34 dtheta=0.0008
EKF_ACCEL t=1790548749.673001 FIRED   dev=0.0042 d2=    0.04 thr=11.34 dtheta=0.0022
EKF_ACCEL t=1790548749.677330 FIRED   dev=0.0143 d2=    0.49 thr=11.34 dtheta=0.0036
EKF_ACCEL t=1790548749.680696 FIRED   dev=0.0094 d2=    0.21 thr=11.34 dtheta=0.0037
EKF_ACCEL t=1790548749.684672 FIRED   dev=0.0010 d2=    0.00 thr=11.34 dtheta=0.0007
EKF_ACCEL t=1790548749.688906 FIRED   dev=0.0067 d2=    0.11 thr=11.34 dtheta=0.0052
  2.34   4.41   0.00  ( 0.080, 0.255, 0.183)  (-0.177,-0.784,-0.134)  (-0.048,-0.821,-0.142)   3.953  (  0.11, -0.25)
EKF_ACCEL t=1790548749.693026 FIRED   dev=0.0164 d2=    0.64 thr=11.34 dtheta=0.0028
EKF_ACCEL t=1790548749.696879 FIRED   dev=0.0122 d2=    0.36 thr=11.34 dtheta=0.0042
EKF_ACCEL t=1790548749.700894 FIRED   dev=0.0097 d2=    0.23 thr=11.34 dtheta=0.0032
EKF_ACCEL t=1790548749.704955 FIRED   dev=0.0008 d2=    0.00 thr=11.34 dtheta=0.0045
EKF_ACCEL t=1790548749.708536 FIRED   dev=0.0049 d2=    0.06 thr=11.34 dtheta=0.0022
EKF_ACCEL t=1790548749.712936 FIRED   dev=0.0215 d2=    1.11 thr=11.34 dtheta=0.0046
EKF_ACCEL t=1790548749.716693 FIRED   dev=0.0226 d2=    1.22 thr=11.34 dtheta=0.0017
EKF_ACCEL t=1790548749.721624 FIRED   dev=0.0051 d2=    0.06 thr=11.34 dtheta=0.0043
EKF_ACCEL t=1790548749.730779 FIRED   dev=0.0153 d2=    0.58 thr=11.34 dtheta=0.0074
EKF_ACCEL t=1790548749.732633 FIRED   dev=0.0024 d2=    0.01 thr=11.34 dtheta=0.0019
  2.38   1.99   0.00  ( 0.080, 0.255, 0.175)  (-0.198,-0.792,-0.133)  (-0.041,-0.804,-0.141)   4.015  (  0.11, -0.25)
EKF_ACCEL t=1790548749.734837 FIRED   dev=0.0119 d2=    0.34 thr=11.34 dtheta=0.0003
EKF_ACCEL t=1790548749.738246 FIRED   dev=0.0063 d2=    0.10 thr=11.34 dtheta=0.0028
EKF_ACCEL t=1790548749.741644 FIRED   dev=0.0093 d2=    0.21 thr=11.34 dtheta=0.0047
EKF_ACCEL t=1790548749.745347 FIRED   dev=0.0246 d2=    1.44 thr=11.34 dtheta=0.0015
EKF_ACCEL t=1790548749.749310 FIRED   dev=0.0037 d2=    0.04 thr=11.34 dtheta=0.0043
EKF_ACCEL t=1790548749.753686 FIRED   dev=0.0094 d2=    0.21 thr=11.34 dtheta=0.0019
EKF_ACCEL t=1790548749.757159 FIRED   dev=0.0123 d2=    0.36 thr=11.34 dtheta=0.0034
EKF_ACCEL t=1790548749.761027 FIRED   dev=0.0177 d2=    0.76 thr=11.34 dtheta=0.0039
EKF_ACCEL t=1790548749.765558 FIRED   dev=0.0238 d2=    1.36 thr=11.34 dtheta=0.0027
EKF_ACCEL t=1790548749.769673 FIRED   dev=0.0123 d2=    0.37 thr=11.34 dtheta=0.0040
  2.42   4.05   0.00  ( 0.078, 0.253, 0.169)  (-0.184,-0.805,-0.128)  (-0.032,-0.786,-0.138)   4.067  (  0.11, -0.25)
EKF_ACCEL t=1790548749.774010 FIRED   dev=0.0098 d2=    0.23 thr=11.34 dtheta=0.0025
EKF_ACCEL t=1790548749.776935 FIRED   dev=0.0082 d2=    0.16 thr=11.34 dtheta=0.0015
EKF_ACCEL t=1790548749.781004 FIRED   dev=0.0224 d2=    1.21 thr=11.34 dtheta=0.0043
EKF_ACCEL t=1790548749.786556 FIRED   dev=0.0061 d2=    0.09 thr=11.34 dtheta=0.0044
EKF_ACCEL t=1790548749.790796 FIRED   dev=0.0223 d2=    1.18 thr=11.34 dtheta=0.0014
EKF_ACCEL t=1790548749.796778 FIRED   dev=0.0145 d2=    0.51 thr=11.34 dtheta=0.0044
EKF_ACCEL t=1790548749.797770 FIRED   dev=0.0031 d2=    0.02 thr=11.34 dtheta=0.0009
EKF_ACCEL t=1790548749.800976 FIRED   dev=0.0073 d2=    0.13 thr=11.34 dtheta=0.0031
EKF_ACCEL t=1790548749.805371 FIRED   dev=0.0073 d2=    0.13 thr=11.34 dtheta=0.0023
EKF_ACCEL t=1790548749.808667 FIRED   dev=0.0017 d2=    0.01 thr=11.34 dtheta=0.0025
  2.46   3.39   0.00  ( 0.077, 0.250, 0.161)  (-0.195,-0.765,-0.123)  (-0.021,-0.768,-0.135)   4.122  (  0.10, -0.25)
EKF_ACCEL t=1790548749.812869 FIRED   dev=0.0156 d2=    0.58 thr=11.34 dtheta=0.0036
EKF_ACCEL t=1790548749.816570 FIRED   dev=0.0242 d2=    1.41 thr=11.34 dtheta=0.0038
EKF_ACCEL t=1790548749.821118 FIRED   dev=0.0062 d2=    0.09 thr=11.34 dtheta=0.0032
EKF_ACCEL t=1790548749.824640 FIRED   dev=0.0126 d2=    0.38 thr=11.34 dtheta=0.0023
EKF_ACCEL t=1790548749.831125 FIRED   dev=0.0031 d2=    0.03 thr=11.34 dtheta=0.0041
EKF_ACCEL t=1790548749.833850 FIRED   dev=0.0052 d2=    0.07 thr=11.34 dtheta=0.0017
EKF_ACCEL t=1790548749.837305 FIRED   dev=0.0089 d2=    0.19 thr=11.34 dtheta=0.0033
EKF_ACCEL t=1790548749.841163 FIRED   dev=0.0122 d2=    0.36 thr=11.34 dtheta=0.0029
EKF_ACCEL t=1790548749.845168 FIRED   dev=0.0073 d2=    0.13 thr=11.34 dtheta=0.0025
EKF_ACCEL t=1790548749.848813 FIRED   dev=0.0139 d2=    0.46 thr=11.34 dtheta=0.0021
  2.50   3.49   0.00  ( 0.076, 0.249, 0.153)  (-0.213,-0.773,-0.119)  (-0.010,-0.749,-0.131)   4.178  (  0.10, -0.25)
EKF_ACCEL t=1790548749.852810 FIRED   dev=0.0150 d2=    0.54 thr=11.34 dtheta=0.0033
EKF_ACCEL t=1790548749.857021 FIRED   dev=0.0015 d2=    0.01 thr=11.34 dtheta=0.0027
EKF_ACCEL t=1790548749.860723 FIRED   dev=0.0053 d2=    0.07 thr=11.34 dtheta=0.0029
EKF_ACCEL t=1790548749.864892 FIRED   dev=0.0128 d2=    0.40 thr=11.34 dtheta=0.0039
EKF_ACCEL t=1790548749.868820 FIRED   dev=0.0011 d2=    0.00 thr=11.34 dtheta=0.0026
EKF_ACCEL t=1790548749.872938 FIRED   dev=0.0177 d2=    0.75 thr=11.34 dtheta=0.0025
EKF_ACCEL t=1790548749.876707 FIRED   dev=0.0104 d2=    0.26 thr=11.34 dtheta=0.0030
EKF_ACCEL t=1790548749.880618 FIRED   dev=0.0179 d2=    0.77 thr=11.34 dtheta=0.0023
EKF_ACCEL t=1790548749.888817 FIRED   dev=0.0138 d2=    0.47 thr=11.34 dtheta=0.0074
EKF_ACCEL t=1790548749.889556 FIRED   dev=0.0017 d2=    0.01 thr=11.34 dtheta=0.0013
  2.54   0.67   0.00  ( 0.074, 0.247, 0.146)  (-0.199,-0.782,-0.117)  (-0.000,-0.732,-0.128)   4.235  (  0.10, -0.25)
EKF_ACCEL t=1790548749.892725 FIRED   dev=0.0170 d2=    0.69 thr=11.34 dtheta=0.0023
EKF_ACCEL t=1790548749.896746 FIRED   dev=0.0145 d2=    0.50 thr=11.34 dtheta=0.0026
EKF_ACCEL t=1790548749.900881 FIRED   dev=0.0139 d2=    0.46 thr=11.34 dtheta=0.0020
EKF_ACCEL t=1790548749.904900 FIRED   dev=0.0154 d2=    0.58 thr=11.34 dtheta=0.0045
EKF_ACCEL t=1790548749.913644 FIRED   dev=0.0046 d2=    0.06 thr=11.34 dtheta=0.0074
EKF_ACCEL t=1790548749.918620 FIRED   dev=0.0075 d2=    0.14 thr=11.34 dtheta=0.0036
EKF_ACCEL t=1790548749.919231 FIRED   dev=0.0016 d2=    0.01 thr=11.34 dtheta=0.0014
EKF_ACCEL t=1790548749.921059 FIRED   dev=0.0151 d2=    0.55 thr=11.34 dtheta=0.0021
EKF_ACCEL t=1790548749.924810 FIRED   dev=0.0049 d2=    0.06 thr=11.34 dtheta=0.0025
EKF_ACCEL t=1790548749.928563 FIRED   dev=0.0071 d2=    0.12 thr=11.34 dtheta=0.0033
  2.58   3.61   0.00  ( 0.074, 0.246, 0.141)  (-0.155,-0.742,-0.116)  ( 0.011,-0.715,-0.123)   4.290  (  0.10, -0.25)
EKF_ACCEL t=1790548749.932836 FIRED   dev=0.0047 d2=    0.05 thr=11.34 dtheta=0.0030
EKF_ACCEL t=1790548749.936887 FIRED   dev=0.0120 d2=    0.35 thr=11.34 dtheta=0.0030
EKF_ACCEL t=1790548749.940819 FIRED   dev=0.0096 d2=    0.22 thr=11.34 dtheta=0.0031
EKF_ACCEL t=1790548749.944690 FIRED   dev=0.0020 d2=    0.01 thr=11.34 dtheta=0.0027
EKF_ACCEL t=1790548749.948849 FIRED   dev=0.0054 d2=    0.07 thr=11.34 dtheta=0.0039
EKF_ACCEL t=1790548749.953495 FIRED   dev=0.0183 d2=    0.80 thr=11.34 dtheta=0.0018
EKF_ACCEL t=1790548749.956717 FIRED   dev=0.0129 d2=    0.39 thr=11.34 dtheta=0.0021
EKF_ACCEL t=1790548749.960546 FIRED   dev=0.0069 d2=    0.12 thr=11.34 dtheta=0.0032
EKF_ACCEL t=1790548749.964574 FIRED   dev=0.0037 d2=    0.03 thr=11.34 dtheta=0.0019
EKF_ACCEL t=1790548749.968740 FIRED   dev=0.0060 d2=    0.09 thr=11.34 dtheta=0.0032
  2.62   4.27   0.00  ( 0.072, 0.244, 0.133)  (-0.183,-0.740,-0.111)  ( 0.022,-0.698,-0.122)   4.347  (  0.10, -0.25)
EKF_ACCEL t=1790548749.976411 FIRED   dev=0.0107 d2=    0.28 thr=11.34 dtheta=0.0049
EKF_ACCEL t=1790548749.977228 FIRED   dev=0.0101 d2=    0.24 thr=11.34 dtheta=0.0003
EKF_ACCEL t=1790548749.980648 FIRED   dev=0.0136 d2=    0.44 thr=11.34 dtheta=0.0036
EKF_ACCEL t=1790548749.984604 FIRED   dev=0.0047 d2=    0.05 thr=11.34 dtheta=0.0015
EKF_ACCEL t=1790548749.988523 FIRED   dev=0.0131 d2=    0.41 thr=11.34 dtheta=0.0033
EKF_ACCEL t=1790548749.992902 FIRED   dev=0.0032 d2=    0.03 thr=11.34 dtheta=0.0026
EKF_ACCEL t=1790548749.997184 FIRED   dev=0.0120 d2=    0.35 thr=11.34 dtheta=0.0033
EKF_ACCEL t=1790548750.000618 FIRED   dev=0.0123 d2=    0.36 thr=11.34 dtheta=0.0022
EKF_ACCEL t=1790548750.005129 FIRED   dev=0.0132 d2=    0.42 thr=11.34 dtheta=0.0026
EKF_ACCEL t=1790548750.008868 FIRED   dev=0.0010 d2=    0.00 thr=11.34 dtheta=0.0022
  2.66   3.58   0.00  ( 0.070, 0.242, 0.127)  (-0.172,-0.745,-0.105)  ( 0.033,-0.680,-0.118)   4.403  (  0.10, -0.25)
EKF_ACCEL t=1790548750.012752 FIRED   dev=0.0101 d2=    0.24 thr=11.34 dtheta=0.0013
EKF_ACCEL t=1790548750.016538 FIRED   dev=0.0068 d2=    0.11 thr=11.34 dtheta=0.0039
EKF_ACCEL t=1790548750.020696 FIRED   dev=0.0180 d2=    0.77 thr=11.34 dtheta=0.0027
EKF_ACCEL t=1790548750.024729 FIRED   dev=0.0159 d2=    0.61 thr=11.34 dtheta=0.0034
EKF_ACCEL t=1790548750.031092 FIRED   dev=0.0095 d2=    0.22 thr=11.34 dtheta=0.0037
EKF_ACCEL t=1790548750.033089 FIRED   dev=0.0008 d2=    0.00 thr=11.34 dtheta=0.0012
EKF_ACCEL t=1790548750.037509 FIRED   dev=0.0082 d2=    0.16 thr=11.34 dtheta=0.0023
EKF_ACCEL t=1790548750.044453 FIRED   dev=0.0075 d2=    0.15 thr=11.34 dtheta=0.0062
EKF_ACCEL t=1790548750.045213 FIRED   dev=0.0111 d2=    0.29 thr=11.34 dtheta=0.0020
EKF_ACCEL t=1790548750.048679 FIRED   dev=0.0063 d2=    0.10 thr=11.34 dtheta=0.0038
  2.70   3.44   0.00  ( 0.070, 0.240, 0.120)  (-0.181,-0.774,-0.100)  ( 0.044,-0.659,-0.117)   4.459  (  0.10, -0.25)
EKF_ACCEL t=1790548750.053364 FIRED   dev=0.0065 d2=    0.10 thr=11.34 dtheta=0.0028
EKF_ACCEL t=1790548750.061058 FIRED   dev=0.0211 d2=    1.07 thr=11.34 dtheta=0.0035
EKF_ACCEL t=1790548750.062225 FIRED   dev=0.0084 d2=    0.17 thr=11.34 dtheta=0.0012
EKF_ACCEL t=1790548750.065512 FIRED   dev=0.0080 d2=    0.15 thr=11.34 dtheta=0.0027
EKF_ACCEL t=1790548750.069843 FIRED   dev=0.0123 d2=    0.36 thr=11.34 dtheta=0.0033
EKF_ACCEL t=1790548750.073619 FIRED   dev=0.0180 d2=    0.78 thr=11.34 dtheta=0.0037
EKF_ACCEL t=1790548750.080215 FIRED   dev=0.0129 d2=    0.40 thr=11.34 dtheta=0.0044
EKF_ACCEL t=1790548750.081383 FIRED   dev=0.0153 d2=    0.55 thr=11.34 dtheta=0.0012
EKF_ACCEL t=1790548750.085560 FIRED   dev=0.0103 d2=    0.25 thr=11.34 dtheta=0.0011
EKF_ACCEL t=1790548750.089088 FIRED   dev=0.0025 d2=    0.02 thr=11.34 dtheta=0.0020
  2.74   3.60   0.00  ( 0.068, 0.237, 0.112)  (-0.196,-0.719,-0.096)  ( 0.055,-0.639,-0.111)   4.516  (  0.09, -0.25)
EKF_ACCEL t=1790548750.092834 FIRED   dev=0.0123 d2=    0.37 thr=11.34 dtheta=0.0031
EKF_ACCEL t=1790548750.096707 FIRED   dev=0.0230 d2=    1.26 thr=11.34 dtheta=0.0019
EKF_ACCEL t=1790548750.101091 FIRED   dev=0.0097 d2=    0.22 thr=11.34 dtheta=0.0021
EKF_ACCEL t=1790548750.105220 FIRED   dev=0.0084 d2=    0.17 thr=11.34 dtheta=0.0026
EKF_ACCEL t=1790548750.108922 FIRED   dev=0.0009 d2=    0.00 thr=11.34 dtheta=0.0024
EKF_ACCEL t=1790548750.112761 FIRED   dev=0.0033 d2=    0.03 thr=11.34 dtheta=0.0039
EKF_ACCEL t=1790548750.116862 FIRED   dev=0.0120 d2=    0.34 thr=11.34 dtheta=0.0013
EKF_ACCEL t=1790548750.123456 FIRED   dev=0.0008 d2=    0.00 thr=11.34 dtheta=0.0052
EKF_ACCEL t=1790548750.125232 FIRED   dev=0.0114 d2=    0.31 thr=11.34 dtheta=0.0006
EKF_ACCEL t=1790548750.129158 FIRED   dev=0.0077 d2=    0.14 thr=11.34 dtheta=0.0032
  2.78   3.64   0.00  ( 0.068, 0.235, 0.107)  (-0.224,-0.728,-0.097)  ( 0.067,-0.619,-0.108)   4.572  (  0.09, -0.25)
EKF_ACCEL t=1790548750.132848 FIRED   dev=0.0049 d2=    0.06 thr=11.34 dtheta=0.0031
EKF_ACCEL t=1790548750.137698 FIRED   dev=0.0212 d2=    1.07 thr=11.34 dtheta=0.0024
EKF_ACCEL t=1790548750.141275 FIRED   dev=0.0030 d2=    0.02 thr=11.34 dtheta=0.0016
EKF_ACCEL t=1790548750.150418 FIRED   dev=0.0094 d2=    0.22 thr=11.34 dtheta=0.0063
EKF_ACCEL t=1790548750.152041 FIRED   dev=0.0116 d2=    0.32 thr=11.34 dtheta=0.0000
EKF_ACCEL t=1790548750.155359 FIRED   dev=0.0167 d2=    0.67 thr=11.34 dtheta=0.0021
EKF_ACCEL t=1790548750.156687 FIRED   dev=0.0160 d2=    0.61 thr=11.34 dtheta=0.0017
EKF_ACCEL t=1790548750.161005 FIRED   dev=0.0124 d2=    0.37 thr=11.34 dtheta=0.0038
EKF_ACCEL t=1790548750.165018 FIRED   dev=0.0071 d2=    0.12 thr=11.34 dtheta=0.0019
EKF_ACCEL t=1790548750.169187 FIRED   dev=0.0001 d2=    0.00 thr=11.34 dtheta=0.0021
  2.82   4.20   0.00  ( 0.066, 0.233, 0.100)  (-0.171,-0.710,-0.090)  ( 0.076,-0.597,-0.103)   4.628  (  0.09, -0.25)
EKF_ACCEL t=1790548750.174048 FIRED   dev=0.0077 d2=    0.14 thr=11.34 dtheta=0.0028
EKF_ACCEL t=1790548750.177229 FIRED   dev=0.0030 d2=    0.02 thr=11.34 dtheta=0.0009
EKF_ACCEL t=1790548750.180934 FIRED   dev=0.0153 d2=    0.56 thr=11.34 dtheta=0.0024
EKF_ACCEL t=1790548750.184973 FIRED   dev=0.0010 d2=    0.00 thr=11.34 dtheta=0.0022
EKF_ACCEL t=1790548750.189178 FIRED   dev=0.0194 d2=    0.90 thr=11.34 dtheta=0.0032
EKF_ACCEL t=1790548750.192975 FIRED   dev=0.0029 d2=    0.02 thr=11.34 dtheta=0.0022
EKF_ACCEL t=1790548750.196848 FIRED   dev=0.0133 d2=    0.43 thr=11.34 dtheta=0.0032
EKF_ACCEL t=1790548750.200898 FIRED   dev=0.0189 d2=    0.85 thr=11.34 dtheta=0.0039
EKF_ACCEL t=1790548750.204948 FIRED   dev=0.0190 d2=    0.86 thr=11.34 dtheta=0.0011
EKF_ACCEL t=1790548750.211994 FIRED   dev=0.0194 d2=    0.90 thr=11.34 dtheta=0.0045
  2.86   7.03   0.00  ( 0.066, 0.231, 0.095)  (-0.202,-0.737,-0.093)  ( 0.089,-0.578,-0.100)   4.689  (  0.09, -0.25)
EKF_ACCEL t=1790548750.212966 FIRED   dev=0.0062 d2=    0.09 thr=11.34 dtheta=0.0006
EKF_ACCEL t=1790548750.216615 FIRED   dev=0.0010 d2=    0.00 thr=11.34 dtheta=0.0033
EKF_ACCEL t=1790548750.220754 FIRED   dev=0.0156 d2=    0.58 thr=11.34 dtheta=0.0017
EKF_ACCEL t=1790548750.224735 FIRED   dev=0.0162 d2=    0.62 thr=11.34 dtheta=0.0015
EKF_ACCEL t=1790548750.228973 FIRED   dev=0.0091 d2=    0.20 thr=11.34 dtheta=0.0036
EKF_ACCEL t=1790548750.232834 FIRED   dev=0.0007 d2=    0.00 thr=11.34 dtheta=0.0006
EKF_ACCEL t=1790548750.240167 FIRED   dev=0.0109 d2=    0.29 thr=11.34 dtheta=0.0052
EKF_ACCEL t=1790548750.241289 FIRED   dev=0.0199 d2=    0.94 thr=11.34 dtheta=0.0011
EKF_ACCEL t=1790548750.244840 FIRED   dev=0.0283 d2=    1.91 thr=11.34 dtheta=0.0017
EKF_ACCEL t=1790548750.248670 FIRED   dev=0.0141 d2=    0.48 thr=11.34 dtheta=0.0027
  2.90   3.95   0.00  ( 0.065, 0.228, 0.092)  (-0.199,-0.713,-0.094)  ( 0.099,-0.559,-0.098)   4.740  (  0.09, -0.25)
EKF_ACCEL t=1790548750.253484 FIRED   dev=0.0194 d2=    0.90 thr=11.34 dtheta=0.0025
EKF_ACCEL t=1790548750.256706 FIRED   dev=0.0118 d2=    0.33 thr=11.34 dtheta=0.0016
EKF_ACCEL t=1790548750.260559 FIRED   dev=0.0180 d2=    0.77 thr=11.34 dtheta=0.0025
EKF_ACCEL t=1790548750.264527 FIRED   dev=0.0008 d2=    0.00 thr=11.34 dtheta=0.0015
EKF_ACCEL t=1790548750.269011 FIRED   dev=0.0224 d2=    1.20 thr=11.34 dtheta=0.0035
EKF_ACCEL t=1790548750.272840 FIRED   dev=0.0114 d2=    0.31 thr=11.34 dtheta=0.0014
EKF_ACCEL t=1790548750.277180 FIRED   dev=0.0102 d2=    0.25 thr=11.34 dtheta=0.0016
EKF_ACCEL t=1790548750.280507 FIRED   dev=0.0206 d2=    1.01 thr=11.34 dtheta=0.0016
EKF_ACCEL t=1790548750.287697 FIRED   dev=0.0126 d2=    0.38 thr=11.34 dtheta=0.0045
EKF_ACCEL t=1790548750.289237 FIRED   dev=0.0072 d2=    0.13 thr=11.34 dtheta=0.0033
  2.94   1.68   0.00  ( 0.062, 0.227, 0.084)  (-0.192,-0.704,-0.086)  ( 0.111,-0.536,-0.096)   4.798  (  0.09, -0.25)
EKF_ACCEL t=1790548750.292854 FIRED   dev=0.0087 d2=    0.18 thr=11.34 dtheta=0.0009
EKF_ACCEL t=1790548750.296646 FIRED   dev=0.0034 d2=    0.03 thr=11.34 dtheta=0.0029
EKF_ACCEL t=1790548750.300697 FIRED   dev=0.0109 d2=    0.28 thr=11.34 dtheta=0.0014
EKF_ACCEL t=1790548750.305056 FIRED   dev=0.0012 d2=    0.01 thr=11.34 dtheta=0.0037
EKF_ACCEL t=1790548750.308762 FIRED   dev=0.0146 d2=    0.51 thr=11.34 dtheta=0.0009
EKF_ACCEL t=1790548750.312832 FIRED   dev=0.0021 d2=    0.01 thr=11.34 dtheta=0.0039
EKF_ACCEL t=1790548750.316761 FIRED   dev=0.0173 d2=    0.71 thr=11.34 dtheta=0.0005
EKF_ACCEL t=1790548750.320698 FIRED   dev=0.0097 d2=    0.23 thr=11.34 dtheta=0.0019
EKF_ACCEL t=1790548750.324650 FIRED   dev=0.0122 d2=    0.35 thr=11.34 dtheta=0.0024
EKF_ACCEL t=1790548750.328584 FIRED   dev=0.0122 d2=    0.36 thr=11.34 dtheta=0.0018
  2.98   4.04   0.00  ( 0.062, 0.222, 0.077)  (-0.188,-0.695,-0.075)  ( 0.126,-0.513,-0.091)   4.853  (  0.09, -0.25)
EKF_ACCEL t=1790548750.332927 FIRED   dev=0.0153 d2=    0.56 thr=11.34 dtheta=0.0031
EKF_ACCEL t=1790548750.337287 FIRED   dev=0.0107 d2=    0.27 thr=11.34 dtheta=0.0022
EKF_ACCEL t=1790548750.341116 FIRED   dev=0.0052 d2=    0.07 thr=11.34 dtheta=0.0018
EKF_ACCEL t=1790548750.345045 FIRED   dev=0.0150 d2=    0.53 thr=11.34 dtheta=0.0008
EKF_ACCEL t=1790548750.349071 FIRED   dev=0.0129 d2=    0.40 thr=11.34 dtheta=0.0033
EKF_ACCEL t=1790548750.353074 FIRED   dev=0.0090 d2=    0.19 thr=11.34 dtheta=0.0021
test complete
