EKF_ACCEL t=1790548540.657144 FIRED   dev=0.0037 d2=    0.03 thr=11.34 dtheta=0.0000
EKF_ACCEL t=1790548540.658060 FIRED   dev=0.0067 d2=    0.11 thr=11.34 dtheta=0.0015
EKF_ACCEL t=1790548540.659002 FIRED   dev=0.0103 d2=    0.25 thr=11.34 dtheta=0.0023
EKF_ACCEL t=1790548540.659519 FIRED   dev=0.0041 d2=    0.04 thr=11.34 dtheta=0.0026
EKF_ACCEL t=1790548540.660189 FIRED   dev=0.0036 d2=    0.03 thr=11.34 dtheta=0.0049
EKF_ACCEL t=1790548540.663417 FIRED   dev=0.0110 d2=    0.23 thr=11.34 dtheta=0.0215
EKF_ACCEL t=1790548540.667216 FIRED   dev=0.0049 d2=    0.02 thr=11.34 dtheta=0.0116
EKF_ACCEL t=1790548540.671019 FIRED   dev=0.0041 d2=    0.03 thr=11.34 dtheta=0.0049
EKF_ACCEL t=1790548540.674961 FIRED   dev=0.0197 d2=    0.75 thr=11.34 dtheta=0.0174
EKF_ACCEL t=1790548540.678987 FIRED   dev=0.0009 d2=    0.00 thr=11.34 dtheta=0.0011
EKF_ACCEL t=1790548540.683050 FIRED   dev=0.0073 d2=    0.10 thr=11.34 dtheta=0.0062
EKF_ACCEL t=1790548540.687459 FIRED   dev=0.0167 d2=    0.57 thr=11.34 dtheta=0.0080
EKF_ACCEL t=1790548540.691166 REJECTED dev=0.2402 d2=  115.32 thr=11.34
EKF_ACCEL t=1790548540.695310 REJECTED dev=0.8866 d2= 1564.33 thr=11.34
EKF_ACCEL t=1790548540.706086 REJECTED dev=1.3920 d2= 3849.60 thr=11.34
EKF_ACCEL t=1790548540.706877 REJECTED dev=1.7511 d2= 6080.06 thr=11.34
EKF_ACCEL t=1790548540.707553 REJECTED dev=2.0180 d2= 8059.44 thr=11.34
EKF_ACCEL t=1790548540.711659 REJECTED dev=2.2139 d2= 9683.30 thr=11.34
EKF_ACCEL t=1790548540.715672 REJECTED dev=2.3578 d2=10968.05 thr=11.34
EKF_ACCEL t=1790548540.719146 REJECTED dev=2.4712 d2=12024.15 thr=11.34
EKF_ACCEL t=1790548540.723671 REJECTED dev=2.5539 d2=12815.86 thr=11.34
EKF_ACCEL t=1790548540.727571 REJECTED dev=2.6212 d2=13474.87 thr=11.34
EKF_ACCEL t=1790548540.731086 REJECTED dev=2.6515 d2=13761.83 thr=11.34
EKF_ACCEL t=1790548540.734965 REJECTED dev=2.6790 d2=14019.78 thr=11.34
EKF_ACCEL t=1790548540.743059 REJECTED dev=2.7148 d2=14370.84 thr=11.34
EKF_ACCEL t=1790548540.743875 REJECTED dev=2.7131 d2=14322.36 thr=11.34
EKF_ACCEL t=1790548540.747136 REJECTED dev=2.7317 d2=14491.24 thr=11.34
EKF_ACCEL t=1790548540.751497 REJECTED dev=2.7390 d2=14544.68 thr=11.34
EKF_ACCEL t=1790548540.755309 REJECTED dev=2.7398 d2=14525.76 thr=11.34
EKF_ACCEL t=1790548540.758943 REJECTED dev=2.7466 d2=14570.18 thr=11.34
EKF_ACCEL t=1790548540.763397 REJECTED dev=2.7483 d2=14560.86 thr=11.34
EKF_ACCEL t=1790548540.767405 REJECTED dev=2.7488 d2=14538.06 thr=11.34
EKF_ACCEL t=1790548540.771096 REJECTED dev=2.7501 d2=14524.48 thr=11.34
EKF_ACCEL t=1790548540.775057 REJECTED dev=2.7488 d2=14484.01 thr=11.34
EKF_ACCEL t=1790548540.779172 REJECTED dev=2.7573 d2=14547.33 thr=11.34
EKF_ACCEL t=1790548540.783793 REJECTED dev=2.7468 d2=14413.35 thr=11.34
EKF_ACCEL t=1790548540.787144 REJECTED dev=2.7449 d2=14367.06 thr=11.34
EKF_ACCEL t=1790548540.791279 REJECTED dev=2.7684 d2=14588.05 thr=11.34
EKF_ACCEL t=1790548540.795264 REJECTED dev=2.7470 d2=14333.96 thr=11.34
EKF_ACCEL t=1790548540.799370 REJECTED dev=2.7560 d2=14406.51 thr=11.34
EKF_ACCEL t=1790548540.803385 REJECTED dev=2.7455 d2=14271.87 thr=11.34
EKF_ACCEL t=1790548540.807782 REJECTED dev=2.7549 d2=14343.98 thr=11.34
EKF_ACCEL t=1790548540.811663 REJECTED dev=2.7591 d2=14354.75 thr=11.34
EKF_ACCEL t=1790548540.815914 REJECTED dev=2.7681 d2=14423.31 thr=11.34
EKF_ACCEL t=1790548540.819443 REJECTED dev=2.7529 d2=14244.09 thr=11.34
EKF_ACCEL t=1790548540.823158 REJECTED dev=2.7518 d2=14206.10 thr=11.34
EKF_ACCEL t=1790548540.827053 REJECTED dev=2.7488 d2=14150.15 thr=11.34
EKF_ACCEL t=1790548540.831189 REJECTED dev=2.7627 d2=14262.39 thr=11.34
EKF_ACCEL t=1790548540.836668 REJECTED dev=2.7661 d2=14273.74 thr=11.34
EKF_ACCEL t=1790548540.840287 REJECTED dev=2.7432 d2=14014.43 thr=11.34
EKF_ACCEL t=1790548540.846161 REJECTED dev=2.7531 d2=14091.25 thr=11.34
EKF_ACCEL t=1790548540.847233 REJECTED dev=2.7627 d2=14164.17 thr=11.34
EKF_ACCEL t=1790548540.851293 REJECTED dev=2.7583 d2=14093.72 thr=11.34
EKF_ACCEL t=1790548540.855429 REJECTED dev=2.7609 d2=14096.51 thr=11.34
EKF_ACCEL t=1790548540.859335 REJECTED dev=2.7771 d2=15033.04 thr=11.34
EKF_ACCEL t=1790548540.863046 REJECTED dev=2.7514 d2=14714.29 thr=11.34
EKF_ACCEL t=1790548540.867007 REJECTED dev=2.7652 d2=14849.11 thr=11.34
EKF_ACCEL t=1790548540.871012 REJECTED dev=2.7518 d2=14687.07 thr=11.34
EKF_ACCEL t=1790548540.874932 REJECTED dev=2.7604 d2=14750.47 thr=11.34
EKF_ACCEL t=1790548540.879140 REJECTED dev=2.7569 d2=14685.55 thr=11.34
EKF_ACCEL t=1790548540.882862 REJECTED dev=2.7435 d2=14524.63 thr=11.34
EKF_ACCEL t=1790548540.887015 REJECTED dev=2.7429 d2=14489.74 thr=11.34
EKF_ACCEL t=1790548540.891237 REJECTED dev=2.7553 d2=14592.75 thr=11.34
EKF_ACCEL t=1790548540.895144 REJECTED dev=2.7583 d2=14582.97 thr=11.34
EKF_ACCEL t=1790548540.898887 REJECTED dev=2.7528 d2=14508.18 thr=11.34
EKF_ACCEL t=1790548540.902989 REJECTED dev=2.7553 d2=14508.64 thr=11.34
EKF_ACCEL t=1790548540.913404 REJECTED dev=2.7541 d2=14468.32 thr=11.34
EKF_ACCEL t=1790548540.916574 REJECTED dev=2.7542 d2=14428.47 thr=11.34
EKF_ACCEL t=1790548540.920471 REJECTED dev=2.7556 d2=14415.85 thr=11.34
EKF_ACCEL t=1790548540.924592 REJECTED dev=2.7626 d2=14462.75 thr=11.34
EKF_ACCEL t=1790548540.928438 REJECTED dev=2.7542 d2=14348.08 thr=11.34
EKF_ACCEL t=1790548540.932285 REJECTED dev=2.7442 d2=14216.50 thr=11.34
EKF_ACCEL t=1790548540.936283 REJECTED dev=2.7659 d2=14414.93 thr=11.34
EKF_ACCEL t=1790548540.941090 REJECTED dev=2.7535 d2=14273.56 thr=11.34
EKF_ACCEL t=1790548540.944485 REJECTED dev=2.7599 d2=14333.57 thr=11.34
EKF_ACCEL t=1790548540.948206 REJECTED dev=2.7521 d2=14228.04 thr=11.34
EKF_ACCEL t=1790548540.953374 REJECTED dev=2.7521 d2=14200.46 thr=11.34
EKF_ACCEL t=1790548540.956355 REJECTED dev=2.7488 d2=14128.35 thr=11.34
EKF_ACCEL t=1790548540.960388 REJECTED dev=2.7543 d2=14157.83 thr=11.34
EKF_ACCEL t=1790548540.967712 REJECTED dev=2.7571 d2=14160.15 thr=11.34
EKF_ACCEL t=1790548540.968415 REJECTED dev=2.7558 d2=14115.61 thr=11.34
EKF_ACCEL t=1790548540.972551 REJECTED dev=2.7660 d2=14193.13 thr=11.34
EKF_ACCEL t=1790548540.976057 REJECTED dev=2.7491 d2=14004.39 thr=11.34
EKF_ACCEL t=1790548540.980553 REJECTED dev=2.7732 d2=14222.97 thr=11.34
EKF_ACCEL t=1790548540.984455 REJECTED dev=2.7600 d2=14061.18 thr=11.34
EKF_ACCEL t=1790548540.988387 REJECTED dev=2.7607 d2=14056.48 thr=11.34
EKF_ACCEL t=1790548540.992464 REJECTED dev=2.7518 d2=13939.45 thr=11.34
EKF_ACCEL t=1790548540.996241 REJECTED dev=2.7617 d2=14015.53 thr=11.34
EKF_ACCEL t=1790548541.000947 REJECTED dev=2.7542 d2=13885.24 thr=11.34
EKF_ACCEL t=1790548541.007824 REJECTED dev=2.7593 d2=13915.37 thr=11.34
EKF_ACCEL t=1790548541.009261 REJECTED dev=2.7587 d2=13886.08 thr=11.34
EKF_ACCEL t=1790548541.012648 REJECTED dev=2.7673 d2=13946.52 thr=11.34
EKF_ACCEL t=1790548541.016434 REJECTED dev=2.7593 d2=13840.72 thr=11.34
EKF_ACCEL t=1790548541.020686 REJECTED dev=2.7582 d2=13786.96 thr=11.34
EKF_ACCEL t=1790548541.024269 REJECTED dev=2.7555 d2=13739.56 thr=11.34
EKF_ACCEL t=1790548541.028152 REJECTED dev=2.7671 d2=13829.97 thr=11.34
EKF_ACCEL t=1790548541.032225 REJECTED dev=2.7595 d2=13728.92 thr=11.34
EKF_ACCEL t=1790548541.036165 REJECTED dev=2.7528 d2=13638.31 thr=11.34
EKF_ACCEL t=1790548541.040740 REJECTED dev=2.7497 d2=13582.83 thr=11.34
EKF_ACCEL t=1790548541.045310 REJECTED dev=2.7546 d2=13607.35 thr=11.34
EKF_ACCEL t=1790548541.048692 REJECTED dev=2.7659 d2=13734.28 thr=11.34
EKF_ACCEL t=1790548541.052803 REJECTED dev=2.7671 d2=13723.71 thr=11.34
EKF_ACCEL t=1790548541.056649 REJECTED dev=2.7482 d2=13500.18 thr=11.34
EKF_ACCEL t=1790548541.060951 REJECTED dev=2.7599 d2=13579.35 thr=11.34
EKF_ACCEL t=1790548541.064241 REJECTED dev=2.7604 d2=13500.84 thr=11.34
EKF_ACCEL t=1790548541.067956 REJECTED dev=2.7589 d2=13509.33 thr=11.34
EKF_ACCEL t=1790548541.072319 REJECTED dev=2.7549 d2=13446.69 thr=11.34
EKF_ACCEL t=1790548541.076180 REJECTED dev=2.7689 d2=13572.59 thr=11.34
EKF_ACCEL t=1790548541.080243 REJECTED dev=2.7571 d2=13434.26 thr=11.34
EKF_ACCEL t=1790548541.084403 REJECTED dev=2.7580 d2=13405.00 thr=11.34
EKF_ACCEL t=1790548541.088306 REJECTED dev=2.7476 d2=13280.10 thr=11.34
EKF_ACCEL t=1790548541.092164 REJECTED dev=2.7720 d2=13493.06 thr=11.34
EKF_ACCEL t=1790548541.096460 REJECTED dev=2.7543 d2=13284.36 thr=11.34
EKF_ACCEL t=1790548541.100276 REJECTED dev=2.7613 d2=13329.82 thr=11.34
EKF_ACCEL t=1790548541.103977 REJECTED dev=2.7489 d2=13200.66 thr=11.34
EKF_ACCEL t=1790548541.108191 REJECTED dev=2.7669 d2=13349.83 thr=11.34
EKF_ACCEL t=1790548541.112907 REJECTED dev=2.7483 d2=13147.46 thr=11.34
EKF_ACCEL t=1790548541.124126 REJECTED dev=2.7664 d2=13290.52 thr=11.34
EKF_ACCEL t=1790548541.126616 REJECTED dev=2.7514 d2=13125.62 thr=11.34
EKF_ACCEL t=1790548541.128489 REJECTED dev=2.7547 d2=13133.87 thr=11.34
EKF_ACCEL t=1790548541.129230 REJECTED dev=2.7456 d2=13035.44 thr=11.34
EKF_ACCEL t=1790548541.132480 REJECTED dev=2.7481 d2=13037.19 thr=11.34
EKF_ACCEL t=1790548541.136537 REJECTED dev=2.7468 d2=13008.69 thr=11.34
EKF_ACCEL t=1790548541.140666 REJECTED dev=2.7677 d2=13184.39 thr=11.34
EKF_ACCEL t=1790548541.144516 REJECTED dev=2.7492 d2=12987.25 thr=11.34
EKF_ACCEL t=1790548541.148512 REJECTED dev=2.7629 d2=13102.97 thr=11.34
EKF_ACCEL t=1790548541.152649 REJECTED dev=2.7484 d2=12943.11 thr=11.34
EKF_ACCEL t=1790548541.156454 REJECTED dev=2.7547 d2=12971.24 thr=11.34
EKF_ACCEL t=1790548541.160561 REJECTED dev=2.7615 d2=13013.15 thr=11.34
EKF_ACCEL t=1790548541.164511 REJECTED dev=2.7499 d2=12877.59 thr=11.34
EKF_ACCEL t=1790548541.173331 REJECTED dev=2.7534 d2=12886.85 thr=11.34
EKF_ACCEL t=1790548541.177208 REJECTED dev=2.7467 d2=12803.24 thr=11.34
EKF_ACCEL t=1790548541.177981 REJECTED dev=2.7774 d2=13074.15 thr=11.34
EKF_ACCEL t=1790548541.180476 REJECTED dev=2.7604 d2=12892.97 thr=11.34
EKF_ACCEL t=1790548541.184153 REJECTED dev=2.7587 d2=12855.08 thr=11.34
EKF_ACCEL t=1790548541.188884 REJECTED dev=2.7493 d2=12734.81 thr=11.34
EKF_ACCEL t=1790548541.192527 REJECTED dev=2.7677 d2=12884.12 thr=11.34
EKF_ACCEL t=1790548541.196487 REJECTED dev=2.7484 d2=12682.57 thr=11.34
EKF_ACCEL t=1790548541.200311 REJECTED dev=2.7579 d2=12760.66 thr=11.34
EKF_ACCEL t=1790548541.204281 REJECTED dev=2.7636 d2=12791.61 thr=11.34
EKF_ACCEL t=1790548541.208461 REJECTED dev=2.7536 d2=12679.47 thr=11.34
EKF_ACCEL t=1790548541.212839 REJECTED dev=2.7573 d2=12691.52 thr=11.34
EKF_ACCEL t=1790548541.216940 REJECTED dev=2.7609 d2=12700.75 thr=11.34
EKF_ACCEL t=1790548541.220787 REJECTED dev=2.7514 d2=12591.89 thr=11.34
EKF_ACCEL t=1790548541.224573 REJECTED dev=2.7666 d2=12715.66 thr=11.34
EKF_ACCEL t=1790548541.228218 REJECTED dev=2.7535 d2=12574.83 thr=11.34
EKF_ACCEL t=1790548541.232881 REJECTED dev=2.7602 d2=12615.24 thr=11.34
EKF_ACCEL t=1790548541.236727 REJECTED dev=2.7571 d2=12562.10 thr=11.34
EKF_ACCEL t=1790548541.240287 REJECTED dev=2.7385 d2=12372.14 thr=11.34
EKF_ACCEL t=1790548541.244217 REJECTED dev=2.7582 d2=12529.95 thr=11.34
EKF_ACCEL t=1790548541.249080 REJECTED dev=2.7592 d2=12517.72 thr=11.34
EKF_ACCEL t=1790548541.252761 REJECTED dev=2.7569 d2=12476.21 thr=11.34
EKF_ACCEL t=1790548541.256141 REJECTED dev=2.7550 d2=12416.93 thr=11.34
EKF_ACCEL t=1790548541.260514 REJECTED dev=2.7636 d2=12473.88 thr=11.34
EKF_ACCEL t=1790548541.267447 REJECTED dev=2.7518 d2=12441.94 thr=11.34
EKF_ACCEL t=1790548541.269064 REJECTED dev=2.7431 d2=12280.13 thr=11.34
EKF_ACCEL t=1790548541.272759 REJECTED dev=2.7625 d2=12496.88 thr=11.34
EKF_ACCEL t=1790548541.276869 REJECTED dev=2.7581 d2=12436.86 thr=11.34
EKF_ACCEL t=1790548541.280988 REJECTED dev=2.7647 d2=12469.33 thr=11.34
EKF_ACCEL t=1790548541.284430 REJECTED dev=2.7686 d2=12490.32 thr=11.34
EKF_ACCEL t=1790548541.288413 REJECTED dev=2.7489 d2=12292.81 thr=11.34
EKF_ACCEL t=1790548541.292872 REJECTED dev=2.7501 d2=12284.31 thr=11.34
EKF_ACCEL t=1790548541.296557 REJECTED dev=2.7365 d2=12151.98 thr=11.34
EKF_ACCEL t=1790548541.300441 REJECTED dev=2.7545 d2=12292.71 thr=11.34
EKF_ACCEL t=1790548541.304614 REJECTED dev=2.7704 d2=12412.93 thr=11.34
EKF_ACCEL t=1790548541.308473 REJECTED dev=2.7603 d2=12302.67 thr=11.34
EKF_ACCEL t=1790548541.312255 REJECTED dev=2.7494 d2=12186.76 thr=11.34
EKF_ACCEL t=1790548541.316385 REJECTED dev=2.7722 d2=12359.59 thr=11.34
liftoff confirmed: alt=0.500m after 0.66s
start_t_epoch=1790548541.317020
attitude-loop isolation test: axis=roll step=0.2rad duration=3.0s
t       dt(ms)  sp      tilt(r,p,y)                 rate_sp(r,p,y)          meas_rate(r,p,y)          alt(z)  vel(x,y)
EKF_ACCEL t=1790548541.320771 REJECTED dev=2.7558 d2=12195.29 thr=11.34
EKF_ACCEL t=1790548541.324493 REJECTED dev=2.7586 d2=12189.33 thr=11.34
EKF_ACCEL t=1790548541.328463 REJECTED dev=2.2808 d2= 8318.39 thr=11.34
EKF_ACCEL t=1790548541.332975 REJECTED dev=1.8773 d2= 5626.52 thr=11.34
EKF_ACCEL t=1790548541.336504 REJECTED dev=1.5415 d2= 3793.85 thr=11.34
EKF_ACCEL t=1790548541.345592 REJECTED dev=1.2633 d2= 2543.36 thr=11.34
EKF_ACCEL t=1790548541.349352 REJECTED dev=1.0182 d2= 1649.75 thr=11.34
EKF_ACCEL t=1790548541.350068 REJECTED dev=0.8247 d2= 1080.31 thr=11.34
EKF_ACCEL t=1790548541.355574 REJECTED dev=0.6471 d2=  664.03 thr=11.34
EKF_ACCEL t=1790548541.356628 REJECTED dev=0.5267 d2=  438.97 thr=11.34
  0.04   0.95   0.00  (-0.033,-0.005, 0.010)  ( 0.097, 0.013,-0.007)  ( 0.008, 0.002,-0.000)   0.569  ( -0.01, -0.00)
EKF_ACCEL t=1790548541.360547 REJECTED dev=0.3630 d2=  207.95 thr=11.34
EKF_ACCEL t=1790548541.364199 REJECTED dev=0.2793 d2=  122.95 thr=11.34
EKF_ACCEL t=1790548541.368374 REJECTED dev=0.1905 d2=   57.05 thr=11.34
EKF_ACCEL t=1790548541.372616 REJECTED dev=0.1162 d2=   21.16 thr=11.34
EKF_ACCEL t=1790548541.376852 FIRED   dev=0.0673 d2=    7.03 thr=11.34 dtheta=0.0159
EKF_ACCEL t=1790548541.380148 FIRED   dev=0.0176 d2=    0.54 thr=11.34 dtheta=0.0146
EKF_ACCEL t=1790548541.384199 FIRED   dev=0.0618 d2=    5.32 thr=11.34 dtheta=0.0937
EKF_ACCEL t=1790548541.388608 FIRED   dev=0.0293 d2=    0.18 thr=11.34 dtheta=0.0239
EKF_ACCEL t=1790548541.394851 FIRED   dev=0.0301 d2=    1.01 thr=11.34 dtheta=0.0132
EKF_ACCEL t=1790548541.396307 FIRED   dev=0.0022 d2=    0.01 thr=11.34 dtheta=0.0012
  0.08   1.61   0.00  (-0.089, 0.131,-0.016)  ( 1.109,-2.439, 0.011)  ( 0.026,-0.017,-0.005)   0.637  (  0.14,  0.01)
EKF_ACCEL t=1790548541.400524 FIRED   dev=0.0082 d2=    0.12 thr=11.34 dtheta=0.0022
EKF_ACCEL t=1790548541.404137 FIRED   dev=0.0040 d2=    0.03 thr=11.34 dtheta=0.0017
EKF_ACCEL t=1790548541.408650 FIRED   dev=0.0297 d2=    1.81 thr=11.34 dtheta=0.0041
EKF_ACCEL t=1790548541.412388 FIRED   dev=0.0187 d2=    0.75 thr=11.34 dtheta=0.0021
EKF_ACCEL t=1790548541.416311 FIRED   dev=0.0046 d2=    0.05 thr=11.34 dtheta=0.0011
EKF_ACCEL t=1790548541.420598 FIRED   dev=0.0207 d2=    0.95 thr=11.34 dtheta=0.0042
EKF_ACCEL t=1790548541.424544 FIRED   dev=0.0428 d2=    4.08 thr=11.34 dtheta=0.0061
EKF_ACCEL t=1790548541.428125 FIRED   dev=0.0498 d2=    5.50 thr=11.34 dtheta=0.0075
EKF_ACCEL t=1790548541.432411 FIRED   dev=0.0648 d2=    9.20 thr=11.34 dtheta=0.0147
EKF_ACCEL t=1790548541.436009 FIRED   dev=0.0742 d2=   11.34 thr=11.34 dtheta=0.0236
  0.12   3.57   0.00  (-0.143, 0.109,-0.024)  ( 1.178,-0.845, 0.076)  ( 0.160,-0.307, 0.006)   0.706  (  0.10,  0.02)
EKF_ACCEL t=1790548541.440531 FIRED   dev=0.0720 d2=    9.32 thr=11.34 dtheta=0.0303
EKF_ACCEL t=1790548541.444382 FIRED   dev=0.0421 d2=    2.73 thr=11.34 dtheta=0.0197
EKF_ACCEL t=1790548541.448405 FIRED   dev=0.0234 d2=    0.87 thr=11.34 dtheta=0.0092
EKF_ACCEL t=1790548541.452201 FIRED   dev=0.0219 d2=    0.84 thr=11.34 dtheta=0.0063
EKF_ACCEL t=1790548541.456299 FIRED   dev=0.0003 d2=    0.00 thr=11.34 dtheta=0.0023
EKF_ACCEL t=1790548541.460243 FIRED   dev=0.0006 d2=    0.00 thr=11.34 dtheta=0.0024
EKF_ACCEL t=1790548541.463979 FIRED   dev=0.0031 d2=    0.02 thr=11.34 dtheta=0.0022
EKF_ACCEL t=1790548541.468044 FIRED   dev=0.0008 d2=    0.00 thr=11.34 dtheta=0.0024
EKF_ACCEL t=1790548541.473476 FIRED   dev=0.0118 d2=    0.31 thr=11.34 dtheta=0.0035
EKF_ACCEL t=1790548541.477273 FIRED   dev=0.0113 d2=    0.28 thr=11.34 dtheta=0.0019
  0.16   3.78   0.00  (-0.198, 0.079, 0.001)  ( 1.558,-0.031,-0.053)  ( 0.435,-0.369, 0.010)   0.779  (  0.06,  0.00)
EKF_ACCEL t=1790548541.480678 FIRED   dev=0.0086 d2=    0.17 thr=11.34 dtheta=0.0031
EKF_ACCEL t=1790548541.484397 FIRED   dev=0.0188 d2=    0.80 thr=11.34 dtheta=0.0032
EKF_ACCEL t=1790548541.488855 FIRED   dev=0.0246 d2=    1.37 thr=11.34 dtheta=0.0045
EKF_ACCEL t=1790548541.492752 FIRED   dev=0.0377 d2=    3.25 thr=11.34 dtheta=0.0051
EKF_ACCEL t=1790548541.496379 FIRED   dev=0.0229 d2=    1.20 thr=11.34 dtheta=0.0033
EKF_ACCEL t=1790548541.500485 FIRED   dev=0.0387 d2=    3.44 thr=11.34 dtheta=0.0043
EKF_ACCEL t=1790548541.505182 FIRED   dev=0.0334 d2=    2.57 thr=11.34 dtheta=0.0049
EKF_ACCEL t=1790548541.508774 FIRED   dev=0.0513 d2=    6.07 thr=11.34 dtheta=0.0062
EKF_ACCEL t=1790548541.512767 FIRED   dev=0.0438 d2=    4.42 thr=11.34 dtheta=0.0044
EKF_ACCEL t=1790548541.516603 FIRED   dev=0.0516 d2=    6.13 thr=11.34 dtheta=0.0044
  0.20   3.46   0.00  (-0.218, 0.068, 0.002)  ( 1.207,-0.019,-0.037)  ( 0.648,-0.316, 0.004)   0.847  (  0.05, -0.00)
EKF_ACCEL t=1790548541.520378 FIRED   dev=0.0421 d2=    4.11 thr=11.34 dtheta=0.0050
EKF_ACCEL t=1790548541.524836 FIRED   dev=0.0472 d2=    5.15 thr=11.34 dtheta=0.0046
EKF_ACCEL t=1790548541.528584 FIRED   dev=0.0378 d2=    3.31 thr=11.34 dtheta=0.0041
EKF_ACCEL t=1790548541.532920 FIRED   dev=0.0497 d2=    5.75 thr=11.34 dtheta=0.0063
EKF_ACCEL t=1790548541.536394 FIRED   dev=0.0505 d2=    5.91 thr=11.34 dtheta=0.0026
EKF_ACCEL t=1790548541.540387 FIRED   dev=0.0510 d2=    6.06 thr=11.34 dtheta=0.0052
EKF_ACCEL t=1790548541.548039 FIRED   dev=0.0540 d2=    6.85 thr=11.34 dtheta=0.0089
EKF_ACCEL t=1790548541.549127 FIRED   dev=0.0452 d2=    4.74 thr=11.34 dtheta=0.0016
EKF_ACCEL t=1790548541.552281 FIRED   dev=0.0399 d2=    3.69 thr=11.34 dtheta=0.0034
EKF_ACCEL t=1790548541.556895 FIRED   dev=0.0515 d2=    6.17 thr=11.34 dtheta=0.0048
  0.24   5.00   0.00  (-0.235, 0.052, 0.005)  ( 1.096, 0.134,-0.013)  ( 0.751,-0.255,-0.003)   0.917  (  0.04, -0.00)
EKF_ACCEL t=1790548541.560532 FIRED   dev=0.0421 d2=    4.13 thr=11.34 dtheta=0.0040
EKF_ACCEL t=1790548541.564639 FIRED   dev=0.0429 d2=    4.30 thr=11.34 dtheta=0.0048
EKF_ACCEL t=1790548541.568938 FIRED   dev=0.0387 d2=    3.52 thr=11.34 dtheta=0.0063
EKF_ACCEL t=1790548541.572950 FIRED   dev=0.0246 d2=    1.42 thr=11.34 dtheta=0.0025
EKF_ACCEL t=1790548541.576473 FIRED   dev=0.0281 d2=    1.85 thr=11.34 dtheta=0.0040
EKF_ACCEL t=1790548541.581109 FIRED   dev=0.0268 d2=    1.70 thr=11.34 dtheta=0.0041
EKF_ACCEL t=1790548541.588144 FIRED   dev=0.0302 d2=    2.17 thr=11.34 dtheta=0.0070
EKF_ACCEL t=1790548541.589264 FIRED   dev=0.0299 d2=    2.10 thr=11.34 dtheta=0.0025
EKF_ACCEL t=1790548541.592618 FIRED   dev=0.0347 d2=    2.83 thr=11.34 dtheta=0.0032
EKF_ACCEL t=1790548541.596326 FIRED   dev=0.0242 d2=    1.39 thr=11.34 dtheta=0.0039
  0.28   3.52   0.00  (-0.244, 0.042, 0.003)  ( 0.993, 0.093, 0.000)  ( 0.811,-0.188,-0.006)   0.986  (  0.03, -0.00)
EKF_ACCEL t=1790548541.600853 FIRED   dev=0.0349 d2=    2.87 thr=11.34 dtheta=0.0045
EKF_ACCEL t=1790548541.604743 FIRED   dev=0.0295 d2=    2.06 thr=11.34 dtheta=0.0033
EKF_ACCEL t=1790548541.608507 FIRED   dev=0.0325 d2=    2.49 thr=11.34 dtheta=0.0035
EKF_ACCEL t=1790548541.612964 FIRED   dev=0.0143 d2=    0.49 thr=11.34 dtheta=0.0045
EKF_ACCEL t=1790548541.616479 FIRED   dev=0.0178 d2=    0.75 thr=11.34 dtheta=0.0025
EKF_ACCEL t=1790548541.620496 FIRED   dev=0.0162 d2=    0.63 thr=11.34 dtheta=0.0047
EKF_ACCEL t=1790548541.624558 FIRED   dev=0.0125 d2=    0.37 thr=11.34 dtheta=0.0024
EKF_ACCEL t=1790548541.628310 FIRED   dev=0.0167 d2=    0.68 thr=11.34 dtheta=0.0054
EKF_ACCEL t=1790548541.632239 FIRED   dev=0.0018 d2=    0.01 thr=11.34 dtheta=0.0018
EKF_ACCEL t=1790548541.636426 FIRED   dev=0.0110 d2=    0.29 thr=11.34 dtheta=0.0040
  0.32   3.86   0.00  (-0.246, 0.037,-0.007)  ( 0.841, 0.003, 0.030)  ( 0.845,-0.140,-0.005)   1.055  (  0.03, -0.00)
EKF_ACCEL t=1790548541.640491 FIRED   dev=0.0168 d2=    0.67 thr=11.34 dtheta=0.0039
EKF_ACCEL t=1790548541.644726 FIRED   dev=0.0219 d2=    1.15 thr=11.34 dtheta=0.0047
EKF_ACCEL t=1790548541.648357 FIRED   dev=0.0093 d2=    0.21 thr=11.34 dtheta=0.0028
EKF_ACCEL t=1790548541.652519 FIRED   dev=0.0037 d2=    0.03 thr=11.34 dtheta=0.0028
EKF_ACCEL t=1790548541.656319 FIRED   dev=0.0065 d2=    0.11 thr=11.34 dtheta=0.0052
EKF_ACCEL t=1790548541.660475 FIRED   dev=0.0062 d2=    0.09 thr=11.34 dtheta=0.0018
EKF_ACCEL t=1790548541.664105 FIRED   dev=0.0068 d2=    0.11 thr=11.34 dtheta=0.0048
EKF_ACCEL t=1790548541.668474 FIRED   dev=0.0025 d2=    0.01 thr=11.34 dtheta=0.0025
EKF_ACCEL t=1790548541.674213 FIRED   dev=0.0055 d2=    0.07 thr=11.34 dtheta=0.0072
EKF_ACCEL t=1790548541.677654 FIRED   dev=0.0006 d2=    0.00 thr=11.34 dtheta=0.0041
  0.36   3.64   0.00  (-0.247, 0.037,-0.021)  ( 0.835,-0.057, 0.026)  ( 0.849,-0.111,-0.006)   1.117  ( -0.01, -0.04)
EKF_ACCEL t=1790548541.681015 FIRED   dev=0.0084 d2=    0.17 thr=11.34 dtheta=0.0038
EKF_ACCEL t=1790548541.685299 FIRED   dev=0.0043 d2=    0.05 thr=11.34 dtheta=0.0028
EKF_ACCEL t=1790548541.688584 FIRED   dev=0.0031 d2=    0.02 thr=11.34 dtheta=0.0030
EKF_ACCEL t=1790548541.692732 FIRED   dev=0.0030 d2=    0.02 thr=11.34 dtheta=0.0040
EKF_ACCEL t=1790548541.696726 FIRED   dev=0.0068 d2=    0.11 thr=11.34 dtheta=0.0023
EKF_ACCEL t=1790548541.700479 FIRED   dev=0.0070 d2=    0.12 thr=11.34 dtheta=0.0045
EKF_ACCEL t=1790548541.704420 FIRED   dev=0.0133 d2=    0.43 thr=11.34 dtheta=0.0031
EKF_ACCEL t=1790548541.708554 FIRED   dev=0.0020 d2=    0.01 thr=11.34 dtheta=0.0051
EKF_ACCEL t=1790548541.712257 FIRED   dev=0.0029 d2=    0.02 thr=11.34 dtheta=0.0014
EKF_ACCEL t=1790548541.716417 FIRED   dev=0.0036 d2=    0.03 thr=11.34 dtheta=0.0045
  0.40   4.11   0.00  (-0.246, 0.035,-0.037)  ( 0.739,-0.131, 0.093)  ( 0.842,-0.103,-0.001)   1.184  ( -0.01, -0.05)
EKF_ACCEL t=1790548541.720372 FIRED   dev=0.0065 d2=    0.10 thr=11.34 dtheta=0.0041
EKF_ACCEL t=1790548541.728157 FIRED   dev=0.0028 d2=    0.02 thr=11.34 dtheta=0.0067
EKF_ACCEL t=1790548541.729306 FIRED   dev=0.0047 d2=    0.05 thr=11.34 dtheta=0.0020
EKF_ACCEL t=1790548541.732497 FIRED   dev=0.0027 d2=    0.02 thr=11.34 dtheta=0.0032
EKF_ACCEL t=1790548541.736433 FIRED   dev=0.0057 d2=    0.08 thr=11.34 dtheta=0.0036
EKF_ACCEL t=1790548541.740595 FIRED   dev=0.0065 d2=    0.11 thr=11.34 dtheta=0.0053
EKF_ACCEL t=1790548541.744571 FIRED   dev=0.0043 d2=    0.04 thr=11.34 dtheta=0.0021
EKF_ACCEL t=1790548541.748487 FIRED   dev=0.0037 d2=    0.04 thr=11.34 dtheta=0.0040
EKF_ACCEL t=1790548541.752491 FIRED   dev=0.0135 d2=    0.44 thr=11.34 dtheta=0.0033
EKF_ACCEL t=1790548541.761948 FIRED   dev=0.0114 d2=    0.33 thr=11.34 dtheta=0.0076
  0.45   9.43   0.00  (-0.246, 0.033,-0.055)  ( 0.749,-0.136, 0.098)  ( 0.827,-0.107, 0.005)   1.262  ( -0.01, -0.05)
EKF_ACCEL t=1790548541.765282 FIRED   dev=0.0182 d2=    0.79 thr=11.34 dtheta=0.0024
EKF_ACCEL t=1790548541.769023 FIRED   dev=0.0012 d2=    0.00 thr=11.34 dtheta=0.0031
EKF_ACCEL t=1790548541.772820 FIRED   dev=0.0009 d2=    0.00 thr=11.34 dtheta=0.0044
EKF_ACCEL t=1790548541.776797 FIRED   dev=0.0030 d2=    0.02 thr=11.34 dtheta=0.0031
EKF_ACCEL t=1790548541.780988 FIRED   dev=0.0036 d2=    0.03 thr=11.34 dtheta=0.0036
EKF_ACCEL t=1790548541.784856 FIRED   dev=0.0177 d2=    0.75 thr=11.34 dtheta=0.0034
EKF_ACCEL t=1790548541.789005 FIRED   dev=0.0101 d2=    0.25 thr=11.34 dtheta=0.0036
EKF_ACCEL t=1790548541.792865 FIRED   dev=0.0041 d2=    0.04 thr=11.34 dtheta=0.0033
EKF_ACCEL t=1790548541.796985 FIRED   dev=0.0110 d2=    0.29 thr=11.34 dtheta=0.0028
EKF_ACCEL t=1790548541.800701 FIRED   dev=0.0011 d2=    0.00 thr=11.34 dtheta=0.0045
  0.48   3.93   0.00  (-0.245, 0.033,-0.070)  ( 0.727,-0.161, 0.110)  ( 0.813,-0.110, 0.011)   1.329  ( -0.01, -0.05)
EKF_ACCEL t=1790548541.805047 FIRED   dev=0.0071 d2=    0.12 thr=11.34 dtheta=0.0043
EKF_ACCEL t=1790548541.808889 FIRED   dev=0.0053 d2=    0.07 thr=11.34 dtheta=0.0027
EKF_ACCEL t=1790548541.819643 FIRED   dev=0.0104 d2=    0.29 thr=11.34 dtheta=0.0089
EKF_ACCEL t=1790548541.821289 FIRED   dev=0.0038 d2=    0.03 thr=11.34 dtheta=0.0018
EKF_ACCEL t=1790548541.822991 FIRED   dev=0.0179 d2=    0.77 thr=11.34 dtheta=0.0011
EKF_ACCEL t=1790548541.825122 FIRED   dev=0.0035 d2=    0.03 thr=11.34 dtheta=0.0031
EKF_ACCEL t=1790548541.829167 FIRED   dev=0.0135 d2=    0.44 thr=11.34 dtheta=0.0042
EKF_ACCEL t=1790548541.833111 FIRED   dev=0.0076 d2=    0.14 thr=11.34 dtheta=0.0031
EKF_ACCEL t=1790548541.837193 FIRED   dev=0.0233 d2=    1.30 thr=11.34 dtheta=0.0030
EKF_ACCEL t=1790548541.841266 FIRED   dev=0.0032 d2=    0.03 thr=11.34 dtheta=0.0026
  0.52   4.06   0.00  (-0.243, 0.031,-0.085)  ( 0.701,-0.148, 0.127)  ( 0.799,-0.117, 0.018)   1.399  ( -0.01, -0.05)
EKF_ACCEL t=1790548541.845181 FIRED   dev=0.0107 d2=    0.28 thr=11.34 dtheta=0.0046
EKF_ACCEL t=1790548541.848932 FIRED   dev=0.0059 d2=    0.09 thr=11.34 dtheta=0.0027
EKF_ACCEL t=1790548541.852878 FIRED   dev=0.0010 d2=    0.00 thr=11.34 dtheta=0.0035
EKF_ACCEL t=1790548541.857288 FIRED   dev=0.0146 d2=    0.51 thr=11.34 dtheta=0.0031
EKF_ACCEL t=1790548541.860738 FIRED   dev=0.0017 d2=    0.01 thr=11.34 dtheta=0.0040
EKF_ACCEL t=1790548541.870325 FIRED   dev=0.0090 d2=    0.21 thr=11.34 dtheta=0.0069
EKF_ACCEL t=1790548541.871709 FIRED   dev=0.0054 d2=    0.07 thr=11.34 dtheta=0.0017
EKF_ACCEL t=1790548541.873284 FIRED   dev=0.0041 d2=    0.04 thr=11.34 dtheta=0.0010
EKF_ACCEL t=1790548541.876987 FIRED   dev=0.0053 d2=    0.07 thr=11.34 dtheta=0.0031
EKF_ACCEL t=1790548541.881265 FIRED   dev=0.0000 d2=    0.00 thr=11.34 dtheta=0.0043
  0.56   4.24   0.00  (-0.242, 0.030,-0.099)  ( 0.701,-0.157, 0.130)  ( 0.783,-0.119, 0.026)   1.439  ( -0.11, -0.11)
EKF_ACCEL t=1790548541.884923 FIRED   dev=0.0102 d2=    0.25 thr=11.34 dtheta=0.0035
EKF_ACCEL t=1790548541.889292 FIRED   dev=0.0039 d2=    0.04 thr=11.34 dtheta=0.0022
EKF_ACCEL t=1790548541.895294 FIRED   dev=0.0092 d2=    0.21 thr=11.34 dtheta=0.0059
EKF_ACCEL t=1790548541.897462 FIRED   dev=0.0106 d2=    0.27 thr=11.34 dtheta=0.0016
EKF_ACCEL t=1790548541.900832 FIRED   dev=0.0142 d2=    0.49 thr=11.34 dtheta=0.0038
EKF_ACCEL t=1790548541.904806 FIRED   dev=0.0013 d2=    0.01 thr=11.34 dtheta=0.0038
EKF_ACCEL t=1790548541.910265 FIRED   dev=0.0029 d2=    0.02 thr=11.34 dtheta=0.0026
EKF_ACCEL t=1790548541.912902 FIRED   dev=0.0048 d2=    0.06 thr=11.34 dtheta=0.0038
EKF_ACCEL t=1790548541.917249 FIRED   dev=0.0017 d2=    0.01 thr=11.34 dtheta=0.0019
EKF_ACCEL t=1790548541.920910 FIRED   dev=0.0085 d2=    0.17 thr=11.34 dtheta=0.0031
  0.60   3.65   0.00  (-0.240, 0.030,-0.113)  ( 0.711,-0.110, 0.117)  ( 0.772,-0.119, 0.034)   1.507  ( -0.11, -0.11)
EKF_ACCEL t=1790548541.924958 FIRED   dev=0.0155 d2=    0.56 thr=11.34 dtheta=0.0062
EKF_ACCEL t=1790548541.929067 FIRED   dev=0.0029 d2=    0.02 thr=11.34 dtheta=0.0018
EKF_ACCEL t=1790548541.933001 FIRED   dev=0.0127 d2=    0.38 thr=11.34 dtheta=0.0034
EKF_ACCEL t=1790548541.936814 FIRED   dev=0.0041 d2=    0.04 thr=11.34 dtheta=0.0024
EKF_ACCEL t=1790548541.940988 FIRED   dev=0.0050 d2=    0.06 thr=11.34 dtheta=0.0050
EKF_ACCEL t=1790548541.944832 FIRED   dev=0.0029 d2=    0.02 thr=11.34 dtheta=0.0037
EKF_ACCEL t=1790548541.948791 FIRED   dev=0.0027 d2=    0.02 thr=11.34 dtheta=0.0018
EKF_ACCEL t=1790548541.952785 FIRED   dev=0.0174 d2=    0.72 thr=11.34 dtheta=0.0030
EKF_ACCEL t=1790548541.957391 FIRED   dev=0.0117 d2=    0.33 thr=11.34 dtheta=0.0035
EKF_ACCEL t=1790548541.960989 FIRED   dev=0.0072 d2=    0.12 thr=11.34 dtheta=0.0038
  0.64   3.45   0.00  (-0.238, 0.030,-0.125)  ( 0.698,-0.123, 0.129)  ( 0.764,-0.121, 0.043)   1.575  ( -0.11, -0.11)
EKF_ACCEL t=1790548541.965247 FIRED   dev=0.0033 d2=    0.03 thr=11.34 dtheta=0.0041
EKF_ACCEL t=1790548541.968787 FIRED   dev=0.0076 d2=    0.14 thr=11.34 dtheta=0.0035
EKF_ACCEL t=1790548541.972992 FIRED   dev=0.0033 d2=    0.03 thr=11.34 dtheta=0.0022
EKF_ACCEL t=1790548541.976974 FIRED   dev=0.0131 d2=    0.42 thr=11.34 dtheta=0.0039
EKF_ACCEL t=1790548541.980796 FIRED   dev=0.0107 d2=    0.27 thr=11.34 dtheta=0.0018
EKF_ACCEL t=1790548541.984846 FIRED   dev=0.0090 d2=    0.20 thr=11.34 dtheta=0.0043
EKF_ACCEL t=1790548541.994100 FIRED   dev=0.0205 d2=    1.03 thr=11.34 dtheta=0.0074
EKF_ACCEL t=1790548541.997599 FIRED   dev=0.0010 d2=    0.00 thr=11.34 dtheta=0.0030
EKF_ACCEL t=1790548542.001030 FIRED   dev=0.0001 d2=    0.00 thr=11.34 dtheta=0.0025
EKF_ACCEL t=1790548542.005003 FIRED   dev=0.0086 d2=    0.18 thr=11.34 dtheta=0.0038
  0.69   4.05   0.00  (-0.237, 0.028,-0.137)  ( 0.690,-0.162, 0.158)  ( 0.747,-0.120, 0.049)   1.650  ( -0.11, -0.11)
EKF_ACCEL t=1790548542.008981 FIRED   dev=0.0134 d2=    0.43 thr=11.34 dtheta=0.0029
EKF_ACCEL t=1790548542.012824 FIRED   dev=0.0071 d2=    0.12 thr=11.34 dtheta=0.0035
EKF_ACCEL t=1790548542.016754 FIRED   dev=0.0047 d2=    0.05 thr=11.34 dtheta=0.0033
EKF_ACCEL t=1790548542.021124 FIRED   dev=0.0116 d2=    0.32 thr=11.34 dtheta=0.0026
EKF_ACCEL t=1790548542.025352 FIRED   dev=0.0173 d2=    0.72 thr=11.34 dtheta=0.0047
EKF_ACCEL t=1790548542.029578 FIRED   dev=0.0008 d2=    0.00 thr=11.34 dtheta=0.0034
EKF_ACCEL t=1790548542.037158 FIRED   dev=0.0179 d2=    0.78 thr=11.34 dtheta=0.0049
EKF_ACCEL t=1790548542.038548 FIRED   dev=0.0037 d2=    0.03 thr=11.34 dtheta=0.0012
EKF_ACCEL t=1790548542.041186 FIRED   dev=0.0245 d2=    1.43 thr=11.34 dtheta=0.0022
EKF_ACCEL t=1790548542.045299 FIRED   dev=0.0193 d2=    0.90 thr=11.34 dtheta=0.0036
  0.73   4.03   0.00  (-0.235, 0.027,-0.147)  ( 0.690,-0.134, 0.154)  ( 0.732,-0.119, 0.059)   1.719  ( -0.11, -0.11)
EKF_ACCEL t=1790548542.049077 FIRED   dev=0.0070 d2=    0.12 thr=11.34 dtheta=0.0032
EKF_ACCEL t=1790548542.052999 FIRED   dev=0.0092 d2=    0.20 thr=11.34 dtheta=0.0025
EKF_ACCEL t=1790548542.057280 FIRED   dev=0.0212 d2=    1.08 thr=11.34 dtheta=0.0045
EKF_ACCEL t=1790548542.061071 FIRED   dev=0.0011 d2=    0.00 thr=11.34 dtheta=0.0029
EKF_ACCEL t=1790548542.065042 FIRED   dev=0.0195 d2=    0.91 thr=11.34 dtheta=0.0029
EKF_ACCEL t=1790548542.069159 FIRED   dev=0.0110 d2=    0.29 thr=11.34 dtheta=0.0033
EKF_ACCEL t=1790548542.073242 FIRED   dev=0.0023 d2=    0.01 thr=11.34 dtheta=0.0036
EKF_ACCEL t=1790548542.077678 FIRED   dev=0.0055 d2=    0.07 thr=11.34 dtheta=0.0035
EKF_ACCEL t=1790548542.081553 FIRED   dev=0.0037 d2=    0.03 thr=11.34 dtheta=0.0026
EKF_ACCEL t=1790548542.085514 FIRED   dev=0.0144 d2=    0.50 thr=11.34 dtheta=0.0031
  0.77   4.12   0.00  (-0.233, 0.028,-0.159)  ( 0.677,-0.169, 0.165)  ( 0.716,-0.116, 0.065)   1.787  ( -0.11, -0.11)
EKF_ACCEL t=1790548542.089399 FIRED   dev=0.0053 d2=    0.07 thr=11.34 dtheta=0.0031
EKF_ACCEL t=1790548542.093202 FIRED   dev=0.0018 d2=    0.01 thr=11.34 dtheta=0.0046
EKF_ACCEL t=1790548542.097372 FIRED   dev=0.0025 d2=    0.02 thr=11.34 dtheta=0.0032
EKF_ACCEL t=1790548542.101010 FIRED   dev=0.0054 d2=    0.07 thr=11.34 dtheta=0.0019
EKF_ACCEL t=1790548542.104980 FIRED   dev=0.0057 d2=    0.08 thr=11.34 dtheta=0.0043
EKF_ACCEL t=1790548542.109076 FIRED   dev=0.0145 d2=    0.51 thr=11.34 dtheta=0.0040
EKF_ACCEL t=1790548542.113056 FIRED   dev=0.0129 d2=    0.40 thr=11.34 dtheta=0.0017
EKF_ACCEL t=1790548542.120593 FIRED   dev=0.0004 d2=    0.00 thr=11.34 dtheta=0.0059
EKF_ACCEL t=1790548542.121690 FIRED   dev=0.0024 d2=    0.01 thr=11.34 dtheta=0.0012
EKF_ACCEL t=1790548542.125422 FIRED   dev=0.0080 d2=    0.15 thr=11.34 dtheta=0.0021
  0.81   4.04   0.00  (-0.230, 0.026,-0.168)  ( 0.669,-0.112, 0.176)  ( 0.701,-0.114, 0.073)   1.855  ( -0.11, -0.12)
EKF_ACCEL t=1790548542.129135 FIRED   dev=0.0045 d2=    0.05 thr=11.34 dtheta=0.0032
EKF_ACCEL t=1790548542.133388 FIRED   dev=0.0067 d2=    0.11 thr=11.34 dtheta=0.0034
EKF_ACCEL t=1790548542.137434 FIRED   dev=0.0003 d2=    0.00 thr=11.34 dtheta=0.0034
EKF_ACCEL t=1790548542.141376 FIRED   dev=0.0048 d2=    0.06 thr=11.34 dtheta=0.0023
EKF_ACCEL t=1790548542.144985 FIRED   dev=0.0286 d2=    1.95 thr=11.34 dtheta=0.0039
EKF_ACCEL t=1790548542.149080 FIRED   dev=0.0011 d2=    0.00 thr=11.34 dtheta=0.0011
EKF_ACCEL t=1790548542.153059 FIRED   dev=0.0068 d2=    0.11 thr=11.34 dtheta=0.0040
EKF_ACCEL t=1790548542.157465 FIRED   dev=0.0066 d2=    0.11 thr=11.34 dtheta=0.0038
EKF_ACCEL t=1790548542.161163 FIRED   dev=0.0145 d2=    0.50 thr=11.34 dtheta=0.0030
EKF_ACCEL t=1790548542.165082 FIRED   dev=0.0076 d2=    0.14 thr=11.34 dtheta=0.0036
  0.85   3.83   0.00  (-0.229, 0.027,-0.178)  ( 0.681,-0.181, 0.175)  ( 0.683,-0.109, 0.081)   1.923  ( -0.11, -0.12)
EKF_ACCEL t=1790548542.169156 FIRED   dev=0.0088 d2=    0.19 thr=11.34 dtheta=0.0034
EKF_ACCEL t=1790548542.173546 FIRED   dev=0.0065 d2=    0.10 thr=11.34 dtheta=0.0022
EKF_ACCEL t=1790548542.177402 FIRED   dev=0.0031 d2=    0.02 thr=11.34 dtheta=0.0029
EKF_ACCEL t=1790548542.181244 FIRED   dev=0.0015 d2=    0.01 thr=11.34 dtheta=0.0022
EKF_ACCEL t=1790548542.184999 FIRED   dev=0.0032 d2=    0.03 thr=11.34 dtheta=0.0056
EKF_ACCEL t=1790548542.190005 FIRED   dev=0.0111 d2=    0.29 thr=11.34 dtheta=0.0024
EKF_ACCEL t=1790548542.193666 FIRED   dev=0.0082 d2=    0.16 thr=11.34 dtheta=0.0031
EKF_ACCEL t=1790548542.197793 FIRED   dev=0.0003 d2=    0.00 thr=11.34 dtheta=0.0029
EKF_ACCEL t=1790548542.208280 FIRED   dev=0.0173 d2=    0.73 thr=11.34 dtheta=0.0055
EKF_ACCEL t=1790548542.210584 FIRED   dev=0.0083 d2=    0.17 thr=11.34 dtheta=0.0033
  0.89   2.99   0.00  (-0.227, 0.025,-0.187)  ( 0.665,-0.140, 0.183)  ( 0.665,-0.101, 0.087)   2.000  ( -0.11, -0.12)
EKF_ACCEL t=1790548542.212236 FIRED   dev=0.0019 d2=    0.01 thr=11.34 dtheta=0.0005
EKF_ACCEL t=1790548542.213681 FIRED   dev=0.0212 d2=    1.07 thr=11.34 dtheta=0.0022
EKF_ACCEL t=1790548542.217491 FIRED   dev=0.0122 d2=    0.36 thr=11.34 dtheta=0.0025
EKF_ACCEL t=1790548542.220980 FIRED   dev=0.0136 d2=    0.44 thr=11.34 dtheta=0.0020
EKF_ACCEL t=1790548542.225304 FIRED   dev=0.0000 d2=    0.00 thr=11.34 dtheta=0.0048
EKF_ACCEL t=1790548542.229437 FIRED   dev=0.0009 d2=    0.00 thr=11.34 dtheta=0.0025
EKF_ACCEL t=1790548542.232898 FIRED   dev=0.0150 d2=    0.54 thr=11.34 dtheta=0.0025
EKF_ACCEL t=1790548542.237012 FIRED   dev=0.0017 d2=    0.01 thr=11.34 dtheta=0.0030
EKF_ACCEL t=1790548542.240982 FIRED   dev=0.0093 d2=    0.21 thr=11.34 dtheta=0.0028
EKF_ACCEL t=1790548542.245634 FIRED   dev=0.0211 d2=    1.06 thr=11.34 dtheta=0.0028
  0.93   5.09   0.00  (-0.224, 0.025,-0.194)  ( 0.667,-0.152, 0.184)  ( 0.650,-0.094, 0.095)   2.060  ( -0.11, -0.12)
EKF_ACCEL t=1790548542.249294 FIRED   dev=0.0019 d2=    0.01 thr=11.34 dtheta=0.0038
EKF_ACCEL t=1790548542.253101 FIRED   dev=0.0061 d2=    0.09 thr=11.34 dtheta=0.0007
EKF_ACCEL t=1790548542.257580 FIRED   dev=0.0080 d2=    0.16 thr=11.34 dtheta=0.0041
EKF_ACCEL t=1790548542.261559 FIRED   dev=0.0137 d2=    0.45 thr=11.34 dtheta=0.0009
EKF_ACCEL t=1790548542.264989 FIRED   dev=0.0126 d2=    0.39 thr=11.34 dtheta=0.0052
EKF_ACCEL t=1790548542.269125 FIRED   dev=0.0062 d2=    0.09 thr=11.34 dtheta=0.0020
EKF_ACCEL t=1790548542.273133 FIRED   dev=0.0056 d2=    0.08 thr=11.34 dtheta=0.0028
EKF_ACCEL t=1790548542.277332 FIRED   dev=0.0101 d2=    0.25 thr=11.34 dtheta=0.0033
EKF_ACCEL t=1790548542.281501 FIRED   dev=0.0205 d2=    1.00 thr=11.34 dtheta=0.0025
EKF_ACCEL t=1790548542.287838 FIRED   dev=0.0035 d2=    0.03 thr=11.34 dtheta=0.0029
  0.97   7.02   0.00  (-0.221, 0.022,-0.202)  ( 0.660,-0.120, 0.188)  ( 0.631,-0.087, 0.103)   2.132  ( -0.11, -0.12)
EKF_ACCEL t=1790548542.290429 FIRED   dev=0.0174 d2=    0.72 thr=11.34 dtheta=0.0029
EKF_ACCEL t=1790548542.293758 FIRED   dev=0.0136 d2=    0.44 thr=11.34 dtheta=0.0027
EKF_ACCEL t=1790548542.297444 FIRED   dev=0.0052 d2=    0.07 thr=11.34 dtheta=0.0019
EKF_ACCEL t=1790548542.301480 FIRED   dev=0.0105 d2=    0.26 thr=11.34 dtheta=0.0034
EKF_ACCEL t=1790548542.305263 FIRED   dev=0.0006 d2=    0.00 thr=11.34 dtheta=0.0019
EKF_ACCEL t=1790548542.309204 FIRED   dev=0.0098 d2=    0.23 thr=11.34 dtheta=0.0024
EKF_ACCEL t=1790548542.313286 FIRED   dev=0.0110 d2=    0.30 thr=11.34 dtheta=0.0046
EKF_ACCEL t=1790548542.317467 FIRED   dev=0.0120 d2=    0.34 thr=11.34 dtheta=0.0005
EKF_ACCEL t=1790548542.321441 FIRED   dev=0.0211 d2=    1.07 thr=11.34 dtheta=0.0034
EKF_ACCEL t=1790548542.325242 FIRED   dev=0.0353 d2=    2.95 thr=11.34 dtheta=0.0030
  1.01   3.94   0.20  (-0.219, 0.023,-0.209)  ( 3.000,-0.528, 0.174)  ( 0.626,-0.081, 0.108)   2.196  ( -0.11, -0.12)
EKF_ACCEL t=1790548542.329513 REJECTED dev=0.0808 d2=   15.53 thr=11.34
EKF_ACCEL t=1790548542.333282 REJECTED dev=0.0974 d2=   21.29 thr=11.34
EKF_ACCEL t=1790548542.337221 REJECTED dev=0.0912 d2=   18.53 thr=11.34
EKF_ACCEL t=1790548542.341698 REJECTED dev=0.0897 d2=   17.87 thr=11.34
EKF_ACCEL t=1790548542.345438 FIRED   dev=0.0735 d2=   11.25 thr=11.34 dtheta=0.0320
EKF_ACCEL t=1790548542.349417 FIRED   dev=0.0591 d2=    8.21 thr=11.34 dtheta=0.0045
EKF_ACCEL t=1790548542.353626 FIRED   dev=0.0591 d2=    8.22 thr=11.34 dtheta=0.0030
EKF_ACCEL t=1790548542.357572 FIRED   dev=0.0438 d2=    4.51 thr=11.34 dtheta=0.0050
EKF_ACCEL t=1790548542.361418 FIRED   dev=0.0435 d2=    4.46 thr=11.34 dtheta=0.0037
EKF_ACCEL t=1790548542.365291 FIRED   dev=0.0349 d2=    2.88 thr=11.34 dtheta=0.0023
  1.05   3.52   0.20  (-0.214, 0.023,-0.222)  ( 2.206,-0.447, 0.206)  ( 0.951,-0.104, 0.111)   2.263  ( -0.11, -0.12)
EKF_ACCEL t=1790548542.369335 FIRED   dev=0.0273 d2=    1.75 thr=11.34 dtheta=0.0051
EKF_ACCEL t=1790548542.373144 FIRED   dev=0.0235 d2=    1.29 thr=11.34 dtheta=0.0048
EKF_ACCEL t=1790548542.377503 FIRED   dev=0.0115 d2=    0.31 thr=11.34 dtheta=0.0044
EKF_ACCEL t=1790548542.382227 FIRED   dev=0.0174 d2=    0.71 thr=11.34 dtheta=0.0058
EKF_ACCEL t=1790548542.385306 FIRED   dev=0.0114 d2=    0.30 thr=11.34 dtheta=0.0032
EKF_ACCEL t=1790548542.390440 FIRED   dev=0.0172 d2=    0.69 thr=11.34 dtheta=0.0060
EKF_ACCEL t=1790548542.394464 FIRED   dev=0.0150 d2=    0.53 thr=11.34 dtheta=0.0056
EKF_ACCEL t=1790548542.399049 FIRED   dev=0.0170 d2=    0.68 thr=11.34 dtheta=0.0061
EKF_ACCEL t=1790548542.401452 FIRED   dev=0.0091 d2=    0.20 thr=11.34 dtheta=0.0041
EKF_ACCEL t=1790548542.406490 FIRED   dev=0.0003 d2=    0.00 thr=11.34 dtheta=0.0051
  1.09   5.22   0.20  (-0.213, 0.022,-0.234)  ( 1.557,-0.301, 0.226)  ( 1.172,-0.137, 0.119)   2.334  ( -0.11, -0.12)
EKF_ACCEL t=1790548542.409303 FIRED   dev=0.0119 d2=    0.33 thr=11.34 dtheta=0.0043
EKF_ACCEL t=1790548542.413488 FIRED   dev=0.0024 d2=    0.02 thr=11.34 dtheta=0.0059
EKF_ACCEL t=1790548542.417454 FIRED   dev=0.0043 d2=    0.05 thr=11.34 dtheta=0.0057
EKF_ACCEL t=1790548542.422134 FIRED   dev=0.0049 d2=    0.06 thr=11.34 dtheta=0.0041
EKF_ACCEL t=1790548542.428186 FIRED   dev=0.0132 d2=    0.45 thr=11.34 dtheta=0.0096
EKF_ACCEL t=1790548542.429034 FIRED   dev=0.0132 d2=    0.41 thr=11.34 dtheta=0.0005
EKF_ACCEL t=1790548542.433010 FIRED   dev=0.0171 d2=    0.70 thr=11.34 dtheta=0.0038
EKF_ACCEL t=1790548542.436970 FIRED   dev=0.0066 d2=    0.11 thr=11.34 dtheta=0.0052
EKF_ACCEL t=1790548542.441123 FIRED   dev=0.0170 d2=    0.71 thr=11.34 dtheta=0.0066
EKF_ACCEL t=1790548542.444993 FIRED   dev=0.0226 d2=    1.23 thr=11.34 dtheta=0.0038
  1.13   3.72   0.20  (-0.213, 0.022,-0.232)  ( 1.396,-0.233, 0.189)  ( 1.220,-0.147, 0.127)   2.399  ( -0.11, -0.12)
EKF_ACCEL t=1790548542.449031 FIRED   dev=0.0176 d2=    0.75 thr=11.34 dtheta=0.0050
EKF_ACCEL t=1790548542.452918 FIRED   dev=0.0283 d2=    1.91 thr=11.34 dtheta=0.0034
EKF_ACCEL t=1790548542.457106 FIRED   dev=0.0032 d2=    0.03 thr=11.34 dtheta=0.0059
EKF_ACCEL t=1790548542.461126 FIRED   dev=0.0307 d2=    2.27 thr=11.34 dtheta=0.0050
EKF_ACCEL t=1790548542.464913 FIRED   dev=0.0170 d2=    0.69 thr=11.34 dtheta=0.0038
EKF_ACCEL t=1790548542.469116 FIRED   dev=0.0211 d2=    1.07 thr=11.34 dtheta=0.0041
EKF_ACCEL t=1790548542.472960 FIRED   dev=0.0194 d2=    0.92 thr=11.34 dtheta=0.0069
EKF_ACCEL t=1790548542.476875 FIRED   dev=0.0217 d2=    1.13 thr=11.34 dtheta=0.0042
EKF_ACCEL t=1790548542.485896 FIRED   dev=0.0304 d2=    2.29 thr=11.34 dtheta=0.0102
EKF_ACCEL t=1790548542.490159 FIRED   dev=0.0218 d2=    1.15 thr=11.34 dtheta=0.0059
  1.17   4.25   0.20  (-0.212, 0.023,-0.226)  ( 1.293,-0.218, 0.169)  ( 1.216,-0.140, 0.132)   2.476  ( -0.11, -0.13)
EKF_ACCEL t=1790548542.493308 FIRED   dev=0.0199 d2=    0.95 thr=11.34 dtheta=0.0027
EKF_ACCEL t=1790548542.499707 FIRED   dev=0.0298 d2=    2.17 thr=11.34 dtheta=0.0077
EKF_ACCEL t=1790548542.501313 FIRED   dev=0.0262 d2=    1.63 thr=11.34 dtheta=0.0029
EKF_ACCEL t=1790548542.505432 FIRED   dev=0.0294 d2=    2.07 thr=11.34 dtheta=0.0043
EKF_ACCEL t=1790548542.511625 FIRED   dev=0.0309 d2=    2.32 thr=11.34 dtheta=0.0078
EKF_ACCEL t=1790548542.513230 FIRED   dev=0.0415 d2=    4.09 thr=11.34 dtheta=0.0023
EKF_ACCEL t=1790548542.517091 FIRED   dev=0.0337 d2=    2.71 thr=11.34 dtheta=0.0039
EKF_ACCEL t=1790548542.521443 FIRED   dev=0.0208 d2=    1.05 thr=11.34 dtheta=0.0070
EKF_ACCEL t=1790548542.525268 FIRED   dev=0.0296 d2=    2.09 thr=11.34 dtheta=0.0032
EKF_ACCEL t=1790548542.529253 FIRED   dev=0.0213 d2=    1.09 thr=11.34 dtheta=0.0046
  1.21   3.90   0.20  (-0.210, 0.021,-0.221)  ( 1.285,-0.148, 0.162)  ( 1.199,-0.123, 0.133)   2.543  ( -0.12, -0.13)
EKF_ACCEL t=1790548542.533903 FIRED   dev=0.0206 d2=    1.03 thr=11.34 dtheta=0.0059
EKF_ACCEL t=1790548542.537218 FIRED   dev=0.0250 d2=    1.50 thr=11.34 dtheta=0.0032
EKF_ACCEL t=1790548542.541203 FIRED   dev=0.0346 d2=    2.87 thr=11.34 dtheta=0.0054
EKF_ACCEL t=1790548542.545148 FIRED   dev=0.0147 d2=    0.52 thr=11.34 dtheta=0.0038
EKF_ACCEL t=1790548542.549132 FIRED   dev=0.0162 d2=    0.64 thr=11.34 dtheta=0.0047
EKF_ACCEL t=1790548542.553091 FIRED   dev=0.0096 d2=    0.23 thr=11.34 dtheta=0.0051
EKF_ACCEL t=1790548542.557119 FIRED   dev=0.0286 d2=    1.97 thr=11.34 dtheta=0.0048
EKF_ACCEL t=1790548542.561085 FIRED   dev=0.0245 d2=    1.45 thr=11.34 dtheta=0.0054
EKF_ACCEL t=1790548542.564975 FIRED   dev=0.0294 d2=    2.08 thr=11.34 dtheta=0.0045
EKF_ACCEL t=1790548542.569071 FIRED   dev=0.0138 d2=    0.46 thr=11.34 dtheta=0.0041
  1.25   4.11   0.20  (-0.208, 0.019,-0.216)  ( 1.277,-0.182, 0.155)  ( 1.179,-0.097, 0.132)   2.611  ( -0.12, -0.13)
EKF_ACCEL t=1790548542.575419 FIRED   dev=0.0172 d2=    0.73 thr=11.34 dtheta=0.0068
EKF_ACCEL t=1790548542.577413 FIRED   dev=0.0205 d2=    1.00 thr=11.34 dtheta=0.0021
EKF_ACCEL t=1790548542.581116 FIRED   dev=0.0256 d2=    1.58 thr=11.34 dtheta=0.0050
EKF_ACCEL t=1790548542.585022 FIRED   dev=0.0373 d2=    3.33 thr=11.34 dtheta=0.0040
EKF_ACCEL t=1790548542.589257 FIRED   dev=0.0112 d2=    0.31 thr=11.34 dtheta=0.0058
EKF_ACCEL t=1790548542.596453 FIRED   dev=0.0088 d2=    0.20 thr=11.34 dtheta=0.0074
EKF_ACCEL t=1790548542.597509 FIRED   dev=0.0158 d2=    0.60 thr=11.34 dtheta=0.0023
EKF_ACCEL t=1790548542.601054 FIRED   dev=0.0191 d2=    0.87 thr=11.34 dtheta=0.0029
EKF_ACCEL t=1790548542.606647 FIRED   dev=0.0179 d2=    0.80 thr=11.34 dtheta=0.0080
EKF_ACCEL t=1790548542.610374 FIRED   dev=0.0257 d2=    1.57 thr=11.34 dtheta=0.0029
  1.29   3.62   0.20  (-0.206, 0.018,-0.209)  ( 1.277,-0.158, 0.153)  ( 1.156,-0.073, 0.133)   2.682  ( -0.12, -0.13)
EKF_ACCEL t=1790548542.613867 FIRED   dev=0.0171 d2=    0.71 thr=11.34 dtheta=0.0039
EKF_ACCEL t=1790548542.617981 FIRED   dev=0.0218 d2=    1.15 thr=11.34 dtheta=0.0056
EKF_ACCEL t=1790548542.622884 FIRED   dev=0.0191 d2=    0.89 thr=11.34 dtheta=0.0051
EKF_ACCEL t=1790548542.625695 FIRED   dev=0.0151 d2=    0.55 thr=11.34 dtheta=0.0032
EKF_ACCEL t=1790548542.629242 FIRED   dev=0.0074 d2=    0.13 thr=11.34 dtheta=0.0036
EKF_ACCEL t=1790548542.633132 FIRED   dev=0.0198 d2=    0.95 thr=11.34 dtheta=0.0043
EKF_ACCEL t=1790548542.637622 FIRED   dev=0.0017 d2=    0.01 thr=11.34 dtheta=0.0054
EKF_ACCEL t=1790548542.641707 FIRED   dev=0.0125 d2=    0.38 thr=11.34 dtheta=0.0052
EKF_ACCEL t=1790548542.645293 FIRED   dev=0.0025 d2=    0.02 thr=11.34 dtheta=0.0046
EKF_ACCEL t=1790548542.649385 FIRED   dev=0.0053 d2=    0.07 thr=11.34 dtheta=0.0039
  1.33   4.29   0.20  (-0.206, 0.017,-0.204)  ( 1.288,-0.115, 0.154)  ( 1.139,-0.054, 0.134)   2.748  ( -0.12, -0.13)
EKF_ACCEL t=1790548542.653509 FIRED   dev=0.0046 d2=    0.05 thr=11.34 dtheta=0.0036
EKF_ACCEL t=1790548542.657368 FIRED   dev=0.0141 d2=    0.48 thr=11.34 dtheta=0.0045
EKF_ACCEL t=1790548542.661668 FIRED   dev=0.0100 d2=    0.25 thr=11.34 dtheta=0.0069
EKF_ACCEL t=1790548542.665626 FIRED   dev=0.0099 d2=    0.24 thr=11.34 dtheta=0.0033
EKF_ACCEL t=1790548542.669507 FIRED   dev=0.0033 d2=    0.03 thr=11.34 dtheta=0.0036
EKF_ACCEL t=1790548542.673677 FIRED   dev=0.0064 d2=    0.10 thr=11.34 dtheta=0.0051
EKF_ACCEL t=1790548542.677912 FIRED   dev=0.0122 d2=    0.36 thr=11.34 dtheta=0.0042
EKF_ACCEL t=1790548542.681738 FIRED   dev=0.0144 d2=    0.50 thr=11.34 dtheta=0.0038
EKF_ACCEL t=1790548542.685600 FIRED   dev=0.0155 d2=    0.59 thr=11.34 dtheta=0.0059
EKF_ACCEL t=1790548542.689626 FIRED   dev=0.0220 d2=    1.16 thr=11.34 dtheta=0.0035
  1.37   4.05   0.20  (-0.204, 0.015,-0.199)  ( 1.283,-0.137, 0.151)  ( 1.121,-0.031, 0.133)   2.817  ( -0.12, -0.14)
EKF_ACCEL t=1790548542.693664 FIRED   dev=0.0215 d2=    1.12 thr=11.34 dtheta=0.0044
EKF_ACCEL t=1790548542.697996 FIRED   dev=0.0060 d2=    0.09 thr=11.34 dtheta=0.0050
EKF_ACCEL t=1790548542.701915 FIRED   dev=0.0104 d2=    0.27 thr=11.34 dtheta=0.0057
EKF_ACCEL t=1790548542.706847 FIRED   dev=0.0093 d2=    0.21 thr=11.34 dtheta=0.0044
EKF_ACCEL t=1790548542.718458 FIRED   dev=0.0063 d2=    0.14 thr=11.34 dtheta=0.0125
EKF_ACCEL t=1790548542.720933 FIRED   dev=0.0267 d2=    1.70 thr=11.34 dtheta=0.0029
EKF_ACCEL t=1790548542.722453 FIRED   dev=0.0018 d2=    0.01 thr=11.34 dtheta=0.0020
EKF_ACCEL t=1790548542.723668 FIRED   dev=0.0078 d2=    0.15 thr=11.34 dtheta=0.0027
EKF_ACCEL t=1790548542.726599 FIRED   dev=0.0064 d2=    0.10 thr=11.34 dtheta=0.0037
EKF_ACCEL t=1790548542.730236 FIRED   dev=0.0057 d2=    0.08 thr=11.34 dtheta=0.0041
  1.41   3.51   0.20  (-0.203, 0.012,-0.196)  ( 1.274,-0.141, 0.152)  ( 1.108,-0.007, 0.132)   2.886  ( -0.12, -0.14)
EKF_ACCEL t=1790548542.735266 FIRED   dev=0.0046 d2=    0.06 thr=11.34 dtheta=0.0060
EKF_ACCEL t=1790548542.737688 FIRED   dev=0.0031 d2=    0.02 thr=11.34 dtheta=0.0024
EKF_ACCEL t=1790548542.741938 FIRED   dev=0.0011 d2=    0.00 thr=11.34 dtheta=0.0039
EKF_ACCEL t=1790548542.745836 FIRED   dev=0.0105 d2=    0.27 thr=11.34 dtheta=0.0054
EKF_ACCEL t=1790548542.749842 FIRED   dev=0.0011 d2=    0.00 thr=11.34 dtheta=0.0035
EKF_ACCEL t=1790548542.753627 FIRED   dev=0.0021 d2=    0.01 thr=11.34 dtheta=0.0033
EKF_ACCEL t=1790548542.757454 FIRED   dev=0.0021 d2=    0.02 thr=11.34 dtheta=0.0062
EKF_ACCEL t=1790548542.761521 FIRED   dev=0.0086 d2=    0.18 thr=11.34 dtheta=0.0038
EKF_ACCEL t=1790548542.765735 FIRED   dev=0.0107 d2=    0.28 thr=11.34 dtheta=0.0053
EKF_ACCEL t=1790548542.772615 FIRED   dev=0.0098 d2=    0.24 thr=11.34 dtheta=0.0060
  1.46   6.81   0.20  (-0.202, 0.013,-0.190)  ( 1.249,-0.144, 0.145)  ( 1.097, 0.013, 0.132)   2.958  ( -0.12, -0.14)
EKF_ACCEL t=1790548542.775092 FIRED   dev=0.0035 d2=    0.03 thr=11.34 dtheta=0.0027
EKF_ACCEL t=1790548542.777909 FIRED   dev=0.0055 d2=    0.08 thr=11.34 dtheta=0.0049
EKF_ACCEL t=1790548542.781729 FIRED   dev=0.0015 d2=    0.01 thr=11.34 dtheta=0.0036
EKF_ACCEL t=1790548542.785675 FIRED   dev=0.0010 d2=    0.01 thr=11.34 dtheta=0.0047
EKF_ACCEL t=1790548542.790169 FIRED   dev=0.0094 d2=    0.22 thr=11.34 dtheta=0.0043
EKF_ACCEL t=1790548542.794080 FIRED   dev=0.0056 d2=    0.08 thr=11.34 dtheta=0.0036
EKF_ACCEL t=1790548542.798476 FIRED   dev=0.0195 d2=    0.92 thr=11.34 dtheta=0.0056
EKF_ACCEL t=1790548542.801640 FIRED   dev=0.0018 d2=    0.01 thr=11.34 dtheta=0.0030
EKF_ACCEL t=1790548542.805919 FIRED   dev=0.0212 d2=    1.09 thr=11.34 dtheta=0.0054
EKF_ACCEL t=1790548542.809490 FIRED   dev=0.0092 d2=    0.20 thr=11.34 dtheta=0.0033
  1.49   3.47   0.20  (-0.201, 0.012,-0.185)  ( 1.268,-0.122, 0.142)  ( 1.090, 0.034, 0.129)   3.021  ( -0.12, -0.14)
EKF_ACCEL t=1790548542.814130 FIRED   dev=0.0023 d2=    0.01 thr=11.34 dtheta=0.0057
EKF_ACCEL t=1790548542.817885 FIRED   dev=0.0003 d2=    0.00 thr=11.34 dtheta=0.0042
EKF_ACCEL t=1790548542.821786 FIRED   dev=0.0026 d2=    0.02 thr=11.34 dtheta=0.0043
EKF_ACCEL t=1790548542.825774 FIRED   dev=0.0021 d2=    0.01 thr=11.34 dtheta=0.0047
EKF_ACCEL t=1790548542.829835 FIRED   dev=0.0158 d2=    0.60 thr=11.34 dtheta=0.0027
EKF_ACCEL t=1790548542.833501 FIRED   dev=0.0065 d2=    0.11 thr=11.34 dtheta=0.0050
EKF_ACCEL t=1790548542.837837 FIRED   dev=0.0045 d2=    0.05 thr=11.34 dtheta=0.0053
EKF_ACCEL t=1790548542.841624 FIRED   dev=0.0090 d2=    0.20 thr=11.34 dtheta=0.0043
EKF_ACCEL t=1790548542.846156 FIRED   dev=0.0057 d2=    0.08 thr=11.34 dtheta=0.0039
EKF_ACCEL t=1790548542.849219 FIRED   dev=0.0070 d2=    0.12 thr=11.34 dtheta=0.0041
  1.53   2.90   0.20  (-0.200, 0.010,-0.180)  ( 1.277,-0.109, 0.142)  ( 1.080, 0.051, 0.131)   3.089  ( -0.12, -0.14)
EKF_ACCEL t=1790548542.853493 FIRED   dev=0.0148 d2=    0.53 thr=11.34 dtheta=0.0049
EKF_ACCEL t=1790548542.857501 FIRED   dev=0.0137 d2=    0.45 thr=11.34 dtheta=0.0034
EKF_ACCEL t=1790548542.863812 FIRED   dev=0.0033 d2=    0.04 thr=11.34 dtheta=0.0080
EKF_ACCEL t=1790548542.866775 FIRED   dev=0.0026 d2=    0.02 thr=11.34 dtheta=0.0030
EKF_ACCEL t=1790548542.869662 FIRED   dev=0.0074 d2=    0.13 thr=11.34 dtheta=0.0030
EKF_ACCEL t=1790548542.873829 FIRED   dev=0.0106 d2=    0.28 thr=11.34 dtheta=0.0048
EKF_ACCEL t=1790548542.879381 FIRED   dev=0.0059 d2=    0.08 thr=11.34 dtheta=0.0057
EKF_ACCEL t=1790548542.881473 FIRED   dev=0.0078 d2=    0.15 thr=11.34 dtheta=0.0028
EKF_ACCEL t=1790548542.885264 FIRED   dev=0.0003 d2=    0.00 thr=11.34 dtheta=0.0039
EKF_ACCEL t=1790548542.889292 FIRED   dev=0.0021 d2=    0.01 thr=11.34 dtheta=0.0071
  1.57   3.57   0.20  (-0.201, 0.008,-0.173)  ( 1.266,-0.061, 0.144)  ( 1.075, 0.073, 0.131)   3.157  ( -0.12, -0.15)
EKF_ACCEL t=1790548542.893625 FIRED   dev=0.0119 d2=    0.34 thr=11.34 dtheta=0.0038
EKF_ACCEL t=1790548542.897203 FIRED   dev=0.0060 d2=    0.09 thr=11.34 dtheta=0.0042
EKF_ACCEL t=1790548542.901386 FIRED   dev=0.0017 d2=    0.01 thr=11.34 dtheta=0.0053
EKF_ACCEL t=1790548542.905649 FIRED   dev=0.0013 d2=    0.01 thr=11.34 dtheta=0.0046
EKF_ACCEL t=1790548542.909665 FIRED   dev=0.0021 d2=    0.01 thr=11.34 dtheta=0.0040
EKF_ACCEL t=1790548542.913810 FIRED   dev=0.0054 d2=    0.07 thr=11.34 dtheta=0.0037
EKF_ACCEL t=1790548542.917574 FIRED   dev=0.0087 d2=    0.19 thr=11.34 dtheta=0.0053
EKF_ACCEL t=1790548542.921810 FIRED   dev=0.0008 d2=    0.00 thr=11.34 dtheta=0.0050
EKF_ACCEL t=1790548542.925884 FIRED   dev=0.0052 d2=    0.06 thr=11.34 dtheta=0.0034
EKF_ACCEL t=1790548542.929576 FIRED   dev=0.0078 d2=    0.14 thr=11.34 dtheta=0.0044
  1.61   3.28   0.20  (-0.200, 0.006,-0.170)  ( 1.300,-0.106, 0.137)  ( 1.073, 0.096, 0.126)   3.226  ( -0.12, -0.15)
EKF_ACCEL t=1790548542.934054 FIRED   dev=0.0112 d2=    0.31 thr=11.34 dtheta=0.0040
EKF_ACCEL t=1790548542.937391 FIRED   dev=0.0007 d2=    0.00 thr=11.34 dtheta=0.0045
EKF_ACCEL t=1790548542.942031 FIRED   dev=0.0146 d2=    0.52 thr=11.34 dtheta=0.0062
EKF_ACCEL t=1790548542.945743 FIRED   dev=0.0051 d2=    0.06 thr=11.34 dtheta=0.0045
EKF_ACCEL t=1790548542.949749 FIRED   dev=0.0072 d2=    0.12 thr=11.34 dtheta=0.0049
EKF_ACCEL t=1790548542.953595 FIRED   dev=0.0089 d2=    0.18 thr=11.34 dtheta=0.0053
EKF_ACCEL t=1790548542.966717 FIRED   dev=0.0001 d2=    0.02 thr=11.34 dtheta=0.0136
EKF_ACCEL t=1790548542.967794 FIRED   dev=0.0010 d2=    0.00 thr=11.34 dtheta=0.0025
EKF_ACCEL t=1790548542.971659 FIRED   dev=0.0016 d2=    0.01 thr=11.34 dtheta=0.0045
EKF_ACCEL t=1790548542.975299 FIRED   dev=0.0045 d2=    0.05 thr=11.34 dtheta=0.0043
  1.66   3.15   0.20  (-0.201, 0.005,-0.164)  ( 1.315,-0.072, 0.142)  ( 1.070, 0.114, 0.128)   3.304  ( -0.12, -0.15)
EKF_ACCEL t=1790548542.979081 FIRED   dev=0.0036 d2=    0.04 thr=11.34 dtheta=0.0046
EKF_ACCEL t=1790548542.982661 FIRED   dev=0.0128 d2=    0.39 thr=11.34 dtheta=0.0027
EKF_ACCEL t=1790548542.987238 FIRED   dev=0.0006 d2=    0.00 thr=11.34 dtheta=0.0057
EKF_ACCEL t=1790548542.990869 FIRED   dev=0.0037 d2=    0.03 thr=11.34 dtheta=0.0030
EKF_ACCEL t=1790548542.994838 FIRED   dev=0.0056 d2=    0.07 thr=11.34 dtheta=0.0054
EKF_ACCEL t=1790548542.998842 FIRED   dev=0.0097 d2=    0.23 thr=11.34 dtheta=0.0044
EKF_ACCEL t=1790548543.002777 FIRED   dev=0.0030 d2=    0.03 thr=11.34 dtheta=0.0057
EKF_ACCEL t=1790548543.006736 FIRED   dev=0.0057 d2=    0.08 thr=11.34 dtheta=0.0031
EKF_ACCEL t=1790548543.010960 FIRED   dev=0.0040 d2=    0.04 thr=11.34 dtheta=0.0044
EKF_ACCEL t=1790548543.017471 FIRED   dev=0.0025 d2=    0.03 thr=11.34 dtheta=0.0082
  1.70   6.56   0.20  (-0.201, 0.002,-0.161)  ( 1.332,-0.064, 0.142)  ( 1.078, 0.135, 0.125)   3.376  ( -0.12, -0.15)
EKF_ACCEL t=1790548543.018834 FIRED   dev=0.0007 d2=    0.00 thr=11.34 dtheta=0.0005
EKF_ACCEL t=1790548543.022773 FIRED   dev=0.0038 d2=    0.03 thr=11.34 dtheta=0.0069
EKF_ACCEL t=1790548543.026784 FIRED   dev=0.0085 d2=    0.18 thr=11.34 dtheta=0.0038
EKF_ACCEL t=1790548543.030852 FIRED   dev=0.0046 d2=    0.05 thr=11.34 dtheta=0.0041
EKF_ACCEL t=1790548543.034837 FIRED   dev=0.0077 d2=    0.14 thr=11.34 dtheta=0.0040
EKF_ACCEL t=1790548543.039267 FIRED   dev=0.0065 d2=    0.10 thr=11.34 dtheta=0.0044
EKF_ACCEL t=1790548543.043053 FIRED   dev=0.0061 d2=    0.09 thr=11.34 dtheta=0.0051
EKF_ACCEL t=1790548543.046933 FIRED   dev=0.0089 d2=    0.19 thr=11.34 dtheta=0.0046
EKF_ACCEL t=1790548543.050759 FIRED   dev=0.0056 d2=    0.07 thr=11.34 dtheta=0.0043
EKF_ACCEL t=1790548543.054833 FIRED   dev=0.0014 d2=    0.01 thr=11.34 dtheta=0.0061
  1.74   3.97   0.20  (-0.202, 0.002,-0.157)  ( 1.345,-0.091, 0.131)  ( 1.086, 0.154, 0.124)   3.440  ( -0.12, -0.15)
EKF_ACCEL t=1790548543.059132 FIRED   dev=0.0176 d2=    0.75 thr=11.34 dtheta=0.0047
EKF_ACCEL t=1790548543.063216 FIRED   dev=0.0053 d2=    0.07 thr=11.34 dtheta=0.0044
EKF_ACCEL t=1790548543.067884 FIRED   dev=0.0043 d2=    0.05 thr=11.34 dtheta=0.0062
EKF_ACCEL t=1790548543.071298 FIRED   dev=0.0065 d2=    0.10 thr=11.34 dtheta=0.0036
EKF_ACCEL t=1790548543.074897 FIRED   dev=0.0018 d2=    0.01 thr=11.34 dtheta=0.0041
EKF_ACCEL t=1790548543.079098 FIRED   dev=0.0063 d2=    0.09 thr=11.34 dtheta=0.0049
EKF_ACCEL t=1790548543.082829 FIRED   dev=0.0001 d2=    0.00 thr=11.34 dtheta=0.0049
EKF_ACCEL t=1790548543.090766 FIRED   dev=0.0113 d2=    0.29 thr=11.34 dtheta=0.0091
EKF_ACCEL t=1790548543.092271 FIRED   dev=0.0009 d2=    0.00 thr=11.34 dtheta=0.0018
EKF_ACCEL t=1790548543.095306 FIRED   dev=0.0015 d2=    0.01 thr=11.34 dtheta=0.0038
  1.78   3.21   0.20  (-0.202,-0.002,-0.154)  ( 1.352,-0.062, 0.133)  ( 1.095, 0.174, 0.124)   3.509  ( -0.12, -0.16)
EKF_ACCEL t=1790548543.099459 FIRED   dev=0.0037 d2=    0.04 thr=11.34 dtheta=0.0048
EKF_ACCEL t=1790548543.103070 FIRED   dev=0.0096 d2=    0.22 thr=11.34 dtheta=0.0046
EKF_ACCEL t=1790548543.107851 FIRED   dev=0.0042 d2=    0.04 thr=11.34 dtheta=0.0059
EKF_ACCEL t=1790548543.111708 FIRED   dev=0.0029 d2=    0.02 thr=11.34 dtheta=0.0047
EKF_ACCEL t=1790548543.117681 FIRED   dev=0.0011 d2=    0.01 thr=11.34 dtheta=0.0067
EKF_ACCEL t=1790548543.119004 FIRED   dev=0.0080 d2=    0.15 thr=11.34 dtheta=0.0030
EKF_ACCEL t=1790548543.123663 FIRED   dev=0.0070 d2=    0.12 thr=11.34 dtheta=0.0051
EKF_ACCEL t=1790548543.126884 FIRED   dev=0.0129 d2=    0.39 thr=11.34 dtheta=0.0030
EKF_ACCEL t=1790548543.131499 FIRED   dev=0.0005 d2=    0.00 thr=11.34 dtheta=0.0058
EKF_ACCEL t=1790548543.135245 FIRED   dev=0.0068 d2=    0.11 thr=11.34 dtheta=0.0050
  1.82   3.54   0.20  (-0.204,-0.005,-0.151)  ( 1.368,-0.064, 0.134)  ( 1.108, 0.198, 0.123)   3.577  ( -0.12, -0.16)
EKF_ACCEL t=1790548543.139252 FIRED   dev=0.0039 d2=    0.04 thr=11.34 dtheta=0.0048
EKF_ACCEL t=1790548543.142908 FIRED   dev=0.0029 d2=    0.02 thr=11.34 dtheta=0.0036
EKF_ACCEL t=1790548543.146938 FIRED   dev=0.0075 d2=    0.13 thr=11.34 dtheta=0.0061
EKF_ACCEL t=1790548543.151302 FIRED   dev=0.0063 d2=    0.09 thr=11.34 dtheta=0.0048
EKF_ACCEL t=1790548543.155121 FIRED   dev=0.0199 d2=    0.94 thr=11.34 dtheta=0.0040
EKF_ACCEL t=1790548543.159388 FIRED   dev=0.0096 d2=    0.21 thr=11.34 dtheta=0.0073
EKF_ACCEL t=1790548543.162672 FIRED   dev=0.0068 d2=    0.11 thr=11.34 dtheta=0.0030
EKF_ACCEL t=1790548543.166811 FIRED   dev=0.0126 d2=    0.37 thr=11.34 dtheta=0.0063
EKF_ACCEL t=1790548543.170584 FIRED   dev=0.0102 d2=    0.24 thr=11.34 dtheta=0.0049
EKF_ACCEL t=1790548543.174859 FIRED   dev=0.0233 d2=    1.28 thr=11.34 dtheta=0.0041
  1.86   4.36   0.20  (-0.205,-0.006,-0.149)  ( 1.402,-0.052, 0.145)  ( 1.127, 0.218, 0.122)   3.644  ( -0.12, -0.16)
EKF_ACCEL t=1790548543.179002 FIRED   dev=0.0113 d2=    0.30 thr=11.34 dtheta=0.0049
EKF_ACCEL t=1790548543.190779 FIRED   dev=0.0000 d2=    0.02 thr=11.34 dtheta=0.0137
EKF_ACCEL t=1790548543.193711 FIRED   dev=0.0007 d2=    0.00 thr=11.34 dtheta=0.0045
EKF_ACCEL t=1790548543.197849 FIRED   dev=0.0008 d2=    0.00 thr=11.34 dtheta=0.0055
EKF_ACCEL t=1790548543.201337 FIRED   dev=0.0161 d2=    0.61 thr=11.34 dtheta=0.0038
EKF_ACCEL t=1790548543.206064 FIRED   dev=0.0110 d2=    0.28 thr=11.34 dtheta=0.0070
EKF_ACCEL t=1790548543.209451 FIRED   dev=0.0073 d2=    0.13 thr=11.34 dtheta=0.0040
EKF_ACCEL t=1790548543.213537 FIRED   dev=0.0023 d2=    0.01 thr=11.34 dtheta=0.0057
EKF_ACCEL t=1790548543.217478 FIRED   dev=0.0008 d2=    0.00 thr=11.34 dtheta=0.0052
EKF_ACCEL t=1790548543.221470 FIRED   dev=0.0241 d2=    1.37 thr=11.34 dtheta=0.0051
  1.90   4.14   0.20  (-0.207,-0.007,-0.146)  ( 1.396,-0.051, 0.139)  ( 1.148, 0.237, 0.119)   3.723  ( -0.12, -0.16)
EKF_ACCEL t=1790548543.225260 FIRED   dev=0.0176 d2=    0.72 thr=11.34 dtheta=0.0070
EKF_ACCEL t=1790548543.229178 FIRED   dev=0.0037 d2=    0.03 thr=11.34 dtheta=0.0020
EKF_ACCEL t=1790548543.233662 FIRED   dev=0.0069 d2=    0.11 thr=11.34 dtheta=0.0067
EKF_ACCEL t=1790548543.238930 FIRED   dev=0.0081 d2=    0.15 thr=11.34 dtheta=0.0061
EKF_ACCEL t=1790548543.241507 FIRED   dev=0.0171 d2=    0.69 thr=11.34 dtheta=0.0041
EKF_ACCEL t=1790548543.245618 FIRED   dev=0.0198 d2=    0.93 thr=11.34 dtheta=0.0054
EKF_ACCEL t=1790548543.249438 FIRED   dev=0.0026 d2=    0.02 thr=11.34 dtheta=0.0047
EKF_ACCEL t=1790548543.253793 FIRED   dev=0.0108 d2=    0.27 thr=11.34 dtheta=0.0065
EKF_ACCEL t=1790548543.257577 FIRED   dev=0.0160 d2=    0.60 thr=11.34 dtheta=0.0050
EKF_ACCEL t=1790548543.261431 FIRED   dev=0.0077 d2=    0.14 thr=11.34 dtheta=0.0053
  1.94   3.47   0.20  (-0.209,-0.009,-0.146)  ( 1.403,-0.047, 0.141)  ( 1.177, 0.260, 0.120)   3.791  ( -0.12, -0.17)
EKF_ACCEL t=1790548543.265419 FIRED   dev=0.0168 d2=    0.66 thr=11.34 dtheta=0.0052
EKF_ACCEL t=1790548543.272086 FIRED   dev=0.0016 d2=    0.02 thr=11.34 dtheta=0.0100
EKF_ACCEL t=1790548543.273484 FIRED   dev=0.0042 d2=    0.04 thr=11.34 dtheta=0.0017
EKF_ACCEL t=1790548543.277475 FIRED   dev=0.0050 d2=    0.06 thr=11.34 dtheta=0.0040
EKF_ACCEL t=1790548543.281221 FIRED   dev=0.0097 d2=    0.22 thr=11.34 dtheta=0.0061
EKF_ACCEL t=1790548543.285661 FIRED   dev=0.0232 d2=    1.27 thr=11.34 dtheta=0.0039
EKF_ACCEL t=1790548543.289561 FIRED   dev=0.0013 d2=    0.01 thr=11.34 dtheta=0.0072
EKF_ACCEL t=1790548543.293277 FIRED   dev=0.0050 d2=    0.06 thr=11.34 dtheta=0.0043
EKF_ACCEL t=1790548543.297522 FIRED   dev=0.0206 d2=    0.99 thr=11.34 dtheta=0.0074
EKF_ACCEL t=1790548543.301609 FIRED   dev=0.0164 d2=    0.63 thr=11.34 dtheta=0.0056
  1.98   3.95   0.20  (-0.214,-0.012,-0.142)  ( 1.457,-0.019, 0.136)  ( 1.205, 0.278, 0.121)   3.860  ( -0.12, -0.17)
EKF_ACCEL t=1790548543.305546 FIRED   dev=0.0145 d2=    0.49 thr=11.34 dtheta=0.0036
EKF_ACCEL t=1790548543.309366 FIRED   dev=0.0077 d2=    0.14 thr=11.34 dtheta=0.0063
EKF_ACCEL t=1790548543.313021 FIRED   dev=0.0167 d2=    0.66 thr=11.34 dtheta=0.0049
EKF_ACCEL t=1790548543.317500 FIRED   dev=0.0051 d2=    0.06 thr=11.34 dtheta=0.0067
EKF_ACCEL t=1790548543.321743 FIRED   dev=0.0154 d2=    0.56 thr=11.34 dtheta=0.0058
EKF_ACCEL t=1790548543.326228 REJECTED dev=0.1061 d2=   26.69 thr=11.34
EKF_ACCEL t=1790548543.329313 REJECTED dev=0.1767 d2=   73.77 thr=11.34
EKF_ACCEL t=1790548543.333186 REJECTED dev=0.2013 d2=   94.91 thr=11.34
EKF_ACCEL t=1790548543.337634 REJECTED dev=0.2105 d2=  102.48 thr=11.34
EKF_ACCEL t=1790548543.341526 REJECTED dev=0.1777 d2=   71.65 thr=11.34
  2.02   3.93   0.00  (-0.192,-0.006,-0.140)  (-1.493, 0.041, 0.138)  ( 1.034, 0.317, 0.124)   3.928  ( -0.12, -0.17)
EKF_ACCEL t=1790548543.345596 REJECTED dev=0.1709 d2=   65.26 thr=11.34
EKF_ACCEL t=1790548543.349112 REJECTED dev=0.1471 d2=   46.68 thr=11.34
EKF_ACCEL t=1790548543.353091 REJECTED dev=0.1458 d2=   44.26 thr=11.34
EKF_ACCEL t=1790548543.357467 FIRED   dev=0.1458 d2=    1.29 thr=11.34 dtheta=0.1636
EKF_ACCEL t=1790548543.361834 REJECTED dev=1.8244 d2= 3985.34 thr=11.34
EKF_ACCEL t=1790548543.365664 REJECTED dev=2.1660 d2= 4602.03 thr=11.34
EKF_ACCEL t=1790548543.369188 REJECTED dev=2.4476 d2= 3700.28 thr=11.34
EKF_ACCEL t=1790548543.373322 REJECTED dev=2.6460 d2= 1696.89 thr=11.34
EKF_ACCEL t=1790548543.377476 REJECTED dev=2.7775 d2=  279.28 thr=11.34
EKF_ACCEL t=1790548543.382151 REJECTED dev=2.8915 d2=  151.08 thr=11.34
  2.07   4.62   0.00  ( 0.462,-0.013, 0.748)  (-3.000,-3.000,-2.864)  (26.776,10.378,28.841)   3.998  ( -0.16, -0.27)
EKF_ACCEL t=1790548543.391438 REJECTED dev=2.9477 d2= 4088.50 thr=11.34
EKF_ACCEL t=1790548543.393610 REJECTED dev=3.0102 d2= 6992.38 thr=11.34
EKF_ACCEL t=1790548543.397302 REJECTED dev=3.0259 d2=10532.97 thr=11.34
EKF_ACCEL t=1790548543.401472 REJECTED dev=3.0138 d2=14616.54 thr=11.34
EKF_ACCEL t=1790548543.405821 REJECTED dev=3.0058 d2=18628.36 thr=11.34
EKF_ACCEL t=1790548543.409150 REJECTED dev=2.9637 d2=21616.20 thr=11.34
EKF_ACCEL t=1790548543.413279 REJECTED dev=2.9359 d2=23851.05 thr=11.34
EKF_ACCEL t=1790548543.417248 REJECTED dev=2.9545 d2=24612.95 thr=11.34
EKF_ACCEL t=1790548543.422542 REJECTED dev=3.0083 d2=23844.29 thr=11.34
EKF_ACCEL t=1790548543.425467 REJECTED dev=3.0969 d2=22335.20 thr=11.34
  2.11   3.01   0.00  ( 0.916,-0.293, 2.311)  (-3.000,-3.000,-3.000)  ( 3.576,28.243,28.282)   4.067  (  0.27, -0.45)
EKF_ACCEL t=1790548543.429392 REJECTED dev=3.1982 d2=19543.65 thr=11.34
EKF_ACCEL t=1790548543.433189 REJECTED dev=3.2554 d2=16437.89 thr=11.34
EKF_ACCEL t=1790548543.437304 REJECTED dev=3.2844 d2=12924.31 thr=11.34
EKF_ACCEL t=1790548543.441094 REJECTED dev=3.2695 d2= 9558.13 thr=11.34
EKF_ACCEL t=1790548543.445393 REJECTED dev=3.2643 d2= 6035.43 thr=11.34
EKF_ACCEL t=1790548543.449368 REJECTED dev=3.2338 d2= 3289.95 thr=11.34
EKF_ACCEL t=1790548543.453198 REJECTED dev=3.1991 d2= 1246.89 thr=11.34
EKF_ACCEL t=1790548543.457407 REJECTED dev=3.1981 d2=   67.65 thr=11.34
EKF_ACCEL t=1790548543.461746 REJECTED dev=3.1603 d2=  475.99 thr=11.34
EKF_ACCEL t=1790548543.465729 REJECTED dev=3.1485 d2= 2552.82 thr=11.34
  2.15   3.86   0.00  ( 0.110,-0.042,-2.448)  ( 3.000, 3.000, 3.000)  (-20.694,19.424,27.823)   4.123  (  0.37, -0.10)
EKF_ACCEL t=1790548543.469186 REJECTED dev=3.1361 d2= 5301.96 thr=11.34
EKF_ACCEL t=1790548543.473418 REJECTED dev=3.1234 d2= 7867.35 thr=11.34
EKF_ACCEL t=1790548543.477349 REJECTED dev=3.1142 d2= 7509.38 thr=11.34
EKF_ACCEL t=1790548543.481312 REJECTED dev=3.1368 d2= 5390.79 thr=11.34
EKF_ACCEL t=1790548543.485228 REJECTED dev=3.1418 d2= 2929.92 thr=11.34
EKF_ACCEL t=1790548543.491300 REJECTED dev=3.1696 d2=  619.30 thr=11.34
EKF_ACCEL t=1790548543.493424 REJECTED dev=3.1849 d2=  159.30 thr=11.34
EKF_ACCEL t=1790548543.497814 REJECTED dev=3.1396 d2=   62.09 thr=11.34
EKF_ACCEL t=1790548543.501358 REJECTED dev=3.0685 d2=  559.04 thr=11.34
EKF_ACCEL t=1790548543.505641 REJECTED dev=2.9800 d2= 1563.06 thr=11.34
  2.19   4.46   0.00  (-0.680, 0.548,-1.400)  ( 3.000,-3.000, 0.242)  (-27.748,-4.818,27.341)   4.178  (  0.33, -0.29)
EKF_ACCEL t=1790548543.511001 REJECTED dev=2.8723 d2= 3092.09 thr=11.34
EKF_ACCEL t=1790548543.513425 REJECTED dev=2.7435 d2= 4028.29 thr=11.34
EKF_ACCEL t=1790548543.517310 REJECTED dev=2.6029 d2= 5158.27 thr=11.34
EKF_ACCEL t=1790548543.521480 REJECTED dev=2.4659 d2= 6112.03 thr=11.34
EKF_ACCEL t=1790548543.525425 REJECTED dev=2.3330 d2= 6661.48 thr=11.34
EKF_ACCEL t=1790548543.529164 REJECTED dev=2.1616 d2= 6905.54 thr=11.34
EKF_ACCEL t=1790548543.533573 REJECTED dev=2.0203 d2= 6727.41 thr=11.34
EKF_ACCEL t=1790548543.540676 REJECTED dev=1.8983 d2= 5747.72 thr=11.34
EKF_ACCEL t=1790548543.542509 REJECTED dev=1.7584 d2= 5384.85 thr=11.34
EKF_ACCEL t=1790548543.545902 REJECTED dev=1.6343 d2= 4541.31 thr=11.34
  2.23   3.20   0.00  (-0.625,-0.094, 0.223)  ( 3.000, 3.000,-3.000)  (-12.901,-24.008,26.874)   4.248  (  0.17, -0.41)
EKF_ACCEL t=1790548543.549517 REJECTED dev=1.5594 d2=  201.47 thr=11.34
EKF_ACCEL t=1790548543.553713 REJECTED dev=1.6088 d2=  701.29 thr=11.34
EKF_ACCEL t=1790548543.557520 REJECTED dev=1.6893 d2= 1357.14 thr=11.34
EKF_ACCEL t=1790548543.561407 REJECTED dev=1.7826 d2= 2069.03 thr=11.34
EKF_ACCEL t=1790548543.565430 REJECTED dev=1.8618 d2= 2802.78 thr=11.34
EKF_ACCEL t=1790548543.569262 REJECTED dev=1.9189 d2= 3487.31 thr=11.34
EKF_ACCEL t=1790548543.573011 REJECTED dev=1.9411 d2= 4024.84 thr=11.34
EKF_ACCEL t=1790548543.577097 REJECTED dev=1.9519 d2= 4293.78 thr=11.34
EKF_ACCEL t=1790548543.581065 REJECTED dev=1.9367 d2= 4308.38 thr=11.34
EKF_ACCEL t=1790548543.585212 REJECTED dev=1.9404 d2= 4011.59 thr=11.34
  2.27   4.12   0.00  (-0.774,-0.085, 1.691)  ( 0.742, 3.000,-3.000)  (10.573,-24.456,26.428)   4.309  ( -0.07, -0.27)
EKF_ACCEL t=1790548543.589129 REJECTED dev=1.9434 d2= 3396.04 thr=11.34
EKF_ACCEL t=1790548543.593313 REJECTED dev=1.9332 d2= 2628.01 thr=11.34
EKF_ACCEL t=1790548543.597529 REJECTED dev=1.9399 d2= 1007.92 thr=11.34
EKF_ACCEL t=1790548543.601161 REJECTED dev=1.9357 d2=  195.57 thr=11.34
EKF_ACCEL t=1790548543.605327 REJECTED dev=1.9310 d2=   37.59 thr=11.34
EKF_ACCEL t=1790548543.609193 REJECTED dev=1.9319 d2=  385.22 thr=11.34
EKF_ACCEL t=1790548543.613623 REJECTED dev=1.9461 d2=  973.94 thr=11.34
EKF_ACCEL t=1790548543.625696 REJECTED dev=2.0541 d2=  568.97 thr=11.34
EKF_ACCEL t=1790548543.626260 REJECTED dev=2.0795 d2=  459.76 thr=11.34
EKF_ACCEL t=1790548543.629686 REJECTED dev=2.0986 d2=   39.87 thr=11.34
  2.31   3.72   0.00  ( 0.633, 0.254, 1.955)  (-3.000,-3.000,-3.000)  (25.331,-4.786,25.824)   4.379  ( -0.12,  1.24)
EKF_ACCEL t=1790548543.633360 REJECTED dev=2.1114 d2=  206.43 thr=11.34
EKF_ACCEL t=1790548543.637356 REJECTED dev=2.0723 d2= 1623.33 thr=11.34
EKF_ACCEL t=1790548543.641990 REJECTED dev=2.0401 d2= 4986.94 thr=11.34
EKF_ACCEL t=1790548543.645482 REJECTED dev=1.9996 d2= 9044.25 thr=11.34
EKF_ACCEL t=1790548543.649247 REJECTED dev=1.9614 d2=14401.71 thr=11.34
EKF_ACCEL t=1790548543.653124 REJECTED dev=1.9386 d2=20534.45 thr=11.34
EKF_ACCEL t=1790548543.657281 REJECTED dev=1.9113 d2=27140.82 thr=11.34
EKF_ACCEL t=1790548543.661327 REJECTED dev=1.8760 d2=32812.85 thr=11.34
EKF_ACCEL t=1790548543.665107 REJECTED dev=1.8550 d2=36829.19 thr=11.34
EKF_ACCEL t=1790548543.669201 REJECTED dev=1.8628 d2=39143.40 thr=11.34
  2.35   4.09   0.00  ( 1.465,-0.562, 2.672)  (-3.000,-3.000,-1.699)  (19.594,15.614,25.385)   4.435  (  0.24,  1.43)
EKF_ACCEL t=1790548543.673865 REJECTED dev=1.8714 d2=39169.26 thr=11.34
EKF_ACCEL t=1790548543.677362 REJECTED dev=1.8807 d2=37890.27 thr=11.34
EKF_ACCEL t=1790548543.681261 REJECTED dev=1.9053 d2=35123.67 thr=11.34
EKF_ACCEL t=1790548543.685218 REJECTED dev=1.9432 d2=31358.64 thr=11.34
EKF_ACCEL t=1790548543.689125 REJECTED dev=2.1037 d2=27065.03 thr=11.34
EKF_ACCEL t=1790548543.693593 REJECTED dev=2.2623 d2=21944.75 thr=11.34
EKF_ACCEL t=1790548543.697314 REJECTED dev=2.4472 d2=17649.76 thr=11.34
EKF_ACCEL t=1790548543.701027 REJECTED dev=2.6288 d2=13550.54 thr=11.34
EKF_ACCEL t=1790548543.705422 REJECTED dev=2.7890 d2= 9363.60 thr=11.34
EKF_ACCEL t=1790548543.709327 REJECTED dev=2.8902 d2= 6095.11 thr=11.34
  2.39   3.91   0.00  ( 0.182,-0.986,-1.578)  ( 3.000, 3.000, 3.000)  ( 1.005,24.479,24.955)   4.475  (  0.18,  1.86)
EKF_ACCEL t=1790548543.713380 REJECTED dev=2.9631 d2= 3403.22 thr=11.34
EKF_ACCEL t=1790548543.717351 REJECTED dev=3.0141 d2= 1432.53 thr=11.34
EKF_ACCEL t=1790548543.721717 REJECTED dev=3.0516 d2=  188.22 thr=11.34
EKF_ACCEL t=1790548543.725774 REJECTED dev=3.0519 d2=  118.25 thr=11.34
EKF_ACCEL t=1790548543.729231 REJECTED dev=3.0494 d2= 1155.45 thr=11.34
EKF_ACCEL t=1790548543.733190 REJECTED dev=3.0455 d2= 3831.01 thr=11.34
EKF_ACCEL t=1790548543.737192 REJECTED dev=3.0200 d2= 7679.57 thr=11.34
EKF_ACCEL t=1790548543.741633 REJECTED dev=2.9769 d2=10453.58 thr=11.34
EKF_ACCEL t=1790548543.745317 REJECTED dev=2.9448 d2= 9407.75 thr=11.34
EKF_ACCEL t=1790548543.749047 REJECTED dev=2.8914 d2= 6163.04 thr=11.34
  2.43   3.66   0.00  (-0.660, 0.112,-0.716)  ( 3.000,-3.000, 0.233)  (-16.587,17.125,24.483)   4.507  (  0.04,  2.02)
EKF_ACCEL t=1790548543.753002 REJECTED dev=2.8351 d2= 2895.09 thr=11.34
EKF_ACCEL t=1790548543.757321 REJECTED dev=2.7644 d2=  743.71 thr=11.34
EKF_ACCEL t=1790548543.761575 FIRED   dev=2.6975 d2=    9.83 thr=11.34 dtheta=0.8057
EKF_ACCEL t=1790548543.770432 REJECTED dev=2.6217 d2= 5622.90 thr=11.34
EKF_ACCEL t=1790548543.772177 REJECTED dev=2.5504 d2= 4023.29 thr=11.34
EKF_ACCEL t=1790548543.773643 REJECTED dev=2.4728 d2= 2679.74 thr=11.34
EKF_ACCEL t=1790548543.778177 REJECTED dev=2.3688 d2=  486.63 thr=11.34
EKF_ACCEL t=1790548543.781301 FIRED   dev=2.3489 d2=    7.41 thr=11.34 dtheta=0.8448
EKF_ACCEL t=1790548543.785596 REJECTED dev=2.3036 d2= 8483.66 thr=11.34
EKF_ACCEL t=1790548543.789776 REJECTED dev=2.2034 d2= 6014.30 thr=11.34
  2.47   4.13   0.00  (-0.486, 0.019,-0.256)  (-2.719,-2.024,-0.087)  (-22.877,-0.632,23.939)   4.568  ( -0.12,  1.81)
EKF_ACCEL t=1790548543.794307 REJECTED dev=2.2034 d2= 3077.21 thr=11.34
EKF_ACCEL t=1790548543.797145 REJECTED dev=3.9232 d2= 5049.18 thr=11.34
EKF_ACCEL t=1790548543.801266 REJECTED dev=4.0291 d2=  712.94 thr=11.34
EKF_ACCEL t=1790548543.805732 REJECTED dev=4.0995 d2=  481.35 thr=11.34
EKF_ACCEL t=1790548543.809459 REJECTED dev=4.0769 d2= 3802.86 thr=11.34
EKF_ACCEL t=1790548543.813933 REJECTED dev=4.0047 d2=11020.94 thr=11.34
EKF_ACCEL t=1790548543.817875 REJECTED dev=3.9193 d2=19680.97 thr=11.34
EKF_ACCEL t=1790548543.822053 REJECTED dev=3.8308 d2=30163.66 thr=11.34
EKF_ACCEL t=1790548543.825699 REJECTED dev=3.7519 d2=39842.65 thr=11.34
EKF_ACCEL t=1790548543.829829 REJECTED dev=3.6594 d2=50027.12 thr=11.34
  2.51   4.11   0.00  (-1.841,-0.490,-0.777)  ( 3.000,-3.000, 1.664)  (-33.790,15.951,-15.436)   4.611  ( -0.01,  2.22)
EKF_ACCEL t=1790548543.837053 REJECTED dev=3.5679 d2=63518.41 thr=11.34
EKF_ACCEL t=1790548543.839502 REJECTED dev=3.4810 d2=67250.77 thr=11.34
EKF_ACCEL t=1790548543.845189 REJECTED dev=3.4066 d2=70646.15 thr=11.34
EKF_ACCEL t=1790548543.847649 REJECTED dev=3.3238 d2=70734.36 thr=11.34
EKF_ACCEL t=1790548543.849416 REJECTED dev=3.2442 d2=70075.29 thr=11.34
EKF_ACCEL t=1790548543.853429 REJECTED dev=3.1764 d2=66396.85 thr=11.34
EKF_ACCEL t=1790548543.857253 REJECTED dev=3.1031 d2=61326.31 thr=11.34
EKF_ACCEL t=1790548543.861346 REJECTED dev=3.0537 d2=55107.92 thr=11.34
EKF_ACCEL t=1790548543.865752 REJECTED dev=2.9958 d2=47773.74 thr=11.34
EKF_ACCEL t=1790548543.869301 REJECTED dev=2.9412 d2=41797.70 thr=11.34
  2.55   3.52   0.00  (-1.761,-1.524,-2.060)  (-3.000, 3.000,-3.000)  (-21.178,29.088,-15.087)   4.633  (  0.38,  2.28)
EKF_ACCEL t=1790548543.873398 REJECTED dev=2.8802 d2=35010.68 thr=11.34
EKF_ACCEL t=1790548543.877343 REJECTED dev=2.7967 d2=28778.19 thr=11.34
EKF_ACCEL t=1790548543.881493 REJECTED dev=2.7743 d2=22619.96 thr=11.34
EKF_ACCEL t=1790548543.885287 REJECTED dev=2.8164 d2=17286.83 thr=11.34
EKF_ACCEL t=1790548543.889356 REJECTED dev=2.8382 d2=12159.16 thr=11.34
EKF_ACCEL t=1790548543.893258 REJECTED dev=2.8875 d2= 7588.77 thr=11.34
EKF_ACCEL t=1790548543.897602 REJECTED dev=2.9246 d2= 3409.36 thr=11.34
EKF_ACCEL t=1790548543.901312 REJECTED dev=2.9612 d2=  814.86 thr=11.34
EKF_ACCEL t=1790548543.905404 REJECTED dev=3.0029 d2=   86.26 thr=11.34
EKF_ACCEL t=1790548543.909303 REJECTED dev=3.0171 d2= 2252.46 thr=11.34
  2.59   3.88   0.00  ( 0.179,-0.195, 1.691)  ( 0.280,-3.000,-3.000)  (-4.617,34.141,-14.766)   4.638  (  0.64,  1.94)
EKF_ACCEL t=1790548543.913444 REJECTED dev=2.9766 d2= 6127.91 thr=11.34
EKF_ACCEL t=1790548543.917276 REJECTED dev=2.9368 d2= 7917.00 thr=11.34
EKF_ACCEL t=1790548543.921623 REJECTED dev=2.8822 d2= 6492.39 thr=11.34
EKF_ACCEL t=1790548543.925914 REJECTED dev=2.8104 d2= 3712.76 thr=11.34
EKF_ACCEL t=1790548543.929399 REJECTED dev=2.7366 d2= 1721.27 thr=11.34
EKF_ACCEL t=1790548543.933385 REJECTED dev=2.6631 d2=  364.71 thr=11.34
EKF_ACCEL t=1790548543.937314 FIRED   dev=2.6287 d2=    9.23 thr=11.34 dtheta=0.8222
EKF_ACCEL t=1790548543.941388 REJECTED dev=2.5944 d2= 8296.36 thr=11.34
EKF_ACCEL t=1790548543.945260 REJECTED dev=2.5350 d2= 5058.42 thr=11.34
EKF_ACCEL t=1790548543.949816 REJECTED dev=2.5198 d2= 1841.26 thr=11.34
  2.63   4.45   0.00  ( 0.151, 0.468, 1.023)  ( 3.000,-3.000, 0.099)  (10.679,31.444,-14.461)   4.651  (  0.69,  1.64)
EKF_ACCEL t=1790548543.953697 REJECTED dev=2.4776 d2=  246.07 thr=11.34
EKF_ACCEL t=1790548543.958034 REJECTED dev=2.4463 d2=  231.12 thr=11.34
EKF_ACCEL t=1790548543.961444 REJECTED dev=2.4303 d2= 1473.73 thr=11.34
EKF_ACCEL t=1790548543.965185 REJECTED dev=2.3892 d2= 4069.28 thr=11.34
EKF_ACCEL t=1790548543.969093 REJECTED dev=2.3802 d2= 7972.55 thr=11.34
EKF_ACCEL t=1790548543.973789 REJECTED dev=2.3619 d2=14012.67 thr=11.34
EKF_ACCEL t=1790548543.978401 REJECTED dev=2.3258 d2=21538.39 thr=11.34
EKF_ACCEL t=1790548543.981480 REJECTED dev=2.3309 d2=27523.29 thr=11.34
EKF_ACCEL t=1790548543.985588 REJECTED dev=2.2779 d2=36174.69 thr=11.34
EKF_ACCEL t=1790548543.989280 REJECTED dev=2.2591 d2=44513.48 thr=11.34
  2.67   3.62   0.00  (-2.167, 1.488,-2.070)  ( 1.064,-3.000, 2.650)  (22.664,22.448,-14.132)   4.657  (  1.06,  1.82)
EKF_ACCEL t=1790548543.993292 REJECTED dev=2.2327 d2=53941.62 thr=11.34
EKF_ACCEL t=1790548543.997250 REJECTED dev=2.2193 d2=63197.41 thr=11.34
EKF_ACCEL t=1790548544.001639 REJECTED dev=2.2022 d2=72808.60 thr=11.34
EKF_ACCEL t=1790548544.005654 REJECTED dev=2.1634 d2=80465.35 thr=11.34
EKF_ACCEL t=1790548544.009246 REJECTED dev=2.1382 d2=85786.23 thr=11.34
EKF_ACCEL t=1790548544.013143 REJECTED dev=2.1062 d2=89114.01 thr=11.34
EKF_ACCEL t=1790548544.017350 REJECTED dev=2.0898 d2=90080.28 thr=11.34
EKF_ACCEL t=1790548544.021781 REJECTED dev=2.0441 d2=87714.80 thr=11.34
EKF_ACCEL t=1790548544.025547 REJECTED dev=2.0310 d2=83751.26 thr=11.34
EKF_ACCEL t=1790548544.029247 REJECTED dev=2.0089 d2=77855.23 thr=11.34
  2.71   3.81   0.00  (-1.722, 0.686,-2.754)  (-3.000,-3.000, 3.000)  (29.049, 9.231,-13.788)   4.645  (  1.42,  1.61)
EKF_ACCEL t=1790548544.033400 REJECTED dev=2.0243 d2=69850.49 thr=11.34
EKF_ACCEL t=1790548544.043954 REJECTED dev=2.0197 d2=47102.97 thr=11.34
EKF_ACCEL t=1790548544.052109 REJECTED dev=2.0503 d2=30248.80 thr=11.34
EKF_ACCEL t=1790548544.053310 REJECTED dev=2.0459 d2=27374.77 thr=11.34
EKF_ACCEL t=1790548544.055851 REJECTED dev=2.0251 d2=22034.93 thr=11.34
EKF_ACCEL t=1790548544.059092 REJECTED dev=2.0581 d2=15734.71 thr=11.34
EKF_ACCEL t=1790548544.062894 REJECTED dev=2.0274 d2= 9536.81 thr=11.34
EKF_ACCEL t=1790548544.066726 REJECTED dev=2.0067 d2= 4695.53 thr=11.34
EKF_ACCEL t=1790548544.071229 REJECTED dev=1.9594 d2= 1147.21 thr=11.34
EKF_ACCEL t=1790548544.074760 REJECTED dev=1.9129 d2=   37.64 thr=11.34
  2.76   3.34   0.00  (-0.543, 0.147, 3.130)  (-0.210, 3.000, 3.000)  (28.797,-4.246,-13.484)   4.611  (  1.37,  1.15)
EKF_ACCEL t=1790548544.079067 REJECTED dev=1.8614 d2=  604.94 thr=11.34
EKF_ACCEL t=1790548544.083130 REJECTED dev=1.8258 d2= 2358.54 thr=11.34
EKF_ACCEL t=1790548544.086653 REJECTED dev=1.7935 d2= 3851.99 thr=11.34
EKF_ACCEL t=1790548544.091057 REJECTED dev=1.7763 d2= 4583.62 thr=11.34
EKF_ACCEL t=1790548544.095001 REJECTED dev=1.7471 d2= 3820.97 thr=11.34
EKF_ACCEL t=1790548544.099514 REJECTED dev=1.7470 d2= 2204.41 thr=11.34
EKF_ACCEL t=1790548544.103482 REJECTED dev=1.7434 d2=  787.81 thr=11.34
EKF_ACCEL t=1790548544.107020 REJECTED dev=1.7376 d2=   62.37 thr=11.34
EKF_ACCEL t=1790548544.111390 REJECTED dev=1.7499 d2=  313.48 thr=11.34
EKF_ACCEL t=1790548544.115059 REJECTED dev=1.7678 d2= 1663.27 thr=11.34
  2.80   3.61   0.00  ( 0.560,-0.246, 2.574)  (-3.000,-2.286,-3.000)  (23.248,-14.974,-13.223)   4.580  (  1.38,  1.22)
EKF_ACCEL t=1790548544.118873 REJECTED dev=1.7795 d2= 4310.65 thr=11.34
EKF_ACCEL t=1790548544.123205 REJECTED dev=1.8125 d2= 8782.17 thr=11.34
EKF_ACCEL t=1790548544.127043 REJECTED dev=1.8379 d2=14272.25 thr=11.34
EKF_ACCEL t=1790548544.131311 REJECTED dev=1.8720 d2=21875.62 thr=11.34
EKF_ACCEL t=1790548544.138027 REJECTED dev=1.8856 d2=36598.35 thr=11.34
EKF_ACCEL t=1790548544.141488 REJECTED dev=1.9205 d2=46567.72 thr=11.34
EKF_ACCEL t=1790548544.143392 REJECTED dev=1.9316 d2=53083.82 thr=11.34
EKF_ACCEL t=1790548544.147115 REJECTED dev=1.9454 d2=65029.75 thr=11.34
EKF_ACCEL t=1790548544.151486 REJECTED dev=1.9641 d2=79966.84 thr=11.34
EKF_ACCEL t=1790548544.155060 REJECTED dev=1.9791 d2=92780.67 thr=11.34
  2.84   3.71   0.00  ( 1.531,-0.129, 1.649)  (-3.000,-3.000,-0.400)  (14.008,-22.186,-12.934)   4.543  (  1.75,  1.45)
EKF_ACCEL t=1790548544.158873 REJECTED dev=1.9849 d2=105940.68 thr=11.34
EKF_ACCEL t=1790548544.163437 REJECTED dev=2.0072 d2=120279.28 thr=11.34
EKF_ACCEL t=1790548544.166737 REJECTED dev=2.0082 d2=129366.60 thr=11.34
EKF_ACCEL t=1790548544.171477 REJECTED dev=2.0142 d2=137905.75 thr=11.34
EKF_ACCEL t=1790548544.175062 REJECTED dev=2.0509 d2=141426.48 thr=11.34
EKF_ACCEL t=1790548544.179141 REJECTED dev=2.1235 d2=141398.51 thr=11.34
EKF_ACCEL t=1790548544.183084 REJECTED dev=2.2026 d2=138009.82 thr=11.34
EKF_ACCEL t=1790548544.187195 REJECTED dev=2.2703 d2=131393.28 thr=11.34
EKF_ACCEL t=1790548544.191191 REJECTED dev=2.3370 d2=122587.49 thr=11.34
EKF_ACCEL t=1790548544.194807 REJECTED dev=2.3966 d2=113314.02 thr=11.34
  2.88   3.62   0.00  ( 1.694, 0.495, 0.743)  (-3.000,-3.000, 2.532)  ( 3.064,-24.709,-12.618)   4.486  (  2.10,  1.31)
EKF_ACCEL t=1790548544.198985 REJECTED dev=2.4216 d2=101500.06 thr=11.34
EKF_ACCEL t=1790548544.202786 REJECTED dev=2.4749 d2=90701.01 thr=11.34
EKF_ACCEL t=1790548544.206752 REJECTED dev=2.4926 d2=79626.21 thr=11.34
EKF_ACCEL t=1790548544.210834 REJECTED dev=2.5220 d2=68853.66 thr=11.34
EKF_ACCEL t=1790548544.214738 REJECTED dev=2.5443 d2=59313.23 thr=11.34
EKF_ACCEL t=1790548544.218660 REJECTED dev=2.5529 d2=50414.41 thr=11.34
EKF_ACCEL t=1790548544.222776 REJECTED dev=2.5480 d2=41930.51 thr=11.34
EKF_ACCEL t=1790548544.226828 REJECTED dev=2.5056 d2=34331.08 thr=11.34
EKF_ACCEL t=1790548544.230747 REJECTED dev=2.4870 d2=27718.50 thr=11.34
EKF_ACCEL t=1790548544.234782 REJECTED dev=2.4349 d2=21769.31 thr=11.34
  2.92   4.15   0.00  ( 0.762, 0.714,-0.577)  ( 0.198, 3.000, 3.000)  (-6.267,-22.670,-12.332)   4.405  (  2.15,  0.85)
EKF_ACCEL t=1790548544.238870 REJECTED dev=2.3821 d2=16262.11 thr=11.34
EKF_ACCEL t=1790548544.242961 REJECTED dev=2.3339 d2=11712.67 thr=11.34
EKF_ACCEL t=1790548544.246707 REJECTED dev=2.2574 d2= 8101.93 thr=11.34
EKF_ACCEL t=1790548544.250748 REJECTED dev=2.2082 d2= 4897.67 thr=11.34
EKF_ACCEL t=1790548544.255113 REJECTED dev=2.1386 d2= 2362.78 thr=11.34
EKF_ACCEL t=1790548544.265844 REJECTED dev=2.0909 d2=   12.33 thr=11.34
EKF_ACCEL t=1790548544.267405 REJECTED dev=2.0321 d2=  130.14 thr=11.34
EKF_ACCEL t=1790548544.271354 REJECTED dev=1.9776 d2=  880.53 thr=11.34
EKF_ACCEL t=1790548544.276096 REJECTED dev=1.9398 d2= 2318.23 thr=11.34
EKF_ACCEL t=1790548544.279457 REJECTED dev=1.9080 d2= 3313.23 thr=11.34
  2.96   3.38   0.00  (-0.089, 0.033,-1.450)  ( 3.000, 3.000, 3.000)  (-13.196,-17.436,-12.089)   4.305  (  1.98,  0.57)
EKF_ACCEL t=1790548544.282781 REJECTED dev=1.8502 d2= 3769.14 thr=11.34
EKF_ACCEL t=1790548544.287412 REJECTED dev=1.8200 d2= 3720.94 thr=11.34
EKF_ACCEL t=1790548544.291572 REJECTED dev=1.7813 d2= 2882.65 thr=11.34
EKF_ACCEL t=1790548544.295221 REJECTED dev=1.7494 d2= 1884.33 thr=11.34
EKF_ACCEL t=1790548544.300607 REJECTED dev=1.7106 d2=  643.10 thr=11.34
EKF_ACCEL t=1790548544.303745 REJECTED dev=1.6843 d2=  158.99 thr=11.34
EKF_ACCEL t=1790548544.307496 FIRED   dev=1.6762 d2=    5.25 thr=11.34 dtheta=0.6966
EKF_ACCEL t=1790548544.311435 REJECTED dev=1.6508 d2= 3337.12 thr=11.34
EKF_ACCEL t=1790548544.315330 REJECTED dev=1.6941 d2= 2539.20 thr=11.34
EKF_ACCEL t=1790548544.319216 REJECTED dev=1.7105 d2= 1417.67 thr=11.34
  3.00   3.75   0.00  (-0.587,-0.045,-2.064)  ( 3.000,-3.000, 2.919)  (-17.593,-10.172,-11.833)   4.190  (  1.61,  0.04)
test complete
