EKF_ACCEL t=1790548851.999760 FIRED   dev=0.0000 d2=    0.00 thr=11.34 dtheta=0.0000
EKF_ACCEL t=1790548852.063613 FIRED   dev=0.0014 d2=    0.00 thr=11.34 dtheta=0.0014
EKF_ACCEL t=1790548852.164878 FIRED   dev=0.0113 d2=    0.30 thr=11.34 dtheta=0.0039
EKF_ACCEL t=1790548852.165831 FIRED   dev=0.0045 d2=    0.05 thr=11.34 dtheta=0.0036
EKF_ACCEL t=1790548852.166714 FIRED   dev=0.0027 d2=    0.02 thr=11.34 dtheta=0.0043
EKF_ACCEL t=1790548852.167521 FIRED   dev=0.0118 d2=    0.33 thr=11.34 dtheta=0.0075
EKF_ACCEL t=1790548852.168525 FIRED   dev=0.0098 d2=    0.21 thr=11.34 dtheta=0.0117
EKF_ACCEL t=1790548852.169402 FIRED   dev=0.0039 d2=    0.02 thr=11.34 dtheta=0.0074
EKF_ACCEL t=1790548852.170092 FIRED   dev=0.0124 d2=    0.33 thr=11.34 dtheta=0.0134
EKF_ACCEL t=1790548852.171062 FIRED   dev=0.0007 d2=    0.00 thr=11.34 dtheta=0.0025
EKF_ACCEL t=1790548852.175407 REJECTED dev=2.7457 d2=17665.80 thr=11.34
EKF_ACCEL t=1790548852.176759 REJECTED dev=2.7528 d2=17773.04 thr=11.34
EKF_ACCEL t=1790548852.179150 REJECTED dev=2.7480 d2=17685.89 thr=11.34
EKF_ACCEL t=1790548852.183004 REJECTED dev=2.7621 d2=17827.83 thr=11.34
EKF_ACCEL t=1790548852.187022 REJECTED dev=2.7536 d2=17680.33 thr=11.34
EKF_ACCEL t=1790548852.190783 REJECTED dev=2.7587 d2=17707.59 thr=11.34
EKF_ACCEL t=1790548852.194808 REJECTED dev=2.7613 d2=17702.36 thr=11.34
EKF_ACCEL t=1790548852.199113 REJECTED dev=2.7626 d2=17678.94 thr=11.34
EKF_ACCEL t=1790548852.202895 REJECTED dev=2.7555 d2=17566.30 thr=11.34
EKF_ACCEL t=1790548852.206763 REJECTED dev=2.7554 d2=17525.85 thr=11.34
EKF_ACCEL t=1790548852.211215 REJECTED dev=2.7626 d2=17565.66 thr=11.34
EKF_ACCEL t=1790548852.215692 REJECTED dev=2.7681 d2=17594.61 thr=11.34
EKF_ACCEL t=1790548852.219825 REJECTED dev=2.7628 d2=17500.95 thr=11.34
EKF_ACCEL t=1790548852.224004 REJECTED dev=2.7591 d2=17415.78 thr=11.34
EKF_ACCEL t=1790548852.227301 REJECTED dev=2.7730 d2=17543.80 thr=11.34
EKF_ACCEL t=1790548852.231168 REJECTED dev=2.7723 d2=17495.61 thr=11.34
EKF_ACCEL t=1790548852.236358 REJECTED dev=2.7596 d2=17296.44 thr=11.34
EKF_ACCEL t=1790548852.239761 REJECTED dev=2.7592 d2=17252.12 thr=11.34
EKF_ACCEL t=1790548852.243847 REJECTED dev=2.7601 d2=17224.26 thr=11.34
EKF_ACCEL t=1790548852.247557 REJECTED dev=2.7615 d2=17199.65 thr=11.34
EKF_ACCEL t=1790548852.252355 REJECTED dev=2.7665 d2=17222.64 thr=11.34
EKF_ACCEL t=1790548852.256383 REJECTED dev=2.7490 d2=16967.31 thr=11.34
EKF_ACCEL t=1790548852.259339 REJECTED dev=2.7588 d2=17049.68 thr=11.34
EKF_ACCEL t=1790548852.263945 REJECTED dev=2.7592 d2=17025.74 thr=11.34
EKF_ACCEL t=1790548852.268100 REJECTED dev=2.7706 d2=17127.52 thr=11.34
EKF_ACCEL t=1790548852.271607 REJECTED dev=2.7515 d2=16862.91 thr=11.34
EKF_ACCEL t=1790548852.275317 REJECTED dev=2.7592 d2=16919.77 thr=11.34
EKF_ACCEL t=1790548852.279223 REJECTED dev=2.7595 d2=16881.83 thr=11.34
EKF_ACCEL t=1790548852.283328 REJECTED dev=2.7595 d2=16843.64 thr=11.34
EKF_ACCEL t=1790548852.287699 REJECTED dev=2.7777 d2=17029.72 thr=11.34
EKF_ACCEL t=1790548852.295272 REJECTED dev=2.7619 d2=16800.21 thr=11.34
EKF_ACCEL t=1790548852.296044 REJECTED dev=2.7614 d2=16756.16 thr=11.34
EKF_ACCEL t=1790548852.300688 REJECTED dev=2.7637 d2=16747.75 thr=11.34
EKF_ACCEL t=1790548852.304106 REJECTED dev=2.7597 d2=16662.39 thr=11.34
EKF_ACCEL t=1790548852.307344 REJECTED dev=2.7599 d2=16629.81 thr=11.34
EKF_ACCEL t=1790548852.311094 REJECTED dev=2.7660 d2=16667.41 thr=11.34
EKF_ACCEL t=1790548852.315431 REJECTED dev=2.7640 d2=16606.96 thr=11.34
EKF_ACCEL t=1790548852.319532 REJECTED dev=2.7510 d2=16411.77 thr=11.34
EKF_ACCEL t=1790548852.323050 REJECTED dev=2.7566 d2=16443.24 thr=11.34
EKF_ACCEL t=1790548852.326805 REJECTED dev=2.7601 d2=16454.44 thr=11.34
EKF_ACCEL t=1790548852.330854 REJECTED dev=2.7558 d2=16367.97 thr=11.34
EKF_ACCEL t=1790548852.335266 REJECTED dev=2.7567 d2=16343.65 thr=11.34
EKF_ACCEL t=1790548852.339674 REJECTED dev=2.7547 d2=16286.25 thr=11.34
EKF_ACCEL t=1790548852.342968 REJECTED dev=2.7571 d2=16277.86 thr=11.34
EKF_ACCEL t=1790548852.347026 REJECTED dev=2.7625 d2=16308.81 thr=11.34
EKF_ACCEL t=1790548852.350911 REJECTED dev=2.7574 d2=16215.14 thr=11.34
EKF_ACCEL t=1790548852.355431 REJECTED dev=2.7661 d2=16283.25 thr=11.34
EKF_ACCEL t=1790548852.358866 REJECTED dev=2.7630 d2=16212.84 thr=11.34
EKF_ACCEL t=1790548852.362928 REJECTED dev=2.7490 d2=16014.80 thr=11.34
EKF_ACCEL t=1790548852.366998 REJECTED dev=2.7574 d2=16079.95 thr=11.34
EKF_ACCEL t=1790548852.371258 REJECTED dev=2.7565 d2=16031.47 thr=11.34
EKF_ACCEL t=1790548852.381442 REJECTED dev=2.7640 d2=16086.15 thr=11.34
EKF_ACCEL t=1790548852.382957 REJECTED dev=2.7562 d2=15975.74 thr=11.34
EKF_ACCEL t=1790548852.387065 REJECTED dev=2.7602 d2=15985.09 thr=11.34
EKF_ACCEL t=1790548852.390795 REJECTED dev=2.7591 d2=15938.60 thr=11.34
EKF_ACCEL t=1790548852.394823 REJECTED dev=2.7614 d2=15932.61 thr=11.34
EKF_ACCEL t=1790548852.398702 REJECTED dev=2.7536 d2=15808.60 thr=11.34
EKF_ACCEL t=1790548852.403726 REJECTED dev=2.7547 d2=15861.08 thr=11.34
EKF_ACCEL t=1790548852.406900 REJECTED dev=2.7653 d2=15927.46 thr=11.34
EKF_ACCEL t=1790548852.410999 REJECTED dev=2.7620 d2=15875.34 thr=11.34
EKF_ACCEL t=1790548852.415017 REJECTED dev=2.7616 d2=15838.67 thr=11.34
EKF_ACCEL t=1790548852.419165 REJECTED dev=2.7510 d2=15690.97 thr=11.34
EKF_ACCEL t=1790548852.425751 REJECTED dev=2.7476 d2=15619.75 thr=11.34
EKF_ACCEL t=1790548852.430516 REJECTED dev=2.7554 d2=15675.74 thr=11.34
EKF_ACCEL t=1790548852.431378 REJECTED dev=2.7647 d2=15746.71 thr=11.34
EKF_ACCEL t=1790548852.434836 REJECTED dev=2.7679 d2=15750.58 thr=11.34
EKF_ACCEL t=1790548852.439004 REJECTED dev=2.7522 d2=15541.40 thr=11.34
EKF_ACCEL t=1790548852.442980 REJECTED dev=2.7731 d2=15740.24 thr=11.34
EKF_ACCEL t=1790548852.446849 REJECTED dev=2.7583 d2=15543.10 thr=11.34
EKF_ACCEL t=1790548852.450797 REJECTED dev=2.7655 d2=15592.67 thr=11.34
EKF_ACCEL t=1790548852.455014 REJECTED dev=2.7567 d2=15462.45 thr=11.34
EKF_ACCEL t=1790548852.458956 REJECTED dev=2.7694 d2=15578.05 thr=11.34
EKF_ACCEL t=1790548852.463418 REJECTED dev=2.7652 d2=15500.42 thr=11.34
EKF_ACCEL t=1790548852.467152 REJECTED dev=2.7559 d2=15364.40 thr=11.34
EKF_ACCEL t=1790548852.470905 REJECTED dev=2.7416 d2=15170.35 thr=11.34
EKF_ACCEL t=1790548852.475184 REJECTED dev=2.7522 d2=15256.89 thr=11.34
EKF_ACCEL t=1790548852.478841 REJECTED dev=2.7505 d2=15208.26 thr=11.34
EKF_ACCEL t=1790548852.482928 REJECTED dev=2.7630 d2=15315.97 thr=11.34
EKF_ACCEL t=1790548852.486732 REJECTED dev=2.7555 d2=15204.96 thr=11.34
EKF_ACCEL t=1790548852.490889 REJECTED dev=2.7548 d2=15167.38 thr=11.34
EKF_ACCEL t=1790548852.495003 REJECTED dev=2.7570 d2=15161.36 thr=11.34
EKF_ACCEL t=1790548852.499159 REJECTED dev=2.7546 d2=15105.22 thr=11.34
EKF_ACCEL t=1790548852.502810 REJECTED dev=2.7462 d2=14983.41 thr=11.34
EKF_ACCEL t=1790548852.506982 REJECTED dev=2.7708 d2=15222.86 thr=11.34
EKF_ACCEL t=1790548852.510768 REJECTED dev=2.7602 d2=15077.49 thr=11.34
EKF_ACCEL t=1790548852.514820 REJECTED dev=2.7526 d2=14965.77 thr=11.34
EKF_ACCEL t=1790548852.522049 REJECTED dev=2.7589 d2=15005.06 thr=11.34
EKF_ACCEL t=1790548852.523313 REJECTED dev=2.7600 d2=14986.06 thr=11.34
EKF_ACCEL t=1790548852.527121 REJECTED dev=2.7541 d2=14892.58 thr=11.34
EKF_ACCEL t=1790548852.531057 REJECTED dev=2.7658 d2=14990.28 thr=11.34
EKF_ACCEL t=1790548852.534943 REJECTED dev=2.7502 d2=14792.20 thr=11.34
EKF_ACCEL t=1790548852.539225 REJECTED dev=2.7672 d2=14946.02 thr=11.34
EKF_ACCEL t=1790548852.543110 REJECTED dev=2.7649 d2=14893.99 thr=11.34
EKF_ACCEL t=1790548852.547040 REJECTED dev=2.7520 d2=14731.56 thr=11.34
EKF_ACCEL t=1790548852.551271 REJECTED dev=2.7574 d2=14761.07 thr=11.34
EKF_ACCEL t=1790548852.555427 REJECTED dev=2.7587 d2=14746.21 thr=11.34
EKF_ACCEL t=1790548852.559114 REJECTED dev=2.7593 d2=14714.98 thr=11.34
EKF_ACCEL t=1790548852.562846 REJECTED dev=2.7616 d2=14710.82 thr=11.34
EKF_ACCEL t=1790548852.567125 REJECTED dev=2.7530 d2=14600.95 thr=11.34
EKF_ACCEL t=1790548852.571153 REJECTED dev=2.7658 d2=14708.70 thr=11.34
EKF_ACCEL t=1790548852.574919 REJECTED dev=2.7591 d2=14609.17 thr=11.34
EKF_ACCEL t=1790548852.579133 REJECTED dev=2.7607 d2=14598.25 thr=11.34
EKF_ACCEL t=1790548852.583195 REJECTED dev=2.7646 d2=14606.64 thr=11.34
EKF_ACCEL t=1790548852.587071 REJECTED dev=2.7623 d2=14556.17 thr=11.34
EKF_ACCEL t=1790548852.590996 REJECTED dev=2.7520 d2=14420.16 thr=11.34
EKF_ACCEL t=1790548852.602841 REJECTED dev=2.7567 d2=14442.13 thr=11.34
EKF_ACCEL t=1790548852.603949 REJECTED dev=2.7466 d2=14256.43 thr=11.34
EKF_ACCEL t=1790548852.605419 REJECTED dev=2.7602 d2=14374.80 thr=11.34
EKF_ACCEL t=1790548852.607276 REJECTED dev=2.7595 d2=14334.94 thr=11.34
EKF_ACCEL t=1790548852.610986 REJECTED dev=2.7511 d2=14221.14 thr=11.34
EKF_ACCEL t=1790548852.615046 REJECTED dev=2.7751 d2=14444.16 thr=11.34
EKF_ACCEL t=1790548852.619034 REJECTED dev=2.7436 d2=14092.62 thr=11.34
EKF_ACCEL t=1790548852.623028 REJECTED dev=2.7613 d2=14251.45 thr=11.34
EKF_ACCEL t=1790548852.627161 REJECTED dev=2.7554 d2=14165.72 thr=11.34
EKF_ACCEL t=1790548852.630991 REJECTED dev=2.7521 d2=14105.34 thr=11.34
EKF_ACCEL t=1790548852.635400 REJECTED dev=2.7560 d2=14119.65 thr=11.34
EKF_ACCEL t=1790548852.638992 REJECTED dev=2.7506 d2=14038.26 thr=11.34
EKF_ACCEL t=1790548852.646841 REJECTED dev=2.7527 d2=14033.34 thr=11.34
EKF_ACCEL t=1790548852.648383 REJECTED dev=2.7672 d2=14153.23 thr=11.34
EKF_ACCEL t=1790548852.650863 REJECTED dev=2.7534 d2=13987.14 thr=11.34
EKF_ACCEL t=1790548852.655201 REJECTED dev=2.7576 d2=14004.59 thr=11.34
EKF_ACCEL t=1790548852.658949 REJECTED dev=2.7566 d2=13968.96 thr=11.34
EKF_ACCEL t=1790548852.663055 REJECTED dev=2.7581 d2=13961.25 thr=11.34
EKF_ACCEL t=1790548852.666831 REJECTED dev=2.7564 d2=13918.63 thr=11.34
EKF_ACCEL t=1790548852.670814 REJECTED dev=2.7670 d2=13999.57 thr=11.34
EKF_ACCEL t=1790548852.674759 REJECTED dev=2.7549 d2=13852.28 thr=11.34
EKF_ACCEL t=1790548852.678861 REJECTED dev=2.7482 d2=13760.93 thr=11.34
EKF_ACCEL t=1790548852.683053 REJECTED dev=2.7693 d2=13947.56 thr=11.34
EKF_ACCEL t=1790548852.686996 REJECTED dev=2.7568 d2=13794.54 thr=11.34
EKF_ACCEL t=1790548852.691350 REJECTED dev=2.7591 d2=13793.51 thr=11.34
EKF_ACCEL t=1790548852.695575 REJECTED dev=2.7735 d2=13913.12 thr=11.34
EKF_ACCEL t=1790548852.699683 REJECTED dev=2.7509 d2=13662.95 thr=11.34
EKF_ACCEL t=1790548852.703956 REJECTED dev=2.7657 d2=13783.24 thr=11.34
EKF_ACCEL t=1790548852.707908 REJECTED dev=2.7630 d2=13734.58 thr=11.34
EKF_ACCEL t=1790548852.711573 REJECTED dev=2.7602 d2=13682.47 thr=11.34
EKF_ACCEL t=1790548852.716049 REJECTED dev=2.7462 d2=13519.54 thr=11.34
EKF_ACCEL t=1790548852.719565 REJECTED dev=2.7700 d2=13730.25 thr=11.34
EKF_ACCEL t=1790548852.723769 REJECTED dev=2.7607 d2=13611.99 thr=11.34
EKF_ACCEL t=1790548852.727239 REJECTED dev=2.7615 d2=13595.48 thr=11.34
liftoff confirmed: alt=0.505m after 0.73s
start_t_epoch=1790548852.727954
attitude-loop isolation test: axis=yaw step=0.2rad duration=3.0s
t       dt(ms)  sp      tilt(r,p,y)                 rate_sp(r,p,y)          meas_rate(r,p,y)          alt(z)  vel(x,y)
EKF_ACCEL t=1790548852.731137 REJECTED dev=2.7618 d2=13572.48 thr=11.34
EKF_ACCEL t=1790548852.735389 REJECTED dev=2.7630 d2=13560.42 thr=11.34
EKF_ACCEL t=1790548852.739239 REJECTED dev=2.2899 d2= 9300.96 thr=11.34
EKF_ACCEL t=1790548852.743090 REJECTED dev=1.8751 d2= 6225.67 thr=11.34
EKF_ACCEL t=1790548852.747080 REJECTED dev=1.5249 d2= 4110.35 thr=11.34
EKF_ACCEL t=1790548852.755081 REJECTED dev=1.2723 d2= 2856.68 thr=11.34
EKF_ACCEL t=1790548852.756410 REJECTED dev=1.0244 d2= 1848.58 thr=11.34
EKF_ACCEL t=1790548852.759948 REJECTED dev=0.8018 d2= 1130.41 thr=11.34
EKF_ACCEL t=1790548852.763308 REJECTED dev=0.6462 d2=  732.86 thr=11.34
EKF_ACCEL t=1790548852.767387 REJECTED dev=0.5025 d2=  442.41 thr=11.34
  0.04   4.42   0.00  ( 0.002, 0.007, 0.010)  (-0.007,-0.021,-0.004)  (-0.001,-0.003,-0.000)   0.573  (  0.01, -0.00)
EKF_ACCEL t=1790548852.771300 REJECTED dev=0.3837 d2=  257.53 thr=11.34
EKF_ACCEL t=1790548852.775209 REJECTED dev=0.2779 d2=  134.91 thr=11.34
EKF_ACCEL t=1790548852.778951 REJECTED dev=0.1945 d2=   65.96 thr=11.34
EKF_ACCEL t=1790548852.782742 REJECTED dev=0.1203 d2=   25.19 thr=11.34
EKF_ACCEL t=1790548852.787394 FIRED   dev=0.0553 d2=    5.31 thr=11.34 dtheta=0.0108
EKF_ACCEL t=1790548852.790730 FIRED   dev=0.0137 d2=    0.33 thr=11.34 dtheta=0.0129
EKF_ACCEL t=1790548852.794743 FIRED   dev=0.0449 d2=    2.90 thr=11.34 dtheta=0.0673
EKF_ACCEL t=1790548852.798759 FIRED   dev=0.0574 d2=    1.20 thr=11.34 dtheta=0.0613
EKF_ACCEL t=1790548852.803088 FIRED   dev=0.0606 d2=    2.05 thr=11.34 dtheta=0.0447
EKF_ACCEL t=1790548852.807280 FIRED   dev=0.0480 d2=    3.30 thr=11.34 dtheta=0.0310
  0.08   3.93   0.00  (-0.103, 0.044, 0.089)  ( 1.980,-1.450,-0.271)  ( 0.019,-0.013,-0.010)   0.651  (  0.06, -0.00)
EKF_ACCEL t=1790548852.811055 FIRED   dev=0.0166 d2=    0.47 thr=11.34 dtheta=0.0056
EKF_ACCEL t=1790548852.815001 FIRED   dev=0.0152 d2=    0.48 thr=11.34 dtheta=0.0050
EKF_ACCEL t=1790548852.819533 FIRED   dev=0.0343 d2=    2.51 thr=11.34 dtheta=0.0085
EKF_ACCEL t=1790548852.823447 FIRED   dev=0.0600 d2=    7.56 thr=11.34 dtheta=0.0229
EKF_ACCEL t=1790548852.827056 FIRED   dev=0.0454 d2=    3.34 thr=11.34 dtheta=0.0420
EKF_ACCEL t=1790548852.831088 FIRED   dev=0.0393 d2=    1.40 thr=11.34 dtheta=0.0375
EKF_ACCEL t=1790548852.843706 FIRED   dev=0.0224 d2=    0.50 thr=11.34 dtheta=0.0141
EKF_ACCEL t=1790548852.844279 FIRED   dev=0.0041 d2=    0.03 thr=11.34 dtheta=0.0022
EKF_ACCEL t=1790548852.844804 FIRED   dev=0.0167 d2=    0.54 thr=11.34 dtheta=0.0044
EKF_ACCEL t=1790548852.849816 FIRED   dev=0.0091 d2=    0.17 thr=11.34 dtheta=0.0032
  0.12   5.10   0.00  (-0.151,-0.030, 0.010)  ( 1.595, 0.811, 0.130)  ( 0.275,-0.060,-0.015)   0.725  ( -0.00, -0.01)
EKF_ACCEL t=1790548852.851630 FIRED   dev=0.0282 d2=    1.65 thr=11.34 dtheta=0.0053
EKF_ACCEL t=1790548852.855832 FIRED   dev=0.0506 d2=    5.38 thr=11.34 dtheta=0.0087
EKF_ACCEL t=1790548852.859650 FIRED   dev=0.0339 d2=    2.43 thr=11.34 dtheta=0.0074
EKF_ACCEL t=1790548852.863215 FIRED   dev=0.0212 d2=    0.96 thr=11.34 dtheta=0.0026
EKF_ACCEL t=1790548852.867265 FIRED   dev=0.0279 d2=    1.68 thr=11.34 dtheta=0.0045
EKF_ACCEL t=1790548852.870795 FIRED   dev=0.0428 d2=    4.00 thr=11.34 dtheta=0.0070
EKF_ACCEL t=1790548852.875075 FIRED   dev=0.0373 d2=    3.04 thr=11.34 dtheta=0.0062
EKF_ACCEL t=1790548852.878836 FIRED   dev=0.0534 d2=    6.26 thr=11.34 dtheta=0.0079
EKF_ACCEL t=1790548852.886712 FIRED   dev=0.0639 d2=    8.97 thr=11.34 dtheta=0.0086
EKF_ACCEL t=1790548852.887719 FIRED   dev=0.0618 d2=    8.36 thr=11.34 dtheta=0.0083
  0.16   0.67   0.00  (-0.167,-0.081, 0.001)  ( 1.075, 1.001, 0.072)  ( 0.460, 0.100,-0.005)   0.790  ( -0.04, -0.01)
EKF_ACCEL t=1790548852.891040 FIRED   dev=0.0682 d2=   10.16 thr=11.34 dtheta=0.0085
EKF_ACCEL t=1790548852.894799 FIRED   dev=0.0567 d2=    7.01 thr=11.34 dtheta=0.0086
EKF_ACCEL t=1790548852.899256 FIRED   dev=0.0558 d2=    6.79 thr=11.34 dtheta=0.0083
EKF_ACCEL t=1790548852.903123 FIRED   dev=0.0406 d2=    3.60 thr=11.34 dtheta=0.0056
EKF_ACCEL t=1790548852.907039 FIRED   dev=0.0602 d2=    7.95 thr=11.34 dtheta=0.0083
EKF_ACCEL t=1790548852.910799 FIRED   dev=0.0500 d2=    5.48 thr=11.34 dtheta=0.0063
EKF_ACCEL t=1790548852.914867 FIRED   dev=0.0386 d2=    3.28 thr=11.34 dtheta=0.0057
EKF_ACCEL t=1790548852.919130 FIRED   dev=0.0255 d2=    1.43 thr=11.34 dtheta=0.0031
EKF_ACCEL t=1790548852.923233 FIRED   dev=0.0421 d2=    3.96 thr=11.34 dtheta=0.0060
EKF_ACCEL t=1790548852.927385 FIRED   dev=0.0289 d2=    1.88 thr=11.34 dtheta=0.0048
  0.20   4.25   0.00  (-0.163,-0.131, 0.002)  ( 0.622, 1.278, 0.044)  ( 0.551, 0.283, 0.000)   0.859  ( -0.08, -0.01)
EKF_ACCEL t=1790548852.931221 FIRED   dev=0.0381 d2=    3.26 thr=11.34 dtheta=0.0042
EKF_ACCEL t=1790548852.935334 FIRED   dev=0.0336 d2=    2.55 thr=11.34 dtheta=0.0037
EKF_ACCEL t=1790548852.939254 FIRED   dev=0.0278 d2=    1.75 thr=11.34 dtheta=0.0046
EKF_ACCEL t=1790548852.943022 FIRED   dev=0.0339 d2=    2.61 thr=11.34 dtheta=0.0040
EKF_ACCEL t=1790548852.947236 FIRED   dev=0.0287 d2=    1.88 thr=11.34 dtheta=0.0033
EKF_ACCEL t=1790548852.950852 FIRED   dev=0.0130 d2=    0.39 thr=11.34 dtheta=0.0029
EKF_ACCEL t=1790548852.955128 FIRED   dev=0.0303 d2=    2.11 thr=11.34 dtheta=0.0046
EKF_ACCEL t=1790548852.958879 FIRED   dev=0.0292 d2=    1.96 thr=11.34 dtheta=0.0032
EKF_ACCEL t=1790548852.963835 FIRED   dev=0.0284 d2=    1.87 thr=11.34 dtheta=0.0049
EKF_ACCEL t=1790548852.969886 FIRED   dev=0.0278 d2=    1.80 thr=11.34 dtheta=0.0048
  0.24   6.07   0.00  (-0.154,-0.151,-0.019)  ( 0.436, 0.951, 0.087)  ( 0.562, 0.455, 0.004)   0.933  ( -0.09, -0.01)
EKF_ACCEL t=1790548852.972149 FIRED   dev=0.0143 d2=    0.47 thr=11.34 dtheta=0.0009
EKF_ACCEL t=1790548852.975461 FIRED   dev=0.0082 d2=    0.17 thr=11.34 dtheta=0.0061
EKF_ACCEL t=1790548852.980254 FIRED   dev=0.0203 d2=    0.96 thr=11.34 dtheta=0.0020
EKF_ACCEL t=1790548852.983216 FIRED   dev=0.0054 d2=    0.07 thr=11.34 dtheta=0.0014
EKF_ACCEL t=1790548852.987174 FIRED   dev=0.0025 d2=    0.02 thr=11.34 dtheta=0.0030
EKF_ACCEL t=1790548852.991088 FIRED   dev=0.0095 d2=    0.21 thr=11.34 dtheta=0.0028
EKF_ACCEL t=1790548852.994977 FIRED   dev=0.0109 d2=    0.28 thr=11.34 dtheta=0.0043
EKF_ACCEL t=1790548852.999014 FIRED   dev=0.0174 d2=    0.71 thr=11.34 dtheta=0.0022
EKF_ACCEL t=1790548853.003105 FIRED   dev=0.0221 d2=    1.14 thr=11.34 dtheta=0.0030
EKF_ACCEL t=1790548853.006888 FIRED   dev=0.0236 d2=    1.31 thr=11.34 dtheta=0.0026
  0.28   3.62   0.00  (-0.154,-0.151,-0.080)  ( 0.534, 0.513, 0.262)  ( 0.555, 0.545, 0.017)   0.997  ( -0.09, -0.01)
EKF_ACCEL t=1790548853.010723 FIRED   dev=0.0292 d2=    2.00 thr=11.34 dtheta=0.0028
EKF_ACCEL t=1790548853.014818 FIRED   dev=0.0262 d2=    1.62 thr=11.34 dtheta=0.0040
EKF_ACCEL t=1790548853.018867 FIRED   dev=0.0359 d2=    3.05 thr=11.34 dtheta=0.0021
EKF_ACCEL t=1790548853.022903 FIRED   dev=0.0345 d2=    2.81 thr=11.34 dtheta=0.0035
EKF_ACCEL t=1790548853.026825 FIRED   dev=0.0430 d2=    4.37 thr=11.34 dtheta=0.0027
EKF_ACCEL t=1790548853.030827 FIRED   dev=0.0543 d2=    6.99 thr=11.34 dtheta=0.0028
EKF_ACCEL t=1790548853.034772 FIRED   dev=0.0574 d2=    7.80 thr=11.34 dtheta=0.0045
EKF_ACCEL t=1790548853.038898 FIRED   dev=0.0682 d2=   11.03 thr=11.34 dtheta=0.0023
EKF_ACCEL t=1790548853.042889 REJECTED dev=0.0728 d2=   12.56 thr=11.34
EKF_ACCEL t=1790548853.055319 REJECTED dev=0.0770 d2=   13.81 thr=11.34
  0.33  12.41   0.00  (-0.146,-0.141,-0.193)  ( 0.514, 0.216, 0.457)  ( 0.565, 0.538, 0.046)   1.082  ( -0.06, -0.01)
EKF_ACCEL t=1790548853.056922 REJECTED dev=0.1053 d2=   25.90 thr=11.34
EKF_ACCEL t=1790548853.061438 REJECTED dev=0.0881 d2=   17.88 thr=11.34
EKF_ACCEL t=1790548853.064633 REJECTED dev=0.0721 d2=   11.80 thr=11.34
EKF_ACCEL t=1790548853.069146 REJECTED dev=0.0842 d2=   15.87 thr=11.34
EKF_ACCEL t=1790548853.072713 REJECTED dev=0.0812 d2=   14.57 thr=11.34
EKF_ACCEL t=1790548853.076796 REJECTED dev=0.0867 d2=   16.25 thr=11.34
EKF_ACCEL t=1790548853.080939 REJECTED dev=0.0783 d2=   12.94 thr=11.34
EKF_ACCEL t=1790548853.084635 FIRED   dev=0.0716 d2=   10.46 thr=11.34 dtheta=0.0315
EKF_ACCEL t=1790548853.088993 FIRED   dev=0.0607 d2=    8.58 thr=11.34 dtheta=0.0040
EKF_ACCEL t=1790548853.098124 FIRED   dev=0.0686 d2=   10.90 thr=11.34 dtheta=0.0074
  0.37   8.80   0.00  (-0.160,-0.140,-0.266)  ( 0.880, 0.214, 0.479)  ( 0.563, 0.485, 0.090)   1.156  ( -0.05, -0.01)
EKF_ACCEL t=1790548853.098718 FIRED   dev=0.0419 d2=    4.11 thr=11.34 dtheta=0.0014
EKF_ACCEL t=1790548853.100918 FIRED   dev=0.0286 d2=    1.91 thr=11.34 dtheta=0.0017
EKF_ACCEL t=1790548853.104685 FIRED   dev=0.0363 d2=    3.08 thr=11.34 dtheta=0.0025
EKF_ACCEL t=1790548853.108793 FIRED   dev=0.0349 d2=    2.86 thr=11.34 dtheta=0.0029
EKF_ACCEL t=1790548853.112664 FIRED   dev=0.0230 d2=    1.24 thr=11.34 dtheta=0.0028
EKF_ACCEL t=1790548853.116562 FIRED   dev=0.0040 d2=    0.04 thr=11.34 dtheta=0.0042
EKF_ACCEL t=1790548853.121005 FIRED   dev=0.0006 d2=    0.00 thr=11.34 dtheta=0.0017
EKF_ACCEL t=1790548853.125095 FIRED   dev=0.0048 d2=    0.06 thr=11.34 dtheta=0.0050
EKF_ACCEL t=1790548853.128776 FIRED   dev=0.0009 d2=    0.00 thr=11.34 dtheta=0.0030
EKF_ACCEL t=1790548853.132587 FIRED   dev=0.0011 d2=    0.00 thr=11.34 dtheta=0.0028
  0.41   3.81   0.00  (-0.158,-0.142,-0.317)  ( 0.726, 0.248, 0.469)  ( 0.597, 0.445, 0.130)   1.216  ( -0.04, -0.01)
EKF_ACCEL t=1790548853.136918 FIRED   dev=0.0040 d2=    0.04 thr=11.34 dtheta=0.0028
EKF_ACCEL t=1790548853.141561 FIRED   dev=0.0003 d2=    0.00 thr=11.34 dtheta=0.0035
EKF_ACCEL t=1790548853.145360 FIRED   dev=0.0063 d2=    0.09 thr=11.34 dtheta=0.0022
EKF_ACCEL t=1790548853.149398 FIRED   dev=0.0003 d2=    0.00 thr=11.34 dtheta=0.0039
EKF_ACCEL t=1790548853.153196 FIRED   dev=0.0024 d2=    0.02 thr=11.34 dtheta=0.0041
EKF_ACCEL t=1790548853.157238 FIRED   dev=0.0034 d2=    0.03 thr=11.34 dtheta=0.0009
EKF_ACCEL t=1790548853.161221 FIRED   dev=0.0038 d2=    0.04 thr=11.34 dtheta=0.0039
EKF_ACCEL t=1790548853.165280 FIRED   dev=0.0031 d2=    0.02 thr=11.34 dtheta=0.0016
EKF_ACCEL t=1790548853.169481 FIRED   dev=0.0224 d2=    1.21 thr=11.34 dtheta=0.0045
EKF_ACCEL t=1790548853.172944 FIRED   dev=0.0153 d2=    0.56 thr=11.34 dtheta=0.0016
  0.45   3.74   0.00  (-0.157,-0.141,-0.358)  ( 0.634, 0.262, 0.463)  ( 0.621, 0.412, 0.162)   1.286  ( -0.04, -0.01)
EKF_ACCEL t=1790548853.176679 FIRED   dev=0.0003 d2=    0.00 thr=11.34 dtheta=0.0029
EKF_ACCEL t=1790548853.180950 FIRED   dev=0.0200 d2=    0.96 thr=11.34 dtheta=0.0047
EKF_ACCEL t=1790548853.185466 FIRED   dev=0.0140 d2=    0.47 thr=11.34 dtheta=0.0034
EKF_ACCEL t=1790548853.189300 FIRED   dev=0.0195 d2=    0.90 thr=11.34 dtheta=0.0012
EKF_ACCEL t=1790548853.193103 FIRED   dev=0.0078 d2=    0.15 thr=11.34 dtheta=0.0050
EKF_ACCEL t=1790548853.196939 FIRED   dev=0.0262 d2=    1.64 thr=11.34 dtheta=0.0021
EKF_ACCEL t=1790548853.200678 FIRED   dev=0.0191 d2=    0.87 thr=11.34 dtheta=0.0017
EKF_ACCEL t=1790548853.204480 FIRED   dev=0.0311 d2=    2.32 thr=11.34 dtheta=0.0048
EKF_ACCEL t=1790548853.220551 FIRED   dev=0.0187 d2=    0.91 thr=11.34 dtheta=0.0123
EKF_ACCEL t=1790548853.222387 FIRED   dev=0.0310 d2=    2.29 thr=11.34 dtheta=0.0009
  0.49   1.85   0.00  (-0.157,-0.142,-0.390)  ( 0.593, 0.287, 0.440)  ( 0.620, 0.383, 0.187)   1.361  ( -0.09,  0.05)
EKF_ACCEL t=1790548853.223359 FIRED   dev=0.0214 d2=    1.09 thr=11.34 dtheta=0.0009
EKF_ACCEL t=1790548853.226001 FIRED   dev=0.0249 d2=    1.47 thr=11.34 dtheta=0.0017
EKF_ACCEL t=1790548853.228751 FIRED   dev=0.0305 d2=    2.22 thr=11.34 dtheta=0.0025
EKF_ACCEL t=1790548853.232932 FIRED   dev=0.0136 d2=    0.45 thr=11.34 dtheta=0.0039
EKF_ACCEL t=1790548853.236907 FIRED   dev=0.0399 d2=    3.80 thr=11.34 dtheta=0.0029
EKF_ACCEL t=1790548853.240747 FIRED   dev=0.0207 d2=    1.03 thr=11.34 dtheta=0.0020
EKF_ACCEL t=1790548853.244478 FIRED   dev=0.0350 d2=    2.92 thr=11.34 dtheta=0.0031
EKF_ACCEL t=1790548853.248526 FIRED   dev=0.0230 d2=    1.27 thr=11.34 dtheta=0.0047
EKF_ACCEL t=1790548853.252706 FIRED   dev=0.0360 d2=    3.08 thr=11.34 dtheta=0.0018
EKF_ACCEL t=1790548853.257010 FIRED   dev=0.0317 d2=    2.40 thr=11.34 dtheta=0.0034
  0.53   4.25   0.00  (-0.154,-0.143,-0.419)  ( 0.537, 0.300, 0.445)  ( 0.613, 0.369, 0.213)   1.420  ( -0.09,  0.05)
EKF_ACCEL t=1790548853.260587 FIRED   dev=0.0326 d2=    2.53 thr=11.34 dtheta=0.0035
EKF_ACCEL t=1790548853.265840 FIRED   dev=0.0158 d2=    0.60 thr=11.34 dtheta=0.0037
EKF_ACCEL t=1790548853.268790 FIRED   dev=0.0256 d2=    1.56 thr=11.34 dtheta=0.0019
EKF_ACCEL t=1790548853.272794 FIRED   dev=0.0198 d2=    0.94 thr=11.34 dtheta=0.0032
EKF_ACCEL t=1790548853.276980 FIRED   dev=0.0279 d2=    1.85 thr=11.34 dtheta=0.0029
EKF_ACCEL t=1790548853.281001 FIRED   dev=0.0057 d2=    0.08 thr=11.34 dtheta=0.0034
EKF_ACCEL t=1790548853.284945 FIRED   dev=0.0218 d2=    1.13 thr=11.34 dtheta=0.0030
EKF_ACCEL t=1790548853.288875 FIRED   dev=0.0168 d2=    0.67 thr=11.34 dtheta=0.0021
EKF_ACCEL t=1790548853.292842 FIRED   dev=0.0234 d2=    1.31 thr=11.34 dtheta=0.0038
EKF_ACCEL t=1790548853.296667 FIRED   dev=0.0166 d2=    0.65 thr=11.34 dtheta=0.0016
  0.57   3.82   0.00  (-0.154,-0.143,-0.445)  ( 0.560, 0.290, 0.449)  ( 0.602, 0.358, 0.234)   1.489  ( -0.09,  0.05)
EKF_ACCEL t=1790548853.301190 FIRED   dev=0.0204 d2=    1.00 thr=11.34 dtheta=0.0026
EKF_ACCEL t=1790548853.312914 FIRED   dev=0.0103 d2=    0.27 thr=11.34 dtheta=0.0076
EKF_ACCEL t=1790548853.315012 FIRED   dev=0.0181 d2=    0.78 thr=11.34 dtheta=0.0023
EKF_ACCEL t=1790548853.320550 FIRED   dev=0.0139 d2=    0.46 thr=11.34 dtheta=0.0031
EKF_ACCEL t=1790548853.323123 FIRED   dev=0.0077 d2=    0.14 thr=11.34 dtheta=0.0029
EKF_ACCEL t=1790548853.326904 FIRED   dev=0.0205 d2=    1.00 thr=11.34 dtheta=0.0012
EKF_ACCEL t=1790548853.330745 FIRED   dev=0.0214 d2=    1.09 thr=11.34 dtheta=0.0030
EKF_ACCEL t=1790548853.334947 FIRED   dev=0.0317 d2=    2.40 thr=11.34 dtheta=0.0032
EKF_ACCEL t=1790548853.338723 FIRED   dev=0.0085 d2=    0.17 thr=11.34 dtheta=0.0013
EKF_ACCEL t=1790548853.342913 FIRED   dev=0.0013 d2=    0.01 thr=11.34 dtheta=0.0037
  0.62   3.96   0.00  (-0.151,-0.144,-0.468)  ( 0.546, 0.316, 0.454)  ( 0.589, 0.351, 0.249)   1.568  ( -0.09,  0.04)
EKF_ACCEL t=1790548853.350358 FIRED   dev=0.0048 d2=    0.06 thr=11.34 dtheta=0.0054
EKF_ACCEL t=1790548853.351341 FIRED   dev=0.0196 d2=    0.91 thr=11.34 dtheta=0.0014
EKF_ACCEL t=1790548853.354820 FIRED   dev=0.0238 d2=    1.36 thr=11.34 dtheta=0.0029
EKF_ACCEL t=1790548853.358790 FIRED   dev=0.0244 d2=    1.43 thr=11.34 dtheta=0.0026
EKF_ACCEL t=1790548853.362744 FIRED   dev=0.0070 d2=    0.12 thr=11.34 dtheta=0.0031
EKF_ACCEL t=1790548853.366690 FIRED   dev=0.0195 d2=    0.91 thr=11.34 dtheta=0.0010
EKF_ACCEL t=1790548853.370857 FIRED   dev=0.0309 d2=    2.28 thr=11.34 dtheta=0.0031
EKF_ACCEL t=1790548853.374774 FIRED   dev=0.0182 d2=    0.80 thr=11.34 dtheta=0.0034
EKF_ACCEL t=1790548853.378621 FIRED   dev=0.0248 d2=    1.46 thr=11.34 dtheta=0.0022
EKF_ACCEL t=1790548853.383365 FIRED   dev=0.0200 d2=    0.96 thr=11.34 dtheta=0.0041
  0.66   4.79   0.00  (-0.150,-0.143,-0.490)  ( 0.559, 0.300, 0.470)  ( 0.576, 0.347, 0.266)   1.638  ( -0.09,  0.04)
EKF_ACCEL t=1790548853.387259 FIRED   dev=0.0242 d2=    1.40 thr=11.34 dtheta=0.0022
EKF_ACCEL t=1790548853.390878 FIRED   dev=0.0085 d2=    0.17 thr=11.34 dtheta=0.0020
EKF_ACCEL t=1790548853.394860 FIRED   dev=0.0232 d2=    1.29 thr=11.34 dtheta=0.0029
EKF_ACCEL t=1790548853.398804 FIRED   dev=0.0101 d2=    0.24 thr=11.34 dtheta=0.0010
EKF_ACCEL t=1790548853.403221 FIRED   dev=0.0180 d2=    0.78 thr=11.34 dtheta=0.0046
EKF_ACCEL t=1790548853.407277 FIRED   dev=0.0020 d2=    0.01 thr=11.34 dtheta=0.0010
EKF_ACCEL t=1790548853.411254 FIRED   dev=0.0134 d2=    0.43 thr=11.34 dtheta=0.0045
EKF_ACCEL t=1790548853.414906 FIRED   dev=0.0101 d2=    0.25 thr=11.34 dtheta=0.0019
EKF_ACCEL t=1790548853.419504 FIRED   dev=0.0107 d2=    0.27 thr=11.34 dtheta=0.0024
EKF_ACCEL t=1790548853.423130 FIRED   dev=0.0178 d2=    0.75 thr=11.34 dtheta=0.0021
  0.70   3.63   0.00  (-0.147,-0.144,-0.511)  ( 0.537, 0.309, 0.479)  ( 0.563, 0.342, 0.282)   1.707  ( -0.09,  0.04)
EKF_ACCEL t=1790548853.428858 FIRED   dev=0.0111 d2=    0.30 thr=11.34 dtheta=0.0043
EKF_ACCEL t=1790548853.430847 FIRED   dev=0.0115 d2=    0.32 thr=11.34 dtheta=0.0013
EKF_ACCEL t=1790548853.434749 FIRED   dev=0.0161 d2=    0.62 thr=11.34 dtheta=0.0023
EKF_ACCEL t=1790548853.439213 FIRED   dev=0.0171 d2=    0.69 thr=11.34 dtheta=0.0021
EKF_ACCEL t=1790548853.447120 FIRED   dev=0.0041 d2=    0.05 thr=11.34 dtheta=0.0072
EKF_ACCEL t=1790548853.449263 FIRED   dev=0.0121 d2=    0.35 thr=11.34 dtheta=0.0009
EKF_ACCEL t=1790548853.455511 FIRED   dev=0.0059 d2=    0.08 thr=11.34 dtheta=0.0034
EKF_ACCEL t=1790548853.459877 FIRED   dev=0.0021 d2=    0.01 thr=11.34 dtheta=0.0031
EKF_ACCEL t=1790548853.461017 FIRED   dev=0.0083 d2=    0.16 thr=11.34 dtheta=0.0009
EKF_ACCEL t=1790548853.463744 FIRED   dev=0.0027 d2=    0.02 thr=11.34 dtheta=0.0016
  0.74   2.31   0.00  (-0.144,-0.143,-0.530)  ( 0.507, 0.297, 0.500)  ( 0.551, 0.334, 0.297)   1.777  ( -0.09,  0.04)
EKF_ACCEL t=1790548853.471711 FIRED   dev=0.0127 d2=    0.40 thr=11.34 dtheta=0.0056
EKF_ACCEL t=1790548853.472742 FIRED   dev=0.0077 d2=    0.14 thr=11.34 dtheta=0.0005
EKF_ACCEL t=1790548853.477220 FIRED   dev=0.0156 d2=    0.58 thr=11.34 dtheta=0.0023
EKF_ACCEL t=1790548853.479185 FIRED   dev=0.0140 d2=    0.47 thr=11.34 dtheta=0.0021
EKF_ACCEL t=1790548853.483299 FIRED   dev=0.0024 d2=    0.01 thr=11.34 dtheta=0.0025
EKF_ACCEL t=1790548853.487446 FIRED   dev=0.0128 d2=    0.39 thr=11.34 dtheta=0.0021
EKF_ACCEL t=1790548853.491059 FIRED   dev=0.0094 d2=    0.21 thr=11.34 dtheta=0.0015
EKF_ACCEL t=1790548853.494813 FIRED   dev=0.0048 d2=    0.06 thr=11.34 dtheta=0.0042
EKF_ACCEL t=1790548853.499048 FIRED   dev=0.0132 d2=    0.42 thr=11.34 dtheta=0.0018
EKF_ACCEL t=1790548853.502850 FIRED   dev=0.0125 d2=    0.37 thr=11.34 dtheta=0.0011
  0.78   3.77   0.00  (-0.142,-0.143,-0.547)  ( 0.545, 0.301, 0.509)  ( 0.536, 0.329, 0.309)   1.845  ( -0.09,  0.04)
EKF_ACCEL t=1790548853.507185 FIRED   dev=0.0104 d2=    0.26 thr=11.34 dtheta=0.0031
EKF_ACCEL t=1790548853.511050 FIRED   dev=0.0105 d2=    0.26 thr=11.34 dtheta=0.0024
EKF_ACCEL t=1790548853.515056 FIRED   dev=0.0119 d2=    0.34 thr=11.34 dtheta=0.0032
EKF_ACCEL t=1790548853.519183 FIRED   dev=0.0175 d2=    0.73 thr=11.34 dtheta=0.0019
EKF_ACCEL t=1790548853.522933 FIRED   dev=0.0094 d2=    0.21 thr=11.34 dtheta=0.0025
EKF_ACCEL t=1790548853.527364 FIRED   dev=0.0092 d2=    0.20 thr=11.34 dtheta=0.0015
EKF_ACCEL t=1790548853.531224 FIRED   dev=0.0088 d2=    0.18 thr=11.34 dtheta=0.0027
EKF_ACCEL t=1790548853.535327 FIRED   dev=0.0059 d2=    0.09 thr=11.34 dtheta=0.0033
EKF_ACCEL t=1790548853.544355 FIRED   dev=0.0036 d2=    0.04 thr=11.34 dtheta=0.0050
EKF_ACCEL t=1790548853.545891 FIRED   dev=0.0045 d2=    0.05 thr=11.34 dtheta=0.0007
  0.82   1.18   0.00  (-0.140,-0.142,-0.564)  ( 0.530, 0.289, 0.514)  ( 0.520, 0.325, 0.325)   1.919  ( -0.09,  0.04)
EKF_ACCEL t=1790548853.546953 FIRED   dev=0.0059 d2=    0.08 thr=11.34 dtheta=0.0010
EKF_ACCEL t=1790548853.551068 FIRED   dev=0.0166 d2=    0.65 thr=11.34 dtheta=0.0024
EKF_ACCEL t=1790548853.555288 FIRED   dev=0.0060 d2=    0.09 thr=11.34 dtheta=0.0020
EKF_ACCEL t=1790548853.558849 FIRED   dev=0.0164 d2=    0.64 thr=11.34 dtheta=0.0015
EKF_ACCEL t=1790548853.563499 FIRED   dev=0.0029 d2=    0.02 thr=11.34 dtheta=0.0038
EKF_ACCEL t=1790548853.567023 FIRED   dev=0.0100 d2=    0.24 thr=11.34 dtheta=0.0014
EKF_ACCEL t=1790548853.570865 FIRED   dev=0.0049 d2=    0.06 thr=11.34 dtheta=0.0023
EKF_ACCEL t=1790548853.575090 FIRED   dev=0.0061 d2=    0.09 thr=11.34 dtheta=0.0037
EKF_ACCEL t=1790548853.578737 FIRED   dev=0.0063 d2=    0.10 thr=11.34 dtheta=0.0011
EKF_ACCEL t=1790548853.582748 FIRED   dev=0.0090 d2=    0.20 thr=11.34 dtheta=0.0032
  0.86   3.87   0.00  (-0.137,-0.143,-0.579)  ( 0.508, 0.319, 0.525)  ( 0.503, 0.321, 0.340)   1.983  ( -0.09,  0.04)
EKF_ACCEL t=1790548853.587698 FIRED   dev=0.0078 d2=    0.15 thr=11.34 dtheta=0.0030
EKF_ACCEL t=1790548853.591108 FIRED   dev=0.0073 d2=    0.13 thr=11.34 dtheta=0.0023
EKF_ACCEL t=1790548853.595330 FIRED   dev=0.0034 d2=    0.03 thr=11.34 dtheta=0.0027
EKF_ACCEL t=1790548853.604553 FIRED   dev=0.0078 d2=    0.15 thr=11.34 dtheta=0.0060
EKF_ACCEL t=1790548853.614311 FIRED   dev=0.0029 d2=    0.02 thr=11.34 dtheta=0.0050
EKF_ACCEL t=1790548853.615340 FIRED   dev=0.0011 d2=    0.00 thr=11.34 dtheta=0.0012
EKF_ACCEL t=1790548853.616432 FIRED   dev=0.0054 d2=    0.07 thr=11.34 dtheta=0.0011
EKF_ACCEL t=1790548853.623652 FIRED   dev=0.0091 d2=    0.20 thr=11.34 dtheta=0.0034
EKF_ACCEL t=1790548853.624929 FIRED   dev=0.0103 d2=    0.26 thr=11.34 dtheta=0.0010
EKF_ACCEL t=1790548853.627946 FIRED   dev=0.0107 d2=    0.27 thr=11.34 dtheta=0.0028
  0.90   2.88   0.00  (-0.137,-0.142,-0.593)  ( 0.512, 0.285, 0.529)  ( 0.485, 0.318, 0.351)   2.061  ( -0.09,  0.04)
EKF_ACCEL t=1790548853.631876 FIRED   dev=0.0037 d2=    0.03 thr=11.34 dtheta=0.0014
EKF_ACCEL t=1790548853.635824 FIRED   dev=0.0142 d2=    0.49 thr=11.34 dtheta=0.0041
EKF_ACCEL t=1790548853.640019 FIRED   dev=0.0028 d2=    0.02 thr=11.34 dtheta=0.0007
EKF_ACCEL t=1790548853.643725 FIRED   dev=0.0068 d2=    0.11 thr=11.34 dtheta=0.0018
EKF_ACCEL t=1790548853.647909 FIRED   dev=0.0184 d2=    0.80 thr=11.34 dtheta=0.0023
EKF_ACCEL t=1790548853.656135 FIRED   dev=0.0124 d2=    0.37 thr=11.34 dtheta=0.0043
EKF_ACCEL t=1790548853.656719 FIRED   dev=0.0172 d2=    0.71 thr=11.34 dtheta=0.0003
EKF_ACCEL t=1790548853.659724 FIRED   dev=0.0049 d2=    0.06 thr=11.34 dtheta=0.0019
EKF_ACCEL t=1790548853.664338 FIRED   dev=0.0210 d2=    1.06 thr=11.34 dtheta=0.0039
EKF_ACCEL t=1790548853.667878 FIRED   dev=0.0104 d2=    0.26 thr=11.34 dtheta=0.0022
  0.94   3.46   0.00  (-0.133,-0.143,-0.606)  ( 0.513, 0.304, 0.549)  ( 0.471, 0.316, 0.364)   2.130  ( -0.09,  0.04)
EKF_ACCEL t=1790548853.671976 FIRED   dev=0.0168 d2=    0.67 thr=11.34 dtheta=0.0010
EKF_ACCEL t=1790548853.676068 FIRED   dev=0.0041 d2=    0.04 thr=11.34 dtheta=0.0033
EKF_ACCEL t=1790548853.679580 FIRED   dev=0.0042 d2=    0.04 thr=11.34 dtheta=0.0019
EKF_ACCEL t=1790548853.683640 FIRED   dev=0.0080 d2=    0.15 thr=11.34 dtheta=0.0016
EKF_ACCEL t=1790548853.689957 FIRED   dev=0.0091 d2=    0.20 thr=11.34 dtheta=0.0054
EKF_ACCEL t=1790548853.693193 FIRED   dev=0.0017 d2=    0.01 thr=11.34 dtheta=0.0011
EKF_ACCEL t=1790548853.696151 FIRED   dev=0.0107 d2=    0.27 thr=11.34 dtheta=0.0012
EKF_ACCEL t=1790548853.700049 FIRED   dev=0.0058 d2=    0.08 thr=11.34 dtheta=0.0017
EKF_ACCEL t=1790548853.704292 FIRED   dev=0.0015 d2=    0.01 thr=11.34 dtheta=0.0031
EKF_ACCEL t=1790548853.707998 FIRED   dev=0.0025 d2=    0.02 thr=11.34 dtheta=0.0024
  0.98   3.37   0.00  (-0.131,-0.142,-0.618)  ( 0.517, 0.274, 0.558)  ( 0.454, 0.318, 0.374)   2.199  ( -0.09,  0.03)
EKF_ACCEL t=1790548853.712083 FIRED   dev=0.0133 d2=    0.42 thr=11.34 dtheta=0.0011
EKF_ACCEL t=1790548853.715715 FIRED   dev=0.0053 d2=    0.07 thr=11.34 dtheta=0.0020
EKF_ACCEL t=1790548853.720297 FIRED   dev=0.0007 d2=    0.00 thr=11.34 dtheta=0.0033
EKF_ACCEL t=1790548853.724302 FIRED   dev=0.0149 d2=    0.53 thr=11.34 dtheta=0.0022
EKF_ACCEL t=1790548853.727891 FIRED   dev=0.0127 d2=    0.39 thr=11.34 dtheta=0.0003
EKF_ACCEL t=1790548853.731965 FIRED   dev=0.0055 d2=    0.07 thr=11.34 dtheta=0.0027
EKF_ACCEL t=1790548853.735826 REJECTED dev=0.1044 d2=   25.91 thr=11.34
EKF_ACCEL t=1790548853.739837 REJECTED dev=0.2059 d2=  100.08 thr=11.34
EKF_ACCEL t=1790548853.743897 REJECTED dev=0.2515 d2=  148.94 thr=11.34
EKF_ACCEL t=1790548853.749398 REJECTED dev=0.2817 d2=  186.03 thr=11.34
  1.02   5.46   0.20  (-0.116,-0.143,-0.631)  ( 0.142, 0.564, 1.069)  ( 0.420, 0.333, 0.409)   2.271  ( -0.09,  0.03)
EKF_ACCEL t=1790548853.752539 REJECTED dev=0.2913 d2=  198.16 thr=11.34
EKF_ACCEL t=1790548853.756090 REJECTED dev=0.2861 d2=  190.11 thr=11.34
EKF_ACCEL t=1790548853.760403 REJECTED dev=0.2850 d2=  187.73 thr=11.34
EKF_ACCEL t=1790548853.764219 REJECTED dev=0.2572 d2=  151.74 thr=11.34
EKF_ACCEL t=1790548853.767753 REJECTED dev=0.2296 d2=  120.21 thr=11.34
EKF_ACCEL t=1790548853.779708 REJECTED dev=0.2131 d2=  102.32 thr=11.34
EKF_ACCEL t=1790548853.784294 REJECTED dev=0.1733 d2=   66.12 thr=11.34
EKF_ACCEL t=1790548853.785663 REJECTED dev=0.1681 d2=   61.97 thr=11.34
EKF_ACCEL t=1790548853.789270 REJECTED dev=0.1694 d2=   62.31 thr=11.34
EKF_ACCEL t=1790548853.793264 REJECTED dev=0.1568 d2=   52.82 thr=11.34
  1.07   3.91   0.20  (-0.094,-0.135,-0.643)  ( 0.053, 0.375, 0.826)  ( 0.329, 0.386, 0.456)   2.347  ( -0.09,  0.03)
EKF_ACCEL t=1790548853.797121 REJECTED dev=0.1765 d2=   66.70 thr=11.34
EKF_ACCEL t=1790548853.800985 REJECTED dev=0.1546 d2=   50.13 thr=11.34
EKF_ACCEL t=1790548853.804940 REJECTED dev=0.1495 d2=   46.27 thr=11.34
EKF_ACCEL t=1790548853.808975 REJECTED dev=0.1421 d2=   40.99 thr=11.34
EKF_ACCEL t=1790548853.812864 REJECTED dev=0.1317 d2=   34.59 thr=11.34
EKF_ACCEL t=1790548853.816598 REJECTED dev=0.1375 d2=   37.45 thr=11.34
EKF_ACCEL t=1790548853.821353 REJECTED dev=0.1163 d2=   25.45 thr=11.34
EKF_ACCEL t=1790548853.825658 REJECTED dev=0.1203 d2=   27.23 thr=11.34
EKF_ACCEL t=1790548853.831281 REJECTED dev=0.1088 d2=   21.05 thr=11.34
EKF_ACCEL t=1790548853.833025 REJECTED dev=0.0950 d2=   15.36 thr=11.34
  1.11   1.98   0.20  (-0.078,-0.128,-0.653)  ( 0.033, 0.301, 0.752)  ( 0.237, 0.396, 0.489)   2.416  ( -0.10,  0.01)
EKF_ACCEL t=1790548853.837380 REJECTED dev=0.0847 d2=   11.66 thr=11.34
EKF_ACCEL t=1790548853.840951 FIRED   dev=0.0786 d2=    9.66 thr=11.34 dtheta=0.0534
EKF_ACCEL t=1790548853.844998 FIRED   dev=0.0634 d2=    9.08 thr=11.34 dtheta=0.0022
EKF_ACCEL t=1790548853.848912 FIRED   dev=0.0562 d2=    7.19 thr=11.34 dtheta=0.0014
EKF_ACCEL t=1790548853.852884 FIRED   dev=0.0645 d2=    9.51 thr=11.34 dtheta=0.0014
EKF_ACCEL t=1790548853.856801 FIRED   dev=0.0421 d2=    4.09 thr=11.34 dtheta=0.0010
EKF_ACCEL t=1790548853.862022 FIRED   dev=0.0497 d2=    5.70 thr=11.34 dtheta=0.0034
EKF_ACCEL t=1790548853.865465 FIRED   dev=0.0408 d2=    3.85 thr=11.34 dtheta=0.0024
EKF_ACCEL t=1790548853.869765 FIRED   dev=0.0291 d2=    1.97 thr=11.34 dtheta=0.0014
EKF_ACCEL t=1790548853.873936 FIRED   dev=0.0241 d2=    1.35 thr=11.34 dtheta=0.0031
  1.15   4.10   0.20  (-0.124,-0.140,-0.655)  ( 0.851, 0.318, 0.724)  ( 0.224, 0.387, 0.509)   2.487  ( -0.09,  0.03)
EKF_ACCEL t=1790548853.878095 FIRED   dev=0.0066 d2=    0.10 thr=11.34 dtheta=0.0032
EKF_ACCEL t=1790548853.881641 FIRED   dev=0.0044 d2=    0.05 thr=11.34 dtheta=0.0011
EKF_ACCEL t=1790548853.885411 FIRED   dev=0.0071 d2=    0.12 thr=11.34 dtheta=0.0013
EKF_ACCEL t=1790548853.892891 FIRED   dev=0.0128 d2=    0.39 thr=11.34 dtheta=0.0035
EKF_ACCEL t=1790548853.894874 FIRED   dev=0.0256 d2=    1.54 thr=11.34 dtheta=0.0028
EKF_ACCEL t=1790548853.897547 FIRED   dev=0.0123 d2=    0.36 thr=11.34 dtheta=0.0008
EKF_ACCEL t=1790548853.901985 FIRED   dev=0.0284 d2=    1.91 thr=11.34 dtheta=0.0018
EKF_ACCEL t=1790548853.904965 FIRED   dev=0.0326 d2=    2.51 thr=11.34 dtheta=0.0016
EKF_ACCEL t=1790548853.909454 FIRED   dev=0.0271 d2=    1.73 thr=11.34 dtheta=0.0030
EKF_ACCEL t=1790548853.914015 FIRED   dev=0.0297 d2=    2.09 thr=11.34 dtheta=0.0028
  1.19   4.45   0.20  (-0.122,-0.141,-0.661)  ( 0.569, 0.362, 0.726)  ( 0.287, 0.378, 0.521)   2.557  ( -0.09,  0.03)
EKF_ACCEL t=1790548853.917614 FIRED   dev=0.0259 d2=    1.58 thr=11.34 dtheta=0.0025
EKF_ACCEL t=1790548853.921047 FIRED   dev=0.0352 d2=    2.93 thr=11.34 dtheta=0.0007
EKF_ACCEL t=1790548853.925171 FIRED   dev=0.0311 d2=    2.28 thr=11.34 dtheta=0.0015
EKF_ACCEL t=1790548853.928928 FIRED   dev=0.0309 d2=    2.26 thr=11.34 dtheta=0.0024
EKF_ACCEL t=1790548853.933904 FIRED   dev=0.0373 d2=    3.29 thr=11.34 dtheta=0.0021
EKF_ACCEL t=1790548853.937912 FIRED   dev=0.0266 d2=    1.68 thr=11.34 dtheta=0.0029
EKF_ACCEL t=1790548853.945494 FIRED   dev=0.0308 d2=    2.25 thr=11.34 dtheta=0.0030
EKF_ACCEL t=1790548853.947508 FIRED   dev=0.0308 d2=    2.26 thr=11.34 dtheta=0.0016
EKF_ACCEL t=1790548853.952159 FIRED   dev=0.0318 d2=    2.40 thr=11.34 dtheta=0.0025
EKF_ACCEL t=1790548853.953257 FIRED   dev=0.0236 d2=    1.32 thr=11.34 dtheta=0.0007
  1.23   1.20   0.20  (-0.119,-0.141,-0.667)  ( 0.461, 0.392, 0.735)  ( 0.292, 0.376, 0.534)   2.625  ( -0.09,  0.03)
EKF_ACCEL t=1790548853.957443 FIRED   dev=0.0290 d2=    1.99 thr=11.34 dtheta=0.0016
EKF_ACCEL t=1790548853.961927 FIRED   dev=0.0317 d2=    2.40 thr=11.34 dtheta=0.0029
EKF_ACCEL t=1790548853.965097 FIRED   dev=0.0209 d2=    1.04 thr=11.34 dtheta=0.0018
EKF_ACCEL t=1790548853.969507 FIRED   dev=0.0391 d2=    3.63 thr=11.34 dtheta=0.0025
EKF_ACCEL t=1790548853.972970 FIRED   dev=0.0301 d2=    2.15 thr=11.34 dtheta=0.0023
EKF_ACCEL t=1790548853.977027 FIRED   dev=0.0267 d2=    1.70 thr=11.34 dtheta=0.0002
EKF_ACCEL t=1790548853.980604 FIRED   dev=0.0249 d2=    1.48 thr=11.34 dtheta=0.0029
EKF_ACCEL t=1790548853.985538 FIRED   dev=0.0353 d2=    2.96 thr=11.34 dtheta=0.0027
EKF_ACCEL t=1790548853.989117 FIRED   dev=0.0214 d2=    1.09 thr=11.34 dtheta=0.0012
EKF_ACCEL t=1790548853.992888 FIRED   dev=0.0220 d2=    1.15 thr=11.34 dtheta=0.0025
  1.27   3.65   0.20  (-0.115,-0.143,-0.674)  ( 0.435, 0.407, 0.741)  ( 0.272, 0.382, 0.547)   2.695  ( -0.09,  0.03)
EKF_ACCEL t=1790548853.997133 FIRED   dev=0.0227 d2=    1.23 thr=11.34 dtheta=0.0021
EKF_ACCEL t=1790548854.000824 FIRED   dev=0.0266 d2=    1.68 thr=11.34 dtheta=0.0011
EKF_ACCEL t=1790548854.005057 FIRED   dev=0.0231 d2=    1.27 thr=11.34 dtheta=0.0017
EKF_ACCEL t=1790548854.008907 FIRED   dev=0.0154 d2=    0.56 thr=11.34 dtheta=0.0016
EKF_ACCEL t=1790548854.013142 FIRED   dev=0.0132 d2=    0.42 thr=11.34 dtheta=0.0025
EKF_ACCEL t=1790548854.016855 FIRED   dev=0.0150 d2=    0.53 thr=11.34 dtheta=0.0022
EKF_ACCEL t=1790548854.020801 FIRED   dev=0.0158 d2=    0.59 thr=11.34 dtheta=0.0020
EKF_ACCEL t=1790548854.025373 FIRED   dev=0.0058 d2=    0.08 thr=11.34 dtheta=0.0024
EKF_ACCEL t=1790548854.028879 FIRED   dev=0.0178 d2=    0.75 thr=11.34 dtheta=0.0030
EKF_ACCEL t=1790548854.040478 FIRED   dev=0.0210 d2=    1.07 thr=11.34 dtheta=0.0053
  1.31  12.26   0.20  (-0.112,-0.143,-0.681)  ( 0.439, 0.392, 0.751)  ( 0.244, 0.389, 0.558)   2.778  ( -0.09,  0.03)
EKF_ACCEL t=1790548854.041822 FIRED   dev=0.0224 d2=    1.19 thr=11.34 dtheta=0.0007
EKF_ACCEL t=1790548854.045107 FIRED   dev=0.0119 d2=    0.34 thr=11.34 dtheta=0.0023
EKF_ACCEL t=1790548854.048842 FIRED   dev=0.0186 d2=    0.83 thr=11.34 dtheta=0.0030
EKF_ACCEL t=1790548854.053013 FIRED   dev=0.0231 d2=    1.27 thr=11.34 dtheta=0.0013
EKF_ACCEL t=1790548854.057086 FIRED   dev=0.0193 d2=    0.89 thr=11.34 dtheta=0.0029
EKF_ACCEL t=1790548854.061198 FIRED   dev=0.0194 d2=    0.89 thr=11.34 dtheta=0.0012
EKF_ACCEL t=1790548854.065077 FIRED   dev=0.0069 d2=    0.11 thr=11.34 dtheta=0.0027
EKF_ACCEL t=1790548854.069019 FIRED   dev=0.0148 d2=    0.52 thr=11.34 dtheta=0.0022
EKF_ACCEL t=1790548854.073055 FIRED   dev=0.0169 d2=    0.68 thr=11.34 dtheta=0.0011
EKF_ACCEL t=1790548854.076565 FIRED   dev=0.0122 d2=    0.36 thr=11.34 dtheta=0.0023
  1.35   3.48   0.20  (-0.108,-0.145,-0.685)  ( 0.415, 0.389, 0.752)  ( 0.217, 0.398, 0.567)   2.841  ( -0.09,  0.03)
EKF_ACCEL t=1790548854.080530 FIRED   dev=0.0098 d2=    0.23 thr=11.34 dtheta=0.0022
EKF_ACCEL t=1790548854.084993 FIRED   dev=0.0159 d2=    0.60 thr=11.34 dtheta=0.0012
EKF_ACCEL t=1790548854.088735 FIRED   dev=0.0148 d2=    0.52 thr=11.34 dtheta=0.0030
EKF_ACCEL t=1790548854.093044 FIRED   dev=0.0222 d2=    1.17 thr=11.34 dtheta=0.0017
EKF_ACCEL t=1790548854.101041 FIRED   dev=0.0043 d2=    0.05 thr=11.34 dtheta=0.0035
EKF_ACCEL t=1790548854.102968 FIRED   dev=0.0106 d2=    0.27 thr=11.34 dtheta=0.0005
EKF_ACCEL t=1790548854.105393 FIRED   dev=0.0014 d2=    0.01 thr=11.34 dtheta=0.0024
EKF_ACCEL t=1790548854.109351 FIRED   dev=0.0166 d2=    0.66 thr=11.34 dtheta=0.0031
EKF_ACCEL t=1790548854.113322 FIRED   dev=0.0045 d2=    0.05 thr=11.34 dtheta=0.0027
EKF_ACCEL t=1790548854.117496 FIRED   dev=0.0126 d2=    0.38 thr=11.34 dtheta=0.0009
  1.39   4.82   0.20  (-0.104,-0.145,-0.688)  ( 0.405, 0.394, 0.758)  ( 0.190, 0.411, 0.579)   2.913  ( -0.09,  0.03)
EKF_ACCEL t=1790548854.121744 FIRED   dev=0.0063 d2=    0.10 thr=11.34 dtheta=0.0039
EKF_ACCEL t=1790548854.125581 FIRED   dev=0.0209 d2=    1.04 thr=11.34 dtheta=0.0016
EKF_ACCEL t=1790548854.129805 FIRED   dev=0.0050 d2=    0.06 thr=11.34 dtheta=0.0018
EKF_ACCEL t=1790548854.133415 FIRED   dev=0.0011 d2=    0.00 thr=11.34 dtheta=0.0015
EKF_ACCEL t=1790548854.137597 FIRED   dev=0.0068 d2=    0.11 thr=11.34 dtheta=0.0030
EKF_ACCEL t=1790548854.141069 FIRED   dev=0.0049 d2=    0.06 thr=11.34 dtheta=0.0021
EKF_ACCEL t=1790548854.145398 FIRED   dev=0.0078 d2=    0.14 thr=11.34 dtheta=0.0012
EKF_ACCEL t=1790548854.148974 FIRED   dev=0.0089 d2=    0.19 thr=11.34 dtheta=0.0030
EKF_ACCEL t=1790548854.153960 FIRED   dev=0.0262 d2=    1.64 thr=11.34 dtheta=0.0018
EKF_ACCEL t=1790548854.157122 FIRED   dev=0.0087 d2=    0.18 thr=11.34 dtheta=0.0012
  1.43   2.95   0.20  (-0.101,-0.146,-0.693)  ( 0.409, 0.402, 0.762)  ( 0.161, 0.421, 0.589)   2.982  ( -0.09,  0.03)
EKF_ACCEL t=1790548854.161169 FIRED   dev=0.0053 d2=    0.07 thr=11.34 dtheta=0.0025
EKF_ACCEL t=1790548854.165621 FIRED   dev=0.0054 d2=    0.07 thr=11.34 dtheta=0.0035
EKF_ACCEL t=1790548854.170378 FIRED   dev=0.0053 d2=    0.07 thr=11.34 dtheta=0.0013
EKF_ACCEL t=1790548854.173548 FIRED   dev=0.0025 d2=    0.02 thr=11.34 dtheta=0.0032
EKF_ACCEL t=1790548854.177584 FIRED   dev=0.0111 d2=    0.29 thr=11.34 dtheta=0.0010
EKF_ACCEL t=1790548854.181329 FIRED   dev=0.0003 d2=    0.00 thr=11.34 dtheta=0.0017
EKF_ACCEL t=1790548854.185520 FIRED   dev=0.0118 d2=    0.33 thr=11.34 dtheta=0.0026
EKF_ACCEL t=1790548854.189358 FIRED   dev=0.0029 d2=    0.02 thr=11.34 dtheta=0.0017
EKF_ACCEL t=1790548854.193954 FIRED   dev=0.0030 d2=    0.02 thr=11.34 dtheta=0.0042
EKF_ACCEL t=1790548854.197326 FIRED   dev=0.0032 d2=    0.03 thr=11.34 dtheta=0.0029
  1.47   3.33   0.20  (-0.097,-0.148,-0.696)  ( 0.431, 0.423, 0.771)  ( 0.132, 0.432, 0.596)   3.052  ( -0.09,  0.03)
EKF_ACCEL t=1790548854.201025 FIRED   dev=0.0012 d2=    0.00 thr=11.34 dtheta=0.0010
EKF_ACCEL t=1790548854.206290 FIRED   dev=0.0012 d2=    0.01 thr=11.34 dtheta=0.0035
EKF_ACCEL t=1790548854.210712 FIRED   dev=0.0083 d2=    0.17 thr=11.34 dtheta=0.0030
EKF_ACCEL t=1790548854.213699 FIRED   dev=0.0065 d2=    0.10 thr=11.34 dtheta=0.0015
EKF_ACCEL t=1790548854.218473 FIRED   dev=0.0110 d2=    0.29 thr=11.34 dtheta=0.0027
EKF_ACCEL t=1790548854.221365 FIRED   dev=0.0088 d2=    0.18 thr=11.34 dtheta=0.0022
EKF_ACCEL t=1790548854.225211 FIRED   dev=0.0049 d2=    0.06 thr=11.34 dtheta=0.0012
EKF_ACCEL t=1790548854.228902 FIRED   dev=0.0177 d2=    0.74 thr=11.34 dtheta=0.0009
EKF_ACCEL t=1790548854.233568 FIRED   dev=0.0135 d2=    0.44 thr=11.34 dtheta=0.0041
EKF_ACCEL t=1790548854.237564 FIRED   dev=0.0031 d2=    0.02 thr=11.34 dtheta=0.0034
  1.51   4.29   0.20  (-0.094,-0.150,-0.698)  ( 0.380, 0.457, 0.778)  ( 0.104, 0.447, 0.604)   3.123  ( -0.09,  0.03)
EKF_ACCEL t=1790548854.241398 FIRED   dev=0.0008 d2=    0.00 thr=11.34 dtheta=0.0018
EKF_ACCEL t=1790548854.246785 FIRED   dev=0.0087 d2=    0.18 thr=11.34 dtheta=0.0029
EKF_ACCEL t=1790548854.249503 FIRED   dev=0.0062 d2=    0.09 thr=11.34 dtheta=0.0010
EKF_ACCEL t=1790548854.253453 FIRED   dev=0.0019 d2=    0.01 thr=11.34 dtheta=0.0025
EKF_ACCEL t=1790548854.257320 FIRED   dev=0.0072 d2=    0.13 thr=11.34 dtheta=0.0016
EKF_ACCEL t=1790548854.261114 FIRED   dev=0.0011 d2=    0.00 thr=11.34 dtheta=0.0030
EKF_ACCEL t=1790548854.264993 FIRED   dev=0.0007 d2=    0.00 thr=11.34 dtheta=0.0014
EKF_ACCEL t=1790548854.269167 FIRED   dev=0.0095 d2=    0.22 thr=11.34 dtheta=0.0035
EKF_ACCEL t=1790548854.273538 FIRED   dev=0.0015 d2=    0.01 thr=11.34 dtheta=0.0026
EKF_ACCEL t=1790548854.277248 FIRED   dev=0.0202 d2=    0.97 thr=11.34 dtheta=0.0022
  1.55   3.72   0.20  (-0.092,-0.151,-0.700)  ( 0.394, 0.445, 0.783)  ( 0.077, 0.462, 0.611)   3.192  ( -0.09,  0.03)
EKF_ACCEL t=1790548854.281301 FIRED   dev=0.0008 d2=    0.00 thr=11.34 dtheta=0.0011
EKF_ACCEL t=1790548854.285741 FIRED   dev=0.0080 d2=    0.16 thr=11.34 dtheta=0.0038
EKF_ACCEL t=1790548854.289674 FIRED   dev=0.0077 d2=    0.14 thr=11.34 dtheta=0.0033
EKF_ACCEL t=1790548854.293024 FIRED   dev=0.0120 d2=    0.34 thr=11.34 dtheta=0.0016
EKF_ACCEL t=1790548854.297342 FIRED   dev=0.0025 d2=    0.01 thr=11.34 dtheta=0.0027
EKF_ACCEL t=1790548854.301641 FIRED   dev=0.0136 d2=    0.44 thr=11.34 dtheta=0.0031
EKF_ACCEL t=1790548854.305431 FIRED   dev=0.0053 d2=    0.07 thr=11.34 dtheta=0.0015
EKF_ACCEL t=1790548854.309355 FIRED   dev=0.0045 d2=    0.05 thr=11.34 dtheta=0.0008
EKF_ACCEL t=1790548854.313878 FIRED   dev=0.0037 d2=    0.03 thr=11.34 dtheta=0.0033
EKF_ACCEL t=1790548854.317110 FIRED   dev=0.0109 d2=    0.29 thr=11.34 dtheta=0.0044
  1.59   3.59   0.20  (-0.088,-0.152,-0.702)  ( 0.422, 0.421, 0.785)  ( 0.048, 0.480, 0.621)   3.261  ( -0.09,  0.03)
EKF_ACCEL t=1790548854.322192 FIRED   dev=0.0085 d2=    0.17 thr=11.34 dtheta=0.0025
EKF_ACCEL t=1790548854.325462 FIRED   dev=0.0060 d2=    0.09 thr=11.34 dtheta=0.0020
EKF_ACCEL t=1790548854.335917 FIRED   dev=0.0015 d2=    0.01 thr=11.34 dtheta=0.0066
EKF_ACCEL t=1790548854.337344 FIRED   dev=0.0097 d2=    0.23 thr=11.34 dtheta=0.0015
EKF_ACCEL t=1790548854.340762 FIRED   dev=0.0004 d2=    0.00 thr=11.34 dtheta=0.0037
EKF_ACCEL t=1790548854.345102 FIRED   dev=0.0013 d2=    0.00 thr=11.34 dtheta=0.0022
EKF_ACCEL t=1790548854.348887 FIRED   dev=0.0144 d2=    0.49 thr=11.34 dtheta=0.0017
EKF_ACCEL t=1790548854.352829 FIRED   dev=0.0047 d2=    0.05 thr=11.34 dtheta=0.0028
EKF_ACCEL t=1790548854.357021 FIRED   dev=0.0040 d2=    0.04 thr=11.34 dtheta=0.0028
EKF_ACCEL t=1790548854.360846 FIRED   dev=0.0127 d2=    0.39 thr=11.34 dtheta=0.0027
  1.63   3.84   0.20  (-0.085,-0.154,-0.704)  ( 0.371, 0.464, 0.794)  ( 0.021, 0.500, 0.629)   3.338  ( -0.08,  0.02)
EKF_ACCEL t=1790548854.364953 FIRED   dev=0.0017 d2=    0.01 thr=11.34 dtheta=0.0035
EKF_ACCEL t=1790548854.368859 FIRED   dev=0.0064 d2=    0.10 thr=11.34 dtheta=0.0021
EKF_ACCEL t=1790548854.372824 FIRED   dev=0.0018 d2=    0.01 thr=11.34 dtheta=0.0032
EKF_ACCEL t=1790548854.376961 FIRED   dev=0.0013 d2=    0.01 thr=11.34 dtheta=0.0027
EKF_ACCEL t=1790548854.380903 FIRED   dev=0.0006 d2=    0.00 thr=11.34 dtheta=0.0039
EKF_ACCEL t=1790548854.384806 FIRED   dev=0.0054 d2=    0.07 thr=11.34 dtheta=0.0027
EKF_ACCEL t=1790548854.388987 FIRED   dev=0.0026 d2=    0.02 thr=11.34 dtheta=0.0016
EKF_ACCEL t=1790548854.392904 FIRED   dev=0.0035 d2=    0.03 thr=11.34 dtheta=0.0039
EKF_ACCEL t=1790548854.400439 FIRED   dev=0.0187 d2=    0.85 thr=11.34 dtheta=0.0055
EKF_ACCEL t=1790548854.401317 FIRED   dev=0.0004 d2=    0.00 thr=11.34 dtheta=0.0015
  1.68   3.08   0.20  (-0.083,-0.157,-0.706)  ( 0.368, 0.496, 0.799)  (-0.007, 0.519, 0.634)   3.408  ( -0.08,  0.02)
EKF_ACCEL t=1790548854.406170 FIRED   dev=0.0094 d2=    0.21 thr=11.34 dtheta=0.0038
EKF_ACCEL t=1790548854.409087 FIRED   dev=0.0069 d2=    0.11 thr=11.34 dtheta=0.0005
EKF_ACCEL t=1790548854.412842 FIRED   dev=0.0126 d2=    0.38 thr=11.34 dtheta=0.0029
EKF_ACCEL t=1790548854.417144 FIRED   dev=0.0068 d2=    0.11 thr=11.34 dtheta=0.0034
EKF_ACCEL t=1790548854.421100 FIRED   dev=0.0058 d2=    0.08 thr=11.34 dtheta=0.0036
EKF_ACCEL t=1790548854.425208 FIRED   dev=0.0013 d2=    0.00 thr=11.34 dtheta=0.0026
EKF_ACCEL t=1790548854.428887 FIRED   dev=0.0165 d2=    0.64 thr=11.34 dtheta=0.0030
EKF_ACCEL t=1790548854.432772 FIRED   dev=0.0143 d2=    0.49 thr=11.34 dtheta=0.0034
EKF_ACCEL t=1790548854.437036 FIRED   dev=0.0038 d2=    0.03 thr=11.34 dtheta=0.0044
EKF_ACCEL t=1790548854.440753 FIRED   dev=0.0047 d2=    0.05 thr=11.34 dtheta=0.0028
  1.71   3.33   0.20  (-0.079,-0.159,-0.708)  ( 0.370, 0.494, 0.804)  (-0.033, 0.545, 0.638)   3.477  ( -0.08,  0.02)
EKF_ACCEL t=1790548854.445133 FIRED   dev=0.0061 d2=    0.09 thr=11.34 dtheta=0.0018
EKF_ACCEL t=1790548854.448724 FIRED   dev=0.0065 d2=    0.10 thr=11.34 dtheta=0.0036
EKF_ACCEL t=1790548854.453195 FIRED   dev=0.0089 d2=    0.19 thr=11.34 dtheta=0.0043
EKF_ACCEL t=1790548854.457006 FIRED   dev=0.0044 d2=    0.05 thr=11.34 dtheta=0.0024
EKF_ACCEL t=1790548854.461005 FIRED   dev=0.0071 d2=    0.12 thr=11.34 dtheta=0.0024
EKF_ACCEL t=1790548854.465336 FIRED   dev=0.0029 d2=    0.02 thr=11.34 dtheta=0.0039
EKF_ACCEL t=1790548854.469309 FIRED   dev=0.0033 d2=    0.03 thr=11.34 dtheta=0.0038
EKF_ACCEL t=1790548854.472748 FIRED   dev=0.0020 d2=    0.01 thr=11.34 dtheta=0.0030
EKF_ACCEL t=1790548854.480174 FIRED   dev=0.0003 d2=    0.00 thr=11.34 dtheta=0.0054
EKF_ACCEL t=1790548854.481842 FIRED   dev=0.0034 d2=    0.03 thr=11.34 dtheta=0.0013
  1.75   1.70   0.20  (-0.077,-0.161,-0.709)  ( 0.355, 0.511, 0.811)  (-0.055, 0.568, 0.644)   3.549  ( -0.08,  0.02)
EKF_ACCEL t=1790548854.487521 FIRED   dev=0.0133 d2=    0.42 thr=11.34 dtheta=0.0040
EKF_ACCEL t=1790548854.489969 FIRED   dev=0.0080 d2=    0.15 thr=11.34 dtheta=0.0024
EKF_ACCEL t=1790548854.493038 FIRED   dev=0.0009 d2=    0.00 thr=11.34 dtheta=0.0021
EKF_ACCEL t=1790548854.497297 FIRED   dev=0.0016 d2=    0.01 thr=11.34 dtheta=0.0030
EKF_ACCEL t=1790548854.501361 FIRED   dev=0.0028 d2=    0.02 thr=11.34 dtheta=0.0036
EKF_ACCEL t=1790548854.505775 FIRED   dev=0.0134 d2=    0.42 thr=11.34 dtheta=0.0030
EKF_ACCEL t=1790548854.509071 FIRED   dev=0.0110 d2=    0.28 thr=11.34 dtheta=0.0036
EKF_ACCEL t=1790548854.513316 FIRED   dev=0.0026 d2=    0.02 thr=11.34 dtheta=0.0029
EKF_ACCEL t=1790548854.517003 FIRED   dev=0.0149 d2=    0.53 thr=11.34 dtheta=0.0029
EKF_ACCEL t=1790548854.520968 FIRED   dev=0.0028 d2=    0.02 thr=11.34 dtheta=0.0032
  1.79   3.88   0.20  (-0.075,-0.163,-0.711)  ( 0.382, 0.508, 0.819)  (-0.080, 0.595, 0.651)   3.617  ( -0.08,  0.02)
EKF_ACCEL t=1790548854.525417 FIRED   dev=0.0144 d2=    0.49 thr=11.34 dtheta=0.0036
EKF_ACCEL t=1790548854.529274 FIRED   dev=0.0055 d2=    0.07 thr=11.34 dtheta=0.0036
EKF_ACCEL t=1790548854.533052 FIRED   dev=0.0105 d2=    0.26 thr=11.34 dtheta=0.0023
EKF_ACCEL t=1790548854.537263 FIRED   dev=0.0037 d2=    0.03 thr=11.34 dtheta=0.0033
EKF_ACCEL t=1790548854.541180 FIRED   dev=0.0038 d2=    0.04 thr=11.34 dtheta=0.0041
EKF_ACCEL t=1790548854.545043 FIRED   dev=0.0167 d2=    0.67 thr=11.34 dtheta=0.0038
EKF_ACCEL t=1790548854.548826 FIRED   dev=0.0002 d2=    0.00 thr=11.34 dtheta=0.0032
EKF_ACCEL t=1790548854.553188 FIRED   dev=0.0102 d2=    0.25 thr=11.34 dtheta=0.0033
EKF_ACCEL t=1790548854.557110 FIRED   dev=0.0006 d2=    0.00 thr=11.34 dtheta=0.0036
EKF_ACCEL t=1790548854.560634 FIRED   dev=0.0061 d2=    0.09 thr=11.34 dtheta=0.0038
  1.83   3.28   0.20  (-0.072,-0.166,-0.714)  ( 0.354, 0.545, 0.830)  (-0.104, 0.622, 0.658)   3.686  ( -0.08,  0.02)
EKF_ACCEL t=1790548854.564737 FIRED   dev=0.0060 d2=    0.09 thr=11.34 dtheta=0.0036
EKF_ACCEL t=1790548854.574267 FIRED   dev=0.0058 d2=    0.08 thr=11.34 dtheta=0.0064
EKF_ACCEL t=1790548854.575084 FIRED   dev=0.0070 d2=    0.11 thr=11.34 dtheta=0.0027
EKF_ACCEL t=1790548854.577084 FIRED   dev=0.0082 d2=    0.16 thr=11.34 dtheta=0.0022
EKF_ACCEL t=1790548854.580707 FIRED   dev=0.0018 d2=    0.01 thr=11.34 dtheta=0.0026
EKF_ACCEL t=1790548854.584702 FIRED   dev=0.0241 d2=    1.38 thr=11.34 dtheta=0.0014
EKF_ACCEL t=1790548854.588958 FIRED   dev=0.0062 d2=    0.09 thr=11.34 dtheta=0.0052
EKF_ACCEL t=1790548854.592765 FIRED   dev=0.0022 d2=    0.01 thr=11.34 dtheta=0.0034
EKF_ACCEL t=1790548854.596895 FIRED   dev=0.0014 d2=    0.01 thr=11.34 dtheta=0.0042
EKF_ACCEL t=1790548854.601119 FIRED   dev=0.0127 d2=    0.39 thr=11.34 dtheta=0.0043
  1.87   4.52   0.20  (-0.070,-0.169,-0.718)  ( 0.403, 0.547, 0.842)  (-0.130, 0.654, 0.665)   3.757  ( -0.08,  0.02)
EKF_ACCEL t=1790548854.605385 FIRED   dev=0.0211 d2=    1.06 thr=11.34 dtheta=0.0037
EKF_ACCEL t=1790548854.608861 FIRED   dev=0.0025 d2=    0.02 thr=11.34 dtheta=0.0033
EKF_ACCEL t=1790548854.612858 FIRED   dev=0.0063 d2=    0.10 thr=11.34 dtheta=0.0046
EKF_ACCEL t=1790548854.616920 FIRED   dev=0.0011 d2=    0.00 thr=11.34 dtheta=0.0019
EKF_ACCEL t=1790548854.621011 FIRED   dev=0.0143 d2=    0.48 thr=11.34 dtheta=0.0040
EKF_ACCEL t=1790548854.624685 FIRED   dev=0.0020 d2=    0.01 thr=11.34 dtheta=0.0034
EKF_ACCEL t=1790548854.628914 FIRED   dev=0.0257 d2=    1.56 thr=11.34 dtheta=0.0047
EKF_ACCEL t=1790548854.632626 FIRED   dev=0.0115 d2=    0.31 thr=11.34 dtheta=0.0030
EKF_ACCEL t=1790548854.637468 FIRED   dev=0.0058 d2=    0.08 thr=11.34 dtheta=0.0053
EKF_ACCEL t=1790548854.640897 FIRED   dev=0.0062 d2=    0.09 thr=11.34 dtheta=0.0036
  1.91   2.91   0.20  (-0.067,-0.172,-0.723)  ( 0.373, 0.565, 0.849)  (-0.150, 0.686, 0.671)   3.826  ( -0.08,  0.02)
EKF_ACCEL t=1790548854.647309 FIRED   dev=0.0037 d2=    0.03 thr=11.34 dtheta=0.0054
EKF_ACCEL t=1790548854.648975 FIRED   dev=0.0012 d2=    0.00 thr=11.34 dtheta=0.0017
EKF_ACCEL t=1790548854.654150 FIRED   dev=0.0029 d2=    0.02 thr=11.34 dtheta=0.0056
EKF_ACCEL t=1790548854.657046 FIRED   dev=0.0060 d2=    0.09 thr=11.34 dtheta=0.0021
EKF_ACCEL t=1790548854.661200 FIRED   dev=0.0146 d2=    0.50 thr=11.34 dtheta=0.0038
EKF_ACCEL t=1790548854.665690 FIRED   dev=0.0053 d2=    0.07 thr=11.34 dtheta=0.0031
EKF_ACCEL t=1790548854.669529 FIRED   dev=0.0057 d2=    0.08 thr=11.34 dtheta=0.0051
EKF_ACCEL t=1790548854.673333 FIRED   dev=0.0170 d2=    0.68 thr=11.34 dtheta=0.0036
EKF_ACCEL t=1790548854.676960 FIRED   dev=0.0143 d2=    0.48 thr=11.34 dtheta=0.0051
EKF_ACCEL t=1790548854.681176 FIRED   dev=0.0030 d2=    0.02 thr=11.34 dtheta=0.0036
  1.95   4.26   0.20  (-0.066,-0.175,-0.732)  ( 0.374, 0.587, 0.873)  (-0.173, 0.722, 0.679)   3.896  ( -0.07,  0.02)
EKF_ACCEL t=1790548854.684822 FIRED   dev=0.0152 d2=    0.55 thr=11.34 dtheta=0.0027
EKF_ACCEL t=1790548854.693090 FIRED   dev=0.0117 d2=    0.32 thr=11.34 dtheta=0.0075
EKF_ACCEL t=1790548854.693691 FIRED   dev=0.0172 d2=    0.70 thr=11.34 dtheta=0.0015
EKF_ACCEL t=1790548854.697079 FIRED   dev=0.0094 d2=    0.21 thr=11.34 dtheta=0.0041
EKF_ACCEL t=1790548854.700933 FIRED   dev=0.0174 d2=    0.71 thr=11.34 dtheta=0.0034
EKF_ACCEL t=1790548854.705052 FIRED   dev=0.0135 d2=    0.42 thr=11.34 dtheta=0.0051
EKF_ACCEL t=1790548854.714159 FIRED   dev=0.0051 d2=    0.06 thr=11.34 dtheta=0.0079
EKF_ACCEL t=1790548854.715023 FIRED   dev=0.0331 d2=    2.60 thr=11.34 dtheta=0.0010
EKF_ACCEL t=1790548854.717168 FIRED   dev=0.0220 d2=    1.14 thr=11.34 dtheta=0.0032
EKF_ACCEL t=1790548854.721152 FIRED   dev=0.0243 d2=    1.40 thr=11.34 dtheta=0.0041
  1.99   3.89   0.20  (-0.064,-0.177,-0.744)  ( 0.397, 0.555, 0.903)  (-0.188, 0.755, 0.686)   3.966  ( -0.07,  0.02)
EKF_ACCEL t=1790548854.725078 FIRED   dev=0.0175 d2=    0.73 thr=11.34 dtheta=0.0037
EKF_ACCEL t=1790548854.733504 FIRED   dev=0.0098 d2=    0.22 thr=11.34 dtheta=0.0100
EKF_ACCEL t=1790548854.734613 FIRED   dev=0.0312 d2=    2.31 thr=11.34 dtheta=0.0017
EKF_ACCEL t=1790548854.738047 FIRED   dev=0.0254 d2=    1.52 thr=11.34 dtheta=0.0043
EKF_ACCEL t=1790548854.741037 REJECTED dev=0.1371 d2=   44.63 thr=11.34
EKF_ACCEL t=1790548854.745469 REJECTED dev=0.2071 d2=  101.09 thr=11.34
EKF_ACCEL t=1790548854.749404 REJECTED dev=0.2165 d2=  110.17 thr=11.34
EKF_ACCEL t=1790548854.753285 REJECTED dev=0.2181 d2=  111.42 thr=11.34
EKF_ACCEL t=1790548854.757330 REJECTED dev=0.1996 d2=   92.80 thr=11.34
EKF_ACCEL t=1790548854.760939 REJECTED dev=0.1633 d2=   61.68 thr=11.34
  2.03   3.78   0.00  (-0.065,-0.166,-0.761)  ( 0.514, 0.212, 0.578)  (-0.192, 0.780, 0.668)   4.035  ( -0.07,  0.02)
EKF_ACCEL t=1790548854.765026 REJECTED dev=0.1380 d2=   43.61 thr=11.34
EKF_ACCEL t=1790548854.769070 REJECTED dev=0.1199 d2=   32.55 thr=11.34
EKF_ACCEL t=1790548854.773050 REJECTED dev=0.1101 d2=   27.22 thr=11.34
EKF_ACCEL t=1790548854.776959 REJECTED dev=0.1070 d2=   25.40 thr=11.34
EKF_ACCEL t=1790548854.781065 REJECTED dev=0.0941 d2=   19.31 thr=11.34
EKF_ACCEL t=1790548854.785154 REJECTED dev=0.0968 d2=   20.28 thr=11.34
EKF_ACCEL t=1790548854.789101 REJECTED dev=0.0838 d2=   14.84 thr=11.34
EKF_ACCEL t=1790548854.794084 REJECTED dev=0.0987 d2=   20.38 thr=11.34
EKF_ACCEL t=1790548854.797955 REJECTED dev=0.1020 d2=   21.72 thr=11.34
EKF_ACCEL t=1790548854.801352 REJECTED dev=0.1122 d2=   26.25 thr=11.34
  2.07   3.66   0.00  (-0.056,-0.152,-0.788)  ( 0.294, 0.201, 0.770)  (-0.201, 0.768, 0.654)   4.106  ( -0.06,  0.01)
EKF_ACCEL t=1790548854.805528 REJECTED dev=0.1067 d2=   23.02 thr=11.34
EKF_ACCEL t=1790548854.809196 REJECTED dev=0.1065 d2=   22.66 thr=11.34
EKF_ACCEL t=1790548854.813456 REJECTED dev=0.1107 d2=   24.50 thr=11.34
EKF_ACCEL t=1790548854.817103 REJECTED dev=0.0941 d2=   16.91 thr=11.34
EKF_ACCEL t=1790548854.821742 REJECTED dev=0.0989 d2=   18.38 thr=11.34
EKF_ACCEL t=1790548854.828122 REJECTED dev=0.0976 d2=   17.00 thr=11.34
EKF_ACCEL t=1790548854.830885 REJECTED dev=0.0882 d2=   13.52 thr=11.34
EKF_ACCEL t=1790548854.834114 REJECTED dev=0.0867 d2=   12.61 thr=11.34
EKF_ACCEL t=1790548854.838273 REJECTED dev=0.0902 d2=   13.38 thr=11.34
EKF_ACCEL t=1790548854.841487 FIRED   dev=0.0795 d2=    9.79 thr=11.34 dtheta=0.0540
  2.11   2.96   0.00  (-0.060,-0.189,-0.813)  ( 0.906, 1.159, 0.849)  (-0.241, 0.754, 0.658)   4.176  ( -0.05,  0.02)
EKF_ACCEL t=1790548854.845644 REJECTED dev=0.0783 d2=   13.82 thr=11.34
EKF_ACCEL t=1790548854.860837 REJECTED dev=0.0799 d2=   12.67 thr=11.34
EKF_ACCEL t=1790548854.867714 REJECTED dev=0.0996 d2=   20.69 thr=11.34
EKF_ACCEL t=1790548854.872087 REJECTED dev=0.0823 d2=   14.00 thr=11.34
EKF_ACCEL t=1790548854.875809 REJECTED dev=0.0787 d2=   12.64 thr=11.34
EKF_ACCEL t=1790548854.880073 REJECTED dev=0.0863 d2=   15.08 thr=11.34
EKF_ACCEL t=1790548854.882592 FIRED   dev=0.0653 d2=    8.30 thr=11.34 dtheta=0.0310
EKF_ACCEL t=1790548854.887242 FIRED   dev=0.0701 d2=   10.99 thr=11.34 dtheta=0.0031
EKF_ACCEL t=1790548854.890389 FIRED   dev=0.0620 d2=    8.66 thr=11.34 dtheta=0.0029
EKF_ACCEL t=1790548854.894095 FIRED   dev=0.0533 d2=    6.46 thr=11.34 dtheta=0.0025
  2.17   3.53   0.00  (-0.060,-0.190,-0.850)  ( 0.657, 1.031, 0.912)  (-0.227, 0.815, 0.661)   4.268  ( -0.05,  0.02)
EKF_ACCEL t=1790548854.898441 FIRED   dev=0.0571 d2=    7.44 thr=11.34 dtheta=0.0047
EKF_ACCEL t=1790548854.902252 FIRED   dev=0.0390 d2=    3.49 thr=11.34 dtheta=0.0034
EKF_ACCEL t=1790548854.906536 FIRED   dev=0.0496 d2=    5.65 thr=11.34 dtheta=0.0059
EKF_ACCEL t=1790548854.910220 FIRED   dev=0.0325 d2=    2.44 thr=11.34 dtheta=0.0033
EKF_ACCEL t=1790548854.922850 FIRED   dev=0.0416 d2=    3.92 thr=11.34 dtheta=0.0116
EKF_ACCEL t=1790548854.923653 FIRED   dev=0.0334 d2=    2.59 thr=11.34 dtheta=0.0022
EKF_ACCEL t=1790548854.924795 FIRED   dev=0.0182 d2=    0.77 thr=11.34 dtheta=0.0007
EKF_ACCEL t=1790548854.926553 FIRED   dev=0.0523 d2=    6.38 thr=11.34 dtheta=0.0027
EKF_ACCEL t=1790548854.930501 FIRED   dev=0.0366 d2=    3.12 thr=11.34 dtheta=0.0059
EKF_ACCEL t=1790548854.934265 FIRED   dev=0.0346 d2=    2.79 thr=11.34 dtheta=0.0041
  2.21   3.75   0.00  (-0.059,-0.192,-0.904)  ( 0.633, 0.704, 1.034)  (-0.203, 0.925, 0.671)   4.337  ( -0.05,  0.01)
EKF_ACCEL t=1790548854.938344 FIRED   dev=0.0397 d2=    3.68 thr=11.34 dtheta=0.0042
EKF_ACCEL t=1790548854.942248 FIRED   dev=0.0550 d2=    7.10 thr=11.34 dtheta=0.0038
EKF_ACCEL t=1790548854.946409 FIRED   dev=0.0393 d2=    3.63 thr=11.34 dtheta=0.0043
EKF_ACCEL t=1790548854.950604 FIRED   dev=0.0380 d2=    3.38 thr=11.34 dtheta=0.0055
EKF_ACCEL t=1790548854.954736 FIRED   dev=0.0397 d2=    3.69 thr=11.34 dtheta=0.0055
EKF_ACCEL t=1790548854.958460 FIRED   dev=0.0530 d2=    6.60 thr=11.34 dtheta=0.0046
EKF_ACCEL t=1790548854.962013 FIRED   dev=0.0487 d2=    5.59 thr=11.34 dtheta=0.0038
EKF_ACCEL t=1790548854.966714 FIRED   dev=0.0373 d2=    3.26 thr=11.34 dtheta=0.0059
EKF_ACCEL t=1790548854.972094 FIRED   dev=0.0485 d2=    5.53 thr=11.34 dtheta=0.0055
EKF_ACCEL t=1790548854.974221 FIRED   dev=0.0489 d2=    5.64 thr=11.34 dtheta=0.0015
  2.25   1.99   0.00  (-0.060,-0.193,-0.962)  ( 0.633, 0.526, 1.087)  (-0.181, 0.977, 0.695)   4.407  ( -0.05,  0.01)
EKF_ACCEL t=1790548854.978133 FIRED   dev=0.0388 d2=    3.55 thr=11.34 dtheta=0.0054
EKF_ACCEL t=1790548854.982354 FIRED   dev=0.0299 d2=    2.11 thr=11.34 dtheta=0.0050
EKF_ACCEL t=1790548854.988019 FIRED   dev=0.0389 d2=    3.54 thr=11.34 dtheta=0.0080
EKF_ACCEL t=1790548854.990248 FIRED   dev=0.0457 d2=    4.96 thr=11.34 dtheta=0.0010
EKF_ACCEL t=1790548854.994070 FIRED   dev=0.0355 d2=    2.97 thr=11.34 dtheta=0.0045
EKF_ACCEL t=1790548854.998854 FIRED   dev=0.0256 d2=    1.54 thr=11.34 dtheta=0.0060
EKF_ACCEL t=1790548855.006208 FIRED   dev=0.0241 d2=    1.34 thr=11.34 dtheta=0.0080
EKF_ACCEL t=1790548855.010862 FIRED   dev=0.0370 d2=    3.22 thr=11.34 dtheta=0.0059
EKF_ACCEL t=1790548855.014440 FIRED   dev=0.0266 d2=    1.67 thr=11.34 dtheta=0.0054
EKF_ACCEL t=1790548855.018421 FIRED   dev=0.0284 d2=    1.90 thr=11.34 dtheta=0.0051
  2.29   4.14   0.00  (-0.060,-0.199,-1.029)  ( 0.627, 0.496, 1.152)  (-0.161, 1.001, 0.726)   4.484  ( -0.05,  0.01)
EKF_ACCEL t=1790548855.022573 FIRED   dev=0.0317 d2=    2.36 thr=11.34 dtheta=0.0052
EKF_ACCEL t=1790548855.026444 FIRED   dev=0.0271 d2=    1.74 thr=11.34 dtheta=0.0030
EKF_ACCEL t=1790548855.030485 FIRED   dev=0.0206 d2=    0.99 thr=11.34 dtheta=0.0053
EKF_ACCEL t=1790548855.034115 FIRED   dev=0.0231 d2=    1.26 thr=11.34 dtheta=0.0046
EKF_ACCEL t=1790548855.038528 FIRED   dev=0.0207 d2=    1.01 thr=11.34 dtheta=0.0050
EKF_ACCEL t=1790548855.042529 FIRED   dev=0.0170 d2=    0.68 thr=11.34 dtheta=0.0047
EKF_ACCEL t=1790548855.046520 FIRED   dev=0.0199 d2=    0.94 thr=11.34 dtheta=0.0040
EKF_ACCEL t=1790548855.050288 FIRED   dev=0.0153 d2=    0.54 thr=11.34 dtheta=0.0064
EKF_ACCEL t=1790548855.054467 FIRED   dev=0.0223 d2=    1.16 thr=11.34 dtheta=0.0069
EKF_ACCEL t=1790548855.058734 FIRED   dev=0.0179 d2=    0.76 thr=11.34 dtheta=0.0038
  2.33   4.24   0.00  (-0.058,-0.202,-1.081)  ( 0.667, 0.529, 1.166)  (-0.149, 1.020, 0.757)   4.554  ( -0.04,  0.00)
EKF_ACCEL t=1790548855.062264 FIRED   dev=0.0075 d2=    0.13 thr=11.34 dtheta=0.0052
EKF_ACCEL t=1790548855.066262 FIRED   dev=0.0122 d2=    0.35 thr=11.34 dtheta=0.0040
EKF_ACCEL t=1790548855.070365 FIRED   dev=0.0206 d2=    1.00 thr=11.34 dtheta=0.0047
EKF_ACCEL t=1790548855.074309 FIRED   dev=0.0215 d2=    1.08 thr=11.34 dtheta=0.0057
EKF_ACCEL t=1790548855.078412 FIRED   dev=0.0160 d2=    0.60 thr=11.34 dtheta=0.0052
EKF_ACCEL t=1790548855.082707 FIRED   dev=0.0193 d2=    0.88 thr=11.34 dtheta=0.0035
EKF_ACCEL t=1790548855.086606 FIRED   dev=0.0146 d2=    0.50 thr=11.34 dtheta=0.0058
EKF_ACCEL t=1790548855.098958 FIRED   dev=0.0148 d2=    0.47 thr=11.34 dtheta=0.0147
EKF_ACCEL t=1790548855.101807 FIRED   dev=0.0261 d2=    1.60 thr=11.34 dtheta=0.0045
EKF_ACCEL t=1790548855.103642 FIRED   dev=0.0197 d2=    0.92 thr=11.34 dtheta=0.0017
  2.38   1.72   0.00  (-0.059,-0.206,-1.125)  ( 0.632, 0.494, 1.160)  (-0.131, 1.049, 0.785)   4.633  ( -0.04,  0.00)
EKF_ACCEL t=1790548855.106646 FIRED   dev=0.0031 d2=    0.02 thr=11.34 dtheta=0.0054
EKF_ACCEL t=1790548855.110596 FIRED   dev=0.0203 d2=    0.97 thr=11.34 dtheta=0.0039
EKF_ACCEL t=1790548855.114204 FIRED   dev=0.0127 d2=    0.38 thr=11.34 dtheta=0.0041
EKF_ACCEL t=1790548855.118692 FIRED   dev=0.0206 d2=    0.99 thr=11.34 dtheta=0.0054
EKF_ACCEL t=1790548855.122188 FIRED   dev=0.0232 d2=    1.27 thr=11.34 dtheta=0.0051
EKF_ACCEL t=1790548855.126067 FIRED   dev=0.0172 d2=    0.70 thr=11.34 dtheta=0.0039
EKF_ACCEL t=1790548855.132810 FIRED   dev=0.0130 d2=    0.38 thr=11.34 dtheta=0.0096
EKF_ACCEL t=1790548855.134246 FIRED   dev=0.0146 d2=    0.51 thr=11.34 dtheta=0.0029
EKF_ACCEL t=1790548855.138760 FIRED   dev=0.0092 d2=    0.20 thr=11.34 dtheta=0.0038
EKF_ACCEL t=1790548855.142500 FIRED   dev=0.0084 d2=    0.16 thr=11.34 dtheta=0.0054
  2.42   3.76   0.00  (-0.059,-0.210,-1.164)  ( 0.687, 0.467, 1.178)  (-0.115, 1.084, 0.809)   4.701  ( -0.04, -0.00)
EKF_ACCEL t=1790548855.146399 FIRED   dev=0.0103 d2=    0.25 thr=11.34 dtheta=0.0049
EKF_ACCEL t=1790548855.150327 FIRED   dev=0.0234 d2=    1.28 thr=11.34 dtheta=0.0056
EKF_ACCEL t=1790548855.154057 FIRED   dev=0.0073 d2=    0.13 thr=11.34 dtheta=0.0045
EKF_ACCEL t=1790548855.158570 FIRED   dev=0.0235 d2=    1.30 thr=11.34 dtheta=0.0049
EKF_ACCEL t=1790548855.162058 FIRED   dev=0.0131 d2=    0.40 thr=11.34 dtheta=0.0045
EKF_ACCEL t=1790548855.166093 FIRED   dev=0.0081 d2=    0.15 thr=11.34 dtheta=0.0058
EKF_ACCEL t=1790548855.170276 FIRED   dev=0.0071 d2=    0.12 thr=11.34 dtheta=0.0062
EKF_ACCEL t=1790548855.174454 FIRED   dev=0.0211 d2=    1.05 thr=11.34 dtheta=0.0043
EKF_ACCEL t=1790548855.178234 FIRED   dev=0.0068 d2=    0.11 thr=11.34 dtheta=0.0051
EKF_ACCEL t=1790548855.182600 FIRED   dev=0.0002 d2=    0.00 thr=11.34 dtheta=0.0060
  2.45   4.36   0.00  (-0.059,-0.214,-1.199)  ( 0.660, 0.504, 1.210)  (-0.101, 1.120, 0.835)   4.771  ( -0.04, -0.00)
EKF_ACCEL t=1790548855.186731 FIRED   dev=0.0227 d2=    1.22 thr=11.34 dtheta=0.0053
EKF_ACCEL t=1790548855.190544 FIRED   dev=0.0140 d2=    0.46 thr=11.34 dtheta=0.0058
EKF_ACCEL t=1790548855.194113 FIRED   dev=0.0153 d2=    0.55 thr=11.34 dtheta=0.0041
EKF_ACCEL t=1790548855.198277 FIRED   dev=0.0203 d2=    0.97 thr=11.34 dtheta=0.0052
EKF_ACCEL t=1790548855.206338 FIRED   dev=0.0222 d2=    1.14 thr=11.34 dtheta=0.0094
EKF_ACCEL t=1790548855.207092 FIRED   dev=0.0180 d2=    0.76 thr=11.34 dtheta=0.0029
EKF_ACCEL t=1790548855.210649 FIRED   dev=0.0099 d2=    0.23 thr=11.34 dtheta=0.0042
EKF_ACCEL t=1790548855.214962 FIRED   dev=0.0143 d2=    0.48 thr=11.34 dtheta=0.0056
EKF_ACCEL t=1790548855.218344 FIRED   dev=0.0152 d2=    0.54 thr=11.34 dtheta=0.0038
EKF_ACCEL t=1790548855.222506 FIRED   dev=0.0111 d2=    0.28 thr=11.34 dtheta=0.0064
  2.49   4.12   0.00  (-0.059,-0.218,-1.230)  ( 0.705, 0.523, 1.218)  (-0.086, 1.160, 0.855)   4.841  ( -0.04, -0.01)
EKF_ACCEL t=1790548855.226064 FIRED   dev=0.0133 d2=    0.42 thr=11.34 dtheta=0.0042
EKF_ACCEL t=1790548855.230330 FIRED   dev=0.0137 d2=    0.44 thr=11.34 dtheta=0.0038
EKF_ACCEL t=1790548855.234382 FIRED   dev=0.0026 d2=    0.03 thr=11.34 dtheta=0.0081
EKF_ACCEL t=1790548855.238449 FIRED   dev=0.0140 d2=    0.46 thr=11.34 dtheta=0.0024
EKF_ACCEL t=1790548855.242224 FIRED   dev=0.0121 d2=    0.34 thr=11.34 dtheta=0.0069
EKF_ACCEL t=1790548855.246020 FIRED   dev=0.0286 d2=    1.93 thr=11.34 dtheta=0.0054
EKF_ACCEL t=1790548855.250362 FIRED   dev=0.0221 d2=    1.15 thr=11.34 dtheta=0.0052
EKF_ACCEL t=1790548855.254095 FIRED   dev=0.0216 d2=    1.09 thr=11.34 dtheta=0.0051
EKF_ACCEL t=1790548855.258174 FIRED   dev=0.0229 d2=    1.23 thr=11.34 dtheta=0.0055
EKF_ACCEL t=1790548855.262689 FIRED   dev=0.0244 d2=    1.41 thr=11.34 dtheta=0.0051
  2.53   4.43   0.00  (-0.060,-0.221,-1.257)  ( 0.715, 0.502, 1.227)  (-0.068, 1.200, 0.877)   4.911  ( -0.03, -0.01)
EKF_ACCEL t=1790548855.266278 FIRED   dev=0.0137 d2=    0.44 thr=11.34 dtheta=0.0051
EKF_ACCEL t=1790548855.270287 FIRED   dev=0.0268 d2=    1.68 thr=11.34 dtheta=0.0063
EKF_ACCEL t=1790548855.274305 FIRED   dev=0.0025 d2=    0.02 thr=11.34 dtheta=0.0048
EKF_ACCEL t=1790548855.278407 FIRED   dev=0.0123 d2=    0.35 thr=11.34 dtheta=0.0063
EKF_ACCEL t=1790548855.281910 FIRED   dev=0.0178 d2=    0.75 thr=11.34 dtheta=0.0027
EKF_ACCEL t=1790548855.286431 FIRED   dev=0.0171 d2=    0.68 thr=11.34 dtheta=0.0076
EKF_ACCEL t=1790548855.297498 FIRED   dev=0.0136 d2=    0.40 thr=11.34 dtheta=0.0144
EKF_ACCEL t=1790548855.300127 FIRED   dev=0.0183 d2=    0.79 thr=11.34 dtheta=0.0040
EKF_ACCEL t=1790548855.304557 FIRED   dev=0.0151 d2=    0.53 thr=11.34 dtheta=0.0063
EKF_ACCEL t=1790548855.308480 FIRED   dev=0.0169 d2=    0.67 thr=11.34 dtheta=0.0053
  2.58   3.76   0.00  (-0.062,-0.225,-1.283)  ( 0.714, 0.523, 1.237)  (-0.049, 1.242, 0.895)   4.991  ( -0.03, -0.01)
EKF_ACCEL t=1790548855.312129 FIRED   dev=0.0212 d2=    1.05 thr=11.34 dtheta=0.0056
EKF_ACCEL t=1790548855.316232 FIRED   dev=0.0213 d2=    1.07 thr=11.34 dtheta=0.0046
EKF_ACCEL t=1790548855.319972 FIRED   dev=0.0103 d2=    0.25 thr=11.34 dtheta=0.0051
EKF_ACCEL t=1790548855.324020 FIRED   dev=0.0193 d2=    0.87 thr=11.34 dtheta=0.0055
EKF_ACCEL t=1790548855.327880 FIRED   dev=0.0121 d2=    0.34 thr=11.34 dtheta=0.0062
EKF_ACCEL t=1790548855.332001 FIRED   dev=0.0254 d2=    1.52 thr=11.34 dtheta=0.0053
EKF_ACCEL t=1790548855.336027 FIRED   dev=0.0148 d2=    0.51 thr=11.34 dtheta=0.0055
EKF_ACCEL t=1790548855.340354 FIRED   dev=0.0120 d2=    0.33 thr=11.34 dtheta=0.0068
EKF_ACCEL t=1790548855.343832 FIRED   dev=0.0215 d2=    1.10 thr=11.34 dtheta=0.0042
EKF_ACCEL t=1790548855.347919 FIRED   dev=0.0112 d2=    0.29 thr=11.34 dtheta=0.0050
  2.62   3.94   0.00  (-0.062,-0.227,-1.306)  ( 0.729, 0.500, 1.237)  (-0.032, 1.289, 0.912)   5.060  ( -0.03, -0.01)
EKF_ACCEL t=1790548855.352052 FIRED   dev=0.0230 d2=    1.24 thr=11.34 dtheta=0.0066
EKF_ACCEL t=1790548855.373156 FIRED   dev=0.0233 d2=    0.97 thr=11.34 dtheta=0.0288
EKF_ACCEL t=1790548855.376610 FIRED   dev=0.0216 d2=    1.10 thr=11.34 dtheta=0.0064
EKF_ACCEL t=1790548855.378506 FIRED   dev=0.0324 d2=    2.49 thr=11.34 dtheta=0.0027
EKF_ACCEL t=1790548855.382793 FIRED   dev=0.0136 d2=    0.43 thr=11.34 dtheta=0.0075
EKF_ACCEL t=1790548855.386575 FIRED   dev=0.0184 d2=    0.80 thr=11.34 dtheta=0.0051
EKF_ACCEL t=1790548855.390507 FIRED   dev=0.0326 d2=    2.51 thr=11.34 dtheta=0.0050
EKF_ACCEL t=1790548855.394342 FIRED   dev=0.0280 d2=    1.85 thr=11.34 dtheta=0.0047
EKF_ACCEL t=1790548855.398600 FIRED   dev=0.0166 d2=    0.64 thr=11.34 dtheta=0.0073
EKF_ACCEL t=1790548855.404473 FIRED   dev=0.0226 d2=    1.19 thr=11.34 dtheta=0.0087
  2.68   5.90   0.00  (-0.064,-0.232,-1.328)  ( 0.757, 0.510, 1.256)  (-0.011, 1.320, 0.921)   5.159  ( -0.03, -0.02)
EKF_ACCEL t=1790548855.406887 FIRED   dev=0.0239 d2=    1.35 thr=11.34 dtheta=0.0030
EKF_ACCEL t=1790548855.410413 FIRED   dev=0.0190 d2=    0.85 thr=11.34 dtheta=0.0060
EKF_ACCEL t=1790548855.415144 FIRED   dev=0.0290 d2=    1.98 thr=11.34 dtheta=0.0060
EKF_ACCEL t=1790548855.418546 FIRED   dev=0.0204 d2=    0.98 thr=11.34 dtheta=0.0058
EKF_ACCEL t=1790548855.422072 FIRED   dev=0.0336 d2=    2.67 thr=11.34 dtheta=0.0047
EKF_ACCEL t=1790548855.425926 FIRED   dev=0.0307 d2=    2.22 thr=11.34 dtheta=0.0050
EKF_ACCEL t=1790548855.429920 FIRED   dev=0.0331 d2=    2.58 thr=11.34 dtheta=0.0058
EKF_ACCEL t=1790548855.436747 FIRED   dev=0.0213 d2=    1.02 thr=11.34 dtheta=0.0119
EKF_ACCEL t=1790548855.438476 FIRED   dev=0.0201 d2=    0.96 thr=11.34 dtheta=0.0018
EKF_ACCEL t=1790548855.442359 FIRED   dev=0.0191 d2=    2.76 thr=11.34 dtheta=0.0959
  2.71   3.76   0.00  (-0.068,-0.240,-1.339)  ( 0.918, 0.607, 1.241)  (18.738,-21.864,15.110)   5.226  ( -0.03, -0.02)
EKF_ACCEL t=1790548855.446723 FIRED   dev=0.0206 d2=    0.88 thr=11.34 dtheta=0.0194
EKF_ACCEL t=1790548855.450310 REJECTED dev=0.2432 d2=  106.21 thr=11.34
EKF_ACCEL t=1790548855.454281 REJECTED dev=0.3756 d2=  237.47 thr=11.34
EKF_ACCEL t=1790548855.458455 REJECTED dev=0.4558 d2=  344.73 thr=11.34
EKF_ACCEL t=1790548855.462111 REJECTED dev=0.5042 d2=  409.31 thr=11.34
EKF_ACCEL t=1790548855.466031 REJECTED dev=0.5253 d2=  422.47 thr=11.34
EKF_ACCEL t=1790548855.470286 REJECTED dev=0.5267 d2=  396.29 thr=11.34
EKF_ACCEL t=1790548855.474098 REJECTED dev=0.4944 d2=  316.19 thr=11.34
EKF_ACCEL t=1790548855.478939 REJECTED dev=0.4944 d2=  441.35 thr=11.34
EKF_ACCEL t=1790548855.482086 REJECTED dev=1.0051 d2= 1765.21 thr=11.34
  2.75   2.96   0.00  (-0.191,-0.229,-0.851)  ( 2.049,-0.288,-0.185)  (-10.160, 6.105,21.920)   5.296  ( -0.06,  0.00)
EKF_ACCEL t=1790548855.485961 REJECTED dev=1.1186 d2= 2090.45 thr=11.34
EKF_ACCEL t=1790548855.490039 REJECTED dev=1.2004 d2= 1935.88 thr=11.34
EKF_ACCEL t=1790548855.494153 REJECTED dev=1.2547 d2= 1510.17 thr=11.34
EKF_ACCEL t=1790548855.504827 REJECTED dev=1.2640 d2=  363.90 thr=11.34
EKF_ACCEL t=1790548855.507869 REJECTED dev=1.2489 d2= 1799.15 thr=11.34
EKF_ACCEL t=1790548855.508627 REJECTED dev=1.2330 d2= 1618.50 thr=11.34
EKF_ACCEL t=1790548855.510177 REJECTED dev=1.1740 d2= 1234.48 thr=11.34
EKF_ACCEL t=1790548855.514071 REJECTED dev=1.1647 d2=  670.01 thr=11.34
EKF_ACCEL t=1790548855.518055 REJECTED dev=1.1225 d2=  421.53 thr=11.34
EKF_ACCEL t=1790548855.522466 REJECTED dev=1.0528 d2=  103.91 thr=11.34
  2.79   4.38   0.00  (-0.556,-0.119,-0.456)  ( 3.000,-2.826,-0.913)  (-11.169,-2.419,21.502)   5.369  ( -0.09,  0.04)
EKF_ACCEL t=1790548855.525959 FIRED   dev=0.9844 d2=    5.94 thr=11.34 dtheta=0.4512
EKF_ACCEL t=1790548855.529940 REJECTED dev=0.8858 d2= 1598.19 thr=11.34
EKF_ACCEL t=1790548855.533969 REJECTED dev=0.8125 d2= 1066.33 thr=11.34
EKF_ACCEL t=1790548855.537984 REJECTED dev=0.7365 d2=  562.84 thr=11.34
EKF_ACCEL t=1790548855.541920 REJECTED dev=0.6349 d2=  167.53 thr=11.34
EKF_ACCEL t=1790548855.546040 FIRED   dev=0.5660 d2=   10.03 thr=11.34 dtheta=0.3291
EKF_ACCEL t=1790548855.551551 REJECTED dev=0.4935 d2=  487.08 thr=11.34
EKF_ACCEL t=1790548855.553882 REJECTED dev=0.4198 d2=  282.47 thr=11.34
EKF_ACCEL t=1790548855.558012 REJECTED dev=0.4070 d2=  145.64 thr=11.34
EKF_ACCEL t=1790548855.562576 REJECTED dev=0.4542 d2=   68.28 thr=11.34
  2.84   4.10   0.00  (-0.322,-0.239, 0.302)  ( 0.720, 2.479,-2.199)  (-5.987,-8.084,21.124)   5.447  ( -0.09, -0.02)
EKF_ACCEL t=1790548855.566136 FIRED   dev=0.4559 d2=    7.99 thr=11.34 dtheta=0.2981
EKF_ACCEL t=1790548855.570148 REJECTED dev=0.4579 d2=  452.78 thr=11.34
EKF_ACCEL t=1790548855.573928 REJECTED dev=0.5455 d2=  565.16 thr=11.34
EKF_ACCEL t=1790548855.577999 REJECTED dev=0.6090 d2=  566.78 thr=11.34
EKF_ACCEL t=1790548855.581837 REJECTED dev=0.6365 d2=  449.69 thr=11.34
EKF_ACCEL t=1790548855.585988 REJECTED dev=0.6490 d2=  289.77 thr=11.34
EKF_ACCEL t=1790548855.589889 REJECTED dev=0.6213 d2=  118.72 thr=11.34
EKF_ACCEL t=1790548855.594347 REJECTED dev=0.6269 d2=   27.36 thr=11.34
EKF_ACCEL t=1790548855.597786 FIRED   dev=0.5938 d2=    2.03 thr=11.34 dtheta=0.3686
EKF_ACCEL t=1790548855.602482 REJECTED dev=0.5757 d2=  698.31 thr=11.34
  2.87   4.58   0.00  (-0.039,-0.158, 0.935)  (-3.000,-2.089,-2.701)  ( 0.490,-8.794,20.735)   5.522  ( -0.08, -0.01)
EKF_ACCEL t=1790548855.605903 REJECTED dev=0.6204 d2=  782.31 thr=11.34
EKF_ACCEL t=1790548855.610015 REJECTED dev=0.6286 d2=  730.74 thr=11.34
EKF_ACCEL t=1790548855.613769 REJECTED dev=0.6163 d2=  611.03 thr=11.34
EKF_ACCEL t=1790548855.618293 REJECTED dev=0.6002 d2=  456.48 thr=11.34
EKF_ACCEL t=1790548855.625027 REJECTED dev=0.5867 d2=  263.25 thr=11.34
EKF_ACCEL t=1790548855.627052 REJECTED dev=0.5453 d2=  163.98 thr=11.34
EKF_ACCEL t=1790548855.630382 REJECTED dev=0.5221 d2=   89.75 thr=11.34
EKF_ACCEL t=1790548855.634295 REJECTED dev=0.4920 d2=   30.26 thr=11.34
EKF_ACCEL t=1790548855.637995 FIRED   dev=0.4615 d2=    3.72 thr=11.34 dtheta=0.3251
EKF_ACCEL t=1790548855.642432 REJECTED dev=0.4363 d2=  377.84 thr=11.34
  2.91   4.26   0.00  (-0.017,-0.107, 1.651)  (-0.564,-3.000,-2.899)  ( 4.695,-5.595,20.346)   5.598  ( -0.10,  0.01)
EKF_ACCEL t=1790548855.646038 REJECTED dev=0.4959 d2=  484.66 thr=11.34
EKF_ACCEL t=1790548855.650264 REJECTED dev=0.5263 d2=  527.33 thr=11.34
EKF_ACCEL t=1790548855.654229 REJECTED dev=0.5321 d2=  510.16 thr=11.34
EKF_ACCEL t=1790548855.657959 REJECTED dev=0.5169 d2=  442.04 thr=11.34
EKF_ACCEL t=1790548855.667669 REJECTED dev=0.5097 d2=  334.26 thr=11.34
EKF_ACCEL t=1790548855.670941 REJECTED dev=0.4932 d2=  272.86 thr=11.34
EKF_ACCEL t=1790548855.671648 REJECTED dev=0.4605 d2=  214.67 thr=11.34
EKF_ACCEL t=1790548855.673988 REJECTED dev=0.4342 d2=  163.94 thr=11.34
EKF_ACCEL t=1790548855.678170 REJECTED dev=0.4346 d2=  135.14 thr=11.34
EKF_ACCEL t=1790548855.681861 REJECTED dev=0.4141 d2=   96.64 thr=11.34
  2.95   3.69   0.00  ( 0.045,-0.261, 2.458)  (-3.000,-1.465,-2.819)  ( 5.689,-1.608,19.985)   5.674  ( -0.06, -0.01)
EKF_ACCEL t=1790548855.686351 REJECTED dev=0.3790 d2=   53.91 thr=11.34
EKF_ACCEL t=1790548855.690087 REJECTED dev=0.3648 d2=   35.13 thr=11.34
EKF_ACCEL t=1790548855.694030 FIRED   dev=0.3138 d2=    9.26 thr=11.34 dtheta=0.2398
EKF_ACCEL t=1790548855.697852 REJECTED dev=0.3028 d2=  178.49 thr=11.34
EKF_ACCEL t=1790548855.702003 REJECTED dev=0.2550 d2=  120.64 thr=11.34
EKF_ACCEL t=1790548855.705960 REJECTED dev=0.2820 d2=  137.36 thr=11.34
EKF_ACCEL t=1790548855.709839 REJECTED dev=0.3020 d2=  144.98 thr=11.34
EKF_ACCEL t=1790548855.713711 REJECTED dev=0.2926 d2=  119.04 thr=11.34
EKF_ACCEL t=1790548855.717969 REJECTED dev=0.2913 d2=   98.45 thr=11.34
EKF_ACCEL t=1790548855.722710 REJECTED dev=0.2894 d2=   74.07 thr=11.34
  3.00   4.69   0.00  ( 0.011,-0.060,-3.054)  ( 3.000,-0.967, 3.000)  ( 4.398, 1.206,19.642)   5.752  ( -0.10,  0.00)
EKF_ACCEL t=1790548855.726137 REJECTED dev=0.2902 d2=   58.53 thr=11.34
EKF_ACCEL t=1790548855.730587 REJECTED dev=0.3146 d2=   54.17 thr=11.34
test complete
